========================================
Starting HYBRID CLASSIFICATION training for: NR-Aromatase
Dataset: tox21_cleaned.csv
RandomizedSearchCV iterations: 10000
RFE repeats: 3
Step size: 2
Job started at: Fri 23 Jan 10:29:31 GMT 2026
Working directory: /rds/general/user/fc4018/projects/fionn2023/live/ML_finder/master/cleaned_training_2
Data directory: ./data
Output directory: ./output/tox21
========================================
2026-01-23 10:29:56,130 - INFO - 
======================================================================
2026-01-23 10:29:56,130 - INFO - LOADING DATA
2026-01-23 10:29:56,130 - INFO - ======================================================================
2026-01-23 10:29:56,333 - INFO - ✓ Loaded 7831 samples from tox21_cleaned.csv
2026-01-23 10:29:56,333 - INFO - ✓ Total columns: 217
2026-01-23 10:29:56,371 - INFO - 
✓ Single target mode: NR-Aromatase
2026-01-23 10:29:56,371 - INFO - ======================================================================
2026-01-23 10:29:56,371 - INFO - CLASSIFICATION TRAINING: NR-Aromatase
2026-01-23 10:29:56,371 - INFO - ======================================================================
2026-01-23 10:29:56,567 - INFO - 
STAGE 1: Preparing Data
2026-01-23 10:29:56,567 - INFO - ----------------------------------------------------------------------
2026-01-23 10:29:56,575 - INFO - ✓ Valid samples: 5821
2026-01-23 10:29:56,575 - INFO -   Class distribution: 5521 negative, 300 positive (5.2% positive)
2026-01-23 10:29:56,578 - INFO - ✓ Feature matrix: (5821, 215)
2026-01-23 10:29:56,579 - INFO - ✓ Target shape: (5821,)
2026-01-23 10:29:56,579 - INFO - 
STAGE 2: Feature Selection (RFE with Repeats)
2026-01-23 10:29:56,579 - INFO - ----------------------------------------------------------------------
2026-01-23 10:29:56,579 - INFO - Running RFE with 3 repeats (step_size=2)...
2026-01-23 10:29:56,579 - INFO - 
  Repeat 1/3
2026-01-23 10:32:05,294 - INFO -     n=213, AUC=0.9060, Acc=0.9571, F1=0.4318
2026-01-23 10:32:05,294 - INFO -     Dropped: ['fr_alkyl_carbamate', 'fr_urea']
2026-01-23 10:34:13,264 - INFO -     n=211, AUC=0.9060, Acc=0.9571, F1=0.4318
2026-01-23 10:34:13,264 - INFO -     Dropped: ['fr_azo', 'fr_imide']
2026-01-23 10:36:19,219 - INFO -     n=209, AUC=0.9060, Acc=0.9571, F1=0.4318
2026-01-23 10:36:19,220 - INFO -     Dropped: ['fr_C_O_noCOO', 'fr_azide']
2026-01-23 10:38:23,418 - INFO -     n=207, AUC=0.9060, Acc=0.9571, F1=0.4318
2026-01-23 10:38:23,418 - INFO -     Dropped: ['fr_C_O', 'fr_aryl_methyl']
2026-01-23 10:40:23,306 - INFO -     n=205, AUC=0.9060, Acc=0.9571, F1=0.4318
2026-01-23 10:40:23,306 - INFO -     Dropped: ['SMR_VSA2', 'fr_aniline']
2026-01-23 10:42:12,297 - INFO -     n=203, AUC=0.9060, Acc=0.9571, F1=0.4318
2026-01-23 10:42:12,297 - INFO -     Dropped: ['fr_HOCCN', 'fr_amidine']
2026-01-23 10:44:09,718 - INFO -     n=201, AUC=0.9060, Acc=0.9571, F1=0.4318
2026-01-23 10:44:09,719 - INFO -     Dropped: ['fr_Ar_COO', 'fr_isothiocyan']
2026-01-23 10:46:05,133 - INFO -     n=199, AUC=0.9060, Acc=0.9571, F1=0.4318
2026-01-23 10:46:05,134 - INFO -     Dropped: ['fr_Al_OH_noTert', 'fr_Ar_NH']
2026-01-23 10:47:56,443 - INFO -     n=197, AUC=0.9060, Acc=0.9571, F1=0.4318
2026-01-23 10:47:56,444 - INFO -     Dropped: ['PEOE_VSA5', 'fr_Al_OH']
2026-01-23 10:49:48,222 - INFO -     n=195, AUC=0.9060, Acc=0.9571, F1=0.4318
2026-01-23 10:49:48,222 - INFO -     Dropped: ['fr_Al_COO', 'fr_hdrzine']
2026-01-23 10:51:38,022 - INFO -     n=193, AUC=0.9060, Acc=0.9571, F1=0.4318
2026-01-23 10:51:38,022 - INFO -     Dropped: ['fr_halogen', 'fr_hdrzone']
2026-01-23 10:53:25,616 - INFO -     n=191, AUC=0.9060, Acc=0.9571, F1=0.4318
2026-01-23 10:53:25,616 - INFO -     Dropped: ['NumSaturatedHeterocycles', 'fr_guanido']
2026-01-23 10:55:10,819 - INFO -     n=189, AUC=0.9060, Acc=0.9571, F1=0.4318
2026-01-23 10:55:10,819 - INFO -     Dropped: ['NumSaturatedCarbocycles', 'fr_nitroso']
2026-01-23 10:56:54,002 - INFO -     n=187, AUC=0.9060, Acc=0.9571, F1=0.4318
2026-01-23 10:56:54,002 - INFO -     Dropped: ['fr_isocyan', 'fr_nitro_arom_nonortho']
2026-01-23 10:58:35,420 - INFO -     n=185, AUC=0.9060, Acc=0.9571, F1=0.4318
2026-01-23 10:58:35,420 - INFO -     Dropped: ['RingCount', 'fr_phos_ester']
2026-01-23 11:00:15,232 - INFO -     n=183, AUC=0.9060, Acc=0.9571, F1=0.4318
2026-01-23 11:00:15,232 - INFO -     Dropped: ['EState_VSA11', 'fr_N_O']
2026-01-23 11:01:53,230 - INFO -     n=181, AUC=0.9060, Acc=0.9571, F1=0.4318
2026-01-23 11:01:53,230 - INFO -     Dropped: ['fr_SH', 'fr_morpholine']
2026-01-23 11:03:29,505 - INFO -     n=179, AUC=0.9060, Acc=0.9571, F1=0.4318
2026-01-23 11:03:29,505 - INFO -     Dropped: ['fr_C_S', 'fr_Imine']
2026-01-23 11:05:04,021 - INFO -     n=177, AUC=0.9060, Acc=0.9571, F1=0.4318
2026-01-23 11:05:04,021 - INFO -     Dropped: ['fr_COO2', 'fr_ether']
2026-01-23 11:06:36,819 - INFO -     n=175, AUC=0.9060, Acc=0.9571, F1=0.4318
2026-01-23 11:06:36,819 - INFO -     Dropped: ['fr_dihydropyridine', 'fr_lactam']
2026-01-23 11:08:07,672 - INFO -     n=173, AUC=0.9060, Acc=0.9571, F1=0.4318
2026-01-23 11:08:07,672 - INFO -     Dropped: ['fr_alkyl_halide', 'fr_ketone_Topliss']
2026-01-23 11:09:35,588 - INFO -     n=171, AUC=0.9060, Acc=0.9571, F1=0.4318
2026-01-23 11:09:35,588 - INFO -     Dropped: ['fr_Ar_OH', 'fr_phenol']
2026-01-23 11:10:58,367 - INFO -     n=169, AUC=0.9060, Acc=0.9571, F1=0.4318
2026-01-23 11:10:58,368 - INFO -     Dropped: ['fr_benzodiazepine', 'fr_nitro']
2026-01-23 11:12:19,469 - INFO -     n=167, AUC=0.9060, Acc=0.9571, F1=0.4318
2026-01-23 11:12:19,469 - INFO -     Dropped: ['NOCount', 'fr_benzene']
2026-01-23 11:13:38,918 - INFO -     n=165, AUC=0.9060, Acc=0.9571, F1=0.4318
2026-01-23 11:13:38,918 - INFO -     Dropped: ['NumAromaticRings', 'fr_phenol_noOrthoHbond']
2026-01-23 11:14:56,761 - INFO -     n=163, AUC=0.9060, Acc=0.9571, F1=0.4318
2026-01-23 11:14:56,762 - INFO -     Dropped: ['fr_amide', 'fr_lactone']
2026-01-23 11:16:13,027 - INFO -     n=161, AUC=0.9060, Acc=0.9571, F1=0.4318
2026-01-23 11:16:13,027 - INFO -     Dropped: ['NumAliphaticCarbocycles', 'fr_aldehyde']
2026-01-23 11:17:27,647 - INFO -     n=159, AUC=0.9060, Acc=0.9571, F1=0.4318
2026-01-23 11:17:27,647 - INFO -     Dropped: ['fr_NH2', 'fr_thiophene']
2026-01-23 11:18:42,080 - INFO -     n=157, AUC=0.9060, Acc=0.9571, F1=0.4318
2026-01-23 11:18:42,080 - INFO -     Dropped: ['fr_furan', 'fr_piperdine']
2026-01-23 11:19:57,108 - INFO -     n=155, AUC=0.9060, Acc=0.9571, F1=0.4318
2026-01-23 11:19:57,108 - INFO -     Dropped: ['NumAromaticCarbocycles', 'fr_Ndealkylation1']
2026-01-23 11:21:10,497 - INFO -     n=153, AUC=0.9060, Acc=0.9571, F1=0.4318
2026-01-23 11:21:10,497 - INFO -     Dropped: ['fr_barbitur', 'fr_oxazole']
2026-01-23 11:22:22,134 - INFO -     n=151, AUC=0.9060, Acc=0.9571, F1=0.4318
2026-01-23 11:22:22,134 - INFO -     Dropped: ['HeavyAtomCount', 'fr_oxime']
2026-01-23 11:23:32,114 - INFO -     n=149, AUC=0.9060, Acc=0.9571, F1=0.4318
2026-01-23 11:23:32,115 - INFO -     Dropped: ['NumRadicalElectrons', 'fr_priamide']
2026-01-23 11:24:40,466 - INFO -     n=147, AUC=0.9060, Acc=0.9571, F1=0.4318
2026-01-23 11:24:40,466 - INFO -     Dropped: ['fr_tetrazole', 'fr_thiocyan']
2026-01-23 11:25:47,114 - INFO -     n=145, AUC=0.9060, Acc=0.9571, F1=0.4318
2026-01-23 11:25:47,114 - INFO -     Dropped: ['MaxAbsEStateIndex', 'fr_term_acetylene']
2026-01-23 11:26:52,147 - INFO -     n=143, AUC=0.9060, Acc=0.9571, F1=0.4318
2026-01-23 11:26:52,147 - INFO -     Dropped: ['fr_sulfone', 'fr_thiazole']
2026-01-23 11:27:55,533 - INFO -     n=141, AUC=0.9060, Acc=0.9571, F1=0.4318
2026-01-23 11:27:55,534 - INFO -     Dropped: ['fr_Nhpyrrole', 'fr_sulfide']
2026-01-23 11:28:57,281 - INFO -     n=139, AUC=0.9060, Acc=0.9571, F1=0.4318
2026-01-23 11:28:57,281 - INFO -     Dropped: ['fr_phos_acid', 'fr_quatN']
2026-01-23 11:29:57,364 - INFO -     n=137, AUC=0.9048, Acc=0.9588, F1=0.4419
2026-01-23 11:29:57,364 - INFO -     Dropped: ['NumAliphaticHeterocycles', 'NumSaturatedRings']
2026-01-23 11:30:55,778 - INFO -     n=135, AUC=0.9088, Acc=0.9597, F1=0.4471
2026-01-23 11:30:55,778 - INFO -     Dropped: ['NumValenceElectrons', 'NumAromaticHeterocycles']
2026-01-23 11:31:52,719 - INFO -     n=133, AUC=0.9073, Acc=0.9614, F1=0.4706
2026-01-23 11:31:52,719 - INFO -     Dropped: ['MolWt', 'ExactMolWt']
2026-01-23 11:32:47,975 - INFO -     n=131, AUC=0.9041, Acc=0.9614, F1=0.4828
2026-01-23 11:32:47,975 - INFO -     Dropped: ['Chi0', 'PEOE_VSA2']
2026-01-23 11:33:41,694 - INFO -     n=129, AUC=0.9041, Acc=0.9614, F1=0.4828
2026-01-23 11:33:41,694 - INFO -     Dropped: ['fr_ketone', 'fr_methoxy']
2026-01-23 11:34:33,905 - INFO -     n=127, AUC=0.9003, Acc=0.9605, F1=0.4651
2026-01-23 11:34:33,905 - INFO -     Dropped: ['SlogP_VSA3', 'fr_para_hydroxylation']
2026-01-23 11:35:24,613 - INFO -     n=125, AUC=0.9147, Acc=0.9588, F1=0.4419
2026-01-23 11:35:24,613 - INFO -     Dropped: ['Chi1', 'SlogP_VSA7']
2026-01-23 11:36:13,818 - INFO -     n=123, AUC=0.9147, Acc=0.9588, F1=0.4419
2026-01-23 11:36:13,818 - INFO -     Dropped: ['fr_Ndealkylation2', 'fr_pyridine']
2026-01-23 11:37:01,519 - INFO -     n=121, AUC=0.9147, Acc=0.9588, F1=0.4419
2026-01-23 11:37:01,519 - INFO -     Dropped: ['NumHDonors', 'fr_COO']
2026-01-23 11:37:47,726 - INFO -     n=119, AUC=0.9058, Acc=0.9605, F1=0.4651
2026-01-23 11:37:47,726 - INFO -     Dropped: ['Chi1n', 'SlogP_VSA5']
2026-01-23 11:38:32,459 - INFO -     n=117, AUC=0.9091, Acc=0.9597, F1=0.4835
2026-01-23 11:38:32,459 - INFO -     Dropped: ['NumHAcceptors', 'fr_unbrch_alkane']
2026-01-23 11:39:15,737 - INFO -     n=115, AUC=0.9073, Acc=0.9597, F1=0.4598
2026-01-23 11:39:15,737 - INFO -     Dropped: ['Chi2n', 'PEOE_VSA13']
2026-01-23 11:39:57,553 - INFO -     n=113, AUC=0.9086, Acc=0.9597, F1=0.4719
2026-01-23 11:39:57,554 - INFO -     Dropped: ['BCUT2D_MWHI', 'Chi3n']
2026-01-23 11:40:37,981 - INFO -     n=111, AUC=0.9116, Acc=0.9562, F1=0.4000
2026-01-23 11:40:37,981 - INFO -     Dropped: ['Chi3v', 'PEOE_VSA12']
2026-01-23 11:41:17,000 - INFO -     n=109, AUC=0.9102, Acc=0.9597, F1=0.4598
2026-01-23 11:41:17,000 - INFO -     Dropped: ['FpDensityMorgan2', 'PEOE_VSA6']
2026-01-23 11:41:54,688 - INFO -     n=107, AUC=0.9094, Acc=0.9597, F1=0.4835
2026-01-23 11:41:54,688 - INFO -     Dropped: ['MinEStateIndex', 'fr_NH1']
2026-01-23 11:42:31,096 - INFO -     n=105, AUC=0.9140, Acc=0.9588, F1=0.4419
2026-01-23 11:42:31,096 - INFO -     Dropped: ['BalabanJ', 'fr_bicyclic']
2026-01-23 11:43:06,158 - INFO -     n=103, AUC=0.9012, Acc=0.9614, F1=0.5055
2026-01-23 11:43:06,158 - INFO -     Dropped: ['FpDensityMorgan3', 'fr_sulfonamd']
2026-01-23 11:43:39,999 - INFO -     n=101, AUC=0.9054, Acc=0.9605, F1=0.4524
2026-01-23 11:43:39,999 - INFO -     Dropped: ['EState_VSA5', 'NumAliphaticRings']
2026-01-23 11:44:12,605 - INFO -     n=99, AUC=0.9058, Acc=0.9571, F1=0.4048
2026-01-23 11:44:12,605 - INFO -     Dropped: ['VSA_EState9', 'fr_NH0']
2026-01-23 11:44:43,967 - INFO -     n=97, AUC=0.9055, Acc=0.9588, F1=0.4286
2026-01-23 11:44:43,967 - INFO -     Dropped: ['Chi0v', 'PEOE_VSA11']
2026-01-23 11:45:14,078 - INFO -     n=95, AUC=0.9043, Acc=0.9571, F1=0.4048
2026-01-23 11:45:14,078 - INFO -     Dropped: ['Chi1v', 'SMR_VSA4']
2026-01-23 11:45:42,999 - INFO -     n=93, AUC=0.8925, Acc=0.9554, F1=0.4091
2026-01-23 11:45:42,999 - INFO -     Dropped: ['NR-AR', 'Kappa2']
2026-01-23 11:46:10,772 - INFO -     n=91, AUC=0.8925, Acc=0.9554, F1=0.4091
2026-01-23 11:46:10,772 - INFO -     Dropped: ['fr_imidazole', 'fr_piperzine']
2026-01-23 11:46:37,391 - INFO -     n=89, AUC=0.8969, Acc=0.9554, F1=0.3810
2026-01-23 11:46:37,392 - INFO -     Dropped: ['SlogP_VSA12', 'NumHeteroatoms']
2026-01-23 11:47:02,933 - INFO -     n=87, AUC=0.9011, Acc=0.9562, F1=0.4000
2026-01-23 11:47:02,933 - INFO -     Dropped: ['FractionCSP3', 'fr_ester']
2026-01-23 11:47:27,347 - INFO -     n=85, AUC=0.8879, Acc=0.9571, F1=0.4186
2026-01-23 11:47:27,347 - INFO -     Dropped: ['Kappa1', 'fr_ArN']
2026-01-23 11:47:50,649 - INFO -     n=83, AUC=0.9004, Acc=0.9588, F1=0.4419
2026-01-23 11:47:50,649 - INFO -     Dropped: ['EState_VSA4', 'fr_epoxide']
2026-01-23 11:48:12,858 - INFO -     n=81, AUC=0.8914, Acc=0.9571, F1=0.4444
2026-01-23 11:48:12,858 - INFO -     Dropped: ['MinPartialCharge', 'LabuteASA']
2026-01-23 11:48:33,970 - INFO -     n=79, AUC=0.8966, Acc=0.9579, F1=0.4368
2026-01-23 11:48:33,970 - INFO -     Dropped: ['BCUT2D_CHGHI', 'SMR_VSA9']
2026-01-23 11:48:54,033 - INFO -     n=77, AUC=0.9108, Acc=0.9571, F1=0.4444
2026-01-23 11:48:54,033 - INFO -     Dropped: ['PEOE_VSA14', 'SlogP_VSA10']
2026-01-23 11:49:13,082 - INFO -     n=75, AUC=0.9016, Acc=0.9588, F1=0.4545
2026-01-23 11:49:13,082 - INFO -     Dropped: ['Ipc', 'EState_VSA1']
2026-01-23 11:49:31,130 - INFO -     n=73, AUC=0.9026, Acc=0.9562, F1=0.4138
2026-01-23 11:49:31,130 - INFO -     Dropped: ['EState_VSA6', 'VSA_EState1']
2026-01-23 11:49:48,249 - INFO -     n=71, AUC=0.9092, Acc=0.9579, F1=0.4235
2026-01-23 11:49:48,249 - INFO -     Dropped: ['HallKierAlpha', 'EState_VSA8']
2026-01-23 11:50:04,367 - INFO -     n=69, AUC=0.9053, Acc=0.9562, F1=0.4396
2026-01-23 11:50:04,367 - INFO -     Dropped: ['HeavyAtomMolWt', 'BCUT2D_MRHI']
2026-01-23 11:50:19,560 - INFO -     n=67, AUC=0.8871, Acc=0.9579, F1=0.4368
2026-01-23 11:50:19,560 - INFO -     Dropped: ['BCUT2D_LOGPLOW', 'Chi0n']
2026-01-23 11:50:33,895 - INFO -     n=65, AUC=0.9076, Acc=0.9571, F1=0.4565
2026-01-23 11:50:33,895 - INFO -     Dropped: ['PEOE_VSA1', 'VSA_EState5']
2026-01-23 11:50:47,393 - INFO -     n=63, AUC=0.9060, Acc=0.9571, F1=0.4565
2026-01-23 11:50:47,393 - INFO -     Dropped: ['SR-HSE', 'PEOE_VSA9']
2026-01-23 11:50:59,994 - INFO -     n=61, AUC=0.8887, Acc=0.9588, F1=0.4419
2026-01-23 11:50:59,994 - INFO -     Dropped: ['BCUT2D_MRLOW', 'Kappa3']
2026-01-23 11:51:11,886 - INFO -     n=59, AUC=0.8906, Acc=0.9528, F1=0.3820
2026-01-23 11:51:11,886 - INFO -     Dropped: ['qed', 'PEOE_VSA7']
2026-01-23 11:51:22,926 - INFO -     n=57, AUC=0.9022, Acc=0.9562, F1=0.4396
2026-01-23 11:51:22,926 - INFO -     Dropped: ['MaxAbsPartialCharge', 'MinAbsPartialCharge']
2026-01-23 11:51:33,269 - INFO -     n=55, AUC=0.8919, Acc=0.9562, F1=0.4396
2026-01-23 11:51:33,269 - INFO -     Dropped: ['BCUT2D_CHGLO', 'SMR_VSA1']
2026-01-23 11:51:42,879 - INFO -     n=53, AUC=0.8968, Acc=0.9545, F1=0.4176
2026-01-23 11:51:42,880 - INFO -     Dropped: ['MinAbsEStateIndex', 'VSA_EState8']
2026-01-23 11:51:51,862 - INFO -     n=51, AUC=0.8762, Acc=0.9536, F1=0.4255
2026-01-23 11:51:51,862 - INFO -     Dropped: ['TPSA', 'EState_VSA10']
2026-01-23 11:52:00,182 - INFO -     n=49, AUC=0.8682, Acc=0.9545, F1=0.4301
2026-01-23 11:52:00,182 - INFO -     Dropped: ['SlogP_VSA11', 'NumRotatableBonds']
2026-01-23 11:52:07,874 - INFO -     n=47, AUC=0.8848, Acc=0.9579, F1=0.4731
2026-01-23 11:52:07,874 - INFO -     Dropped: ['SMR_VSA5', 'EState_VSA2']
2026-01-23 11:52:14,968 - INFO -     n=45, AUC=0.9036, Acc=0.9545, F1=0.4045
2026-01-23 11:52:14,968 - INFO -     Dropped: ['PEOE_VSA4', 'VSA_EState3']
2026-01-23 11:52:21,460 - INFO -     n=43, AUC=0.8761, Acc=0.9571, F1=0.4565
2026-01-23 11:52:21,460 - INFO -     Dropped: ['MaxEStateIndex', 'FpDensityMorgan1']
2026-01-23 11:52:27,363 - INFO -     n=41, AUC=0.9065, Acc=0.9579, F1=0.4615
2026-01-23 11:52:27,363 - INFO -     Dropped: ['SMR_VSA10', 'EState_VSA7']
2026-01-23 11:52:32,757 - INFO -     n=39, AUC=0.8899, Acc=0.9562, F1=0.4396
2026-01-23 11:52:32,758 - INFO -     Dropped: ['Chi2v', 'MolMR']
2026-01-23 11:52:37,660 - INFO -     n=37, AUC=0.8794, Acc=0.9579, F1=0.4615
2026-01-23 11:52:37,660 - INFO -     Dropped: ['SlogP_VSA4', 'VSA_EState7']
2026-01-23 11:52:42,063 - INFO -     n=35, AUC=0.8842, Acc=0.9511, F1=0.3871
2026-01-23 11:52:42,063 - INFO -     Dropped: ['VSA_EState2', 'VSA_EState6']
2026-01-23 11:52:45,987 - INFO -     n=33, AUC=0.8978, Acc=0.9545, F1=0.4176
2026-01-23 11:52:45,988 - INFO -     Dropped: ['SMR_VSA3', 'NHOHCount']
2026-01-23 11:52:49,505 - INFO -     n=31, AUC=0.8782, Acc=0.9545, F1=0.4176
2026-01-23 11:52:49,505 - INFO -     Dropped: ['MaxPartialCharge', 'SlogP_VSA2']
2026-01-23 11:52:52,636 - INFO -     n=29, AUC=0.8957, Acc=0.9519, F1=0.4043
2026-01-23 11:52:52,636 - INFO -     Dropped: ['PEOE_VSA8', 'SlogP_VSA1']
2026-01-23 11:52:55,390 - INFO -     n=27, AUC=0.8981, Acc=0.9545, F1=0.4301
2026-01-23 11:52:55,390 - INFO -     Dropped: ['SMR_VSA6', 'SlogP_VSA6']
2026-01-23 11:52:57,792 - INFO -     n=25, AUC=0.8883, Acc=0.9502, F1=0.3958
2026-01-23 11:52:57,792 - INFO -     Dropped: ['PEOE_VSA3', 'EState_VSA9']
2026-01-23 11:52:59,868 - INFO -     n=23, AUC=0.8881, Acc=0.9528, F1=0.4211
2026-01-23 11:52:59,868 - INFO -     Dropped: ['PEOE_VSA10', 'VSA_EState10']
2026-01-23 11:53:01,627 - INFO -     n=21, AUC=0.8802, Acc=0.9528, F1=0.4086
2026-01-23 11:53:01,627 - INFO -     Dropped: ['BertzCT', 'EState_VSA3']
2026-01-23 11:53:03,098 - INFO -     n=19, AUC=0.8901, Acc=0.9588, F1=0.4419
2026-01-23 11:53:03,098 - INFO -     Dropped: ['BCUT2D_MWLOW', 'Chi4n']
2026-01-23 11:53:04,312 - INFO -     n=17, AUC=0.8744, Acc=0.9528, F1=0.4086
2026-01-23 11:53:04,312 - INFO -     Dropped: ['BCUT2D_LOGPHI', 'fr_allylic_oxid']
2026-01-23 11:53:05,306 - INFO -     n=15, AUC=0.8628, Acc=0.9511, F1=0.4000
2026-01-23 11:53:05,306 - INFO -     Dropped: ['SMR_VSA7', 'MolLogP']
2026-01-23 11:53:06,099 - INFO -     n=13, AUC=0.7950, Acc=0.9485, F1=0.3478
2026-01-23 11:53:06,099 - INFO -     Dropped: ['Chi4v', 'VSA_EState4']
2026-01-23 11:53:06,745 - INFO -     n=11, AUC=0.7901, Acc=0.9468, F1=0.3111
2026-01-23 11:53:06,745 - INFO -     Dropped: ['SlogP_VSA8', 'fr_nitrile']
2026-01-23 11:53:07,283 - INFO -     n=9, AUC=0.8019, Acc=0.9468, F1=0.3111
2026-01-23 11:53:07,283 - INFO -     Dropped: ['NR-AR-LBD', 'fr_nitro_arom']
2026-01-23 11:53:07,716 - INFO -     n=7, AUC=0.7672, Acc=0.9476, F1=0.3146
2026-01-23 11:53:07,716 - INFO -     Dropped: ['NR-AhR', 'NR-PPAR-gamma']
2026-01-23 11:53:08,041 - INFO -     n=5, AUC=0.7176, Acc=0.9433, F1=0.2500
2026-01-23 11:53:08,042 - INFO -     Dropped: ['NR-ER-LBD', 'fr_Ar_N']
2026-01-23 11:53:08,259 - INFO -     n=3, AUC=0.7938, Acc=0.9476, F1=0.2989
2026-01-23 11:53:08,259 - INFO -     Dropped: ['SR-ARE', 'SR-ATAD5']
2026-01-23 11:53:08,362 - INFO -     n=1, AUC=0.6557, Acc=0.9485, F1=0.0000
2026-01-23 11:53:08,362 - INFO -     Dropped: ['NR-ER', 'SR-MMP']
2026-01-23 11:53:08,363 - INFO -   → Best for repeat 1: 125 features, AUC=0.9147
2026-01-23 11:53:08,363 - INFO - 
  Repeat 2/3
2026-01-23 11:55:14,426 - INFO -     n=213, AUC=0.9056, Acc=0.9588, F1=0.4419
2026-01-23 11:55:14,426 - INFO -     Dropped: ['NR-AR', 'fr_urea']
2026-01-23 11:57:18,542 - INFO -     n=211, AUC=0.9056, Acc=0.9588, F1=0.4419
2026-01-23 11:57:18,542 - INFO -     Dropped: ['fr_thiophene', 'fr_unbrch_alkane']
2026-01-23 11:59:20,785 - INFO -     n=209, AUC=0.9056, Acc=0.9588, F1=0.4419
2026-01-23 11:59:20,785 - INFO -     Dropped: ['fr_thiazole', 'fr_thiocyan']
2026-01-23 12:01:21,249 - INFO -     n=207, AUC=0.9056, Acc=0.9588, F1=0.4419
2026-01-23 12:01:21,249 - INFO -     Dropped: ['fr_term_acetylene', 'fr_tetrazole']
2026-01-23 12:03:19,811 - INFO -     n=205, AUC=0.9056, Acc=0.9588, F1=0.4419
2026-01-23 12:03:19,811 - INFO -     Dropped: ['fr_sulfonamd', 'fr_sulfone']
2026-01-23 12:05:16,620 - INFO -     n=203, AUC=0.9056, Acc=0.9588, F1=0.4419
2026-01-23 12:05:16,620 - INFO -     Dropped: ['fr_quatN', 'fr_sulfide']
2026-01-23 12:07:11,546 - INFO -     n=201, AUC=0.9056, Acc=0.9588, F1=0.4419
2026-01-23 12:07:11,546 - INFO -     Dropped: ['fr_priamide', 'fr_pyridine']
2026-01-23 12:09:04,609 - INFO -     n=199, AUC=0.9056, Acc=0.9588, F1=0.4419
2026-01-23 12:09:04,610 - INFO -     Dropped: ['fr_piperdine', 'fr_piperzine']
2026-01-23 12:10:55,835 - INFO -     n=197, AUC=0.9056, Acc=0.9588, F1=0.4419
2026-01-23 12:10:55,835 - INFO -     Dropped: ['SMR_VSA2', 'HeavyAtomCount']
2026-01-23 12:12:45,319 - INFO -     n=195, AUC=0.9056, Acc=0.9588, F1=0.4419
2026-01-23 12:12:45,320 - INFO -     Dropped: ['PEOE_VSA13', 'fr_Nhpyrrole']
2026-01-23 12:14:33,020 - INFO -     n=193, AUC=0.9056, Acc=0.9588, F1=0.4419
2026-01-23 12:14:33,020 - INFO -     Dropped: ['fr_aniline', 'fr_epoxide']
2026-01-23 12:16:18,699 - INFO -     n=191, AUC=0.9056, Acc=0.9588, F1=0.4419
2026-01-23 12:16:18,700 - INFO -     Dropped: ['NumAromaticCarbocycles', 'fr_amidine']
2026-01-23 12:17:57,635 - INFO -     n=189, AUC=0.9056, Acc=0.9588, F1=0.4419
2026-01-23 12:17:57,636 - INFO -     Dropped: ['NumAromaticRings', 'fr_barbitur']
2026-01-23 12:19:34,462 - INFO -     n=187, AUC=0.9056, Acc=0.9588, F1=0.4419
2026-01-23 12:19:34,462 - INFO -     Dropped: ['fr_azo', 'fr_benzodiazepine']
2026-01-23 12:21:09,662 - INFO -     n=185, AUC=0.9056, Acc=0.9588, F1=0.4419
2026-01-23 12:21:09,662 - INFO -     Dropped: ['NHOHCount', 'fr_benzene']
2026-01-23 12:22:43,125 - INFO -     n=183, AUC=0.9056, Acc=0.9588, F1=0.4419
2026-01-23 12:22:43,126 - INFO -     Dropped: ['fr_Al_OH', 'fr_Ar_COO']
2026-01-23 12:24:14,977 - INFO -     n=181, AUC=0.9056, Acc=0.9588, F1=0.4419
2026-01-23 12:24:14,977 - INFO -     Dropped: ['EState_VSA11', 'fr_Al_COO']
2026-01-23 12:25:45,132 - INFO -     n=179, AUC=0.9056, Acc=0.9588, F1=0.4419
2026-01-23 12:25:45,133 - INFO -     Dropped: ['fr_hdrzone', 'fr_phos_acid']
2026-01-23 12:27:13,737 - INFO -     n=177, AUC=0.9056, Acc=0.9588, F1=0.4419
2026-01-23 12:27:13,737 - INFO -     Dropped: ['fr_aldehyde', 'fr_hdrzine']
2026-01-23 12:28:40,654 - INFO -     n=175, AUC=0.9056, Acc=0.9588, F1=0.4419
2026-01-23 12:28:40,654 - INFO -     Dropped: ['fr_HOCCN', 'fr_SH']
2026-01-23 12:30:05,784 - INFO -     n=173, AUC=0.9056, Acc=0.9588, F1=0.4419
2026-01-23 12:30:05,784 - INFO -     Dropped: ['NumHDonors', 'fr_azide']
2026-01-23 12:31:31,700 - INFO -     n=171, AUC=0.9056, Acc=0.9588, F1=0.4419
2026-01-23 12:31:31,700 - INFO -     Dropped: ['fr_alkyl_carbamate', 'fr_furan']
2026-01-23 12:32:59,754 - INFO -     n=169, AUC=0.9056, Acc=0.9588, F1=0.4419
2026-01-23 12:32:59,754 - INFO -     Dropped: ['NumSaturatedCarbocycles', 'fr_dihydropyridine']
2026-01-23 12:34:26,131 - INFO -     n=167, AUC=0.9056, Acc=0.9588, F1=0.4419
2026-01-23 12:34:26,131 - INFO -     Dropped: ['fr_Imine', 'fr_Ndealkylation1']
2026-01-23 12:35:50,778 - INFO -     n=165, AUC=0.9056, Acc=0.9588, F1=0.4419
2026-01-23 12:35:50,779 - INFO -     Dropped: ['fr_N_O', 'fr_alkyl_halide']
2026-01-23 12:37:13,670 - INFO -     n=163, AUC=0.9056, Acc=0.9588, F1=0.4419
2026-01-23 12:37:13,670 - INFO -     Dropped: ['MaxAbsEStateIndex', 'fr_C_S']
2026-01-23 12:38:35,245 - INFO -     n=161, AUC=0.9056, Acc=0.9588, F1=0.4419
2026-01-23 12:38:35,245 - INFO -     Dropped: ['fr_isothiocyan', 'fr_ketone_Topliss']
2026-01-23 12:39:55,284 - INFO -     n=159, AUC=0.9056, Acc=0.9588, F1=0.4419
2026-01-23 12:39:55,284 - INFO -     Dropped: ['fr_COO', 'fr_halogen']
2026-01-23 12:41:13,605 - INFO -     n=157, AUC=0.9056, Acc=0.9588, F1=0.4419
2026-01-23 12:41:13,605 - INFO -     Dropped: ['fr_Ar_NH', 'fr_COO2']
2026-01-23 12:42:30,157 - INFO -     n=155, AUC=0.9056, Acc=0.9588, F1=0.4419
2026-01-23 12:42:30,157 - INFO -     Dropped: ['NumSaturatedHeterocycles', 'fr_NH2']
2026-01-23 12:43:45,078 - INFO -     n=153, AUC=0.9056, Acc=0.9588, F1=0.4419
2026-01-23 12:43:45,078 - INFO -     Dropped: ['NumRadicalElectrons', 'fr_phenol']
2026-01-23 12:44:58,366 - INFO -     n=151, AUC=0.9056, Acc=0.9588, F1=0.4419
2026-01-23 12:44:58,366 - INFO -     Dropped: ['fr_guanido', 'fr_lactam']
2026-01-23 12:46:09,863 - INFO -     n=149, AUC=0.9056, Acc=0.9588, F1=0.4419
2026-01-23 12:46:09,864 - INFO -     Dropped: ['fr_isocyan', 'fr_oxime']
2026-01-23 12:47:19,171 - INFO -     n=147, AUC=0.9056, Acc=0.9588, F1=0.4419
2026-01-23 12:47:19,171 - INFO -     Dropped: ['fr_nitroso', 'fr_oxazole']
2026-01-23 12:48:26,624 - INFO -     n=145, AUC=0.9056, Acc=0.9588, F1=0.4419
2026-01-23 12:48:26,624 - INFO -     Dropped: ['fr_nitrile', 'fr_nitro']
2026-01-23 12:49:32,459 - INFO -     n=143, AUC=0.9056, Acc=0.9588, F1=0.4419
2026-01-23 12:49:32,459 - INFO -     Dropped: ['fr_imide', 'fr_morpholine']
2026-01-23 12:50:36,646 - INFO -     n=141, AUC=0.9087, Acc=0.9571, F1=0.4048
2026-01-23 12:50:36,646 - INFO -     Dropped: ['Chi0n', 'EState_VSA1']
2026-01-23 12:51:39,242 - INFO -     n=139, AUC=0.9057, Acc=0.9579, F1=0.4235
2026-01-23 12:51:39,242 - INFO -     Dropped: ['NumHAcceptors', 'fr_NH1']
2026-01-23 12:52:40,239 - INFO -     n=137, AUC=0.9057, Acc=0.9579, F1=0.4235
2026-01-23 12:52:40,239 - INFO -     Dropped: ['NumAliphaticHeterocycles', 'NumSaturatedRings']
2026-01-23 12:53:39,646 - INFO -     n=135, AUC=0.9055, Acc=0.9588, F1=0.4419
2026-01-23 12:53:39,647 - INFO -     Dropped: ['PEOE_VSA12', 'PEOE_VSA5']
2026-01-23 12:54:37,453 - INFO -     n=133, AUC=0.9042, Acc=0.9579, F1=0.4235
2026-01-23 12:54:37,454 - INFO -     Dropped: ['Chi1', 'Chi4n']
2026-01-23 12:55:33,708 - INFO -     n=131, AUC=0.9091, Acc=0.9571, F1=0.4048
2026-01-23 12:55:33,708 - INFO -     Dropped: ['LabuteASA', 'SlogP_VSA10']
2026-01-23 12:56:28,408 - INFO -     n=129, AUC=0.8999, Acc=0.9588, F1=0.4146
2026-01-23 12:56:28,408 - INFO -     Dropped: ['fr_aryl_methyl', 'fr_ester']
2026-01-23 12:57:21,613 - INFO -     n=127, AUC=0.8999, Acc=0.9588, F1=0.4146
2026-01-23 12:57:21,613 - INFO -     Dropped: ['fr_ArN', 'fr_C_O_noCOO']
2026-01-23 12:58:13,354 - INFO -     n=125, AUC=0.9019, Acc=0.9562, F1=0.4000
2026-01-23 12:58:13,355 - INFO -     Dropped: ['NR-AR-LBD', 'SlogP_VSA5']
2026-01-23 12:59:03,557 - INFO -     n=123, AUC=0.9019, Acc=0.9562, F1=0.4000
2026-01-23 12:59:03,558 - INFO -     Dropped: ['SMR_VSA4', 'fr_phenol_noOrthoHbond']
2026-01-23 12:59:52,264 - INFO -     n=121, AUC=0.9019, Acc=0.9562, F1=0.4000
2026-01-23 12:59:52,264 - INFO -     Dropped: ['ExactMolWt', 'PEOE_VSA4']
2026-01-23 13:00:39,432 - INFO -     n=119, AUC=0.9014, Acc=0.9597, F1=0.4337
2026-01-23 13:00:39,432 - INFO -     Dropped: ['VSA_EState10', 'NumAromaticHeterocycles']
2026-01-23 13:01:25,179 - INFO -     n=117, AUC=0.9045, Acc=0.9571, F1=0.3902
2026-01-23 13:01:25,180 - INFO -     Dropped: ['PEOE_VSA3', 'NumAliphaticCarbocycles']
2026-01-23 13:02:09,433 - INFO -     n=115, AUC=0.9023, Acc=0.9597, F1=0.4471
2026-01-23 13:02:09,433 - INFO -     Dropped: ['SMR_VSA1', 'fr_Al_OH_noTert']
2026-01-23 13:02:52,251 - INFO -     n=113, AUC=0.8893, Acc=0.9579, F1=0.4235
2026-01-23 13:02:52,251 - INFO -     Dropped: ['VSA_EState2', 'VSA_EState9']
2026-01-23 13:03:33,557 - INFO -     n=111, AUC=0.9013, Acc=0.9588, F1=0.4286
2026-01-23 13:03:33,557 - INFO -     Dropped: ['Chi0', 'Chi0v']
2026-01-23 13:04:13,430 - INFO -     n=109, AUC=0.8976, Acc=0.9579, F1=0.4235
2026-01-23 13:04:13,431 - INFO -     Dropped: ['PEOE_VSA1', 'fr_bicyclic']
2026-01-23 13:04:51,999 - INFO -     n=107, AUC=0.9002, Acc=0.9597, F1=0.4337
2026-01-23 13:04:51,999 - INFO -     Dropped: ['BCUT2D_MWHI', 'fr_ketone']
2026-01-23 13:05:29,308 - INFO -     n=105, AUC=0.8978, Acc=0.9579, F1=0.4096
2026-01-23 13:05:29,308 - INFO -     Dropped: ['HeavyAtomMolWt', 'PEOE_VSA14']
2026-01-23 13:06:05,282 - INFO -     n=103, AUC=0.9076, Acc=0.9605, F1=0.4524
2026-01-23 13:06:05,282 - INFO -     Dropped: ['VSA_EState8', 'fr_lactone']
2026-01-23 13:06:39,974 - INFO -     n=101, AUC=0.9056, Acc=0.9605, F1=0.4524
2026-01-23 13:06:39,974 - INFO -     Dropped: ['SlogP_VSA12', 'fr_para_hydroxylation']
2026-01-23 13:07:13,364 - INFO -     n=99, AUC=0.9058, Acc=0.9597, F1=0.4198
2026-01-23 13:07:13,365 - INFO -     Dropped: ['NumAliphaticRings', 'fr_imidazole']
2026-01-23 13:07:45,522 - INFO -     n=97, AUC=0.9006, Acc=0.9588, F1=0.4146
2026-01-23 13:07:45,523 - INFO -     Dropped: ['FpDensityMorgan2', 'fr_C_O']
2026-01-23 13:08:16,440 - INFO -     n=95, AUC=0.9016, Acc=0.9597, F1=0.4337
2026-01-23 13:08:16,440 - INFO -     Dropped: ['BCUT2D_CHGLO', 'PEOE_VSA11']
2026-01-23 13:08:46,084 - INFO -     n=93, AUC=0.9006, Acc=0.9579, F1=0.4096
2026-01-23 13:08:46,084 - INFO -     Dropped: ['Chi2n', 'NOCount']
2026-01-23 13:09:14,570 - INFO -     n=91, AUC=0.9042, Acc=0.9588, F1=0.4286
2026-01-23 13:09:14,570 - INFO -     Dropped: ['BCUT2D_MRLOW', 'SlogP_VSA1']
2026-01-23 13:09:41,930 - INFO -     n=89, AUC=0.8991, Acc=0.9579, F1=0.4096
2026-01-23 13:09:41,931 - INFO -     Dropped: ['Kappa2', 'fr_ether']
2026-01-23 13:10:08,062 - INFO -     n=87, AUC=0.9091, Acc=0.9571, F1=0.4048
2026-01-23 13:10:08,062 - INFO -     Dropped: ['VSA_EState3', 'FractionCSP3']
2026-01-23 13:10:33,059 - INFO -     n=85, AUC=0.9046, Acc=0.9588, F1=0.4419
2026-01-23 13:10:33,059 - INFO -     Dropped: ['Kappa3', 'fr_amide']
2026-01-23 13:10:56,962 - INFO -     n=83, AUC=0.9075, Acc=0.9588, F1=0.4286
2026-01-23 13:10:56,962 - INFO -     Dropped: ['MolWt', 'SMR_VSA9']
2026-01-23 13:11:19,768 - INFO -     n=81, AUC=0.9036, Acc=0.9597, F1=0.4337
2026-01-23 13:11:19,768 - INFO -     Dropped: ['MaxAbsPartialCharge', 'Kappa1']
2026-01-23 13:11:41,491 - INFO -     n=79, AUC=0.8927, Acc=0.9571, F1=0.4186
2026-01-23 13:11:41,491 - INFO -     Dropped: ['Chi3n', 'NumRotatableBonds']
2026-01-23 13:12:02,216 - INFO -     n=77, AUC=0.9004, Acc=0.9614, F1=0.4706
2026-01-23 13:12:02,216 - INFO -     Dropped: ['Ipc', 'VSA_EState1']
2026-01-23 13:12:21,943 - INFO -     n=75, AUC=0.9004, Acc=0.9579, F1=0.4235
2026-01-23 13:12:21,944 - INFO -     Dropped: ['HallKierAlpha', 'EState_VSA6']
2026-01-23 13:12:40,701 - INFO -     n=73, AUC=0.8939, Acc=0.9571, F1=0.4186
2026-01-23 13:12:40,701 - INFO -     Dropped: ['PEOE_VSA7', 'SMR_VSA5']
2026-01-23 13:12:58,499 - INFO -     n=71, AUC=0.8912, Acc=0.9597, F1=0.4337
2026-01-23 13:12:58,499 - INFO -     Dropped: ['SlogP_VSA7', 'fr_nitro_arom_nonortho']
2026-01-23 13:13:15,374 - INFO -     n=69, AUC=0.8900, Acc=0.9614, F1=0.4578
2026-01-23 13:13:15,374 - INFO -     Dropped: ['PEOE_VSA2', 'SMR_VSA3']
2026-01-23 13:13:31,342 - INFO -     n=67, AUC=0.8910, Acc=0.9545, F1=0.3614
2026-01-23 13:13:31,343 - INFO -     Dropped: ['MinPartialCharge', 'fr_methoxy']
2026-01-23 13:13:46,507 - INFO -     n=65, AUC=0.8968, Acc=0.9597, F1=0.4471
2026-01-23 13:13:46,508 - INFO -     Dropped: ['MinAbsPartialCharge', 'EState_VSA3']
2026-01-23 13:14:00,778 - INFO -     n=63, AUC=0.8886, Acc=0.9545, F1=0.3765
2026-01-23 13:14:00,779 - INFO -     Dropped: ['FpDensityMorgan3', 'BCUT2D_MWLOW']
2026-01-23 13:14:14,219 - INFO -     n=61, AUC=0.8948, Acc=0.9562, F1=0.3855
2026-01-23 13:14:14,219 - INFO -     Dropped: ['PEOE_VSA9', 'RingCount']
2026-01-23 13:14:26,866 - INFO -     n=59, AUC=0.8922, Acc=0.9588, F1=0.4146
2026-01-23 13:14:26,866 - INFO -     Dropped: ['SlogP_VSA11', 'SlogP_VSA6']
2026-01-23 13:14:38,686 - INFO -     n=57, AUC=0.9007, Acc=0.9571, F1=0.3902
2026-01-23 13:14:38,687 - INFO -     Dropped: ['qed', 'fr_NH0']
2026-01-23 13:14:49,766 - INFO -     n=55, AUC=0.8841, Acc=0.9579, F1=0.4096
2026-01-23 13:14:49,767 - INFO -     Dropped: ['FpDensityMorgan1', 'fr_Ndealkylation2']
2026-01-23 13:15:00,051 - INFO -     n=53, AUC=0.8871, Acc=0.9571, F1=0.4048
2026-01-23 13:15:00,051 - INFO -     Dropped: ['BCUT2D_CHGHI', 'VSA_EState6']
2026-01-23 13:15:09,625 - INFO -     n=51, AUC=0.8973, Acc=0.9605, F1=0.4651
2026-01-23 13:15:09,625 - INFO -     Dropped: ['SlogP_VSA3', 'MolMR']
2026-01-23 13:15:18,497 - INFO -     n=49, AUC=0.8956, Acc=0.9562, F1=0.3855
2026-01-23 13:15:18,497 - INFO -     Dropped: ['SMR_VSA10', 'VSA_EState5']
2026-01-23 13:15:26,649 - INFO -     n=47, AUC=0.8972, Acc=0.9571, F1=0.3902
2026-01-23 13:15:26,649 - INFO -     Dropped: ['SlogP_VSA4', 'EState_VSA8']
2026-01-23 13:15:34,203 - INFO -     n=45, AUC=0.8867, Acc=0.9588, F1=0.4286
2026-01-23 13:15:34,203 - INFO -     Dropped: ['Chi2v', 'EState_VSA7']
2026-01-23 13:15:41,087 - INFO -     n=43, AUC=0.8943, Acc=0.9622, F1=0.4884
2026-01-23 13:15:41,087 - INFO -     Dropped: ['BCUT2D_MRHI', 'Chi1v']
2026-01-23 13:15:47,348 - INFO -     n=41, AUC=0.8900, Acc=0.9588, F1=0.4419
2026-01-23 13:15:47,348 - INFO -     Dropped: ['TPSA', 'EState_VSA5']
2026-01-23 13:15:53,082 - INFO -     n=39, AUC=0.8782, Acc=0.9588, F1=0.4783
2026-01-23 13:15:53,083 - INFO -     Dropped: ['MinEStateIndex', 'EState_VSA2']
2026-01-23 13:15:58,268 - INFO -     n=37, AUC=0.8941, Acc=0.9605, F1=0.4773
2026-01-23 13:15:58,268 - INFO -     Dropped: ['MaxPartialCharge', 'SMR_VSA6']
2026-01-23 13:16:02,952 - INFO -     n=35, AUC=0.8928, Acc=0.9562, F1=0.4396
2026-01-23 13:16:02,952 - INFO -     Dropped: ['Chi1n', 'NumHeteroatoms']
2026-01-23 13:16:07,138 - INFO -     n=33, AUC=0.8922, Acc=0.9588, F1=0.4667
2026-01-23 13:16:07,138 - INFO -     Dropped: ['MaxEStateIndex', 'Chi3v']
2026-01-23 13:16:10,874 - INFO -     n=31, AUC=0.8903, Acc=0.9579, F1=0.4494
2026-01-23 13:16:10,874 - INFO -     Dropped: ['NumValenceElectrons', 'VSA_EState7']
2026-01-23 13:16:14,227 - INFO -     n=29, AUC=0.8845, Acc=0.9571, F1=0.4565
2026-01-23 13:16:14,227 - INFO -     Dropped: ['SR-HSE', 'SlogP_VSA2']
2026-01-23 13:16:17,185 - INFO -     n=27, AUC=0.8888, Acc=0.9554, F1=0.4348
2026-01-23 13:16:17,185 - INFO -     Dropped: ['PEOE_VSA6', 'fr_allylic_oxid']
2026-01-23 13:16:19,760 - INFO -     n=25, AUC=0.8751, Acc=0.9588, F1=0.4667
2026-01-23 13:16:19,760 - INFO -     Dropped: ['BalabanJ', 'VSA_EState4']
2026-01-23 13:16:21,983 - INFO -     n=23, AUC=0.8808, Acc=0.9571, F1=0.4444
2026-01-23 13:16:21,984 - INFO -     Dropped: ['PEOE_VSA8', 'EState_VSA9']
2026-01-23 13:16:23,886 - INFO -     n=21, AUC=0.8833, Acc=0.9571, F1=0.4565
2026-01-23 13:16:23,887 - INFO -     Dropped: ['MinAbsEStateIndex', 'SlogP_VSA8']
2026-01-23 13:16:25,497 - INFO -     n=19, AUC=0.8833, Acc=0.9562, F1=0.4270
2026-01-23 13:16:25,497 - INFO -     Dropped: ['BCUT2D_LOGPLOW', 'SMR_VSA7']
2026-01-23 13:16:26,833 - INFO -     n=17, AUC=0.8805, Acc=0.9545, F1=0.3908
2026-01-23 13:16:26,834 - INFO -     Dropped: ['EState_VSA4', 'fr_phos_ester']
2026-01-23 13:16:27,931 - INFO -     n=15, AUC=0.8579, Acc=0.9545, F1=0.4176
2026-01-23 13:16:27,931 - INFO -     Dropped: ['BCUT2D_LOGPHI', 'BertzCT']
2026-01-23 13:16:28,804 - INFO -     n=13, AUC=0.8388, Acc=0.9519, F1=0.3913
2026-01-23 13:16:28,804 - INFO -     Dropped: ['PEOE_VSA10', 'MolLogP']
2026-01-23 13:16:29,506 - INFO -     n=11, AUC=0.7553, Acc=0.9528, F1=0.3678
2026-01-23 13:16:29,506 - INFO -     Dropped: ['Chi4v', 'fr_Ar_OH']
2026-01-23 13:16:30,070 - INFO -     n=9, AUC=0.8077, Acc=0.9528, F1=0.3820
2026-01-23 13:16:30,071 - INFO -     Dropped: ['NR-PPAR-gamma', 'EState_VSA10']
2026-01-23 13:16:30,523 - INFO -     n=7, AUC=0.7886, Acc=0.9494, F1=0.3371
2026-01-23 13:16:30,523 - INFO -     Dropped: ['fr_Ar_N', 'fr_nitro_arom']
2026-01-23 13:16:30,864 - INFO -     n=5, AUC=0.7714, Acc=0.9485, F1=0.3478
2026-01-23 13:16:30,864 - INFO -     Dropped: ['NR-AhR', 'NR-ER-LBD']
2026-01-23 13:16:31,095 - INFO -     n=3, AUC=0.8187, Acc=0.9468, F1=0.2051
2026-01-23 13:16:31,095 - INFO -     Dropped: ['SR-ATAD5', 'SR-MMP']
2026-01-23 13:16:31,200 - INFO -     n=1, AUC=0.6788, Acc=0.9485, F1=0.0000
2026-01-23 13:16:31,200 - INFO -     Dropped: ['NR-ER', 'SR-ARE']
2026-01-23 13:16:31,202 - INFO -   → Best for repeat 2: 87 features, AUC=0.9091
2026-01-23 13:16:31,202 - INFO - 
  Repeat 3/3
2026-01-23 13:18:39,583 - INFO -     n=213, AUC=0.8816, Acc=0.9554, F1=0.4348
2026-01-23 13:18:39,584 - INFO -     Dropped: ['NR-AR', 'fr_urea']
2026-01-23 13:20:46,083 - INFO -     n=211, AUC=0.8816, Acc=0.9554, F1=0.4348
2026-01-23 13:20:46,084 - INFO -     Dropped: ['fr_barbitur', 'fr_dihydropyridine']
2026-01-23 13:22:50,646 - INFO -     n=209, AUC=0.8816, Acc=0.9554, F1=0.4348
2026-01-23 13:22:50,646 - INFO -     Dropped: ['fr_azide', 'fr_benzodiazepine']
2026-01-23 13:24:53,494 - INFO -     n=207, AUC=0.8816, Acc=0.9554, F1=0.4348
2026-01-23 13:24:53,494 - INFO -     Dropped: ['fr_azo', 'fr_benzene']
2026-01-23 13:26:54,429 - INFO -     n=205, AUC=0.8816, Acc=0.9554, F1=0.4348
2026-01-23 13:26:54,430 - INFO -     Dropped: ['SlogP_VSA11', 'fr_epoxide']
2026-01-23 13:28:53,480 - INFO -     n=203, AUC=0.8816, Acc=0.9554, F1=0.4348
2026-01-23 13:28:53,480 - INFO -     Dropped: ['fr_ArN', 'fr_aniline']
2026-01-23 13:30:50,918 - INFO -     n=201, AUC=0.8816, Acc=0.9554, F1=0.4348
2026-01-23 13:30:50,919 - INFO -     Dropped: ['fr_Al_OH_noTert', 'fr_hdrzine']
2026-01-23 13:32:46,409 - INFO -     n=199, AUC=0.8816, Acc=0.9554, F1=0.4348
2026-01-23 13:32:46,409 - INFO -     Dropped: ['PEOE_VSA5', 'fr_halogen']
2026-01-23 13:34:40,098 - INFO -     n=197, AUC=0.8816, Acc=0.9554, F1=0.4348
2026-01-23 13:34:40,098 - INFO -     Dropped: ['fr_hdrzone', 'fr_oxazole']
2026-01-23 13:36:31,967 - INFO -     n=195, AUC=0.8816, Acc=0.9554, F1=0.4348
2026-01-23 13:36:31,967 - INFO -     Dropped: ['NumSaturatedRings', 'fr_methoxy']
2026-01-23 13:38:21,999 - INFO -     n=193, AUC=0.8816, Acc=0.9554, F1=0.4348
2026-01-23 13:38:21,999 - INFO -     Dropped: ['fr_amide', 'fr_isothiocyan']
2026-01-23 13:40:10,246 - INFO -     n=191, AUC=0.8816, Acc=0.9554, F1=0.4348
2026-01-23 13:40:10,246 - INFO -     Dropped: ['fr_alkyl_carbamate', 'fr_amidine']
2026-01-23 13:41:56,737 - INFO -     n=189, AUC=0.8816, Acc=0.9554, F1=0.4348
2026-01-23 13:41:56,737 - INFO -     Dropped: ['fr_aldehyde', 'fr_imide']
2026-01-23 13:43:41,510 - INFO -     n=187, AUC=0.8816, Acc=0.9554, F1=0.4348
2026-01-23 13:43:41,510 - INFO -     Dropped: ['fr_Nhpyrrole', 'fr_guanido']
2026-01-23 13:45:24,527 - INFO -     n=185, AUC=0.8816, Acc=0.9554, F1=0.4348
2026-01-23 13:45:24,528 - INFO -     Dropped: ['PEOE_VSA13', 'fr_Ndealkylation2']
2026-01-23 13:47:05,791 - INFO -     n=183, AUC=0.8816, Acc=0.9554, F1=0.4348
2026-01-23 13:47:05,791 - INFO -     Dropped: ['fr_SH', 'fr_ester']
2026-01-23 13:48:45,326 - INFO -     n=181, AUC=0.8816, Acc=0.9554, F1=0.4348
2026-01-23 13:48:45,327 - INFO -     Dropped: ['fr_N_O', 'fr_ketone']
2026-01-23 13:50:23,087 - INFO -     n=179, AUC=0.8816, Acc=0.9554, F1=0.4348
2026-01-23 13:50:23,088 - INFO -     Dropped: ['EState_VSA11', 'fr_NH2']
2026-01-23 13:51:59,075 - INFO -     n=177, AUC=0.8816, Acc=0.9554, F1=0.4348
2026-01-23 13:51:59,075 - INFO -     Dropped: ['fr_Al_COO', 'fr_isocyan']
2026-01-23 13:53:33,319 - INFO -     n=175, AUC=0.8816, Acc=0.9554, F1=0.4348
2026-01-23 13:53:33,319 - INFO -     Dropped: ['fr_Al_OH', 'fr_COO']
2026-01-23 13:55:05,858 - INFO -     n=173, AUC=0.8816, Acc=0.9554, F1=0.4348
2026-01-23 13:55:05,859 - INFO -     Dropped: ['fr_COO2', 'fr_morpholine']
2026-01-23 13:56:36,673 - INFO -     n=171, AUC=0.8816, Acc=0.9554, F1=0.4348
2026-01-23 13:56:36,674 - INFO -     Dropped: ['fr_Ar_COO', 'fr_phos_acid']
2026-01-23 13:58:05,616 - INFO -     n=169, AUC=0.8816, Acc=0.9554, F1=0.4348
2026-01-23 13:58:05,617 - INFO -     Dropped: ['fr_nitrile', 'fr_phenol_noOrthoHbond']
2026-01-23 13:59:32,632 - INFO -     n=167, AUC=0.8816, Acc=0.9554, F1=0.4348
2026-01-23 13:59:32,633 - INFO -     Dropped: ['HeavyAtomCount', 'fr_Ndealkylation1']
2026-01-23 14:00:58,138 - INFO -     n=165, AUC=0.8816, Acc=0.9554, F1=0.4348
2026-01-23 14:00:58,138 - INFO -     Dropped: ['fr_Ar_NH', 'fr_thiophene']
2026-01-23 14:02:22,390 - INFO -     n=163, AUC=0.8816, Acc=0.9554, F1=0.4348
2026-01-23 14:02:22,391 - INFO -     Dropped: ['SMR_VSA2', 'NumHeteroatoms']
2026-01-23 14:03:44,867 - INFO -     n=161, AUC=0.8816, Acc=0.9554, F1=0.4348
2026-01-23 14:03:44,867 - INFO -     Dropped: ['fr_Imine', 'fr_lactam']
2026-01-23 14:05:05,684 - INFO -     n=159, AUC=0.8816, Acc=0.9554, F1=0.4348
2026-01-23 14:05:05,684 - INFO -     Dropped: ['fr_C_S', 'fr_HOCCN']
2026-01-23 14:06:24,859 - INFO -     n=157, AUC=0.8816, Acc=0.9554, F1=0.4348
2026-01-23 14:06:24,859 - INFO -     Dropped: ['MaxAbsEStateIndex', 'fr_nitro_arom_nonortho']
2026-01-23 14:07:42,237 - INFO -     n=155, AUC=0.8816, Acc=0.9554, F1=0.4348
2026-01-23 14:07:42,237 - INFO -     Dropped: ['NumAliphaticRings', 'fr_nitro']
2026-01-23 14:08:57,633 - INFO -     n=153, AUC=0.8816, Acc=0.9554, F1=0.4348
2026-01-23 14:08:57,633 - INFO -     Dropped: ['fr_phenol', 'fr_priamide']
2026-01-23 14:10:10,972 - INFO -     n=151, AUC=0.8816, Acc=0.9554, F1=0.4348
2026-01-23 14:10:10,972 - INFO -     Dropped: ['fr_furan', 'fr_para_hydroxylation']
2026-01-23 14:11:22,506 - INFO -     n=149, AUC=0.8816, Acc=0.9554, F1=0.4348
2026-01-23 14:11:22,507 - INFO -     Dropped: ['fr_piperdine', 'fr_thiazole']
2026-01-23 14:12:32,493 - INFO -     n=147, AUC=0.8816, Acc=0.9554, F1=0.4348
2026-01-23 14:12:32,493 - INFO -     Dropped: ['fr_nitroso', 'fr_thiocyan']
2026-01-23 14:13:40,803 - INFO -     n=145, AUC=0.8816, Acc=0.9554, F1=0.4348
2026-01-23 14:13:40,803 - INFO -     Dropped: ['fr_sulfone', 'fr_term_acetylene']
2026-01-23 14:14:47,551 - INFO -     n=143, AUC=0.8816, Acc=0.9554, F1=0.4348
2026-01-23 14:14:47,552 - INFO -     Dropped: ['fr_sulfonamd', 'fr_tetrazole']
2026-01-23 14:15:52,685 - INFO -     n=141, AUC=0.8816, Acc=0.9554, F1=0.4348
2026-01-23 14:15:52,685 - INFO -     Dropped: ['NumRadicalElectrons', 'fr_sulfide']
2026-01-23 14:16:56,237 - INFO -     n=139, AUC=0.8816, Acc=0.9554, F1=0.4348
2026-01-23 14:16:56,237 - INFO -     Dropped: ['NumAromaticHeterocycles', 'fr_piperzine']
2026-01-23 14:17:58,219 - INFO -     n=137, AUC=0.8816, Acc=0.9554, F1=0.4348
2026-01-23 14:17:58,219 - INFO -     Dropped: ['fr_oxime', 'fr_quatN']
2026-01-23 14:18:58,594 - INFO -     n=135, AUC=0.8851, Acc=0.9562, F1=0.4632
2026-01-23 14:18:58,594 - INFO -     Dropped: ['NumAliphaticCarbocycles', 'fr_C_O']
2026-01-23 14:19:57,356 - INFO -     n=133, AUC=0.8895, Acc=0.9597, F1=0.4719
2026-01-23 14:19:57,356 - INFO -     Dropped: ['HeavyAtomMolWt', 'NumHDonors']
2026-01-23 14:20:54,609 - INFO -     n=131, AUC=0.8888, Acc=0.9579, F1=0.4615
2026-01-23 14:20:54,609 - INFO -     Dropped: ['NumAliphaticHeterocycles', 'NumHAcceptors']
2026-01-23 14:21:50,228 - INFO -     n=129, AUC=0.8858, Acc=0.9536, F1=0.4375
2026-01-23 14:21:50,228 - INFO -     Dropped: ['ExactMolWt', 'NumAromaticRings']
2026-01-23 14:22:44,421 - INFO -     n=127, AUC=0.8901, Acc=0.9562, F1=0.4396
2026-01-23 14:22:44,422 - INFO -     Dropped: ['SlogP_VSA12', 'RingCount']
2026-01-23 14:23:36,933 - INFO -     n=125, AUC=0.8800, Acc=0.9588, F1=0.4894
2026-01-23 14:23:36,933 - INFO -     Dropped: ['EState_VSA7', 'NumAromaticCarbocycles']
2026-01-23 14:24:27,915 - INFO -     n=123, AUC=0.8800, Acc=0.9588, F1=0.4894
2026-01-23 14:24:27,915 - INFO -     Dropped: ['PEOE_VSA12', 'NOCount']
2026-01-23 14:25:17,392 - INFO -     n=121, AUC=0.8837, Acc=0.9597, F1=0.4946
2026-01-23 14:25:17,392 - INFO -     Dropped: ['SlogP_VSA10', 'fr_C_O_noCOO']
2026-01-23 14:26:05,403 - INFO -     n=119, AUC=0.8875, Acc=0.9588, F1=0.4667
2026-01-23 14:26:05,404 - INFO -     Dropped: ['Chi0n', 'VSA_EState10']
2026-01-23 14:26:51,882 - INFO -     n=117, AUC=0.8883, Acc=0.9597, F1=0.5053
2026-01-23 14:26:51,882 - INFO -     Dropped: ['Chi0', 'VSA_EState9']
2026-01-23 14:27:36,900 - INFO -     n=115, AUC=0.8839, Acc=0.9605, F1=0.5106
2026-01-23 14:27:36,901 - INFO -     Dropped: ['Chi2n', 'fr_lactone']
2026-01-23 14:28:20,418 - INFO -     n=113, AUC=0.8839, Acc=0.9605, F1=0.5106
2026-01-23 14:28:20,418 - INFO -     Dropped: ['fr_ketone_Topliss', 'fr_unbrch_alkane']
2026-01-23 14:29:02,519 - INFO -     n=111, AUC=0.8837, Acc=0.9597, F1=0.4598
2026-01-23 14:29:02,520 - INFO -     Dropped: ['Kappa1', 'NHOHCount']
2026-01-23 14:29:43,199 - INFO -     n=109, AUC=0.8823, Acc=0.9597, F1=0.4835
2026-01-23 14:29:43,199 - INFO -     Dropped: ['Chi1n', 'NumSaturatedHeterocycles']
2026-01-23 14:30:22,478 - INFO -     n=107, AUC=0.8952, Acc=0.9571, F1=0.4444
2026-01-23 14:30:22,479 - INFO -     Dropped: ['SMR_VSA4', 'fr_aryl_methyl']
2026-01-23 14:31:00,421 - INFO -     n=105, AUC=0.8912, Acc=0.9605, F1=0.4889
2026-01-23 14:31:00,422 - INFO -     Dropped: ['MaxAbsPartialCharge', 'PEOE_VSA14']
2026-01-23 14:31:36,964 - INFO -     n=103, AUC=0.8965, Acc=0.9571, F1=0.4565
2026-01-23 14:31:36,964 - INFO -     Dropped: ['VSA_EState8', 'fr_allylic_oxid']
2026-01-23 14:32:12,135 - INFO -     n=101, AUC=0.8921, Acc=0.9579, F1=0.4615
2026-01-23 14:32:12,135 - INFO -     Dropped: ['BCUT2D_CHGHI', 'PEOE_VSA2']
2026-01-23 14:32:46,084 - INFO -     n=99, AUC=0.8826, Acc=0.9579, F1=0.4235
2026-01-23 14:32:46,084 - INFO -     Dropped: ['NumSaturatedCarbocycles', 'fr_NH0']
2026-01-23 14:33:18,701 - INFO -     n=97, AUC=0.8826, Acc=0.9579, F1=0.4235
2026-01-23 14:33:18,701 - INFO -     Dropped: ['fr_alkyl_halide', 'fr_imidazole']
2026-01-23 14:33:49,979 - INFO -     n=95, AUC=0.8846, Acc=0.9571, F1=0.4681
2026-01-23 14:33:49,979 - INFO -     Dropped: ['PEOE_VSA3', 'VSA_EState3']
2026-01-23 14:34:19,985 - INFO -     n=93, AUC=0.8907, Acc=0.9571, F1=0.4681
2026-01-23 14:34:19,986 - INFO -     Dropped: ['FpDensityMorgan3', 'Chi1']
2026-01-23 14:34:48,712 - INFO -     n=91, AUC=0.8867, Acc=0.9562, F1=0.4396
2026-01-23 14:34:48,713 - INFO -     Dropped: ['EState_VSA6', 'fr_pyridine']
2026-01-23 14:35:16,281 - INFO -     n=89, AUC=0.8847, Acc=0.9571, F1=0.4681
2026-01-23 14:35:16,281 - INFO -     Dropped: ['HallKierAlpha', 'Kappa3']
2026-01-23 14:35:42,635 - INFO -     n=87, AUC=0.8873, Acc=0.9579, F1=0.4615
2026-01-23 14:35:42,635 - INFO -     Dropped: ['BCUT2D_MRLOW', 'Chi4v']
2026-01-23 14:36:07,814 - INFO -     n=85, AUC=0.8905, Acc=0.9562, F1=0.4632
2026-01-23 14:36:07,814 - INFO -     Dropped: ['PEOE_VSA7', 'TPSA']
2026-01-23 14:36:31,867 - INFO -     n=83, AUC=0.8846, Acc=0.9554, F1=0.4348
2026-01-23 14:36:31,867 - INFO -     Dropped: ['SMR_VSA1', 'SlogP_VSA5']
2026-01-23 14:36:54,822 - INFO -     n=81, AUC=0.8883, Acc=0.9579, F1=0.4731
2026-01-23 14:36:54,822 - INFO -     Dropped: ['LabuteASA', 'PEOE_VSA11']
2026-01-23 14:37:16,727 - INFO -     n=79, AUC=0.8837, Acc=0.9562, F1=0.4396
2026-01-23 14:37:16,728 - INFO -     Dropped: ['FpDensityMorgan2', 'fr_ether']
2026-01-23 14:37:37,591 - INFO -     n=77, AUC=0.8938, Acc=0.9562, F1=0.4632
2026-01-23 14:37:37,591 - INFO -     Dropped: ['qed', 'MolMR']
2026-01-23 14:37:57,416 - INFO -     n=75, AUC=0.8814, Acc=0.9571, F1=0.4565
2026-01-23 14:37:57,416 - INFO -     Dropped: ['EState_VSA5', 'fr_Ar_OH']
2026-01-23 14:38:16,256 - INFO -     n=73, AUC=0.8806, Acc=0.9562, F1=0.4516
2026-01-23 14:38:16,256 - INFO -     Dropped: ['MaxEStateIndex', 'BCUT2D_LOGPLOW']
2026-01-23 14:38:34,122 - INFO -     n=71, AUC=0.8868, Acc=0.9597, F1=0.4719
2026-01-23 14:38:34,122 - INFO -     Dropped: ['Kappa2', 'VSA_EState5']
2026-01-23 14:38:51,033 - INFO -     n=69, AUC=0.8764, Acc=0.9597, F1=0.4946
2026-01-23 14:38:51,033 - INFO -     Dropped: ['FpDensityMorgan1', 'SlogP_VSA7']
2026-01-23 14:39:07,115 - INFO -     n=67, AUC=0.8737, Acc=0.9588, F1=0.4667
2026-01-23 14:39:07,116 - INFO -     Dropped: ['MinAbsPartialCharge', 'NumRotatableBonds']
2026-01-23 14:39:22,248 - INFO -     n=65, AUC=0.8824, Acc=0.9571, F1=0.4681
2026-01-23 14:39:22,248 - INFO -     Dropped: ['SMR_VSA3', 'EState_VSA4']
2026-01-23 14:39:36,500 - INFO -     n=63, AUC=0.8856, Acc=0.9571, F1=0.4792
2026-01-23 14:39:36,500 - INFO -     Dropped: ['Chi3n', 'SMR_VSA5']
2026-01-23 14:39:49,987 - INFO -     n=61, AUC=0.8887, Acc=0.9554, F1=0.4694
2026-01-23 14:39:49,988 - INFO -     Dropped: ['BCUT2D_MWLOW', 'PEOE_VSA9']
2026-01-23 14:40:02,601 - INFO -     n=59, AUC=0.8833, Acc=0.9536, F1=0.4490
2026-01-23 14:40:02,601 - INFO -     Dropped: ['EState_VSA2', 'fr_NH1']
2026-01-23 14:40:14,477 - INFO -     n=57, AUC=0.8887, Acc=0.9588, F1=0.4783
2026-01-23 14:40:14,478 - INFO -     Dropped: ['VSA_EState1', 'VSA_EState6']
2026-01-23 14:40:25,569 - INFO -     n=55, AUC=0.8808, Acc=0.9562, F1=0.4632
2026-01-23 14:40:25,570 - INFO -     Dropped: ['MinPartialCharge', 'FractionCSP3']
2026-01-23 14:40:35,983 - INFO -     n=53, AUC=0.8797, Acc=0.9562, F1=0.4848
2026-01-23 14:40:35,983 - INFO -     Dropped: ['SMR_VSA10', 'fr_bicyclic']
2026-01-23 14:40:45,630 - INFO -     n=51, AUC=0.8912, Acc=0.9554, F1=0.4468
2026-01-23 14:40:45,630 - INFO -     Dropped: ['SlogP_VSA4', 'SlogP_VSA6']
2026-01-23 14:40:54,641 - INFO -     n=49, AUC=0.8817, Acc=0.9545, F1=0.4421
2026-01-23 14:40:54,641 - INFO -     Dropped: ['Chi2v', 'VSA_EState2']
2026-01-23 14:41:02,927 - INFO -     n=47, AUC=0.8817, Acc=0.9571, F1=0.4792
2026-01-23 14:41:02,927 - INFO -     Dropped: ['BalabanJ', 'SMR_VSA6']
2026-01-23 14:41:10,626 - INFO -     n=45, AUC=0.8661, Acc=0.9536, F1=0.4375
2026-01-23 14:41:10,627 - INFO -     Dropped: ['SlogP_VSA8', 'fr_Ar_N']
2026-01-23 14:41:17,718 - INFO -     n=43, AUC=0.8657, Acc=0.9519, F1=0.4286
2026-01-23 14:41:17,719 - INFO -     Dropped: ['NumValenceElectrons', 'SMR_VSA9']
2026-01-23 14:41:24,154 - INFO -     n=41, AUC=0.8694, Acc=0.9511, F1=0.3736
2026-01-23 14:41:24,154 - INFO -     Dropped: ['BCUT2D_MRHI', 'EState_VSA3']
2026-01-23 14:41:30,041 - INFO -     n=39, AUC=0.8636, Acc=0.9528, F1=0.4330
2026-01-23 14:41:30,041 - INFO -     Dropped: ['MinEStateIndex', 'PEOE_VSA1']
2026-01-23 14:41:35,377 - INFO -     n=37, AUC=0.8757, Acc=0.9519, F1=0.4400
2026-01-23 14:41:35,377 - INFO -     Dropped: ['MinAbsEStateIndex', 'EState_VSA10']
2026-01-23 14:41:40,210 - INFO -     n=35, AUC=0.8589, Acc=0.9528, F1=0.4086
2026-01-23 14:41:40,210 - INFO -     Dropped: ['SlogP_VSA1', 'SlogP_VSA2']
2026-01-23 14:41:44,504 - INFO -     n=33, AUC=0.8668, Acc=0.9588, F1=0.4783
2026-01-23 14:41:44,504 - INFO -     Dropped: ['SlogP_VSA3', 'EState_VSA8']
2026-01-23 14:41:48,307 - INFO -     n=31, AUC=0.8736, Acc=0.9571, F1=0.4792
2026-01-23 14:41:48,307 - INFO -     Dropped: ['BCUT2D_MWHI', 'VSA_EState4']
2026-01-23 14:41:51,687 - INFO -     n=29, AUC=0.8797, Acc=0.9511, F1=0.3736
2026-01-23 14:41:51,687 - INFO -     Dropped: ['PEOE_VSA10', 'EState_VSA9']
2026-01-23 14:41:54,652 - INFO -     n=27, AUC=0.8599, Acc=0.9519, F1=0.4043
2026-01-23 14:41:54,652 - INFO -     Dropped: ['MaxPartialCharge', 'Chi4n']
2026-01-23 14:41:57,207 - INFO -     n=25, AUC=0.8759, Acc=0.9494, F1=0.3918
2026-01-23 14:41:57,207 - INFO -     Dropped: ['Chi3v', 'EState_VSA1']
2026-01-23 14:41:59,410 - INFO -     n=23, AUC=0.8659, Acc=0.9485, F1=0.3750
2026-01-23 14:41:59,411 - INFO -     Dropped: ['BCUT2D_CHGLO', 'SMR_VSA7']
2026-01-23 14:42:01,285 - INFO -     n=21, AUC=0.8636, Acc=0.9502, F1=0.4082
2026-01-23 14:42:01,286 - INFO -     Dropped: ['PEOE_VSA8', 'fr_phos_ester']
2026-01-23 14:42:02,865 - INFO -     n=19, AUC=0.8687, Acc=0.9442, F1=0.3299
2026-01-23 14:42:02,865 - INFO -     Dropped: ['MolWt', 'PEOE_VSA6']
2026-01-23 14:42:04,157 - INFO -     n=17, AUC=0.8740, Acc=0.9545, F1=0.4536
2026-01-23 14:42:04,157 - INFO -     Dropped: ['BertzCT', 'Chi1v']
2026-01-23 14:42:05,196 - INFO -     n=15, AUC=0.8545, Acc=0.9476, F1=0.3297
2026-01-23 14:42:05,196 - INFO -     Dropped: ['VSA_EState7', 'MolLogP']
2026-01-23 14:42:06,014 - INFO -     n=13, AUC=0.8312, Acc=0.9442, F1=0.2857
2026-01-23 14:42:06,014 - INFO -     Dropped: ['Chi0v', 'Ipc']
2026-01-23 14:42:06,667 - INFO -     n=11, AUC=0.7585, Acc=0.9408, F1=0.2069
2026-01-23 14:42:06,667 - INFO -     Dropped: ['BCUT2D_LOGPHI', 'PEOE_VSA4']
2026-01-23 14:42:07,193 - INFO -     n=9, AUC=0.7818, Acc=0.9425, F1=0.1928
2026-01-23 14:42:07,193 - INFO -     Dropped: ['NR-AR-LBD', 'fr_nitro_arom']
2026-01-23 14:42:07,610 - INFO -     n=7, AUC=0.8362, Acc=0.9425, F1=0.1928
2026-01-23 14:42:07,611 - INFO -     Dropped: ['SR-HSE', 'SR-MMP']
2026-01-23 14:42:07,923 - INFO -     n=5, AUC=0.7756, Acc=0.9485, F1=0.2105
2026-01-23 14:42:07,923 - INFO -     Dropped: ['NR-AhR', 'NR-PPAR-gamma']
2026-01-23 14:42:08,125 - INFO -     n=3, AUC=0.7518, Acc=0.9442, F1=0.1975
2026-01-23 14:42:08,125 - INFO -     Dropped: ['NR-ER', 'NR-ER-LBD']
2026-01-23 14:42:08,225 - INFO -     n=1, AUC=0.6795, Acc=0.9485, F1=0.0000
2026-01-23 14:42:08,225 - INFO -     Dropped: ['SR-ARE', 'SR-ATAD5']
2026-01-23 14:42:08,226 - INFO -   → Best for repeat 3: 103 features, AUC=0.8965
2026-01-23 14:42:08,227 - INFO - 
✓ Overall best: 125 features from repeat 1, AUC=0.9147
2026-01-23 14:42:08,234 - INFO - ✓ Saved features → selected_features.txt
2026-01-23 14:42:08,260 - INFO - Generating RFE summary plot...
2026-01-23 14:42:08,265 - INFO -   ✓ Saved RFE plot data → NR-Aromatase_rfe_plot_data.npz
2026-01-23 14:42:08,805 - INFO -   ✓ Saved RFE plot → NR-Aromatase_rfe.png
2026-01-23 14:42:08,807 - INFO - 
STAGE 3: Data Splitting
2026-01-23 14:42:08,807 - INFO - ----------------------------------------------------------------------
2026-01-23 14:42:08,812 - INFO - ✓ Training+Val set: 5238 samples
2026-01-23 14:42:08,812 - INFO - ✓ Test set: 583 samples
2026-01-23 14:42:08,812 - INFO - 
STAGE 4: Hyperparameter Optimization (RandomizedSearchCV)
2026-01-23 14:42:08,812 - INFO - ----------------------------------------------------------------------
2026-01-23 14:42:08,812 - INFO - Running RandomizedSearchCV with 10000 iterations...
2026-01-23 14:42:08,812 - INFO - Total fits (with 5-fold CV): 50000
Fitting 5 folds for each of 10000 candidates, totalling 50000 fits
2026-01-23 18:15:02,751 - INFO - 
✓ Best hyperparameters: {'subsample': 0.7, 'scale_pos_weight': 1, 'n_estimators': 200, 'min_child_weight': 1, 'max_depth': 4, 'learning_rate': 0.05, 'colsample_bytree': 0.9}
2026-01-23 18:15:02,751 - INFO - ✓ Best 5-fold CV AUC: 0.9140
2026-01-23 18:15:03,035 - INFO - ✓ Saved CV results
2026-01-23 18:15:03,035 - INFO - 
STAGE 5: Test Set Evaluation
2026-01-23 18:15:03,035 - INFO - ----------------------------------------------------------------------
2026-01-23 18:15:03,042 - INFO - Generating diagnostic plots...
2026-01-23 18:15:03,060 - INFO -   ✓ Saved diagnostic plot data → NR-Aromatase_diagnostic_plot_data.npz
2026-01-23 18:15:04,219 - INFO -   ✓ Saved diagnostic plots → NR-Aromatase_diagnostics.png
2026-01-23 18:15:04,219 - INFO - 
✓ Test Set Performance:
2026-01-23 18:15:04,219 - INFO -   ROC-AUC:    0.9421
2026-01-23 18:15:04,219 - INFO -   PR-AUC:     0.6470
2026-01-23 18:15:04,219 - INFO -   Accuracy:   0.9674
2026-01-23 18:15:04,219 - INFO -   F1:         0.5778
2026-01-23 18:15:04,219 - INFO -   MCC:        0.5996
2026-01-23 18:15:04,219 - INFO - 
STAGE 6: SHAP Analysis
2026-01-23 18:15:04,219 - INFO - ----------------------------------------------------------------------
2026-01-23 18:15:04,219 - INFO - Running SHAP analysis...
2026-01-23 18:15:04,661 - INFO -   ✓ Saved SHAP data → NR-Aromatase_shap_data.npz
2026-01-23 18:15:06,306 - INFO -   ✓ Saved SHAP plots
2026-01-23 18:15:06,307 - INFO - 
STAGE 7: Saving Results
2026-01-23 18:15:06,307 - INFO - ----------------------------------------------------------------------
2026-01-23 18:15:06,313 - INFO - ✓ Saved model → xgb_model.joblib
2026-01-23 18:15:06,314 - INFO - ✓ Saved summary → model_summary.txt
2026-01-23 18:15:06,314 - INFO - 
======================================================================
2026-01-23 18:15:06,314 - INFO - ✓ TRAINING COMPLETE for NR-Aromatase! Total time: 7:45:09.943016
2026-01-23 18:15:06,314 - INFO - ✓ Performance: ROC-AUC=0.9421, F1=0.5778
2026-01-23 18:15:06,314 - INFO - ======================================================================
2026-01-23 18:15:06,315 - INFO - 
✓ ALL TRAINING COMPLETE! Total time: 7:45:10.185384
========================================
Training completed at: Fri 23 Jan 18:15:07 GMT 2026
Exit status: 0
========================================

Output locations:
  Model:    ./output/tox21/NR-Aromatase/model/xgb_model.joblib
  Summary:  ./output/tox21/NR-Aromatase/model/model_summary.txt
  Features: ./output/tox21/NR-Aromatase/RFE/selected_features.txt
  Plots:    ./output/tox21/NR-Aromatase/plots/

Cleaned up PBS output files
