========================================
Starting HYBRID CLASSIFICATION training for: NR-AhR
Dataset: tox21_cleaned.csv
RandomizedSearchCV iterations: 10000
RFE repeats: 3
Step size: 2
Job started at: Fri 23 Jan 10:29:29 GMT 2026
Working directory: /rds/general/user/fc4018/projects/fionn2023/live/ML_finder/master/cleaned_training_2
Data directory: ./data
Output directory: ./output/tox21
========================================
2026-01-23 10:29:56,164 - INFO - 
======================================================================
2026-01-23 10:29:56,164 - INFO - LOADING DATA
2026-01-23 10:29:56,164 - INFO - ======================================================================
2026-01-23 10:29:56,317 - INFO - ✓ Loaded 7831 samples from tox21_cleaned.csv
2026-01-23 10:29:56,317 - INFO - ✓ Total columns: 217
2026-01-23 10:29:56,371 - INFO - 
✓ Single target mode: NR-AhR
2026-01-23 10:29:56,371 - INFO - ======================================================================
2026-01-23 10:29:56,371 - INFO - CLASSIFICATION TRAINING: NR-AhR
2026-01-23 10:29:56,371 - INFO - ======================================================================
2026-01-23 10:29:56,453 - INFO - 
STAGE 1: Preparing Data
2026-01-23 10:29:56,453 - INFO - ----------------------------------------------------------------------
2026-01-23 10:29:56,460 - INFO - ✓ Valid samples: 6549
2026-01-23 10:29:56,460 - INFO -   Class distribution: 5781 negative, 768 positive (11.7% positive)
2026-01-23 10:29:56,465 - INFO - ✓ Feature matrix: (6549, 215)
2026-01-23 10:29:56,465 - INFO - ✓ Target shape: (6549,)
2026-01-23 10:29:56,465 - INFO - 
STAGE 2: Feature Selection (RFE with Repeats)
2026-01-23 10:29:56,465 - INFO - ----------------------------------------------------------------------
2026-01-23 10:29:56,465 - INFO - Running RFE with 3 repeats (step_size=2)...
2026-01-23 10:29:56,465 - INFO - 
  Repeat 1/3
2026-01-23 10:32:20,006 - INFO -     n=213, AUC=0.9193, Acc=0.9282, F1=0.6439
2026-01-23 10:32:20,006 - INFO -     Dropped: ['NR-AR', 'fr_urea']
2026-01-23 10:34:40,939 - INFO -     n=211, AUC=0.9193, Acc=0.9282, F1=0.6439
2026-01-23 10:34:40,939 - INFO -     Dropped: ['RingCount', 'fr_furan']
2026-01-23 10:37:00,185 - INFO -     n=209, AUC=0.9193, Acc=0.9282, F1=0.6439
2026-01-23 10:37:00,185 - INFO -     Dropped: ['fr_barbitur', 'fr_guanido']
2026-01-23 10:39:20,496 - INFO -     n=207, AUC=0.9193, Acc=0.9282, F1=0.6439
2026-01-23 10:39:20,496 - INFO -     Dropped: ['fr_azo', 'fr_halogen']
2026-01-23 10:41:41,840 - INFO -     n=205, AUC=0.9193, Acc=0.9282, F1=0.6439
2026-01-23 10:41:41,840 - INFO -     Dropped: ['fr_ether', 'fr_imidazole']
2026-01-23 10:44:01,575 - INFO -     n=203, AUC=0.9193, Acc=0.9282, F1=0.6439
2026-01-23 10:44:01,576 - INFO -     Dropped: ['fr_COO2', 'fr_azide']
2026-01-23 10:46:19,248 - INFO -     n=201, AUC=0.9193, Acc=0.9282, F1=0.6439
2026-01-23 10:46:19,249 - INFO -     Dropped: ['fr_benzodiazepine', 'fr_imide']
2026-01-23 10:48:34,372 - INFO -     n=199, AUC=0.9193, Acc=0.9282, F1=0.6439
2026-01-23 10:48:34,372 - INFO -     Dropped: ['fr_isocyan', 'fr_nitro_arom_nonortho']
2026-01-23 10:50:44,164 - INFO -     n=197, AUC=0.9193, Acc=0.9282, F1=0.6439
2026-01-23 10:50:44,164 - INFO -     Dropped: ['fr_SH', 'fr_nitro']
2026-01-23 10:52:48,353 - INFO -     n=195, AUC=0.9193, Acc=0.9282, F1=0.6439
2026-01-23 10:52:48,353 - INFO -     Dropped: ['fr_Nhpyrrole', 'fr_morpholine']
2026-01-23 10:54:50,504 - INFO -     n=193, AUC=0.9193, Acc=0.9282, F1=0.6439
2026-01-23 10:54:50,504 - INFO -     Dropped: ['fr_alkyl_carbamate', 'fr_phenol']
2026-01-23 10:56:53,396 - INFO -     n=191, AUC=0.9193, Acc=0.9282, F1=0.6439
2026-01-23 10:56:53,396 - INFO -     Dropped: ['fr_amidine', 'fr_lactone']
2026-01-23 10:58:57,681 - INFO -     n=189, AUC=0.9193, Acc=0.9282, F1=0.6439
2026-01-23 10:58:57,681 - INFO -     Dropped: ['fr_Ndealkylation2', 'fr_oxime']
2026-01-23 11:00:59,916 - INFO -     n=187, AUC=0.9193, Acc=0.9282, F1=0.6439
2026-01-23 11:00:59,917 - INFO -     Dropped: ['fr_N_O', 'fr_oxazole']
2026-01-23 11:02:59,680 - INFO -     n=185, AUC=0.9193, Acc=0.9282, F1=0.6439
2026-01-23 11:02:59,680 - INFO -     Dropped: ['EState_VSA11', 'fr_lactam']
2026-01-23 11:04:57,413 - INFO -     n=183, AUC=0.9193, Acc=0.9282, F1=0.6439
2026-01-23 11:04:57,413 - INFO -     Dropped: ['fr_C_S', 'fr_nitrile']
2026-01-23 11:06:52,744 - INFO -     n=181, AUC=0.9193, Acc=0.9282, F1=0.6439
2026-01-23 11:06:52,744 - INFO -     Dropped: ['HeavyAtomCount', 'fr_piperdine']
2026-01-23 11:08:46,056 - INFO -     n=179, AUC=0.9193, Acc=0.9282, F1=0.6439
2026-01-23 11:08:46,056 - INFO -     Dropped: ['SMR_VSA2', 'NumSaturatedHeterocycles']
2026-01-23 11:10:36,826 - INFO -     n=177, AUC=0.9193, Acc=0.9282, F1=0.6439
2026-01-23 11:10:36,826 - INFO -     Dropped: ['fr_HOCCN', 'fr_priamide']
2026-01-23 11:12:25,696 - INFO -     n=175, AUC=0.9193, Acc=0.9282, F1=0.6439
2026-01-23 11:12:25,696 - INFO -     Dropped: ['fr_Ndealkylation1', 'fr_pyridine']
2026-01-23 11:14:12,424 - INFO -     n=173, AUC=0.9193, Acc=0.9282, F1=0.6439
2026-01-23 11:14:12,424 - INFO -     Dropped: ['NumRadicalElectrons', 'fr_piperzine']
2026-01-23 11:15:56,807 - INFO -     n=171, AUC=0.9193, Acc=0.9282, F1=0.6439
2026-01-23 11:15:56,807 - INFO -     Dropped: ['fr_dihydropyridine', 'fr_phos_acid']
2026-01-23 11:17:39,147 - INFO -     n=169, AUC=0.9193, Acc=0.9282, F1=0.6439
2026-01-23 11:17:39,147 - INFO -     Dropped: ['fr_Al_COO', 'fr_nitroso']
2026-01-23 11:19:19,200 - INFO -     n=167, AUC=0.9193, Acc=0.9282, F1=0.6439
2026-01-23 11:19:19,200 - INFO -     Dropped: ['fr_Al_OH', 'fr_isothiocyan']
2026-01-23 11:20:57,183 - INFO -     n=165, AUC=0.9193, Acc=0.9282, F1=0.6439
2026-01-23 11:20:57,183 - INFO -     Dropped: ['fr_epoxide', 'fr_quatN']
2026-01-23 11:22:27,857 - INFO -     n=163, AUC=0.9193, Acc=0.9282, F1=0.6439
2026-01-23 11:22:27,857 - INFO -     Dropped: ['MaxAbsEStateIndex', 'fr_thiocyan']
2026-01-23 11:23:59,549 - INFO -     n=161, AUC=0.9193, Acc=0.9282, F1=0.6439
2026-01-23 11:23:59,549 - INFO -     Dropped: ['fr_Ar_COO', 'fr_nitro_arom']
2026-01-23 11:25:31,162 - INFO -     n=159, AUC=0.9193, Acc=0.9282, F1=0.6439
2026-01-23 11:25:31,162 - INFO -     Dropped: ['NumAliphaticHeterocycles', 'fr_tetrazole']
2026-01-23 11:27:00,692 - INFO -     n=157, AUC=0.9193, Acc=0.9282, F1=0.6439
2026-01-23 11:27:00,692 - INFO -     Dropped: ['NumSaturatedCarbocycles', 'fr_term_acetylene']
2026-01-23 11:28:28,325 - INFO -     n=155, AUC=0.9193, Acc=0.9282, F1=0.6439
2026-01-23 11:28:28,325 - INFO -     Dropped: ['fr_sulfide', 'fr_sulfone']
2026-01-23 11:29:53,766 - INFO -     n=153, AUC=0.9206, Acc=0.9282, F1=0.6412
2026-01-23 11:29:53,767 - INFO -     Dropped: ['SlogP_VSA7', 'NumAromaticCarbocycles']
2026-01-23 11:31:17,025 - INFO -     n=151, AUC=0.9148, Acc=0.9282, F1=0.6328
2026-01-23 11:31:17,026 - INFO -     Dropped: ['PEOE_VSA4', 'fr_unbrch_alkane']
2026-01-23 11:32:38,296 - INFO -     n=149, AUC=0.9148, Acc=0.9282, F1=0.6328
2026-01-23 11:32:38,296 - INFO -     Dropped: ['fr_COO', 'fr_thiazole']
2026-01-23 11:33:57,520 - INFO -     n=147, AUC=0.9162, Acc=0.9260, F1=0.6312
2026-01-23 11:33:57,520 - INFO -     Dropped: ['MolMR', 'fr_alkyl_halide']
2026-01-23 11:35:14,759 - INFO -     n=145, AUC=0.9161, Acc=0.9282, F1=0.6412
2026-01-23 11:35:14,759 - INFO -     Dropped: ['Chi1n', 'NumAliphaticRings']
2026-01-23 11:36:29,963 - INFO -     n=143, AUC=0.9169, Acc=0.9282, F1=0.6385
2026-01-23 11:36:29,963 - INFO -     Dropped: ['Chi0', 'fr_NH1']
2026-01-23 11:37:43,150 - INFO -     n=141, AUC=0.9200, Acc=0.9244, F1=0.6236
2026-01-23 11:37:43,150 - INFO -     Dropped: ['Chi1', 'fr_C_O']
2026-01-23 11:38:54,395 - INFO -     n=139, AUC=0.9202, Acc=0.9328, F1=0.6692
2026-01-23 11:38:54,395 - INFO -     Dropped: ['NumAromaticHeterocycles', 'fr_para_hydroxylation']
2026-01-23 11:40:03,634 - INFO -     n=137, AUC=0.9202, Acc=0.9328, F1=0.6692
2026-01-23 11:40:03,634 - INFO -     Dropped: ['fr_Ar_OH', 'fr_thiophene']
2026-01-23 11:41:07,794 - INFO -     n=135, AUC=0.9165, Acc=0.9252, F1=0.6260
2026-01-23 11:41:07,794 - INFO -     Dropped: ['ExactMolWt', 'LabuteASA']
2026-01-23 11:42:13,247 - INFO -     n=133, AUC=0.9223, Acc=0.9221, F1=0.6077
2026-01-23 11:42:13,247 - INFO -     Dropped: ['NR-AR-LBD', 'fr_benzene']
2026-01-23 11:43:16,708 - INFO -     n=131, AUC=0.9223, Acc=0.9221, F1=0.6077
2026-01-23 11:43:16,708 - INFO -     Dropped: ['fr_Al_OH_noTert', 'fr_Imine']
2026-01-23 11:44:18,345 - INFO -     n=129, AUC=0.9215, Acc=0.9275, F1=0.6332
2026-01-23 11:44:18,345 - INFO -     Dropped: ['SlogP_VSA12', 'fr_C_O_noCOO']
2026-01-23 11:45:18,101 - INFO -     n=127, AUC=0.9194, Acc=0.9260, F1=0.6284
2026-01-23 11:45:18,101 - INFO -     Dropped: ['Chi2n', 'fr_aryl_methyl']
2026-01-23 11:46:16,024 - INFO -     n=125, AUC=0.9234, Acc=0.9298, F1=0.6541
2026-01-23 11:46:16,025 - INFO -     Dropped: ['fr_ester', 'fr_phos_ester']
2026-01-23 11:47:12,152 - INFO -     n=123, AUC=0.9154, Acc=0.9267, F1=0.6336
2026-01-23 11:47:12,152 - INFO -     Dropped: ['SMR_VSA1', 'NumHDonors']
2026-01-23 11:48:06,844 - INFO -     n=121, AUC=0.9206, Acc=0.9290, F1=0.6409
2026-01-23 11:48:06,845 - INFO -     Dropped: ['NOCount', 'fr_ketone_Topliss']
2026-01-23 11:49:00,022 - INFO -     n=119, AUC=0.9117, Acc=0.9305, F1=0.6513
2026-01-23 11:49:00,022 - INFO -     Dropped: ['EState_VSA7', 'fr_NH0']
2026-01-23 11:49:51,406 - INFO -     n=117, AUC=0.9110, Acc=0.9298, F1=0.6489
2026-01-23 11:49:51,406 - INFO -     Dropped: ['PEOE_VSA14', 'VSA_EState7']
2026-01-23 11:50:40,431 - INFO -     n=115, AUC=0.9243, Acc=0.9260, F1=0.6284
2026-01-23 11:50:40,431 - INFO -     Dropped: ['MolWt', 'Ipc']
2026-01-23 11:51:27,564 - INFO -     n=113, AUC=0.9178, Acc=0.9298, F1=0.6515
2026-01-23 11:51:27,564 - INFO -     Dropped: ['EState_VSA2', 'NumSaturatedRings']
2026-01-23 11:52:12,973 - INFO -     n=111, AUC=0.9252, Acc=0.9290, F1=0.6437
2026-01-23 11:52:12,973 - INFO -     Dropped: ['PEOE_VSA13', 'VSA_EState1']
2026-01-23 11:52:56,685 - INFO -     n=109, AUC=0.9256, Acc=0.9260, F1=0.6340
2026-01-23 11:52:56,685 - INFO -     Dropped: ['MinAbsPartialCharge', 'Chi0v']
2026-01-23 11:53:38,797 - INFO -     n=107, AUC=0.9131, Acc=0.9290, F1=0.6409
2026-01-23 11:53:38,797 - INFO -     Dropped: ['NR-ER-LBD', 'Chi4n']
2026-01-23 11:54:19,362 - INFO -     n=105, AUC=0.9143, Acc=0.9260, F1=0.6226
2026-01-23 11:54:19,362 - INFO -     Dropped: ['MaxPartialCharge', 'fr_amide']
2026-01-23 11:54:58,301 - INFO -     n=103, AUC=0.9214, Acc=0.9252, F1=0.6260
2026-01-23 11:54:58,302 - INFO -     Dropped: ['SlogP_VSA6', 'NumAliphaticCarbocycles']
2026-01-23 11:55:35,697 - INFO -     n=101, AUC=0.9143, Acc=0.9229, F1=0.6217
2026-01-23 11:55:35,697 - INFO -     Dropped: ['Kappa1', 'fr_aldehyde']
2026-01-23 11:56:11,632 - INFO -     n=99, AUC=0.9148, Acc=0.9244, F1=0.6178
2026-01-23 11:56:11,632 - INFO -     Dropped: ['EState_VSA4', 'VSA_EState3']
2026-01-23 11:56:46,034 - INFO -     n=97, AUC=0.9167, Acc=0.9359, F1=0.6889
2026-01-23 11:56:46,034 - INFO -     Dropped: ['Chi1v', 'EState_VSA3']
2026-01-23 11:57:19,059 - INFO -     n=95, AUC=0.9196, Acc=0.9275, F1=0.6442
2026-01-23 11:57:19,060 - INFO -     Dropped: ['NR-PPAR-gamma', 'EState_VSA1']
2026-01-23 11:57:50,597 - INFO -     n=93, AUC=0.9193, Acc=0.9252, F1=0.6316
2026-01-23 11:57:50,598 - INFO -     Dropped: ['Chi3v', 'EState_VSA5']
2026-01-23 11:58:20,756 - INFO -     n=91, AUC=0.9088, Acc=0.9267, F1=0.6336
2026-01-23 11:58:20,756 - INFO -     Dropped: ['FpDensityMorgan1', 'fr_sulfonamd']
2026-01-23 11:58:49,560 - INFO -     n=89, AUC=0.9134, Acc=0.9244, F1=0.6236
2026-01-23 11:58:49,560 - INFO -     Dropped: ['PEOE_VSA11', 'fr_allylic_oxid']
2026-01-23 11:59:16,982 - INFO -     n=87, AUC=0.9152, Acc=0.9229, F1=0.6039
2026-01-23 11:59:16,982 - INFO -     Dropped: ['Chi0n', 'PEOE_VSA9']
2026-01-23 11:59:43,071 - INFO -     n=85, AUC=0.9128, Acc=0.9282, F1=0.6412
2026-01-23 11:59:43,071 - INFO -     Dropped: ['FpDensityMorgan2', 'PEOE_VSA8']
2026-01-23 12:00:07,911 - INFO -     n=83, AUC=0.9169, Acc=0.9252, F1=0.6316
2026-01-23 12:00:07,911 - INFO -     Dropped: ['PEOE_VSA12', 'PEOE_VSA7']
2026-01-23 12:00:31,479 - INFO -     n=81, AUC=0.9174, Acc=0.9282, F1=0.6412
2026-01-23 12:00:31,479 - INFO -     Dropped: ['MinPartialCharge', 'fr_phenol_noOrthoHbond']
2026-01-23 12:00:53,858 - INFO -     n=79, AUC=0.9181, Acc=0.9244, F1=0.6264
2026-01-23 12:00:53,858 - INFO -     Dropped: ['fr_ArN', 'fr_Ar_N']
2026-01-23 12:01:14,990 - INFO -     n=77, AUC=0.9158, Acc=0.9237, F1=0.6154
2026-01-23 12:01:14,990 - INFO -     Dropped: ['Chi3n', 'Chi4v']
2026-01-23 12:01:34,971 - INFO -     n=75, AUC=0.9169, Acc=0.9275, F1=0.6415
2026-01-23 12:01:34,972 - INFO -     Dropped: ['BCUT2D_LOGPLOW', 'BalabanJ']
2026-01-23 12:01:53,836 - INFO -     n=73, AUC=0.9161, Acc=0.9252, F1=0.6260
2026-01-23 12:01:53,836 - INFO -     Dropped: ['Kappa2', 'SMR_VSA9']
2026-01-23 12:02:11,617 - INFO -     n=71, AUC=0.9093, Acc=0.9229, F1=0.6070
2026-01-23 12:02:11,617 - INFO -     Dropped: ['MinAbsEStateIndex', 'NumHeteroatoms']
2026-01-23 12:02:28,390 - INFO -     n=69, AUC=0.9137, Acc=0.9237, F1=0.6154
2026-01-23 12:02:28,390 - INFO -     Dropped: ['NumValenceElectrons', 'EState_VSA6']
2026-01-23 12:02:44,163 - INFO -     n=67, AUC=0.9144, Acc=0.9282, F1=0.6357
2026-01-23 12:02:44,163 - INFO -     Dropped: ['BertzCT', 'SlogP_VSA4']
2026-01-23 12:02:58,962 - INFO -     n=65, AUC=0.9165, Acc=0.9237, F1=0.6154
2026-01-23 12:02:58,962 - INFO -     Dropped: ['PEOE_VSA2', 'VSA_EState6']
2026-01-23 12:03:12,827 - INFO -     n=63, AUC=0.9087, Acc=0.9221, F1=0.6277
2026-01-23 12:03:12,827 - INFO -     Dropped: ['FpDensityMorgan3', 'PEOE_VSA5']
2026-01-23 12:03:25,758 - INFO -     n=61, AUC=0.9081, Acc=0.9191, F1=0.6045
2026-01-23 12:03:25,758 - INFO -     Dropped: ['qed', 'BCUT2D_MRLOW']
2026-01-23 12:03:37,819 - INFO -     n=59, AUC=0.9114, Acc=0.9221, F1=0.6165
2026-01-23 12:03:37,820 - INFO -     Dropped: ['SMR_VSA6', 'VSA_EState5']
2026-01-23 12:03:49,058 - INFO -     n=57, AUC=0.9076, Acc=0.9168, F1=0.5948
2026-01-23 12:03:49,058 - INFO -     Dropped: ['BCUT2D_CHGHI', 'VSA_EState8']
2026-01-23 12:03:59,503 - INFO -     n=55, AUC=0.9092, Acc=0.9137, F1=0.5799
2026-01-23 12:03:59,503 - INFO -     Dropped: ['HallKierAlpha', 'fr_NH2']
2026-01-23 12:04:09,181 - INFO -     n=53, AUC=0.9070, Acc=0.9198, F1=0.6067
2026-01-23 12:04:09,181 - INFO -     Dropped: ['BCUT2D_MWLOW', 'SlogP_VSA2']
2026-01-23 12:04:18,121 - INFO -     n=51, AUC=0.9082, Acc=0.9229, F1=0.6217
2026-01-23 12:04:18,121 - INFO -     Dropped: ['PEOE_VSA10', 'EState_VSA8']
2026-01-23 12:04:26,368 - INFO -     n=49, AUC=0.9135, Acc=0.9183, F1=0.5932
2026-01-23 12:04:26,368 - INFO -     Dropped: ['MaxEStateIndex', 'PEOE_VSA1']
2026-01-23 12:04:33,952 - INFO -     n=47, AUC=0.9024, Acc=0.9244, F1=0.6236
2026-01-23 12:04:33,952 - INFO -     Dropped: ['VSA_EState2', 'VSA_EState9']
2026-01-23 12:04:40,904 - INFO -     n=45, AUC=0.9091, Acc=0.9198, F1=0.6067
2026-01-23 12:04:40,904 - INFO -     Dropped: ['MaxAbsPartialCharge', 'fr_Ar_NH']
2026-01-23 12:04:47,271 - INFO -     n=43, AUC=0.9075, Acc=0.9198, F1=0.6125
2026-01-23 12:04:47,271 - INFO -     Dropped: ['SMR_VSA7', 'SlogP_VSA10']
2026-01-23 12:04:53,045 - INFO -     n=41, AUC=0.9119, Acc=0.9229, F1=0.6070
2026-01-23 12:04:53,045 - INFO -     Dropped: ['PEOE_VSA6', 'SlogP_VSA5']
2026-01-23 12:04:58,270 - INFO -     n=39, AUC=0.9088, Acc=0.9183, F1=0.5993
2026-01-23 12:04:58,270 - INFO -     Dropped: ['BCUT2D_MRHI', 'NumHAcceptors']
2026-01-23 12:05:02,980 - INFO -     n=37, AUC=0.8992, Acc=0.9206, F1=0.6061
2026-01-23 12:05:02,980 - INFO -     Dropped: ['SlogP_VSA1', 'NumRotatableBonds']
2026-01-23 12:05:07,191 - INFO -     n=35, AUC=0.8900, Acc=0.9191, F1=0.6015
2026-01-23 12:05:07,191 - INFO -     Dropped: ['EState_VSA9', 'VSA_EState4']
2026-01-23 12:05:10,918 - INFO -     n=33, AUC=0.9055, Acc=0.9221, F1=0.6136
2026-01-23 12:05:10,918 - INFO -     Dropped: ['MinEStateIndex', 'MolLogP']
2026-01-23 12:05:14,194 - INFO -     n=31, AUC=0.9123, Acc=0.9267, F1=0.6364
2026-01-23 12:05:14,194 - INFO -     Dropped: ['Kappa3', 'SMR_VSA3']
2026-01-23 12:05:17,082 - INFO -     n=29, AUC=0.9091, Acc=0.9191, F1=0.6015
2026-01-23 12:05:17,082 - INFO -     Dropped: ['SR-p53', 'Chi2v']
2026-01-23 12:05:19,624 - INFO -     n=27, AUC=0.9092, Acc=0.9183, F1=0.6022
2026-01-23 12:05:19,624 - INFO -     Dropped: ['TPSA', 'VSA_EState10']
2026-01-23 12:05:21,838 - INFO -     n=25, AUC=0.9102, Acc=0.9206, F1=0.6148
2026-01-23 12:05:21,839 - INFO -     Dropped: ['BCUT2D_MWHI', 'BCUT2D_LOGPHI']
2026-01-23 12:05:23,743 - INFO -     n=23, AUC=0.9014, Acc=0.9191, F1=0.5923
2026-01-23 12:05:23,743 - INFO -     Dropped: ['HeavyAtomMolWt', 'SMR_VSA10']
2026-01-23 12:05:25,376 - INFO -     n=21, AUC=0.8983, Acc=0.9168, F1=0.5918
2026-01-23 12:05:25,376 - INFO -     Dropped: ['BCUT2D_CHGLO', 'NHOHCount']
2026-01-23 12:05:26,789 - INFO -     n=19, AUC=0.9012, Acc=0.9153, F1=0.5811
2026-01-23 12:05:26,789 - INFO -     Dropped: ['EState_VSA10', 'fr_hdrzine']
2026-01-23 12:05:28,008 - INFO -     n=17, AUC=0.8888, Acc=0.9168, F1=0.5692
2026-01-23 12:05:28,008 - INFO -     Dropped: ['SR-HSE', 'SMR_VSA4']
2026-01-23 12:05:29,037 - INFO -     n=15, AUC=0.8743, Acc=0.9115, F1=0.5672
2026-01-23 12:05:29,037 - INFO -     Dropped: ['PEOE_VSA3', 'fr_bicyclic']
2026-01-23 12:05:29,889 - INFO -     n=13, AUC=0.8698, Acc=0.9084, F1=0.5556
2026-01-23 12:05:29,889 - INFO -     Dropped: ['SMR_VSA5', 'fr_methoxy']
2026-01-23 12:05:30,577 - INFO -     n=11, AUC=0.8550, Acc=0.9099, F1=0.5203
2026-01-23 12:05:30,577 - INFO -     Dropped: ['SlogP_VSA11', 'SlogP_VSA3']
2026-01-23 12:05:31,128 - INFO -     n=9, AUC=0.8619, Acc=0.8992, F1=0.4762
2026-01-23 12:05:31,128 - INFO -     Dropped: ['NR-ER', 'SR-ARE']
2026-01-23 12:05:31,550 - INFO -     n=7, AUC=0.8627, Acc=0.9038, F1=0.4793
2026-01-23 12:05:31,550 - INFO -     Dropped: ['SR-ATAD5', 'FractionCSP3']
2026-01-23 12:05:31,859 - INFO -     n=5, AUC=0.8496, Acc=0.8931, F1=0.3458
2026-01-23 12:05:31,859 - INFO -     Dropped: ['SlogP_VSA8', 'fr_ketone']
2026-01-23 12:05:32,078 - INFO -     n=3, AUC=0.8303, Acc=0.8954, F1=0.4017
2026-01-23 12:05:32,079 - INFO -     Dropped: ['SR-MMP', 'fr_hdrzone']
2026-01-23 12:05:32,193 - INFO -     n=1, AUC=0.7311, Acc=0.8824, F1=0.0000
2026-01-23 12:05:32,193 - INFO -     Dropped: ['NR-Aromatase', 'fr_aniline']
2026-01-23 12:05:32,194 - INFO -   → Best for repeat 1: 109 features, AUC=0.9256
2026-01-23 12:05:32,194 - INFO - 
  Repeat 2/3
2026-01-23 12:08:04,649 - INFO -     n=213, AUC=0.9248, Acc=0.9305, F1=0.6592
2026-01-23 12:08:04,649 - INFO -     Dropped: ['NR-AR', 'fr_urea']
2026-01-23 12:10:34,364 - INFO -     n=211, AUC=0.9248, Acc=0.9305, F1=0.6592
2026-01-23 12:10:34,364 - INFO -     Dropped: ['fr_alkyl_carbamate', 'fr_epoxide']
2026-01-23 12:13:03,029 - INFO -     n=209, AUC=0.9248, Acc=0.9305, F1=0.6592
2026-01-23 12:13:03,029 - INFO -     Dropped: ['fr_Al_OH_noTert', 'fr_Imine']
2026-01-23 12:15:29,342 - INFO -     n=207, AUC=0.9248, Acc=0.9305, F1=0.6592
2026-01-23 12:15:29,342 - INFO -     Dropped: ['fr_C_O_noCOO', 'fr_C_S']
2026-01-23 12:17:53,524 - INFO -     n=205, AUC=0.9248, Acc=0.9305, F1=0.6592
2026-01-23 12:17:53,524 - INFO -     Dropped: ['fr_C_O', 'fr_lactam']
2026-01-23 12:20:15,392 - INFO -     n=203, AUC=0.9248, Acc=0.9305, F1=0.6592
2026-01-23 12:20:15,392 - INFO -     Dropped: ['NumSaturatedRings', 'fr_lactone']
2026-01-23 12:22:35,032 - INFO -     n=201, AUC=0.9248, Acc=0.9305, F1=0.6592
2026-01-23 12:22:35,032 - INFO -     Dropped: ['NumSaturatedHeterocycles', 'fr_furan']
2026-01-23 12:24:52,566 - INFO -     n=199, AUC=0.9248, Acc=0.9305, F1=0.6592
2026-01-23 12:24:52,566 - INFO -     Dropped: ['fr_Ar_OH', 'fr_HOCCN']
2026-01-23 12:27:07,744 - INFO -     n=197, AUC=0.9248, Acc=0.9305, F1=0.6592
2026-01-23 12:27:07,744 - INFO -     Dropped: ['fr_COO', 'fr_guanido']
2026-01-23 12:29:20,717 - INFO -     n=195, AUC=0.9248, Acc=0.9305, F1=0.6592
2026-01-23 12:29:20,717 - INFO -     Dropped: ['fr_amidine', 'fr_azide']
2026-01-23 12:31:31,799 - INFO -     n=193, AUC=0.9248, Acc=0.9305, F1=0.6592
2026-01-23 12:31:31,799 - INFO -     Dropped: ['NumAliphaticRings', 'fr_isocyan']
2026-01-23 12:33:41,886 - INFO -     n=191, AUC=0.9248, Acc=0.9305, F1=0.6592
2026-01-23 12:33:41,886 - INFO -     Dropped: ['fr_dihydropyridine', 'fr_morpholine']
2026-01-23 12:35:49,734 - INFO -     n=189, AUC=0.9248, Acc=0.9305, F1=0.6592
2026-01-23 12:35:49,734 - INFO -     Dropped: ['fr_benzodiazepine', 'fr_isothiocyan']
2026-01-23 12:37:55,414 - INFO -     n=187, AUC=0.9248, Acc=0.9305, F1=0.6592
2026-01-23 12:37:55,414 - INFO -     Dropped: ['fr_barbitur', 'fr_nitro_arom_nonortho']
2026-01-23 12:39:58,812 - INFO -     n=185, AUC=0.9248, Acc=0.9305, F1=0.6592
2026-01-23 12:39:58,812 - INFO -     Dropped: ['EState_VSA11', 'fr_azo']
2026-01-23 12:41:59,991 - INFO -     n=183, AUC=0.9248, Acc=0.9305, F1=0.6592
2026-01-23 12:41:59,991 - INFO -     Dropped: ['fr_nitrile', 'fr_nitro_arom']
2026-01-23 12:43:59,031 - INFO -     n=181, AUC=0.9248, Acc=0.9305, F1=0.6592
2026-01-23 12:43:59,031 - INFO -     Dropped: ['fr_nitro', 'fr_nitroso']
2026-01-23 12:45:55,815 - INFO -     n=179, AUC=0.9248, Acc=0.9305, F1=0.6592
2026-01-23 12:45:55,815 - INFO -     Dropped: ['fr_N_O', 'fr_imide']
2026-01-23 12:47:50,653 - INFO -     n=177, AUC=0.9248, Acc=0.9305, F1=0.6592
2026-01-23 12:47:50,653 - INFO -     Dropped: ['fr_Ar_COO', 'fr_Nhpyrrole']
2026-01-23 12:49:43,627 - INFO -     n=175, AUC=0.9248, Acc=0.9305, F1=0.6592
2026-01-23 12:49:43,627 - INFO -     Dropped: ['HeavyAtomCount', 'fr_phos_acid']
2026-01-23 12:51:34,548 - INFO -     n=173, AUC=0.9248, Acc=0.9305, F1=0.6592
2026-01-23 12:51:34,548 - INFO -     Dropped: ['fr_amide', 'fr_oxime']
2026-01-23 12:53:23,261 - INFO -     n=171, AUC=0.9248, Acc=0.9305, F1=0.6592
2026-01-23 12:53:23,261 - INFO -     Dropped: ['fr_alkyl_halide', 'fr_oxazole']
2026-01-23 12:55:09,845 - INFO -     n=169, AUC=0.9248, Acc=0.9305, F1=0.6592
2026-01-23 12:55:09,845 - INFO -     Dropped: ['NumRadicalElectrons', 'fr_phos_ester']
2026-01-23 12:56:54,278 - INFO -     n=167, AUC=0.9248, Acc=0.9305, F1=0.6592
2026-01-23 12:56:54,278 - INFO -     Dropped: ['SMR_VSA2', 'fr_COO2']
2026-01-23 12:58:36,635 - INFO -     n=165, AUC=0.9248, Acc=0.9305, F1=0.6592
2026-01-23 12:58:36,636 - INFO -     Dropped: ['fr_thiocyan', 'fr_thiophene']
2026-01-23 13:00:16,787 - INFO -     n=163, AUC=0.9248, Acc=0.9305, F1=0.6592
2026-01-23 13:00:16,787 - INFO -     Dropped: ['MaxAbsEStateIndex', 'fr_piperzine']
2026-01-23 13:01:54,695 - INFO -     n=161, AUC=0.9248, Acc=0.9305, F1=0.6592
2026-01-23 13:01:54,695 - INFO -     Dropped: ['fr_SH', 'fr_allylic_oxid']
2026-01-23 13:03:30,359 - INFO -     n=159, AUC=0.9248, Acc=0.9305, F1=0.6592
2026-01-23 13:03:30,359 - INFO -     Dropped: ['fr_term_acetylene', 'fr_tetrazole']
2026-01-23 13:05:02,892 - INFO -     n=157, AUC=0.9248, Acc=0.9305, F1=0.6592
2026-01-23 13:05:02,892 - INFO -     Dropped: ['fr_sulfonamd', 'fr_sulfone']
2026-01-23 13:06:31,972 - INFO -     n=155, AUC=0.9248, Acc=0.9305, F1=0.6592
2026-01-23 13:06:31,973 - INFO -     Dropped: ['fr_quatN', 'fr_sulfide']
2026-01-23 13:08:01,479 - INFO -     n=153, AUC=0.9248, Acc=0.9305, F1=0.6592
2026-01-23 13:08:01,479 - INFO -     Dropped: ['fr_ArN', 'fr_priamide']
2026-01-23 13:09:28,837 - INFO -     n=151, AUC=0.9269, Acc=0.9321, F1=0.6667
2026-01-23 13:09:28,837 - INFO -     Dropped: ['fr_Al_OH', 'fr_piperdine']
2026-01-23 13:10:54,158 - INFO -     n=149, AUC=0.9306, Acc=0.9313, F1=0.6667
2026-01-23 13:10:54,158 - INFO -     Dropped: ['fr_NH0', 'fr_benzene']
2026-01-23 13:12:17,399 - INFO -     n=147, AUC=0.9281, Acc=0.9374, F1=0.6985
2026-01-23 13:12:17,399 - INFO -     Dropped: ['fr_Al_COO', 'fr_Ndealkylation2']
2026-01-23 13:13:38,575 - INFO -     n=145, AUC=0.9281, Acc=0.9374, F1=0.6985
2026-01-23 13:13:38,575 - INFO -     Dropped: ['NumAromaticHeterocycles', 'RingCount']
2026-01-23 13:14:57,777 - INFO -     n=143, AUC=0.9263, Acc=0.9344, F1=0.6884
2026-01-23 13:14:57,777 - INFO -     Dropped: ['Chi0n', 'NumHDonors']
2026-01-23 13:16:14,926 - INFO -     n=141, AUC=0.9299, Acc=0.9321, F1=0.6764
2026-01-23 13:16:14,926 - INFO -     Dropped: ['SMR_VSA3', 'fr_phenol']
2026-01-23 13:17:29,975 - INFO -     n=139, AUC=0.9296, Acc=0.9305, F1=0.6738
2026-01-23 13:17:29,975 - INFO -     Dropped: ['SR-p53', 'ExactMolWt']
2026-01-23 13:18:42,993 - INFO -     n=137, AUC=0.9296, Acc=0.9305, F1=0.6738
2026-01-23 13:18:42,993 - INFO -     Dropped: ['fr_imidazole', 'fr_unbrch_alkane']
2026-01-23 13:19:54,064 - INFO -     n=135, AUC=0.9296, Acc=0.9305, F1=0.6738
2026-01-23 13:19:54,064 - INFO -     Dropped: ['NumAliphaticHeterocycles', 'fr_ether']
2026-01-23 13:21:03,167 - INFO -     n=133, AUC=0.9251, Acc=0.9366, F1=0.6891
2026-01-23 13:21:03,167 - INFO -     Dropped: ['Chi1', 'NumSaturatedCarbocycles']
2026-01-23 13:22:10,336 - INFO -     n=131, AUC=0.9283, Acc=0.9328, F1=0.6812
2026-01-23 13:22:10,336 - INFO -     Dropped: ['SlogP_VSA2', 'fr_Ndealkylation1']
2026-01-23 13:23:16,938 - INFO -     n=129, AUC=0.9305, Acc=0.9351, F1=0.6886
2026-01-23 13:23:16,938 - INFO -     Dropped: ['Chi2n', 'Chi2v']
2026-01-23 13:24:23,113 - INFO -     n=127, AUC=0.9271, Acc=0.9344, F1=0.6815
2026-01-23 13:24:23,113 - INFO -     Dropped: ['MolWt', 'Chi0v']
2026-01-23 13:25:27,398 - INFO -     n=125, AUC=0.9267, Acc=0.9290, F1=0.6643
2026-01-23 13:25:27,398 - INFO -     Dropped: ['PEOE_VSA2', 'PEOE_VSA4']
2026-01-23 13:26:29,510 - INFO -     n=123, AUC=0.9306, Acc=0.9351, F1=0.6863
2026-01-23 13:26:29,510 - INFO -     Dropped: ['NOCount', 'fr_halogen']
2026-01-23 13:27:29,871 - INFO -     n=121, AUC=0.9272, Acc=0.9313, F1=0.6691
2026-01-23 13:27:29,871 - INFO -     Dropped: ['Chi1v', 'Chi3n']
2026-01-23 13:28:28,045 - INFO -     n=119, AUC=0.9339, Acc=0.9351, F1=0.6931
2026-01-23 13:28:28,045 - INFO -     Dropped: ['VSA_EState1', 'fr_phenol_noOrthoHbond']
2026-01-23 13:29:24,516 - INFO -     n=117, AUC=0.9321, Acc=0.9374, F1=0.7029
2026-01-23 13:29:24,516 - INFO -     Dropped: ['fr_aryl_methyl', 'fr_ester']
2026-01-23 13:30:19,269 - INFO -     n=115, AUC=0.9251, Acc=0.9328, F1=0.6788
2026-01-23 13:30:19,269 - INFO -     Dropped: ['fr_NH1', 'fr_pyridine']
2026-01-23 13:31:12,211 - INFO -     n=113, AUC=0.9301, Acc=0.9328, F1=0.6765
2026-01-23 13:31:12,211 - INFO -     Dropped: ['SMR_VSA9', 'NumRotatableBonds']
2026-01-23 13:32:03,295 - INFO -     n=111, AUC=0.9323, Acc=0.9305, F1=0.6715
2026-01-23 13:32:03,295 - INFO -     Dropped: ['PEOE_VSA13', 'PEOE_VSA8']
2026-01-23 13:32:52,496 - INFO -     n=109, AUC=0.9341, Acc=0.9328, F1=0.6812
2026-01-23 13:32:52,496 - INFO -     Dropped: ['NR-AR-LBD', 'Chi0']
2026-01-23 13:33:39,976 - INFO -     n=107, AUC=0.9259, Acc=0.9275, F1=0.6570
2026-01-23 13:33:39,976 - INFO -     Dropped: ['EState_VSA3', 'NumAliphaticCarbocycles']
2026-01-23 13:34:25,736 - INFO -     n=105, AUC=0.9279, Acc=0.9305, F1=0.6762
2026-01-23 13:34:25,736 - INFO -     Dropped: ['MolMR', 'fr_NH2']
2026-01-23 13:35:09,797 - INFO -     n=103, AUC=0.9283, Acc=0.9282, F1=0.6667
2026-01-23 13:35:09,797 - INFO -     Dropped: ['PEOE_VSA5', 'fr_para_hydroxylation']
2026-01-23 13:35:52,236 - INFO -     n=101, AUC=0.9261, Acc=0.9305, F1=0.6715
2026-01-23 13:35:52,236 - INFO -     Dropped: ['PEOE_VSA12', 'VSA_EState9']
2026-01-23 13:36:33,040 - INFO -     n=99, AUC=0.9245, Acc=0.9313, F1=0.6809
2026-01-23 13:36:33,041 - INFO -     Dropped: ['Chi1n', 'Ipc']
2026-01-23 13:37:12,136 - INFO -     n=97, AUC=0.9248, Acc=0.9321, F1=0.6764
2026-01-23 13:37:12,136 - INFO -     Dropped: ['MaxEStateIndex', 'EState_VSA2']
2026-01-23 13:37:49,660 - INFO -     n=95, AUC=0.9319, Acc=0.9298, F1=0.6691
2026-01-23 13:37:49,660 - INFO -     Dropped: ['Chi4v', 'SlogP_VSA6']
2026-01-23 13:38:25,668 - INFO -     n=93, AUC=0.9281, Acc=0.9313, F1=0.6763
2026-01-23 13:38:25,668 - INFO -     Dropped: ['LabuteASA', 'fr_methoxy']
2026-01-23 13:39:00,124 - INFO -     n=91, AUC=0.9296, Acc=0.9298, F1=0.6714
2026-01-23 13:39:00,124 - INFO -     Dropped: ['FpDensityMorgan2', 'VSA_EState2']
2026-01-23 13:39:33,066 - INFO -     n=89, AUC=0.9289, Acc=0.9344, F1=0.6815
2026-01-23 13:39:33,066 - INFO -     Dropped: ['SR-HSE', 'SlogP_VSA4']
2026-01-23 13:40:04,620 - INFO -     n=87, AUC=0.9325, Acc=0.9267, F1=0.6547
2026-01-23 13:40:04,620 - INFO -     Dropped: ['MinAbsPartialCharge', 'NumAromaticCarbocycles']
2026-01-23 13:40:34,751 - INFO -     n=85, AUC=0.9303, Acc=0.9328, F1=0.6765
2026-01-23 13:40:34,751 - INFO -     Dropped: ['HallKierAlpha', 'fr_ketone_Topliss']
2026-01-23 13:41:03,381 - INFO -     n=83, AUC=0.9277, Acc=0.9229, F1=0.6354
2026-01-23 13:41:03,381 - INFO -     Dropped: ['PEOE_VSA11', 'VSA_EState7']
2026-01-23 13:41:30,766 - INFO -     n=81, AUC=0.9277, Acc=0.9282, F1=0.6519
2026-01-23 13:41:30,766 - INFO -     Dropped: ['SMR_VSA4', 'EState_VSA10']
2026-01-23 13:41:56,795 - INFO -     n=79, AUC=0.9278, Acc=0.9260, F1=0.6596
2026-01-23 13:41:56,795 - INFO -     Dropped: ['SMR_VSA6', 'SlogP_VSA5']
2026-01-23 13:42:21,575 - INFO -     n=77, AUC=0.9274, Acc=0.9328, F1=0.6901
2026-01-23 13:42:21,575 - INFO -     Dropped: ['SMR_VSA7', 'SlogP_VSA7']
2026-01-23 13:42:45,013 - INFO -     n=75, AUC=0.9326, Acc=0.9344, F1=0.6861
2026-01-23 13:42:45,013 - INFO -     Dropped: ['EState_VSA4', 'VSA_EState3']
2026-01-23 13:43:07,180 - INFO -     n=73, AUC=0.9381, Acc=0.9313, F1=0.6763
2026-01-23 13:43:07,180 - INFO -     Dropped: ['NR-ER-LBD', 'MinAbsEStateIndex']
2026-01-23 13:43:28,175 - INFO -     n=71, AUC=0.9327, Acc=0.9305, F1=0.6667
2026-01-23 13:43:28,175 - INFO -     Dropped: ['NR-PPAR-gamma', 'NumValenceElectrons']
2026-01-23 13:43:47,982 - INFO -     n=69, AUC=0.9347, Acc=0.9328, F1=0.6788
2026-01-23 13:43:47,982 - INFO -     Dropped: ['SlogP_VSA10', 'EState_VSA6']
2026-01-23 13:44:06,687 - INFO -     n=67, AUC=0.9287, Acc=0.9305, F1=0.6642
2026-01-23 13:44:06,687 - INFO -     Dropped: ['qed', 'EState_VSA8']
2026-01-23 13:44:24,274 - INFO -     n=65, AUC=0.9339, Acc=0.9336, F1=0.6882
2026-01-23 13:44:24,274 - INFO -     Dropped: ['FpDensityMorgan1', 'EState_VSA7']
2026-01-23 13:44:40,771 - INFO -     n=63, AUC=0.9318, Acc=0.9305, F1=0.6642
2026-01-23 13:44:40,771 - INFO -     Dropped: ['VSA_EState8', 'fr_thiazole']
2026-01-23 13:44:56,191 - INFO -     n=61, AUC=0.9269, Acc=0.9305, F1=0.6667
2026-01-23 13:44:56,191 - INFO -     Dropped: ['BalabanJ', 'VSA_EState6']
2026-01-23 13:45:10,574 - INFO -     n=59, AUC=0.9262, Acc=0.9267, F1=0.6496
2026-01-23 13:45:10,574 - INFO -     Dropped: ['MaxAbsPartialCharge', 'PEOE_VSA7']
2026-01-23 13:45:23,994 - INFO -     n=57, AUC=0.9268, Acc=0.9313, F1=0.6739
2026-01-23 13:45:23,994 - INFO -     Dropped: ['SlogP_VSA12', 'NHOHCount']
2026-01-23 13:45:36,426 - INFO -     n=55, AUC=0.9319, Acc=0.9344, F1=0.6906
2026-01-23 13:45:36,426 - INFO -     Dropped: ['BCUT2D_MWLOW', 'EState_VSA5']
2026-01-23 13:45:48,017 - INFO -     n=53, AUC=0.9302, Acc=0.9305, F1=0.6784
2026-01-23 13:45:48,017 - INFO -     Dropped: ['Kappa1', 'fr_Ar_NH']
2026-01-23 13:45:58,721 - INFO -     n=51, AUC=0.9247, Acc=0.9275, F1=0.6643
2026-01-23 13:45:58,721 - INFO -     Dropped: ['Chi4n', 'Kappa2']
2026-01-23 13:46:08,565 - INFO -     n=49, AUC=0.9298, Acc=0.9321, F1=0.6833
2026-01-23 13:46:08,565 - INFO -     Dropped: ['MaxPartialCharge', 'PEOE_VSA10']
2026-01-23 13:46:17,614 - INFO -     n=47, AUC=0.9256, Acc=0.9321, F1=0.6740
2026-01-23 13:46:17,614 - INFO -     Dropped: ['MinEStateIndex', 'SMR_VSA10']
2026-01-23 13:46:25,893 - INFO -     n=45, AUC=0.9226, Acc=0.9282, F1=0.6544
2026-01-23 13:46:25,893 - INFO -     Dropped: ['FpDensityMorgan3', 'BCUT2D_MWHI']
2026-01-23 13:46:33,478 - INFO -     n=43, AUC=0.9260, Acc=0.9313, F1=0.6739
2026-01-23 13:46:33,478 - INFO -     Dropped: ['BCUT2D_MRLOW', 'VSA_EState5']
2026-01-23 13:46:40,424 - INFO -     n=41, AUC=0.9280, Acc=0.9298, F1=0.6691
2026-01-23 13:46:40,424 - INFO -     Dropped: ['PEOE_VSA1', 'PEOE_VSA14']
2026-01-23 13:46:46,727 - INFO -     n=39, AUC=0.9297, Acc=0.9244, F1=0.6320
2026-01-23 13:46:46,727 - INFO -     Dropped: ['BCUT2D_CHGHI', 'MolLogP']
2026-01-23 13:46:52,427 - INFO -     n=37, AUC=0.9279, Acc=0.9260, F1=0.6498
2026-01-23 13:46:52,427 - INFO -     Dropped: ['BertzCT', 'NumHeteroatoms']
2026-01-23 13:46:57,536 - INFO -     n=35, AUC=0.9295, Acc=0.9244, F1=0.6292
2026-01-23 13:46:57,536 - INFO -     Dropped: ['MinPartialCharge', 'fr_hdrzone']
2026-01-23 13:47:02,145 - INFO -     n=33, AUC=0.9204, Acc=0.9191, F1=0.6159
2026-01-23 13:47:02,145 - INFO -     Dropped: ['BCUT2D_CHGLO', 'PEOE_VSA6']
2026-01-23 13:47:06,264 - INFO -     n=31, AUC=0.9159, Acc=0.9191, F1=0.6159
2026-01-23 13:47:06,264 - INFO -     Dropped: ['PEOE_VSA9', 'VSA_EState10']
2026-01-23 13:47:09,939 - INFO -     n=29, AUC=0.9236, Acc=0.9244, F1=0.6502
2026-01-23 13:47:09,939 - INFO -     Dropped: ['SlogP_VSA11', 'VSA_EState4']
2026-01-23 13:47:13,186 - INFO -     n=27, AUC=0.9184, Acc=0.9176, F1=0.6087
2026-01-23 13:47:13,186 - INFO -     Dropped: ['EState_VSA9', 'NumHAcceptors']
2026-01-23 13:47:16,070 - INFO -     n=25, AUC=0.9200, Acc=0.9176, F1=0.6000
2026-01-23 13:47:16,070 - INFO -     Dropped: ['BCUT2D_LOGPHI', 'SMR_VSA1']
2026-01-23 13:47:18,491 - INFO -     n=23, AUC=0.9192, Acc=0.9252, F1=0.6597
2026-01-23 13:47:18,491 - INFO -     Dropped: ['Chi3v', 'fr_ketone']
2026-01-23 13:47:20,564 - INFO -     n=21, AUC=0.9199, Acc=0.9206, F1=0.6259
2026-01-23 13:47:20,564 - INFO -     Dropped: ['BCUT2D_MRHI', 'fr_Ar_N']
2026-01-23 13:47:22,302 - INFO -     n=19, AUC=0.9170, Acc=0.9214, F1=0.6227
2026-01-23 13:47:22,302 - INFO -     Dropped: ['Kappa3', 'SlogP_VSA1']
2026-01-23 13:47:23,740 - INFO -     n=17, AUC=0.9079, Acc=0.9176, F1=0.6087
2026-01-23 13:47:23,740 - INFO -     Dropped: ['BCUT2D_LOGPLOW', 'TPSA']
2026-01-23 13:47:24,911 - INFO -     n=15, AUC=0.9110, Acc=0.9115, F1=0.5857
2026-01-23 13:47:24,911 - INFO -     Dropped: ['HeavyAtomMolWt', 'PEOE_VSA3']
2026-01-23 13:47:25,871 - INFO -     n=13, AUC=0.9054, Acc=0.9099, F1=0.5597
2026-01-23 13:47:25,871 - INFO -     Dropped: ['SlogP_VSA3', 'fr_bicyclic']
2026-01-23 13:47:26,642 - INFO -     n=11, AUC=0.8941, Acc=0.9076, F1=0.5632
2026-01-23 13:47:26,642 - INFO -     Dropped: ['NR-ER', 'SMR_VSA5']
2026-01-23 13:47:27,249 - INFO -     n=9, AUC=0.8819, Acc=0.9031, F1=0.5134
2026-01-23 13:47:27,249 - INFO -     Dropped: ['SR-ARE', 'EState_VSA1']
2026-01-23 13:47:27,724 - INFO -     n=7, AUC=0.8605, Acc=0.8947, F1=0.4651
2026-01-23 13:47:27,724 - INFO -     Dropped: ['SlogP_VSA8', 'fr_aniline']
2026-01-23 13:47:28,078 - INFO -     n=5, AUC=0.8580, Acc=0.8939, F1=0.4715
2026-01-23 13:47:28,079 - INFO -     Dropped: ['SR-ATAD5', 'fr_hdrzine']
2026-01-23 13:47:28,317 - INFO -     n=3, AUC=0.8481, Acc=0.8931, F1=0.4309
2026-01-23 13:47:28,317 - INFO -     Dropped: ['SR-MMP', 'NumAromaticRings']
2026-01-23 13:47:28,426 - INFO -     n=1, AUC=0.7279, Acc=0.8824, F1=0.0000
2026-01-23 13:47:28,426 - INFO -     Dropped: ['FractionCSP3', 'fr_aldehyde']
2026-01-23 13:47:28,427 - INFO -   → Best for repeat 2: 73 features, AUC=0.9381
2026-01-23 13:47:28,427 - INFO - 
  Repeat 3/3
2026-01-23 13:50:07,898 - INFO -     n=213, AUC=0.9224, Acc=0.9328, F1=0.6615
2026-01-23 13:50:07,898 - INFO -     Dropped: ['NR-AR', 'fr_urea']
2026-01-23 13:52:46,433 - INFO -     n=211, AUC=0.9224, Acc=0.9328, F1=0.6615
2026-01-23 13:52:46,433 - INFO -     Dropped: ['fr_Nhpyrrole', 'fr_unbrch_alkane']
2026-01-23 13:55:22,579 - INFO -     n=209, AUC=0.9224, Acc=0.9328, F1=0.6615
2026-01-23 13:55:22,579 - INFO -     Dropped: ['fr_SH', 'fr_alkyl_carbamate']
2026-01-23 13:57:55,957 - INFO -     n=207, AUC=0.9224, Acc=0.9328, F1=0.6615
2026-01-23 13:57:55,957 - INFO -     Dropped: ['fr_dihydropyridine', 'fr_nitroso']
2026-01-23 14:00:26,343 - INFO -     n=205, AUC=0.9224, Acc=0.9328, F1=0.6615
2026-01-23 14:00:26,343 - INFO -     Dropped: ['fr_benzodiazepine', 'fr_epoxide']
2026-01-23 14:02:55,522 - INFO -     n=203, AUC=0.9224, Acc=0.9328, F1=0.6615
2026-01-23 14:02:55,522 - INFO -     Dropped: ['fr_isothiocyan', 'fr_lactam']
2026-01-23 14:05:22,174 - INFO -     n=201, AUC=0.9224, Acc=0.9328, F1=0.6615
2026-01-23 14:05:22,174 - INFO -     Dropped: ['fr_guanido', 'fr_halogen']
2026-01-23 14:07:46,648 - INFO -     n=199, AUC=0.9224, Acc=0.9328, F1=0.6615
2026-01-23 14:07:46,648 - INFO -     Dropped: ['NumAromaticCarbocycles', 'fr_oxazole']
2026-01-23 14:10:08,337 - INFO -     n=197, AUC=0.9224, Acc=0.9328, F1=0.6615
2026-01-23 14:10:08,337 - INFO -     Dropped: ['fr_aryl_methyl', 'fr_nitro_arom_nonortho']
2026-01-23 14:12:27,056 - INFO -     n=195, AUC=0.9224, Acc=0.9328, F1=0.6615
2026-01-23 14:12:27,056 - INFO -     Dropped: ['fr_Al_OH', 'fr_azide']
2026-01-23 14:14:43,353 - INFO -     n=193, AUC=0.9224, Acc=0.9328, F1=0.6615
2026-01-23 14:14:43,353 - INFO -     Dropped: ['fr_azo', 'fr_nitro_arom']
2026-01-23 14:16:57,285 - INFO -     n=191, AUC=0.9224, Acc=0.9328, F1=0.6615
2026-01-23 14:16:57,285 - INFO -     Dropped: ['fr_alkyl_halide', 'fr_lactone']
2026-01-23 14:19:08,862 - INFO -     n=189, AUC=0.9224, Acc=0.9328, F1=0.6615
2026-01-23 14:19:08,862 - INFO -     Dropped: ['fr_Ndealkylation2', 'fr_amide']
2026-01-23 14:21:18,017 - INFO -     n=187, AUC=0.9224, Acc=0.9328, F1=0.6615
2026-01-23 14:21:18,017 - INFO -     Dropped: ['fr_furan', 'fr_isocyan']
2026-01-23 14:23:25,059 - INFO -     n=185, AUC=0.9224, Acc=0.9328, F1=0.6615
2026-01-23 14:23:25,059 - INFO -     Dropped: ['EState_VSA11', 'fr_Ndealkylation1']
2026-01-23 14:25:28,939 - INFO -     n=183, AUC=0.9224, Acc=0.9328, F1=0.6615
2026-01-23 14:25:28,939 - INFO -     Dropped: ['fr_Ar_COO', 'fr_nitrile']
2026-01-23 14:27:31,115 - INFO -     n=181, AUC=0.9224, Acc=0.9328, F1=0.6615
2026-01-23 14:27:31,115 - INFO -     Dropped: ['fr_phos_ester', 'fr_piperdine']
2026-01-23 14:29:30,843 - INFO -     n=179, AUC=0.9224, Acc=0.9328, F1=0.6615
2026-01-23 14:29:30,843 - INFO -     Dropped: ['fr_morpholine', 'fr_oxime']
2026-01-23 14:31:28,324 - INFO -     n=177, AUC=0.9224, Acc=0.9328, F1=0.6615
2026-01-23 14:31:28,324 - INFO -     Dropped: ['fr_Al_COO', 'fr_barbitur']
2026-01-23 14:33:23,469 - INFO -     n=175, AUC=0.9224, Acc=0.9328, F1=0.6615
2026-01-23 14:33:23,470 - INFO -     Dropped: ['fr_Imine', 'fr_phos_acid']
2026-01-23 14:35:16,298 - INFO -     n=173, AUC=0.9224, Acc=0.9328, F1=0.6615
2026-01-23 14:35:16,298 - INFO -     Dropped: ['MaxAbsEStateIndex', 'fr_COO2']
2026-01-23 14:37:06,832 - INFO -     n=171, AUC=0.9224, Acc=0.9328, F1=0.6615
2026-01-23 14:37:06,832 - INFO -     Dropped: ['fr_N_O', 'fr_piperzine']
2026-01-23 14:38:55,136 - INFO -     n=169, AUC=0.9224, Acc=0.9328, F1=0.6615
2026-01-23 14:38:55,136 - INFO -     Dropped: ['NumRadicalElectrons', 'fr_HOCCN']
2026-01-23 14:40:41,134 - INFO -     n=167, AUC=0.9224, Acc=0.9328, F1=0.6615
2026-01-23 14:40:41,134 - INFO -     Dropped: ['fr_C_S', 'fr_quatN']
2026-01-23 14:42:24,864 - INFO -     n=165, AUC=0.9224, Acc=0.9328, F1=0.6615
2026-01-23 14:42:24,864 - INFO -     Dropped: ['fr_term_acetylene', 'fr_tetrazole']
2026-01-23 14:44:06,316 - INFO -     n=163, AUC=0.9224, Acc=0.9328, F1=0.6615
2026-01-23 14:44:06,317 - INFO -     Dropped: ['fr_sulfonamd', 'fr_sulfone']
2026-01-23 14:45:45,328 - INFO -     n=161, AUC=0.9224, Acc=0.9328, F1=0.6615
2026-01-23 14:45:45,328 - INFO -     Dropped: ['fr_amidine', 'fr_thiocyan']
2026-01-23 14:47:22,053 - INFO -     n=159, AUC=0.9224, Acc=0.9328, F1=0.6615
2026-01-23 14:47:22,053 - INFO -     Dropped: ['fr_imide', 'fr_sulfide']
2026-01-23 14:48:56,494 - INFO -     n=157, AUC=0.9183, Acc=0.9298, F1=0.6406
2026-01-23 14:48:56,494 - INFO -     Dropped: ['fr_Al_OH_noTert', 'fr_nitro']
2026-01-23 14:50:28,805 - INFO -     n=155, AUC=0.9183, Acc=0.9298, F1=0.6406
2026-01-23 14:50:28,805 - INFO -     Dropped: ['HeavyAtomCount', 'fr_priamide']
2026-01-23 14:51:59,105 - INFO -     n=153, AUC=0.9183, Acc=0.9298, F1=0.6406
2026-01-23 14:51:59,106 - INFO -     Dropped: ['fr_Ar_OH', 'fr_benzene']
2026-01-23 14:53:27,365 - INFO -     n=151, AUC=0.9188, Acc=0.9313, F1=0.6429
2026-01-23 14:53:27,365 - INFO -     Dropped: ['NumAromaticHeterocycles', 'fr_COO']
2026-01-23 14:54:53,453 - INFO -     n=149, AUC=0.9247, Acc=0.9298, F1=0.6434
2026-01-23 14:54:53,453 - INFO -     Dropped: ['HeavyAtomMolWt', 'fr_pyridine']
2026-01-23 14:56:17,405 - INFO -     n=147, AUC=0.9224, Acc=0.9321, F1=0.6564
2026-01-23 14:56:17,405 - INFO -     Dropped: ['Chi1', 'fr_NH2']
2026-01-23 14:57:39,239 - INFO -     n=145, AUC=0.9193, Acc=0.9290, F1=0.6409
2026-01-23 14:57:39,239 - INFO -     Dropped: ['Chi1n', 'SlogP_VSA4']
2026-01-23 14:58:58,859 - INFO -     n=143, AUC=0.9201, Acc=0.9313, F1=0.6512
2026-01-23 14:58:58,860 - INFO -     Dropped: ['fr_allylic_oxid', 'fr_thiophene']
2026-01-23 15:00:16,347 - INFO -     n=141, AUC=0.9234, Acc=0.9321, F1=0.6537
2026-01-23 15:00:16,347 - INFO -     Dropped: ['SR-HSE', 'Ipc']
2026-01-23 15:01:31,710 - INFO -     n=139, AUC=0.9186, Acc=0.9282, F1=0.6328
2026-01-23 15:01:31,710 - INFO -     Dropped: ['PEOE_VSA4', 'PEOE_VSA5']
2026-01-23 15:02:45,137 - INFO -     n=137, AUC=0.9155, Acc=0.9313, F1=0.6457
2026-01-23 15:02:45,137 - INFO -     Dropped: ['NumSaturatedHeterocycles', 'fr_phenol']
2026-01-23 15:03:56,534 - INFO -     n=135, AUC=0.9155, Acc=0.9313, F1=0.6457
2026-01-23 15:03:56,535 - INFO -     Dropped: ['RingCount', 'fr_hdrzone']
2026-01-23 15:05:05,994 - INFO -     n=133, AUC=0.9170, Acc=0.9275, F1=0.6245
2026-01-23 15:05:05,994 - INFO -     Dropped: ['NumAliphaticHeterocycles', 'fr_imidazole']
2026-01-23 15:06:13,263 - INFO -     n=131, AUC=0.9197, Acc=0.9275, F1=0.6215
2026-01-23 15:06:13,263 - INFO -     Dropped: ['Chi0v', 'Chi2v']
2026-01-23 15:07:18,500 - INFO -     n=129, AUC=0.9219, Acc=0.9290, F1=0.6353
2026-01-23 15:07:18,500 - INFO -     Dropped: ['ExactMolWt', 'SlogP_VSA12']
2026-01-23 15:08:21,790 - INFO -     n=127, AUC=0.9169, Acc=0.9313, F1=0.6457
2026-01-23 15:08:21,790 - INFO -     Dropped: ['NHOHCount', 'fr_para_hydroxylation']
2026-01-23 15:09:23,327 - INFO -     n=125, AUC=0.9216, Acc=0.9252, F1=0.6231
2026-01-23 15:09:23,327 - INFO -     Dropped: ['PEOE_VSA13', 'SMR_VSA9']
2026-01-23 15:10:22,862 - INFO -     n=123, AUC=0.9194, Acc=0.9267, F1=0.6336
2026-01-23 15:10:22,862 - INFO -     Dropped: ['Chi2n', 'fr_C_O']
2026-01-23 15:11:20,584 - INFO -     n=121, AUC=0.9178, Acc=0.9282, F1=0.6299
2026-01-23 15:11:20,584 - INFO -     Dropped: ['MolMR', 'fr_ester']
2026-01-23 15:12:16,379 - INFO -     n=119, AUC=0.9199, Acc=0.9282, F1=0.6357
2026-01-23 15:12:16,379 - INFO -     Dropped: ['Chi0n', 'NumHDonors']
2026-01-23 15:13:10,333 - INFO -     n=117, AUC=0.9199, Acc=0.9282, F1=0.6357
2026-01-23 15:13:10,333 - INFO -     Dropped: ['EState_VSA7', 'fr_C_O_noCOO']
2026-01-23 15:14:02,261 - INFO -     n=115, AUC=0.9181, Acc=0.9260, F1=0.6166
2026-01-23 15:14:02,261 - INFO -     Dropped: ['NumValenceElectrons', 'PEOE_VSA12']
2026-01-23 15:14:52,578 - INFO -     n=113, AUC=0.9199, Acc=0.9313, F1=0.6512
2026-01-23 15:14:52,578 - INFO -     Dropped: ['FpDensityMorgan2', 'EState_VSA2']
2026-01-23 15:15:40,959 - INFO -     n=111, AUC=0.9234, Acc=0.9298, F1=0.6434
2026-01-23 15:15:40,960 - INFO -     Dropped: ['Chi3v', 'NumSaturatedRings']
2026-01-23 15:16:27,729 - INFO -     n=109, AUC=0.9217, Acc=0.9305, F1=0.6486
2026-01-23 15:16:27,729 - INFO -     Dropped: ['BertzCT', 'PEOE_VSA8']
2026-01-23 15:17:12,962 - INFO -     n=107, AUC=0.9194, Acc=0.9275, F1=0.6332
2026-01-23 15:17:12,962 - INFO -     Dropped: ['FpDensityMorgan1', 'Chi4v']
2026-01-23 15:17:56,401 - INFO -     n=105, AUC=0.9194, Acc=0.9275, F1=0.6332
2026-01-23 15:17:56,401 - INFO -     Dropped: ['NR-AR-LBD', 'fr_thiazole']
2026-01-23 15:18:38,354 - INFO -     n=103, AUC=0.9194, Acc=0.9275, F1=0.6332
2026-01-23 15:18:38,354 - INFO -     Dropped: ['SMR_VSA2', 'fr_phenol_noOrthoHbond']
2026-01-23 15:19:18,656 - INFO -     n=101, AUC=0.9172, Acc=0.9229, F1=0.6130
2026-01-23 15:19:18,656 - INFO -     Dropped: ['NumAliphaticRings', 'NumSaturatedCarbocycles']
2026-01-23 15:19:57,437 - INFO -     n=99, AUC=0.9174, Acc=0.9282, F1=0.6385
2026-01-23 15:19:57,437 - INFO -     Dropped: ['NumHAcceptors', 'fr_NH1']
2026-01-23 15:20:34,607 - INFO -     n=97, AUC=0.9181, Acc=0.9244, F1=0.6178
2026-01-23 15:20:34,607 - INFO -     Dropped: ['MolWt', 'fr_NH0']
2026-01-23 15:21:10,128 - INFO -     n=95, AUC=0.9215, Acc=0.9290, F1=0.6437
2026-01-23 15:21:10,128 - INFO -     Dropped: ['Chi3n', 'PEOE_VSA2']
2026-01-23 15:21:44,135 - INFO -     n=93, AUC=0.9148, Acc=0.9260, F1=0.6312
2026-01-23 15:21:44,135 - INFO -     Dropped: ['SlogP_VSA7', 'fr_methoxy']
2026-01-23 15:22:16,630 - INFO -     n=91, AUC=0.9230, Acc=0.9252, F1=0.6202
2026-01-23 15:22:16,630 - INFO -     Dropped: ['MinAbsPartialCharge', 'EState_VSA4']
2026-01-23 15:22:47,647 - INFO -     n=89, AUC=0.9193, Acc=0.9267, F1=0.6336
2026-01-23 15:22:47,647 - INFO -     Dropped: ['PEOE_VSA10', 'PEOE_VSA7']
2026-01-23 15:23:17,202 - INFO -     n=87, AUC=0.9136, Acc=0.9252, F1=0.6142
2026-01-23 15:23:17,202 - INFO -     Dropped: ['MinPartialCharge', 'VSA_EState8']
2026-01-23 15:23:45,337 - INFO -     n=85, AUC=0.9239, Acc=0.9260, F1=0.6312
2026-01-23 15:23:45,337 - INFO -     Dropped: ['Chi1v', 'EState_VSA5']
2026-01-23 15:24:12,109 - INFO -     n=83, AUC=0.9150, Acc=0.9282, F1=0.6328
2026-01-23 15:24:12,109 - INFO -     Dropped: ['BCUT2D_CHGHI', 'VSA_EState7']
2026-01-23 15:24:37,584 - INFO -     n=81, AUC=0.9189, Acc=0.9321, F1=0.6482
2026-01-23 15:24:37,584 - INFO -     Dropped: ['NumHeteroatoms', 'fr_Ar_N']
2026-01-23 15:25:01,825 - INFO -     n=79, AUC=0.9195, Acc=0.9252, F1=0.6172
2026-01-23 15:25:01,825 - INFO -     Dropped: ['BCUT2D_MWLOW', 'NumAliphaticCarbocycles']
2026-01-23 15:25:24,769 - INFO -     n=77, AUC=0.9107, Acc=0.9237, F1=0.6032
2026-01-23 15:25:24,769 - INFO -     Dropped: ['VSA_EState3', 'fr_ether']
2026-01-23 15:25:46,510 - INFO -     n=75, AUC=0.9117, Acc=0.9260, F1=0.6284
2026-01-23 15:25:46,510 - INFO -     Dropped: ['MinAbsEStateIndex', 'VSA_EState9']
2026-01-23 15:26:07,066 - INFO -     n=73, AUC=0.9123, Acc=0.9260, F1=0.6284
2026-01-23 15:26:07,066 - INFO -     Dropped: ['SMR_VSA4', 'NumRotatableBonds']
2026-01-23 15:26:26,472 - INFO -     n=71, AUC=0.9128, Acc=0.9298, F1=0.6462
2026-01-23 15:26:26,472 - INFO -     Dropped: ['PEOE_VSA9', 'SlogP_VSA2']
2026-01-23 15:26:44,685 - INFO -     n=69, AUC=0.9179, Acc=0.9275, F1=0.6442
2026-01-23 15:26:44,685 - INFO -     Dropped: ['BalabanJ', 'EState_VSA3']
2026-01-23 15:27:01,084 - INFO -     n=67, AUC=0.9153, Acc=0.9298, F1=0.6434
2026-01-23 15:27:01,084 - INFO -     Dropped: ['EState_VSA6', 'VSA_EState2']
2026-01-23 15:27:16,343 - INFO -     n=65, AUC=0.9164, Acc=0.9252, F1=0.6172
2026-01-23 15:27:16,343 - INFO -     Dropped: ['MaxEStateIndex', 'qed']
2026-01-23 15:27:30,597 - INFO -     n=63, AUC=0.9094, Acc=0.9221, F1=0.6077
2026-01-23 15:27:30,597 - INFO -     Dropped: ['PEOE_VSA6', 'SMR_VSA1']
2026-01-23 15:27:43,908 - INFO -     n=61, AUC=0.9135, Acc=0.9260, F1=0.6255
2026-01-23 15:27:43,908 - INFO -     Dropped: ['NR-PPAR-gamma', 'Kappa2']
2026-01-23 15:27:56,298 - INFO -     n=59, AUC=0.9127, Acc=0.9282, F1=0.6466
2026-01-23 15:27:56,298 - INFO -     Dropped: ['SR-p53', 'FpDensityMorgan3']
2026-01-23 15:28:07,844 - INFO -     n=57, AUC=0.9176, Acc=0.9282, F1=0.6328
2026-01-23 15:28:07,844 - INFO -     Dropped: ['HallKierAlpha', 'SMR_VSA6']
2026-01-23 15:28:18,547 - INFO -     n=55, AUC=0.9012, Acc=0.9260, F1=0.6340
2026-01-23 15:28:18,547 - INFO -     Dropped: ['BCUT2D_LOGPHI', 'SlogP_VSA5']
2026-01-23 15:28:28,411 - INFO -     n=53, AUC=0.9045, Acc=0.9260, F1=0.6312
2026-01-23 15:28:28,411 - INFO -     Dropped: ['Kappa1', 'SMR_VSA7']
2026-01-23 15:28:37,552 - INFO -     n=51, AUC=0.9083, Acc=0.9313, F1=0.6457
2026-01-23 15:28:37,552 - INFO -     Dropped: ['PEOE_VSA14', 'EState_VSA8']
2026-01-23 15:28:45,976 - INFO -     n=49, AUC=0.9054, Acc=0.9298, F1=0.6541
2026-01-23 15:28:45,976 - INFO -     Dropped: ['MinEStateIndex', 'SlogP_VSA6']
2026-01-23 15:28:53,745 - INFO -     n=47, AUC=0.9092, Acc=0.9183, F1=0.5932
2026-01-23 15:28:53,746 - INFO -     Dropped: ['BCUT2D_MRHI', 'VSA_EState6']
2026-01-23 15:29:00,838 - INFO -     n=45, AUC=0.9052, Acc=0.9260, F1=0.6340
2026-01-23 15:29:00,838 - INFO -     Dropped: ['BCUT2D_MRLOW', 'SlogP_VSA10']
2026-01-23 15:29:07,308 - INFO -     n=43, AUC=0.9099, Acc=0.9252, F1=0.6343
2026-01-23 15:29:07,308 - INFO -     Dropped: ['VSA_EState10', 'fr_ketone_Topliss']
2026-01-23 15:29:13,184 - INFO -     n=41, AUC=0.9131, Acc=0.9260, F1=0.6312
2026-01-23 15:29:13,184 - INFO -     Dropped: ['BCUT2D_CHGLO', 'PEOE_VSA11']
2026-01-23 15:29:18,470 - INFO -     n=39, AUC=0.9090, Acc=0.9321, F1=0.6616
2026-01-23 15:29:18,470 - INFO -     Dropped: ['MaxPartialCharge', 'LabuteASA']
2026-01-23 15:29:23,194 - INFO -     n=37, AUC=0.9073, Acc=0.9237, F1=0.6124
2026-01-23 15:29:23,194 - INFO -     Dropped: ['BCUT2D_LOGPLOW', 'VSA_EState1']
2026-01-23 15:29:27,413 - INFO -     n=35, AUC=0.9011, Acc=0.9183, F1=0.5962
2026-01-23 15:29:27,413 - INFO -     Dropped: ['VSA_EState5', 'MolLogP']
2026-01-23 15:29:31,153 - INFO -     n=33, AUC=0.8994, Acc=0.9237, F1=0.6183
2026-01-23 15:29:31,153 - INFO -     Dropped: ['Chi4n', 'VSA_EState4']
2026-01-23 15:29:34,474 - INFO -     n=31, AUC=0.8949, Acc=0.9191, F1=0.5891
2026-01-23 15:29:34,474 - INFO -     Dropped: ['SlogP_VSA1', 'EState_VSA9']
2026-01-23 15:29:37,412 - INFO -     n=29, AUC=0.9039, Acc=0.9198, F1=0.6038
2026-01-23 15:29:37,412 - INFO -     Dropped: ['MaxAbsPartialCharge', 'fr_Ar_NH']
2026-01-23 15:29:39,988 - INFO -     n=27, AUC=0.8953, Acc=0.9198, F1=0.6154
2026-01-23 15:29:39,988 - INFO -     Dropped: ['BCUT2D_MWHI', 'PEOE_VSA1']
2026-01-23 15:29:42,229 - INFO -     n=25, AUC=0.9050, Acc=0.9168, F1=0.5856
2026-01-23 15:29:42,229 - INFO -     Dropped: ['Kappa3', 'NOCount']
2026-01-23 15:29:44,162 - INFO -     n=23, AUC=0.8992, Acc=0.9153, F1=0.5904
2026-01-23 15:29:44,162 - INFO -     Dropped: ['SMR_VSA10', 'TPSA']
2026-01-23 15:29:45,815 - INFO -     n=21, AUC=0.8934, Acc=0.9137, F1=0.5830
2026-01-23 15:29:45,815 - INFO -     Dropped: ['NR-ER-LBD', 'Chi0']
2026-01-23 15:29:47,222 - INFO -     n=19, AUC=0.8882, Acc=0.9160, F1=0.5865
2026-01-23 15:29:47,222 - INFO -     Dropped: ['PEOE_VSA3', 'SMR_VSA3']
2026-01-23 15:29:48,412 - INFO -     n=17, AUC=0.8904, Acc=0.9183, F1=0.5962
2026-01-23 15:29:48,412 - INFO -     Dropped: ['EState_VSA1', 'EState_VSA10']
2026-01-23 15:29:49,413 - INFO -     n=15, AUC=0.8786, Acc=0.9061, F1=0.5287
2026-01-23 15:29:49,414 - INFO -     Dropped: ['SlogP_VSA3', 'fr_bicyclic']
2026-01-23 15:29:50,243 - INFO -     n=13, AUC=0.8562, Acc=0.8977, F1=0.4806
2026-01-23 15:29:50,243 - INFO -     Dropped: ['NR-ER', 'SMR_VSA5']
2026-01-23 15:29:50,923 - INFO -     n=11, AUC=0.8547, Acc=0.9015, F1=0.4941
2026-01-23 15:29:50,923 - INFO -     Dropped: ['SR-ARE', 'SlogP_VSA11']
2026-01-23 15:29:51,479 - INFO -     n=9, AUC=0.8411, Acc=0.8901, F1=0.4462
2026-01-23 15:29:51,479 - INFO -     Dropped: ['SlogP_VSA8', 'fr_ketone']
2026-01-23 15:29:51,919 - INFO -     n=7, AUC=0.8260, Acc=0.8924, F1=0.4337
2026-01-23 15:29:51,919 - INFO -     Dropped: ['fr_aniline', 'fr_hdrzine']
2026-01-23 15:29:52,237 - INFO -     n=5, AUC=0.8341, Acc=0.8969, F1=0.3478
2026-01-23 15:29:52,237 - INFO -     Dropped: ['SR-MMP', 'FractionCSP3']
2026-01-23 15:29:52,448 - INFO -     n=3, AUC=0.8241, Acc=0.8847, F1=0.2562
2026-01-23 15:29:52,448 - INFO -     Dropped: ['SR-ATAD5', 'fr_ArN']
2026-01-23 15:29:52,560 - INFO -     n=1, AUC=0.7023, Acc=0.8824, F1=0.0000
2026-01-23 15:29:52,560 - INFO -     Dropped: ['NumAromaticRings', 'fr_aldehyde']
2026-01-23 15:29:52,561 - INFO -   → Best for repeat 3: 149 features, AUC=0.9247
2026-01-23 15:29:52,562 - INFO - 
✓ Overall best: 73 features from repeat 2, AUC=0.9381
2026-01-23 15:29:52,569 - INFO - ✓ Saved features → selected_features.txt
2026-01-23 15:29:52,598 - INFO - Generating RFE summary plot...
2026-01-23 15:29:52,602 - INFO -   ✓ Saved RFE plot data → NR-AhR_rfe_plot_data.npz
2026-01-23 15:29:53,099 - INFO -   ✓ Saved RFE plot → NR-AhR_rfe.png
2026-01-23 15:29:53,101 - INFO - 
STAGE 3: Data Splitting
2026-01-23 15:29:53,101 - INFO - ----------------------------------------------------------------------
2026-01-23 15:29:53,105 - INFO - ✓ Training+Val set: 5894 samples
2026-01-23 15:29:53,105 - INFO - ✓ Test set: 655 samples
2026-01-23 15:29:53,105 - INFO - 
STAGE 4: Hyperparameter Optimization (RandomizedSearchCV)
2026-01-23 15:29:53,105 - INFO - ----------------------------------------------------------------------
2026-01-23 15:29:53,105 - INFO - Running RandomizedSearchCV with 10000 iterations...
2026-01-23 15:29:53,105 - INFO - Total fits (with 5-fold CV): 50000
Fitting 5 folds for each of 10000 candidates, totalling 50000 fits
2026-01-23 19:01:32,701 - INFO - 
✓ Best hyperparameters: {'subsample': 0.7, 'scale_pos_weight': 2, 'n_estimators': 1000, 'min_child_weight': 1, 'max_depth': 100, 'learning_rate': 0.01, 'colsample_bytree': 0.7}
2026-01-23 19:01:32,702 - INFO - ✓ Best 5-fold CV AUC: 0.9298
2026-01-23 19:01:32,899 - INFO - ✓ Saved CV results
2026-01-23 19:01:32,899 - INFO - 
STAGE 5: Test Set Evaluation
2026-01-23 19:01:32,899 - INFO - ----------------------------------------------------------------------
2026-01-23 19:01:33,003 - INFO - Generating diagnostic plots...
2026-01-23 19:01:33,021 - INFO -   ✓ Saved diagnostic plot data → NR-AhR_diagnostic_plot_data.npz
2026-01-23 19:01:34,071 - INFO -   ✓ Saved diagnostic plots → NR-AhR_diagnostics.png
2026-01-23 19:01:34,071 - INFO - 
✓ Test Set Performance:
2026-01-23 19:01:34,071 - INFO -   ROC-AUC:    0.9130
2026-01-23 19:01:34,071 - INFO -   PR-AUC:     0.6863
2026-01-23 19:01:34,071 - INFO -   Accuracy:   0.9206
2026-01-23 19:01:34,071 - INFO -   F1:         0.6119
2026-01-23 19:01:34,071 - INFO -   MCC:        0.5768
2026-01-23 19:01:34,071 - INFO - 
STAGE 6: SHAP Analysis
2026-01-23 19:01:34,071 - INFO - ----------------------------------------------------------------------
2026-01-23 19:01:34,072 - INFO - Running SHAP analysis...
2026-01-23 19:02:28,749 - INFO -   ✓ Saved SHAP data → NR-AhR_shap_data.npz
2026-01-23 19:02:30,173 - INFO -   ✓ Saved SHAP plots
2026-01-23 19:02:30,176 - INFO - 
STAGE 7: Saving Results
2026-01-23 19:02:30,176 - INFO - ----------------------------------------------------------------------
2026-01-23 19:02:30,205 - INFO - ✓ Saved model → xgb_model.joblib
2026-01-23 19:02:30,206 - INFO - ✓ Saved summary → model_summary.txt
2026-01-23 19:02:30,206 - INFO - 
======================================================================
2026-01-23 19:02:30,206 - INFO - ✓ TRAINING COMPLETE for NR-AhR! Total time: 8:32:33.835278
2026-01-23 19:02:30,206 - INFO - ✓ Performance: ROC-AUC=0.9130, F1=0.6119
2026-01-23 19:02:30,206 - INFO - ======================================================================
2026-01-23 19:02:30,208 - INFO - 
✓ ALL TRAINING COMPLETE! Total time: 8:32:34.044728
========================================
Training completed at: Fri 23 Jan 19:02:31 GMT 2026
Exit status: 0
========================================

Output locations:
  Model:    ./output/tox21/NR-AhR/model/xgb_model.joblib
  Summary:  ./output/tox21/NR-AhR/model/model_summary.txt
  Features: ./output/tox21/NR-AhR/RFE/selected_features.txt
  Plots:    ./output/tox21/NR-AhR/plots/

Cleaned up PBS output files
