========================================
Starting HYBRID CLASSIFICATION training for: NR-ER-LBD
Dataset: tox21_cleaned.csv
RandomizedSearchCV iterations: 10000
RFE repeats: 3
Step size: 2
Job started at: Fri 23 Jan 10:29:31 GMT 2026
Working directory: /rds/general/user/fc4018/projects/fionn2023/live/ML_finder/master/cleaned_training_2
Data directory: ./data
Output directory: ./output/tox21
========================================
2026-01-23 10:29:56,130 - INFO - 
======================================================================
2026-01-23 10:29:56,130 - INFO - LOADING DATA
2026-01-23 10:29:56,130 - INFO - ======================================================================
2026-01-23 10:29:56,325 - INFO - ✓ Loaded 7831 samples from tox21_cleaned.csv
2026-01-23 10:29:56,325 - INFO - ✓ Total columns: 217
2026-01-23 10:29:56,371 - INFO - 
✓ Single target mode: NR-ER-LBD
2026-01-23 10:29:56,371 - INFO - ======================================================================
2026-01-23 10:29:56,371 - INFO - CLASSIFICATION TRAINING: NR-ER-LBD
2026-01-23 10:29:56,371 - INFO - ======================================================================
2026-01-23 10:29:56,550 - INFO - 
STAGE 1: Preparing Data
2026-01-23 10:29:56,550 - INFO - ----------------------------------------------------------------------
2026-01-23 10:29:56,557 - INFO - ✓ Valid samples: 6955
2026-01-23 10:29:56,557 - INFO -   Class distribution: 6605 negative, 350 positive (5.0% positive)
2026-01-23 10:29:56,561 - INFO - ✓ Feature matrix: (6955, 215)
2026-01-23 10:29:56,561 - INFO - ✓ Target shape: (6955,)
2026-01-23 10:29:56,561 - INFO - 
STAGE 2: Feature Selection (RFE with Repeats)
2026-01-23 10:29:56,561 - INFO - ----------------------------------------------------------------------
2026-01-23 10:29:56,561 - INFO - Running RFE with 3 repeats (step_size=2)...
2026-01-23 10:29:56,561 - INFO - 
  Repeat 1/3
2026-01-23 10:32:05,699 - INFO -     n=213, AUC=0.9469, Acc=0.9662, F1=0.6116
2026-01-23 10:32:05,699 - INFO -     Dropped: ['fr_azo', 'fr_urea']
2026-01-23 10:34:12,776 - INFO -     n=211, AUC=0.9469, Acc=0.9662, F1=0.6116
2026-01-23 10:34:12,776 - INFO -     Dropped: ['SlogP_VSA7', 'fr_barbitur']
2026-01-23 10:36:18,010 - INFO -     n=209, AUC=0.9469, Acc=0.9662, F1=0.6116
2026-01-23 10:36:18,010 - INFO -     Dropped: ['PEOE_VSA4', 'fr_azide']
2026-01-23 10:38:21,205 - INFO -     n=207, AUC=0.9469, Acc=0.9662, F1=0.6116
2026-01-23 10:38:21,205 - INFO -     Dropped: ['fr_benzene', 'fr_imidazole']
2026-01-23 10:40:21,964 - INFO -     n=205, AUC=0.9469, Acc=0.9662, F1=0.6116
2026-01-23 10:40:21,964 - INFO -     Dropped: ['fr_NH0', 'fr_hdrzone']
2026-01-23 10:42:18,295 - INFO -     n=203, AUC=0.9469, Acc=0.9662, F1=0.6116
2026-01-23 10:42:18,295 - INFO -     Dropped: ['fr_Imine', 'fr_benzodiazepine']
2026-01-23 10:44:16,507 - INFO -     n=201, AUC=0.9469, Acc=0.9662, F1=0.6116
2026-01-23 10:44:16,507 - INFO -     Dropped: ['fr_amidine', 'fr_isocyan']
2026-01-23 10:46:12,817 - INFO -     n=199, AUC=0.9469, Acc=0.9662, F1=0.6116
2026-01-23 10:46:12,817 - INFO -     Dropped: ['fr_epoxide', 'fr_imide']
2026-01-23 10:48:06,643 - INFO -     n=197, AUC=0.9469, Acc=0.9662, F1=0.6116
2026-01-23 10:48:06,643 - INFO -     Dropped: ['fr_SH', 'fr_dihydropyridine']
2026-01-23 10:49:59,207 - INFO -     n=195, AUC=0.9469, Acc=0.9662, F1=0.6116
2026-01-23 10:49:59,207 - INFO -     Dropped: ['fr_Nhpyrrole', 'fr_alkyl_carbamate']
2026-01-23 10:51:49,958 - INFO -     n=193, AUC=0.9469, Acc=0.9662, F1=0.6116
2026-01-23 10:51:49,958 - INFO -     Dropped: ['fr_aldehyde', 'fr_morpholine']
2026-01-23 10:53:39,045 - INFO -     n=191, AUC=0.9469, Acc=0.9662, F1=0.6116
2026-01-23 10:53:39,045 - INFO -     Dropped: ['fr_Ar_N', 'fr_Ndealkylation1']
2026-01-23 10:55:26,363 - INFO -     n=189, AUC=0.9469, Acc=0.9662, F1=0.6116
2026-01-23 10:55:26,363 - INFO -     Dropped: ['fr_hdrzine', 'fr_ketone_Topliss']
2026-01-23 10:57:11,391 - INFO -     n=187, AUC=0.9469, Acc=0.9662, F1=0.6116
2026-01-23 10:57:11,391 - INFO -     Dropped: ['fr_Ar_NH', 'fr_NH2']
2026-01-23 10:58:54,405 - INFO -     n=185, AUC=0.9469, Acc=0.9662, F1=0.6116
2026-01-23 10:58:54,405 - INFO -     Dropped: ['fr_alkyl_halide', 'fr_thiophene']
2026-01-23 11:00:35,664 - INFO -     n=183, AUC=0.9469, Acc=0.9662, F1=0.6116
2026-01-23 11:00:35,664 - INFO -     Dropped: ['EState_VSA11', 'NumAliphaticHeterocycles']
2026-01-23 11:02:14,997 - INFO -     n=181, AUC=0.9469, Acc=0.9662, F1=0.6116
2026-01-23 11:02:14,997 - INFO -     Dropped: ['SMR_VSA2', 'fr_ether']
2026-01-23 11:03:52,731 - INFO -     n=179, AUC=0.9469, Acc=0.9662, F1=0.6116
2026-01-23 11:03:52,731 - INFO -     Dropped: ['fr_N_O', 'fr_guanido']
2026-01-23 11:05:28,700 - INFO -     n=177, AUC=0.9469, Acc=0.9662, F1=0.6116
2026-01-23 11:05:28,700 - INFO -     Dropped: ['HeavyAtomCount', 'fr_NH1']
2026-01-23 11:07:02,804 - INFO -     n=175, AUC=0.9469, Acc=0.9662, F1=0.6116
2026-01-23 11:07:02,804 - INFO -     Dropped: ['fr_nitro_arom_nonortho', 'fr_nitroso']
2026-01-23 11:08:34,833 - INFO -     n=173, AUC=0.9469, Acc=0.9662, F1=0.6116
2026-01-23 11:08:34,833 - INFO -     Dropped: ['NumAliphaticCarbocycles', 'fr_Al_OH']
2026-01-23 11:10:04,978 - INFO -     n=171, AUC=0.9469, Acc=0.9662, F1=0.6116
2026-01-23 11:10:04,979 - INFO -     Dropped: ['NOCount', 'NumAliphaticRings']
2026-01-23 11:11:33,330 - INFO -     n=169, AUC=0.9469, Acc=0.9662, F1=0.6116
2026-01-23 11:11:33,331 - INFO -     Dropped: ['fr_C_O_noCOO', 'fr_oxime']
2026-01-23 11:13:00,040 - INFO -     n=167, AUC=0.9469, Acc=0.9662, F1=0.6116
2026-01-23 11:13:00,040 - INFO -     Dropped: ['fr_C_O', 'fr_oxazole']
2026-01-23 11:14:24,841 - INFO -     n=165, AUC=0.9469, Acc=0.9662, F1=0.6116
2026-01-23 11:14:24,841 - INFO -     Dropped: ['NumRadicalElectrons', 'fr_COO2']
2026-01-23 11:15:47,838 - INFO -     n=163, AUC=0.9469, Acc=0.9662, F1=0.6116
2026-01-23 11:15:47,838 - INFO -     Dropped: ['NumAromaticHeterocycles', 'fr_COO']
2026-01-23 11:17:08,727 - INFO -     n=161, AUC=0.9469, Acc=0.9662, F1=0.6116
2026-01-23 11:17:08,727 - INFO -     Dropped: ['fr_isothiocyan', 'fr_lactone']
2026-01-23 11:18:28,035 - INFO -     n=159, AUC=0.9469, Acc=0.9662, F1=0.6116
2026-01-23 11:18:28,035 - INFO -     Dropped: ['NumSaturatedCarbocycles', 'fr_lactam']
2026-01-23 11:19:45,426 - INFO -     n=157, AUC=0.9469, Acc=0.9662, F1=0.6116
2026-01-23 11:19:45,426 - INFO -     Dropped: ['MaxAbsEStateIndex', 'fr_phos_ester']
2026-01-23 11:21:01,219 - INFO -     n=155, AUC=0.9469, Acc=0.9662, F1=0.6116
2026-01-23 11:21:01,219 - INFO -     Dropped: ['NumSaturatedRings', 'fr_HOCCN']
2026-01-23 11:22:15,520 - INFO -     n=153, AUC=0.9469, Acc=0.9662, F1=0.6116
2026-01-23 11:22:15,520 - INFO -     Dropped: ['fr_Al_COO', 'fr_thiocyan']
2026-01-23 11:23:28,087 - INFO -     n=151, AUC=0.9469, Acc=0.9662, F1=0.6116
2026-01-23 11:23:28,087 - INFO -     Dropped: ['fr_ketone', 'fr_thiazole']
2026-01-23 11:24:38,991 - INFO -     n=149, AUC=0.9469, Acc=0.9662, F1=0.6116
2026-01-23 11:24:38,991 - INFO -     Dropped: ['fr_Ar_COO', 'fr_C_S']
2026-01-23 11:25:48,276 - INFO -     n=147, AUC=0.9469, Acc=0.9662, F1=0.6116
2026-01-23 11:25:48,276 - INFO -     Dropped: ['fr_nitro', 'fr_phos_acid']
2026-01-23 11:26:55,912 - INFO -     n=145, AUC=0.9469, Acc=0.9662, F1=0.6116
2026-01-23 11:26:55,912 - INFO -     Dropped: ['NumHAcceptors', 'fr_priamide']
2026-01-23 11:28:01,838 - INFO -     n=143, AUC=0.9469, Acc=0.9662, F1=0.6116
2026-01-23 11:28:01,839 - INFO -     Dropped: ['fr_piperzine', 'fr_tetrazole']
2026-01-23 11:29:06,141 - INFO -     n=141, AUC=0.9469, Acc=0.9662, F1=0.6116
2026-01-23 11:29:06,142 - INFO -     Dropped: ['fr_sulfone', 'fr_term_acetylene']
2026-01-23 11:30:08,877 - INFO -     n=139, AUC=0.9469, Acc=0.9662, F1=0.6116
2026-01-23 11:30:08,877 - INFO -     Dropped: ['fr_quatN', 'fr_sulfide']
2026-01-23 11:31:09,950 - INFO -     n=137, AUC=0.9469, Acc=0.9662, F1=0.6116
2026-01-23 11:31:09,950 - INFO -     Dropped: ['fr_piperdine', 'fr_pyridine']
2026-01-23 11:32:09,420 - INFO -     n=135, AUC=0.9478, Acc=0.9669, F1=0.6290
2026-01-23 11:32:09,420 - INFO -     Dropped: ['ExactMolWt', 'LabuteASA']
2026-01-23 11:33:07,319 - INFO -     n=133, AUC=0.9438, Acc=0.9648, F1=0.6016
2026-01-23 11:33:07,319 - INFO -     Dropped: ['SlogP_VSA1', 'fr_phenol']
2026-01-23 11:34:03,580 - INFO -     n=131, AUC=0.9413, Acc=0.9676, F1=0.6281
2026-01-23 11:34:03,580 - INFO -     Dropped: ['SMR_VSA1', 'NumAromaticRings']
2026-01-23 11:34:58,188 - INFO -     n=129, AUC=0.9525, Acc=0.9684, F1=0.6452
2026-01-23 11:34:58,188 - INFO -     Dropped: ['RingCount', 'fr_nitro_arom']
2026-01-23 11:35:51,334 - INFO -     n=127, AUC=0.9525, Acc=0.9684, F1=0.6452
2026-01-23 11:35:51,334 - INFO -     Dropped: ['VSA_EState10', 'NumHDonors']
2026-01-23 11:36:42,897 - INFO -     n=125, AUC=0.9524, Acc=0.9684, F1=0.6393
2026-01-23 11:36:42,897 - INFO -     Dropped: ['EState_VSA10', 'NumAromaticCarbocycles']
2026-01-23 11:37:32,879 - INFO -     n=123, AUC=0.9443, Acc=0.9655, F1=0.6190
2026-01-23 11:37:32,879 - INFO -     Dropped: ['Chi2n', 'fr_aniline']
2026-01-23 11:38:21,349 - INFO -     n=121, AUC=0.9433, Acc=0.9655, F1=0.6250
2026-01-23 11:38:21,349 - INFO -     Dropped: ['Kappa1', 'SlogP_VSA12']
2026-01-23 11:39:08,354 - INFO -     n=119, AUC=0.9477, Acc=0.9684, F1=0.6271
2026-01-23 11:39:08,354 - INFO -     Dropped: ['VSA_EState7', 'VSA_EState8']
2026-01-23 11:39:53,883 - INFO -     n=117, AUC=0.9557, Acc=0.9655, F1=0.6000
2026-01-23 11:39:53,884 - INFO -     Dropped: ['Chi1v', 'fr_Ndealkylation2']
2026-01-23 11:40:37,945 - INFO -     n=115, AUC=0.9538, Acc=0.9684, F1=0.6271
2026-01-23 11:40:37,945 - INFO -     Dropped: ['Chi0', 'Chi1']
2026-01-23 11:41:20,607 - INFO -     n=113, AUC=0.9452, Acc=0.9648, F1=0.5950
2026-01-23 11:41:20,607 - INFO -     Dropped: ['EState_VSA8', 'fr_ArN']
2026-01-23 11:42:01,858 - INFO -     n=111, AUC=0.9432, Acc=0.9662, F1=0.6050
2026-01-23 11:42:01,858 - INFO -     Dropped: ['NR-AR', 'fr_sulfonamd']
2026-01-23 11:42:41,747 - INFO -     n=109, AUC=0.9440, Acc=0.9633, F1=0.5714
2026-01-23 11:42:41,747 - INFO -     Dropped: ['Ipc', 'SlogP_VSA2']
2026-01-23 11:43:20,292 - INFO -     n=107, AUC=0.9477, Acc=0.9648, F1=0.6080
2026-01-23 11:43:20,293 - INFO -     Dropped: ['Kappa2', 'fr_phenol_noOrthoHbond']
2026-01-23 11:43:57,499 - INFO -     n=105, AUC=0.9464, Acc=0.9662, F1=0.6116
2026-01-23 11:43:57,500 - INFO -     Dropped: ['MinPartialCharge', 'Chi4n']
2026-01-23 11:44:33,416 - INFO -     n=103, AUC=0.9397, Acc=0.9612, F1=0.5424
2026-01-23 11:44:33,416 - INFO -     Dropped: ['SMR_VSA6', 'NumRotatableBonds']
2026-01-23 11:45:08,032 - INFO -     n=101, AUC=0.9431, Acc=0.9669, F1=0.6167
2026-01-23 11:45:08,032 - INFO -     Dropped: ['EState_VSA6', 'fr_unbrch_alkane']
2026-01-23 11:45:41,471 - INFO -     n=99, AUC=0.9431, Acc=0.9669, F1=0.6167
2026-01-23 11:45:41,471 - INFO -     Dropped: ['fr_nitrile', 'fr_para_hydroxylation']
2026-01-23 11:46:13,592 - INFO -     n=97, AUC=0.9485, Acc=0.9662, F1=0.6050
2026-01-23 11:46:13,592 - INFO -     Dropped: ['SlogP_VSA10', 'fr_ester']
2026-01-23 11:46:44,542 - INFO -     n=95, AUC=0.9480, Acc=0.9648, F1=0.6016
2026-01-23 11:46:44,542 - INFO -     Dropped: ['NumValenceElectrons', 'Chi2v']
2026-01-23 11:47:14,272 - INFO -     n=93, AUC=0.9521, Acc=0.9662, F1=0.6116
2026-01-23 11:47:14,272 - INFO -     Dropped: ['MaxEStateIndex', 'PEOE_VSA12']
2026-01-23 11:47:42,781 - INFO -     n=91, AUC=0.9496, Acc=0.9662, F1=0.6116
2026-01-23 11:47:42,781 - INFO -     Dropped: ['NR-Aromatase', 'Chi0v']
2026-01-23 11:48:10,126 - INFO -     n=89, AUC=0.9438, Acc=0.9641, F1=0.5968
2026-01-23 11:48:10,126 - INFO -     Dropped: ['Chi1n', 'NHOHCount']
2026-01-23 11:48:36,304 - INFO -     n=87, AUC=0.9467, Acc=0.9626, F1=0.5738
2026-01-23 11:48:36,304 - INFO -     Dropped: ['Chi3n', 'EState_VSA1']
2026-01-23 11:49:01,381 - INFO -     n=85, AUC=0.9486, Acc=0.9619, F1=0.5546
2026-01-23 11:49:01,381 - INFO -     Dropped: ['SlogP_VSA6', 'MolMR']
2026-01-23 11:49:25,330 - INFO -     n=83, AUC=0.9449, Acc=0.9676, F1=0.6218
2026-01-23 11:49:25,330 - INFO -     Dropped: ['VSA_EState5', 'fr_Al_OH_noTert']
2026-01-23 11:49:48,262 - INFO -     n=81, AUC=0.9445, Acc=0.9626, F1=0.5806
2026-01-23 11:49:48,262 - INFO -     Dropped: ['fr_allylic_oxid', 'fr_amide']
2026-01-23 11:50:10,131 - INFO -     n=79, AUC=0.9451, Acc=0.9655, F1=0.5932
2026-01-23 11:50:10,131 - INFO -     Dropped: ['BCUT2D_LOGPLOW', 'SlogP_VSA5']
2026-01-23 11:50:30,941 - INFO -     n=77, AUC=0.9435, Acc=0.9662, F1=0.6179
2026-01-23 11:50:30,942 - INFO -     Dropped: ['Chi3v', 'fr_halogen']
2026-01-23 11:50:50,746 - INFO -     n=75, AUC=0.9432, Acc=0.9648, F1=0.5882
2026-01-23 11:50:50,746 - INFO -     Dropped: ['HeavyAtomMolWt', 'TPSA']
2026-01-23 11:51:09,566 - INFO -     n=73, AUC=0.9449, Acc=0.9648, F1=0.5882
2026-01-23 11:51:09,566 - INFO -     Dropped: ['MinAbsPartialCharge', 'EState_VSA5']
2026-01-23 11:51:27,459 - INFO -     n=71, AUC=0.9453, Acc=0.9633, F1=0.5854
2026-01-23 11:51:27,459 - INFO -     Dropped: ['Chi4v', 'PEOE_VSA9']
2026-01-23 11:51:44,356 - INFO -     n=69, AUC=0.9453, Acc=0.9626, F1=0.5667
2026-01-23 11:51:44,356 - INFO -     Dropped: ['SMR_VSA10', 'fr_methoxy']
2026-01-23 11:52:00,261 - INFO -     n=67, AUC=0.9484, Acc=0.9655, F1=0.6066
2026-01-23 11:52:00,261 - INFO -     Dropped: ['BCUT2D_MWHI', 'PEOE_VSA1']
2026-01-23 11:52:15,446 - INFO -     n=65, AUC=0.9504, Acc=0.9626, F1=0.5593
2026-01-23 11:52:15,446 - INFO -     Dropped: ['Chi0n', 'FractionCSP3']
2026-01-23 11:52:29,653 - INFO -     n=63, AUC=0.9467, Acc=0.9648, F1=0.6016
2026-01-23 11:52:29,653 - INFO -     Dropped: ['fr_aryl_methyl', 'fr_furan']
2026-01-23 11:52:43,048 - INFO -     n=61, AUC=0.9477, Acc=0.9662, F1=0.5983
2026-01-23 11:52:43,048 - INFO -     Dropped: ['PEOE_VSA3', 'SlogP_VSA11']
2026-01-23 11:52:55,682 - INFO -     n=59, AUC=0.9448, Acc=0.9626, F1=0.5593
2026-01-23 11:52:55,682 - INFO -     Dropped: ['qed', 'SMR_VSA7']
2026-01-23 11:53:07,436 - INFO -     n=57, AUC=0.9433, Acc=0.9648, F1=0.5950
2026-01-23 11:53:07,436 - INFO -     Dropped: ['PEOE_VSA8', 'VSA_EState6']
2026-01-23 11:53:18,455 - INFO -     n=55, AUC=0.9460, Acc=0.9641, F1=0.5833
2026-01-23 11:53:18,455 - INFO -     Dropped: ['SMR_VSA3', 'VSA_EState2']
2026-01-23 11:53:28,737 - INFO -     n=53, AUC=0.9499, Acc=0.9662, F1=0.6050
2026-01-23 11:53:28,737 - INFO -     Dropped: ['MolWt', 'PEOE_VSA6']
2026-01-23 11:53:38,246 - INFO -     n=51, AUC=0.9423, Acc=0.9641, F1=0.5902
2026-01-23 11:53:38,246 - INFO -     Dropped: ['HallKierAlpha', 'SlogP_VSA8']
2026-01-23 11:53:47,148 - INFO -     n=49, AUC=0.9418, Acc=0.9626, F1=0.5517
2026-01-23 11:53:47,148 - INFO -     Dropped: ['Kappa3', 'SMR_VSA9']
2026-01-23 11:53:55,294 - INFO -     n=47, AUC=0.9454, Acc=0.9633, F1=0.5714
2026-01-23 11:53:55,294 - INFO -     Dropped: ['FpDensityMorgan3', 'PEOE_VSA11']
2026-01-23 11:54:02,828 - INFO -     n=45, AUC=0.9374, Acc=0.9633, F1=0.5641
2026-01-23 11:54:02,828 - INFO -     Dropped: ['BCUT2D_CHGHI', 'BCUT2D_CHGLO']
2026-01-23 11:54:09,800 - INFO -     n=43, AUC=0.9444, Acc=0.9662, F1=0.6050
2026-01-23 11:54:09,800 - INFO -     Dropped: ['MinAbsEStateIndex', 'VSA_EState9']
2026-01-23 11:54:16,145 - INFO -     n=41, AUC=0.9513, Acc=0.9641, F1=0.5968
2026-01-23 11:54:16,145 - INFO -     Dropped: ['FpDensityMorgan2', 'PEOE_VSA10']
2026-01-23 11:54:21,874 - INFO -     n=39, AUC=0.9439, Acc=0.9669, F1=0.6290
2026-01-23 11:54:21,874 - INFO -     Dropped: ['EState_VSA7', 'VSA_EState1']
2026-01-23 11:54:27,164 - INFO -     n=37, AUC=0.9466, Acc=0.9605, F1=0.5455
2026-01-23 11:54:27,165 - INFO -     Dropped: ['MaxAbsPartialCharge', 'MolLogP']
2026-01-23 11:54:31,935 - INFO -     n=35, AUC=0.9423, Acc=0.9648, F1=0.5812
2026-01-23 11:54:31,935 - INFO -     Dropped: ['BCUT2D_MRLOW', 'BertzCT']
2026-01-23 11:54:36,233 - INFO -     n=33, AUC=0.9408, Acc=0.9648, F1=0.5950
2026-01-23 11:54:36,233 - INFO -     Dropped: ['SMR_VSA4', 'VSA_EState4']
2026-01-23 11:54:39,979 - INFO -     n=31, AUC=0.9344, Acc=0.9648, F1=0.6016
2026-01-23 11:54:39,979 - INFO -     Dropped: ['FpDensityMorgan1', 'EState_VSA3']
2026-01-23 11:54:43,335 - INFO -     n=29, AUC=0.9423, Acc=0.9684, F1=0.6452
2026-01-23 11:54:43,335 - INFO -     Dropped: ['BCUT2D_MRHI', 'VSA_EState3']
2026-01-23 11:54:46,310 - INFO -     n=27, AUC=0.9495, Acc=0.9662, F1=0.6299
2026-01-23 11:54:46,310 - INFO -     Dropped: ['EState_VSA2', 'EState_VSA4']
2026-01-23 11:54:48,940 - INFO -     n=25, AUC=0.9388, Acc=0.9633, F1=0.5854
2026-01-23 11:54:48,940 - INFO -     Dropped: ['MinEStateIndex', 'MaxPartialCharge']
2026-01-23 11:54:51,245 - INFO -     n=23, AUC=0.9395, Acc=0.9648, F1=0.6016
2026-01-23 11:54:51,245 - INFO -     Dropped: ['SR-ARE', 'NumHeteroatoms']
2026-01-23 11:54:53,240 - INFO -     n=21, AUC=0.9263, Acc=0.9669, F1=0.6290
2026-01-23 11:54:53,240 - INFO -     Dropped: ['BalabanJ', 'PEOE_VSA5']
2026-01-23 11:54:54,949 - INFO -     n=19, AUC=0.9272, Acc=0.9655, F1=0.6129
2026-01-23 11:54:54,949 - INFO -     Dropped: ['SlogP_VSA3', 'EState_VSA9']
2026-01-23 11:54:56,386 - INFO -     n=17, AUC=0.9314, Acc=0.9676, F1=0.6400
2026-01-23 11:54:56,386 - INFO -     Dropped: ['PEOE_VSA13', 'SlogP_VSA4']
2026-01-23 11:54:57,572 - INFO -     n=15, AUC=0.9453, Acc=0.9626, F1=0.6000
2026-01-23 11:54:57,572 - INFO -     Dropped: ['BCUT2D_LOGPHI', 'PEOE_VSA2']
2026-01-23 11:54:58,522 - INFO -     n=13, AUC=0.9312, Acc=0.9583, F1=0.5672
2026-01-23 11:54:58,522 - INFO -     Dropped: ['BCUT2D_MWLOW', 'SMR_VSA5']
2026-01-23 11:54:59,289 - INFO -     n=11, AUC=0.9174, Acc=0.9626, F1=0.6000
2026-01-23 11:54:59,289 - INFO -     Dropped: ['NR-AhR', 'NumSaturatedHeterocycles']
2026-01-23 11:54:59,888 - INFO -     n=9, AUC=0.9061, Acc=0.9597, F1=0.5625
2026-01-23 11:54:59,888 - INFO -     Dropped: ['PEOE_VSA14', 'PEOE_VSA7']
2026-01-23 11:55:00,345 - INFO -     n=7, AUC=0.9039, Acc=0.9612, F1=0.5909
2026-01-23 11:55:00,345 - INFO -     Dropped: ['SR-HSE', 'SR-MMP']
2026-01-23 11:55:00,685 - INFO -     n=5, AUC=0.9020, Acc=0.9597, F1=0.5556
2026-01-23 11:55:00,685 - INFO -     Dropped: ['NR-PPAR-gamma', 'fr_bicyclic']
2026-01-23 11:55:00,915 - INFO -     n=3, AUC=0.9126, Acc=0.9561, F1=0.3960
2026-01-23 11:55:00,915 - INFO -     Dropped: ['NR-AR-LBD', 'SR-p53']
2026-01-23 11:55:01,030 - INFO -     n=1, AUC=0.8747, Acc=0.9497, F1=0.0000
2026-01-23 11:55:01,030 - INFO -     Dropped: ['SR-ATAD5', 'fr_Ar_OH']
2026-01-23 11:55:01,031 - INFO -   → Best for repeat 1: 117 features, AUC=0.9557
2026-01-23 11:55:01,031 - INFO - 
  Repeat 2/3
2026-01-23 11:57:06,963 - INFO -     n=213, AUC=0.9710, Acc=0.9626, F1=0.5873
2026-01-23 11:57:06,963 - INFO -     Dropped: ['fr_unbrch_alkane', 'fr_urea']
2026-01-23 11:59:11,018 - INFO -     n=211, AUC=0.9710, Acc=0.9626, F1=0.5873
2026-01-23 11:59:11,018 - INFO -     Dropped: ['fr_thiocyan', 'fr_thiophene']
2026-01-23 12:01:13,210 - INFO -     n=209, AUC=0.9710, Acc=0.9626, F1=0.5873
2026-01-23 12:01:13,210 - INFO -     Dropped: ['fr_tetrazole', 'fr_thiazole']
2026-01-23 12:03:13,458 - INFO -     n=207, AUC=0.9710, Acc=0.9626, F1=0.5873
2026-01-23 12:03:13,459 - INFO -     Dropped: ['fr_sulfone', 'fr_term_acetylene']
2026-01-23 12:05:11,891 - INFO -     n=205, AUC=0.9710, Acc=0.9626, F1=0.5873
2026-01-23 12:05:11,891 - INFO -     Dropped: ['fr_amidine', 'fr_aryl_methyl']
2026-01-23 12:07:08,314 - INFO -     n=203, AUC=0.9710, Acc=0.9626, F1=0.5873
2026-01-23 12:07:08,314 - INFO -     Dropped: ['fr_azide', 'fr_furan']
2026-01-23 12:09:02,855 - INFO -     n=201, AUC=0.9710, Acc=0.9626, F1=0.5873
2026-01-23 12:09:02,855 - INFO -     Dropped: ['PEOE_VSA5', 'fr_C_S']
2026-01-23 12:10:55,477 - INFO -     n=199, AUC=0.9710, Acc=0.9626, F1=0.5873
2026-01-23 12:10:55,477 - INFO -     Dropped: ['fr_Al_COO', 'fr_barbitur']
2026-01-23 12:12:46,035 - INFO -     n=197, AUC=0.9710, Acc=0.9626, F1=0.5873
2026-01-23 12:12:46,035 - INFO -     Dropped: ['NumSaturatedHeterocycles', 'RingCount']
2026-01-23 12:14:34,148 - INFO -     n=195, AUC=0.9710, Acc=0.9626, F1=0.5873
2026-01-23 12:14:34,148 - INFO -     Dropped: ['EState_VSA11', 'NumSaturatedCarbocycles']
2026-01-23 12:16:20,093 - INFO -     n=193, AUC=0.9710, Acc=0.9626, F1=0.5873
2026-01-23 12:16:20,093 - INFO -     Dropped: ['fr_HOCCN', 'fr_dihydropyridine']
2026-01-23 12:18:04,197 - INFO -     n=191, AUC=0.9710, Acc=0.9626, F1=0.5873
2026-01-23 12:18:04,197 - INFO -     Dropped: ['HeavyAtomCount', 'fr_benzodiazepine']
2026-01-23 12:19:46,641 - INFO -     n=189, AUC=0.9710, Acc=0.9626, F1=0.5873
2026-01-23 12:19:46,641 - INFO -     Dropped: ['fr_epoxide', 'fr_hdrzine']
2026-01-23 12:21:27,228 - INFO -     n=187, AUC=0.9710, Acc=0.9626, F1=0.5873
2026-01-23 12:21:27,229 - INFO -     Dropped: ['fr_alkyl_halide', 'fr_lactam']
2026-01-23 12:23:06,058 - INFO -     n=185, AUC=0.9710, Acc=0.9626, F1=0.5873
2026-01-23 12:23:06,058 - INFO -     Dropped: ['SMR_VSA2', 'fr_ketone']
2026-01-23 12:24:43,020 - INFO -     n=183, AUC=0.9710, Acc=0.9626, F1=0.5873
2026-01-23 12:24:43,020 - INFO -     Dropped: ['fr_N_O', 'fr_Ndealkylation1']
2026-01-23 12:26:17,696 - INFO -     n=181, AUC=0.9710, Acc=0.9626, F1=0.5873
2026-01-23 12:26:17,696 - INFO -     Dropped: ['fr_Ndealkylation2', 'fr_lactone']
2026-01-23 12:27:50,685 - INFO -     n=179, AUC=0.9710, Acc=0.9626, F1=0.5873
2026-01-23 12:27:50,685 - INFO -     Dropped: ['fr_ether', 'fr_imidazole']
2026-01-23 12:29:21,856 - INFO -     n=177, AUC=0.9710, Acc=0.9626, F1=0.5873
2026-01-23 12:29:21,856 - INFO -     Dropped: ['fr_C_O', 'fr_ester']
2026-01-23 12:30:51,599 - INFO -     n=175, AUC=0.9710, Acc=0.9626, F1=0.5873
2026-01-23 12:30:51,599 - INFO -     Dropped: ['fr_COO2', 'fr_Imine']
2026-01-23 12:32:23,266 - INFO -     n=173, AUC=0.9710, Acc=0.9626, F1=0.5873
2026-01-23 12:32:23,266 - INFO -     Dropped: ['fr_C_O_noCOO', 'fr_morpholine']
2026-01-23 12:33:52,291 - INFO -     n=171, AUC=0.9710, Acc=0.9626, F1=0.5873
2026-01-23 12:33:52,291 - INFO -     Dropped: ['NumAromaticCarbocycles', 'NumSaturatedRings']
2026-01-23 12:35:19,322 - INFO -     n=169, AUC=0.9710, Acc=0.9626, F1=0.5873
2026-01-23 12:35:19,322 - INFO -     Dropped: ['fr_NH1', 'fr_isocyan']
2026-01-23 12:36:44,754 - INFO -     n=167, AUC=0.9710, Acc=0.9626, F1=0.5873
2026-01-23 12:36:44,754 - INFO -     Dropped: ['fr_Ar_NH', 'fr_NH2']
2026-01-23 12:38:08,111 - INFO -     n=165, AUC=0.9710, Acc=0.9626, F1=0.5873
2026-01-23 12:38:08,112 - INFO -     Dropped: ['fr_Ar_N', 'fr_Nhpyrrole']
2026-01-23 12:39:29,491 - INFO -     n=163, AUC=0.9710, Acc=0.9626, F1=0.5873
2026-01-23 12:39:29,491 - INFO -     Dropped: ['fr_alkyl_carbamate', 'fr_guanido']
2026-01-23 12:40:49,140 - INFO -     n=161, AUC=0.9710, Acc=0.9626, F1=0.5873
2026-01-23 12:40:49,141 - INFO -     Dropped: ['NumHDonors', 'fr_ArN']
2026-01-23 12:42:06,958 - INFO -     n=159, AUC=0.9710, Acc=0.9626, F1=0.5873
2026-01-23 12:42:06,958 - INFO -     Dropped: ['fr_Al_OH', 'fr_Ar_COO']
2026-01-23 12:43:23,135 - INFO -     n=157, AUC=0.9710, Acc=0.9626, F1=0.5873
2026-01-23 12:43:23,135 - INFO -     Dropped: ['fr_SH', 'fr_azo']
2026-01-23 12:44:37,548 - INFO -     n=155, AUC=0.9710, Acc=0.9626, F1=0.5873
2026-01-23 12:44:37,548 - INFO -     Dropped: ['fr_benzene', 'fr_nitro_arom_nonortho']
2026-01-23 12:45:50,275 - INFO -     n=153, AUC=0.9710, Acc=0.9626, F1=0.5873
2026-01-23 12:45:50,276 - INFO -     Dropped: ['fr_isothiocyan', 'fr_nitro']
2026-01-23 12:47:01,342 - INFO -     n=151, AUC=0.9710, Acc=0.9626, F1=0.5873
2026-01-23 12:47:01,342 - INFO -     Dropped: ['NumRadicalElectrons', 'fr_nitrile']
2026-01-23 12:48:10,732 - INFO -     n=149, AUC=0.9710, Acc=0.9626, F1=0.5873
2026-01-23 12:48:10,732 - INFO -     Dropped: ['MaxAbsEStateIndex', 'fr_imide']
2026-01-23 12:49:18,415 - INFO -     n=147, AUC=0.9710, Acc=0.9626, F1=0.5873
2026-01-23 12:49:18,415 - INFO -     Dropped: ['fr_nitroso', 'fr_quatN']
2026-01-23 12:50:24,423 - INFO -     n=145, AUC=0.9710, Acc=0.9626, F1=0.5873
2026-01-23 12:50:24,423 - INFO -     Dropped: ['fr_priamide', 'fr_pyridine']
2026-01-23 12:51:28,632 - INFO -     n=143, AUC=0.9710, Acc=0.9626, F1=0.5873
2026-01-23 12:51:28,632 - INFO -     Dropped: ['fr_aldehyde', 'fr_piperzine']
2026-01-23 12:52:31,348 - INFO -     n=141, AUC=0.9710, Acc=0.9626, F1=0.5873
2026-01-23 12:52:31,348 - INFO -     Dropped: ['fr_phos_acid', 'fr_phos_ester']
2026-01-23 12:53:32,330 - INFO -     n=139, AUC=0.9710, Acc=0.9626, F1=0.5873
2026-01-23 12:53:32,330 - INFO -     Dropped: ['fr_hdrzone', 'fr_oxime']
2026-01-23 12:54:31,700 - INFO -     n=137, AUC=0.9708, Acc=0.9612, F1=0.5645
2026-01-23 12:54:31,700 - INFO -     Dropped: ['fr_Al_OH_noTert', 'fr_oxazole']
2026-01-23 12:55:29,442 - INFO -     n=135, AUC=0.9710, Acc=0.9619, F1=0.5760
2026-01-23 12:55:29,442 - INFO -     Dropped: ['NumAliphaticRings', 'fr_halogen']
2026-01-23 12:56:25,547 - INFO -     n=133, AUC=0.9698, Acc=0.9612, F1=0.5574
2026-01-23 12:56:25,547 - INFO -     Dropped: ['ExactMolWt', 'SlogP_VSA11']
2026-01-23 12:57:19,993 - INFO -     n=131, AUC=0.9732, Acc=0.9633, F1=0.5920
2026-01-23 12:57:19,993 - INFO -     Dropped: ['LabuteASA', 'SlogP_VSA10']
2026-01-23 12:58:12,760 - INFO -     n=129, AUC=0.9733, Acc=0.9648, F1=0.6142
2026-01-23 12:58:12,760 - INFO -     Dropped: ['Chi1n', 'Chi1v']
2026-01-23 12:59:03,934 - INFO -     n=127, AUC=0.9751, Acc=0.9619, F1=0.5691
2026-01-23 12:59:03,934 - INFO -     Dropped: ['Chi2v', 'EState_VSA10']
2026-01-23 12:59:53,507 - INFO -     n=125, AUC=0.9725, Acc=0.9648, F1=0.6080
2026-01-23 12:59:53,507 - INFO -     Dropped: ['Chi0', 'SlogP_VSA12']
2026-01-23 13:00:41,580 - INFO -     n=123, AUC=0.9727, Acc=0.9633, F1=0.5854
2026-01-23 13:00:41,580 - INFO -     Dropped: ['Chi0n', 'PEOE_VSA3']
2026-01-23 13:01:28,026 - INFO -     n=121, AUC=0.9734, Acc=0.9633, F1=0.5920
2026-01-23 13:01:28,026 - INFO -     Dropped: ['BCUT2D_MRLOW', 'Chi2n']
2026-01-23 13:02:13,130 - INFO -     n=119, AUC=0.9734, Acc=0.9633, F1=0.5920
2026-01-23 13:02:13,130 - INFO -     Dropped: ['NumHAcceptors', 'fr_phenol']
2026-01-23 13:02:56,823 - INFO -     n=117, AUC=0.9740, Acc=0.9612, F1=0.5574
2026-01-23 13:02:56,823 - INFO -     Dropped: ['BCUT2D_CHGHI', 'fr_COO']
2026-01-23 13:03:39,163 - INFO -     n=115, AUC=0.9740, Acc=0.9612, F1=0.5574
2026-01-23 13:03:39,163 - INFO -     Dropped: ['NumAliphaticCarbocycles', 'NumAromaticHeterocycles']
2026-01-23 13:04:20,092 - INFO -     n=113, AUC=0.9746, Acc=0.9619, F1=0.5691
2026-01-23 13:04:20,092 - INFO -     Dropped: ['SMR_VSA9', 'NumAromaticRings']
2026-01-23 13:04:59,670 - INFO -     n=111, AUC=0.9718, Acc=0.9619, F1=0.5691
2026-01-23 13:04:59,670 - INFO -     Dropped: ['Kappa1', 'PEOE_VSA12']
2026-01-23 13:05:37,867 - INFO -     n=109, AUC=0.9702, Acc=0.9641, F1=0.5902
2026-01-23 13:05:37,867 - INFO -     Dropped: ['PEOE_VSA4', 'VSA_EState10']
2026-01-23 13:06:14,735 - INFO -     n=107, AUC=0.9705, Acc=0.9626, F1=0.5738
2026-01-23 13:06:14,735 - INFO -     Dropped: ['Chi3n', 'SMR_VSA10']
2026-01-23 13:06:50,283 - INFO -     n=105, AUC=0.9702, Acc=0.9633, F1=0.5920
2026-01-23 13:06:50,283 - INFO -     Dropped: ['Chi0v', 'fr_methoxy']
2026-01-23 13:07:24,507 - INFO -     n=103, AUC=0.9721, Acc=0.9619, F1=0.5620
2026-01-23 13:07:24,507 - INFO -     Dropped: ['SlogP_VSA6', 'fr_Ar_OH']
2026-01-23 13:07:57,486 - INFO -     n=101, AUC=0.9748, Acc=0.9626, F1=0.5806
2026-01-23 13:07:57,486 - INFO -     Dropped: ['MinAbsPartialCharge', 'SlogP_VSA2']
2026-01-23 13:08:29,206 - INFO -     n=99, AUC=0.9701, Acc=0.9626, F1=0.5738
2026-01-23 13:08:29,206 - INFO -     Dropped: ['MinEStateIndex', 'Chi4n']
2026-01-23 13:08:59,709 - INFO -     n=97, AUC=0.9711, Acc=0.9662, F1=0.6240
2026-01-23 13:08:59,710 - INFO -     Dropped: ['NumValenceElectrons', 'SMR_VSA7']
2026-01-23 13:09:29,065 - INFO -     n=95, AUC=0.9717, Acc=0.9641, F1=0.5968
2026-01-23 13:09:29,065 - INFO -     Dropped: ['SlogP_VSA3', 'EState_VSA4']
2026-01-23 13:09:57,246 - INFO -     n=93, AUC=0.9743, Acc=0.9648, F1=0.6080
2026-01-23 13:09:57,246 - INFO -     Dropped: ['PEOE_VSA2', 'fr_sulfonamd']
2026-01-23 13:10:24,252 - INFO -     n=91, AUC=0.9742, Acc=0.9619, F1=0.5691
2026-01-23 13:10:24,252 - INFO -     Dropped: ['SMR_VSA4', 'fr_piperdine']
2026-01-23 13:10:50,204 - INFO -     n=89, AUC=0.9727, Acc=0.9633, F1=0.5920
2026-01-23 13:10:50,204 - INFO -     Dropped: ['MaxAbsPartialCharge', 'Chi4v']
2026-01-23 13:11:15,032 - INFO -     n=87, AUC=0.9738, Acc=0.9619, F1=0.5691
2026-01-23 13:11:15,032 - INFO -     Dropped: ['Chi1', 'Kappa2']
2026-01-23 13:11:38,777 - INFO -     n=85, AUC=0.9744, Acc=0.9605, F1=0.5528
2026-01-23 13:11:38,778 - INFO -     Dropped: ['NR-AR', 'SlogP_VSA5']
2026-01-23 13:12:01,466 - INFO -     n=83, AUC=0.9733, Acc=0.9619, F1=0.5691
2026-01-23 13:12:01,466 - INFO -     Dropped: ['SlogP_VSA7', 'VSA_EState8']
2026-01-23 13:12:23,148 - INFO -     n=81, AUC=0.9679, Acc=0.9626, F1=0.5738
2026-01-23 13:12:23,148 - INFO -     Dropped: ['VSA_EState2', 'VSA_EState6']
2026-01-23 13:12:43,839 - INFO -     n=79, AUC=0.9740, Acc=0.9648, F1=0.6016
2026-01-23 13:12:43,839 - INFO -     Dropped: ['FpDensityMorgan3', 'Chi3v']
2026-01-23 13:13:03,520 - INFO -     n=77, AUC=0.9724, Acc=0.9655, F1=0.6066
2026-01-23 13:13:03,520 - INFO -     Dropped: ['BCUT2D_CHGLO', 'Kappa3']
2026-01-23 13:13:22,255 - INFO -     n=75, AUC=0.9743, Acc=0.9662, F1=0.6179
2026-01-23 13:13:22,255 - INFO -     Dropped: ['MolWt', 'EState_VSA1']
2026-01-23 13:13:40,135 - INFO -     n=73, AUC=0.9681, Acc=0.9669, F1=0.6406
2026-01-23 13:13:40,135 - INFO -     Dropped: ['SlogP_VSA4', 'fr_sulfide']
2026-01-23 13:13:57,112 - INFO -     n=71, AUC=0.9735, Acc=0.9655, F1=0.6190
2026-01-23 13:13:57,112 - INFO -     Dropped: ['PEOE_VSA10', 'FractionCSP3']
2026-01-23 13:14:13,166 - INFO -     n=69, AUC=0.9720, Acc=0.9662, F1=0.6357
2026-01-23 13:14:13,166 - INFO -     Dropped: ['MaxPartialCharge', 'PEOE_VSA1']
2026-01-23 13:14:28,427 - INFO -     n=67, AUC=0.9737, Acc=0.9641, F1=0.5968
2026-01-23 13:14:28,427 - INFO -     Dropped: ['BCUT2D_MRHI', 'fr_para_hydroxylation']
2026-01-23 13:14:42,856 - INFO -     n=65, AUC=0.9724, Acc=0.9641, F1=0.6032
2026-01-23 13:14:42,856 - INFO -     Dropped: ['MaxEStateIndex', 'PEOE_VSA11']
2026-01-23 13:14:56,409 - INFO -     n=63, AUC=0.9706, Acc=0.9633, F1=0.5785
2026-01-23 13:14:56,410 - INFO -     Dropped: ['BCUT2D_LOGPHI', 'SMR_VSA3']
2026-01-23 13:15:09,239 - INFO -     n=61, AUC=0.9729, Acc=0.9655, F1=0.6129
2026-01-23 13:15:09,239 - INFO -     Dropped: ['PEOE_VSA7', 'NumRotatableBonds']
2026-01-23 13:15:21,341 - INFO -     n=59, AUC=0.9723, Acc=0.9641, F1=0.5902
2026-01-23 13:15:21,341 - INFO -     Dropped: ['MinAbsEStateIndex', 'fr_nitro_arom']
2026-01-23 13:15:32,712 - INFO -     n=57, AUC=0.9705, Acc=0.9655, F1=0.6129
2026-01-23 13:15:32,712 - INFO -     Dropped: ['NHOHCount', 'MolLogP']
2026-01-23 13:15:43,404 - INFO -     n=55, AUC=0.9737, Acc=0.9648, F1=0.6016
2026-01-23 13:15:43,404 - INFO -     Dropped: ['VSA_EState1', 'NumAliphaticHeterocycles']
2026-01-23 13:15:53,385 - INFO -     n=53, AUC=0.9703, Acc=0.9626, F1=0.5806
2026-01-23 13:15:53,385 - INFO -     Dropped: ['EState_VSA5', 'fr_NH0']
2026-01-23 13:16:02,762 - INFO -     n=51, AUC=0.9709, Acc=0.9633, F1=0.5854
2026-01-23 13:16:02,762 - INFO -     Dropped: ['PEOE_VSA9', 'EState_VSA7']
2026-01-23 13:16:11,430 - INFO -     n=49, AUC=0.9691, Acc=0.9619, F1=0.5691
2026-01-23 13:16:11,430 - INFO -     Dropped: ['MinPartialCharge', 'VSA_EState4']
2026-01-23 13:16:19,511 - INFO -     n=47, AUC=0.9698, Acc=0.9655, F1=0.6190
2026-01-23 13:16:19,511 - INFO -     Dropped: ['EState_VSA6', 'VSA_EState9']
2026-01-23 13:16:26,984 - INFO -     n=45, AUC=0.9675, Acc=0.9619, F1=0.5546
2026-01-23 13:16:26,984 - INFO -     Dropped: ['Ipc', 'NOCount']
2026-01-23 13:16:33,820 - INFO -     n=43, AUC=0.9683, Acc=0.9648, F1=0.6016
2026-01-23 13:16:33,820 - INFO -     Dropped: ['HeavyAtomMolWt', 'SMR_VSA5']
2026-01-23 13:16:40,157 - INFO -     n=41, AUC=0.9694, Acc=0.9626, F1=0.5667
2026-01-23 13:16:40,157 - INFO -     Dropped: ['MolMR', 'fr_aniline']
2026-01-23 13:16:45,983 - INFO -     n=39, AUC=0.9738, Acc=0.9648, F1=0.5882
2026-01-23 13:16:45,983 - INFO -     Dropped: ['SlogP_VSA8', 'VSA_EState7']
2026-01-23 13:16:51,288 - INFO -     n=37, AUC=0.9608, Acc=0.9597, F1=0.5556
2026-01-23 13:16:51,288 - INFO -     Dropped: ['NR-Aromatase', 'SR-ARE']
2026-01-23 13:16:56,068 - INFO -     n=35, AUC=0.9673, Acc=0.9662, F1=0.6050
2026-01-23 13:16:56,068 - INFO -     Dropped: ['qed', 'NumHeteroatoms']
2026-01-23 13:17:00,374 - INFO -     n=33, AUC=0.9663, Acc=0.9619, F1=0.5760
2026-01-23 13:17:00,374 - INFO -     Dropped: ['PEOE_VSA6', 'VSA_EState5']
2026-01-23 13:17:04,270 - INFO -     n=31, AUC=0.9623, Acc=0.9626, F1=0.6000
2026-01-23 13:17:04,270 - INFO -     Dropped: ['FpDensityMorgan2', 'EState_VSA9']
2026-01-23 13:17:07,728 - INFO -     n=29, AUC=0.9634, Acc=0.9626, F1=0.5873
2026-01-23 13:17:07,729 - INFO -     Dropped: ['FpDensityMorgan1', 'BCUT2D_MWHI']
2026-01-23 13:17:10,756 - INFO -     n=27, AUC=0.9589, Acc=0.9597, F1=0.5556
2026-01-23 13:17:10,756 - INFO -     Dropped: ['NR-AhR', 'BalabanJ']
2026-01-23 13:17:13,404 - INFO -     n=25, AUC=0.9599, Acc=0.9597, F1=0.5484
2026-01-23 13:17:13,404 - INFO -     Dropped: ['HallKierAlpha', 'EState_VSA8']
2026-01-23 13:17:15,694 - INFO -     n=23, AUC=0.9520, Acc=0.9583, F1=0.5538
2026-01-23 13:17:15,694 - INFO -     Dropped: ['BertzCT', 'EState_VSA3']
2026-01-23 13:17:17,666 - INFO -     n=21, AUC=0.9437, Acc=0.9526, F1=0.5000
2026-01-23 13:17:17,667 - INFO -     Dropped: ['BCUT2D_LOGPLOW', 'fr_ketone_Topliss']
2026-01-23 13:17:19,347 - INFO -     n=19, AUC=0.9465, Acc=0.9569, F1=0.5522
2026-01-23 13:17:19,347 - INFO -     Dropped: ['SMR_VSA6', 'SlogP_VSA1']
2026-01-23 13:17:20,746 - INFO -     n=17, AUC=0.9392, Acc=0.9547, F1=0.5191
2026-01-23 13:17:20,746 - INFO -     Dropped: ['PEOE_VSA8', 'VSA_EState3']
2026-01-23 13:17:21,908 - INFO -     n=15, AUC=0.9424, Acc=0.9597, F1=0.5484
2026-01-23 13:17:21,909 - INFO -     Dropped: ['PEOE_VSA13', 'TPSA']
2026-01-23 13:17:22,858 - INFO -     n=13, AUC=0.9360, Acc=0.9597, F1=0.5556
2026-01-23 13:17:22,858 - INFO -     Dropped: ['SMR_VSA1', 'fr_allylic_oxid']
2026-01-23 13:17:23,608 - INFO -     n=11, AUC=0.9344, Acc=0.9576, F1=0.5354
2026-01-23 13:17:23,609 - INFO -     Dropped: ['BCUT2D_MWLOW', 'EState_VSA2']
2026-01-23 13:17:24,201 - INFO -     n=9, AUC=0.9348, Acc=0.9533, F1=0.5113
2026-01-23 13:17:24,201 - INFO -     Dropped: ['PEOE_VSA14', 'fr_amide']
2026-01-23 13:17:24,660 - INFO -     n=7, AUC=0.9248, Acc=0.9518, F1=0.4962
2026-01-23 13:17:24,660 - INFO -     Dropped: ['SR-HSE', 'SR-MMP']
2026-01-23 13:17:25,002 - INFO -     n=5, AUC=0.9419, Acc=0.9482, F1=0.4627
2026-01-23 13:17:25,002 - INFO -     Dropped: ['NR-AR-LBD', 'NR-PPAR-gamma']
2026-01-23 13:17:25,231 - INFO -     n=3, AUC=0.9470, Acc=0.9468, F1=0.2885
2026-01-23 13:17:25,231 - INFO -     Dropped: ['fr_bicyclic', 'fr_phenol_noOrthoHbond']
2026-01-23 13:17:25,348 - INFO -     n=1, AUC=0.9054, Acc=0.9497, F1=0.0000
2026-01-23 13:17:25,348 - INFO -     Dropped: ['SR-ATAD5', 'SR-p53']
2026-01-23 13:17:25,349 - INFO -   → Best for repeat 2: 127 features, AUC=0.9751
2026-01-23 13:17:25,349 - INFO - 
  Repeat 3/3
2026-01-23 13:19:31,914 - INFO -     n=213, AUC=0.9309, Acc=0.9619, F1=0.5827
2026-01-23 13:19:31,915 - INFO -     Dropped: ['NR-AR', 'fr_urea']
2026-01-23 13:21:36,664 - INFO -     n=211, AUC=0.9309, Acc=0.9619, F1=0.5827
2026-01-23 13:21:36,664 - INFO -     Dropped: ['fr_furan', 'fr_guanido']
2026-01-23 13:23:39,556 - INFO -     n=209, AUC=0.9309, Acc=0.9619, F1=0.5827
2026-01-23 13:23:39,556 - INFO -     Dropped: ['PEOE_VSA4', 'fr_NH2']
2026-01-23 13:25:40,619 - INFO -     n=207, AUC=0.9309, Acc=0.9619, F1=0.5827
2026-01-23 13:25:40,619 - INFO -     Dropped: ['fr_NH1', 'fr_imidazole']
2026-01-23 13:27:39,697 - INFO -     n=205, AUC=0.9309, Acc=0.9619, F1=0.5827
2026-01-23 13:27:39,697 - INFO -     Dropped: ['HeavyAtomCount', 'fr_C_O']
2026-01-23 13:29:37,018 - INFO -     n=203, AUC=0.9309, Acc=0.9619, F1=0.5827
2026-01-23 13:29:37,019 - INFO -     Dropped: ['fr_morpholine', 'fr_nitro_arom_nonortho']
2026-01-23 13:31:32,137 - INFO -     n=201, AUC=0.9309, Acc=0.9619, F1=0.5827
2026-01-23 13:31:32,137 - INFO -     Dropped: ['fr_epoxide', 'fr_isocyan']
2026-01-23 13:33:24,584 - INFO -     n=199, AUC=0.9309, Acc=0.9619, F1=0.5827
2026-01-23 13:33:24,584 - INFO -     Dropped: ['fr_benzene', 'fr_benzodiazepine']
2026-01-23 13:35:15,162 - INFO -     n=197, AUC=0.9309, Acc=0.9619, F1=0.5827
2026-01-23 13:35:15,162 - INFO -     Dropped: ['fr_azo', 'fr_nitroso']
2026-01-23 13:37:03,920 - INFO -     n=195, AUC=0.9309, Acc=0.9619, F1=0.5827
2026-01-23 13:37:03,920 - INFO -     Dropped: ['fr_COO', 'fr_oxazole']
2026-01-23 13:38:50,717 - INFO -     n=193, AUC=0.9309, Acc=0.9619, F1=0.5827
2026-01-23 13:38:50,717 - INFO -     Dropped: ['fr_hdrzine', 'fr_piperzine']
2026-01-23 13:40:35,817 - INFO -     n=191, AUC=0.9309, Acc=0.9619, F1=0.5827
2026-01-23 13:40:35,817 - INFO -     Dropped: ['NumAromaticHeterocycles', 'fr_amidine']
2026-01-23 13:42:18,952 - INFO -     n=189, AUC=0.9309, Acc=0.9619, F1=0.5827
2026-01-23 13:42:18,952 - INFO -     Dropped: ['SlogP_VSA7', 'fr_lactam']
2026-01-23 13:44:00,470 - INFO -     n=187, AUC=0.9309, Acc=0.9619, F1=0.5827
2026-01-23 13:44:00,470 - INFO -     Dropped: ['fr_thiocyan', 'fr_thiophene']
2026-01-23 13:45:40,655 - INFO -     n=185, AUC=0.9309, Acc=0.9619, F1=0.5827
2026-01-23 13:45:40,655 - INFO -     Dropped: ['fr_aldehyde', 'fr_alkyl_carbamate']
2026-01-23 13:47:19,099 - INFO -     n=183, AUC=0.9309, Acc=0.9619, F1=0.5827
2026-01-23 13:47:19,099 - INFO -     Dropped: ['fr_Nhpyrrole', 'fr_SH']
2026-01-23 13:48:55,536 - INFO -     n=181, AUC=0.9309, Acc=0.9619, F1=0.5827
2026-01-23 13:48:55,536 - INFO -     Dropped: ['EState_VSA11', 'fr_nitrile']
2026-01-23 13:50:30,416 - INFO -     n=179, AUC=0.9309, Acc=0.9619, F1=0.5827
2026-01-23 13:50:30,416 - INFO -     Dropped: ['SMR_VSA2', 'fr_Ndealkylation1']
2026-01-23 13:52:03,463 - INFO -     n=177, AUC=0.9309, Acc=0.9619, F1=0.5827
2026-01-23 13:52:03,463 - INFO -     Dropped: ['fr_N_O', 'fr_barbitur']
2026-01-23 13:53:34,510 - INFO -     n=175, AUC=0.9309, Acc=0.9619, F1=0.5827
2026-01-23 13:53:34,510 - INFO -     Dropped: ['fr_HOCCN', 'fr_Imine']
2026-01-23 13:55:03,847 - INFO -     n=173, AUC=0.9309, Acc=0.9619, F1=0.5827
2026-01-23 13:55:03,847 - INFO -     Dropped: ['fr_C_S', 'fr_dihydropyridine']
2026-01-23 13:56:31,423 - INFO -     n=171, AUC=0.9309, Acc=0.9619, F1=0.5827
2026-01-23 13:56:31,423 - INFO -     Dropped: ['NumHDonors', 'fr_imide']
2026-01-23 13:57:57,283 - INFO -     n=169, AUC=0.9309, Acc=0.9619, F1=0.5827
2026-01-23 13:57:57,283 - INFO -     Dropped: ['fr_hdrzone', 'fr_phos_acid']
2026-01-23 13:59:21,449 - INFO -     n=167, AUC=0.9309, Acc=0.9619, F1=0.5827
2026-01-23 13:59:21,449 - INFO -     Dropped: ['fr_Ar_COO', 'fr_Ar_N']
2026-01-23 14:00:43,900 - INFO -     n=165, AUC=0.9309, Acc=0.9619, F1=0.5827
2026-01-23 14:00:43,900 - INFO -     Dropped: ['fr_azide', 'fr_lactone']
2026-01-23 14:02:04,914 - INFO -     n=163, AUC=0.9309, Acc=0.9619, F1=0.5827
2026-01-23 14:02:04,914 - INFO -     Dropped: ['fr_isothiocyan', 'fr_phos_ester']
2026-01-23 14:03:24,230 - INFO -     n=161, AUC=0.9309, Acc=0.9619, F1=0.5827
2026-01-23 14:03:24,230 - INFO -     Dropped: ['fr_Ndealkylation2', 'fr_pyridine']
2026-01-23 14:04:41,869 - INFO -     n=159, AUC=0.9309, Acc=0.9619, F1=0.5827
2026-01-23 14:04:41,869 - INFO -     Dropped: ['MaxAbsEStateIndex', 'fr_priamide']
2026-01-23 14:05:57,789 - INFO -     n=157, AUC=0.9309, Acc=0.9619, F1=0.5827
2026-01-23 14:05:57,789 - INFO -     Dropped: ['fr_ketone_Topliss', 'fr_sulfide']
2026-01-23 14:07:12,090 - INFO -     n=155, AUC=0.9309, Acc=0.9619, F1=0.5827
2026-01-23 14:07:12,090 - INFO -     Dropped: ['NumRadicalElectrons', 'NumSaturatedCarbocycles']
2026-01-23 14:08:24,687 - INFO -     n=153, AUC=0.9309, Acc=0.9619, F1=0.5827
2026-01-23 14:08:24,687 - INFO -     Dropped: ['fr_oxime', 'fr_tetrazole']
2026-01-23 14:09:35,582 - INFO -     n=151, AUC=0.9309, Acc=0.9619, F1=0.5827
2026-01-23 14:09:35,582 - INFO -     Dropped: ['fr_term_acetylene', 'fr_thiazole']
2026-01-23 14:10:44,625 - INFO -     n=149, AUC=0.9309, Acc=0.9619, F1=0.5827
2026-01-23 14:10:44,625 - INFO -     Dropped: ['NumAliphaticCarbocycles', 'fr_sulfonamd']
2026-01-23 14:11:52,004 - INFO -     n=147, AUC=0.9309, Acc=0.9619, F1=0.5827
2026-01-23 14:11:52,004 - INFO -     Dropped: ['fr_quatN', 'fr_sulfone']
2026-01-23 14:12:57,837 - INFO -     n=145, AUC=0.9373, Acc=0.9612, F1=0.5714
2026-01-23 14:12:57,837 - INFO -     Dropped: ['SMR_VSA9', 'fr_ester']
2026-01-23 14:14:01,967 - INFO -     n=143, AUC=0.9373, Acc=0.9612, F1=0.5714
2026-01-23 14:14:01,967 - INFO -     Dropped: ['NOCount', 'NumAliphaticRings']
2026-01-23 14:15:04,606 - INFO -     n=141, AUC=0.9373, Acc=0.9612, F1=0.5714
2026-01-23 14:15:04,606 - INFO -     Dropped: ['VSA_EState9', 'fr_C_O_noCOO']
2026-01-23 14:16:05,587 - INFO -     n=139, AUC=0.9373, Acc=0.9612, F1=0.5714
2026-01-23 14:16:05,587 - INFO -     Dropped: ['fr_Al_OH', 'fr_ether']
2026-01-23 14:17:04,940 - INFO -     n=137, AUC=0.9383, Acc=0.9641, F1=0.5968
2026-01-23 14:17:04,940 - INFO -     Dropped: ['LabuteASA', 'fr_halogen']
2026-01-23 14:18:02,715 - INFO -     n=135, AUC=0.9331, Acc=0.9626, F1=0.5806
2026-01-23 14:18:02,715 - INFO -     Dropped: ['SlogP_VSA12', 'NumSaturatedHeterocycles']
2026-01-23 14:18:58,944 - INFO -     n=133, AUC=0.9320, Acc=0.9626, F1=0.5806
2026-01-23 14:18:58,945 - INFO -     Dropped: ['VSA_EState1', 'NumSaturatedRings']
2026-01-23 14:19:53,691 - INFO -     n=131, AUC=0.9346, Acc=0.9605, F1=0.5669
2026-01-23 14:19:53,691 - INFO -     Dropped: ['Chi0', 'fr_amide']
2026-01-23 14:20:46,876 - INFO -     n=129, AUC=0.9336, Acc=0.9626, F1=0.5738
2026-01-23 14:20:46,876 - INFO -     Dropped: ['EState_VSA10', 'fr_NH0']
2026-01-23 14:21:38,516 - INFO -     n=127, AUC=0.9336, Acc=0.9626, F1=0.5738
2026-01-23 14:21:38,516 - INFO -     Dropped: ['NumAliphaticHeterocycles', 'fr_para_hydroxylation']
2026-01-23 14:22:28,886 - INFO -     n=125, AUC=0.9336, Acc=0.9626, F1=0.5738
2026-01-23 14:22:28,886 - INFO -     Dropped: ['PEOE_VSA12', 'NumAromaticRings']
2026-01-23 14:23:17,654 - INFO -     n=123, AUC=0.9306, Acc=0.9626, F1=0.5806
2026-01-23 14:23:17,654 - INFO -     Dropped: ['Chi1', 'SMR_VSA7']
2026-01-23 14:24:04,908 - INFO -     n=121, AUC=0.9281, Acc=0.9626, F1=0.5806
2026-01-23 14:24:04,908 - INFO -     Dropped: ['ExactMolWt', 'fr_unbrch_alkane']
2026-01-23 14:24:50,703 - INFO -     n=119, AUC=0.9289, Acc=0.9597, F1=0.5556
2026-01-23 14:24:50,703 - INFO -     Dropped: ['SMR_VSA10', 'NumRotatableBonds']
2026-01-23 14:25:35,100 - INFO -     n=117, AUC=0.9293, Acc=0.9619, F1=0.5760
2026-01-23 14:25:35,100 - INFO -     Dropped: ['PEOE_VSA2', 'fr_Al_OH_noTert']
2026-01-23 14:26:18,060 - INFO -     n=115, AUC=0.9342, Acc=0.9612, F1=0.5645
2026-01-23 14:26:18,060 - INFO -     Dropped: ['Ipc', 'fr_phenol']
2026-01-23 14:26:59,611 - INFO -     n=113, AUC=0.9391, Acc=0.9619, F1=0.5760
2026-01-23 14:26:59,611 - INFO -     Dropped: ['Chi3n', 'PEOE_VSA10']
2026-01-23 14:27:39,828 - INFO -     n=111, AUC=0.9332, Acc=0.9619, F1=0.5891
2026-01-23 14:27:39,828 - INFO -     Dropped: ['Chi0n', 'Kappa1']
2026-01-23 14:28:18,659 - INFO -     n=109, AUC=0.9307, Acc=0.9626, F1=0.5806
2026-01-23 14:28:18,659 - INFO -     Dropped: ['Chi0v', 'EState_VSA6']
2026-01-23 14:28:56,193 - INFO -     n=107, AUC=0.9339, Acc=0.9633, F1=0.5920
2026-01-23 14:28:56,193 - INFO -     Dropped: ['PEOE_VSA13', 'EState_VSA4']
2026-01-23 14:29:32,472 - INFO -     n=105, AUC=0.9329, Acc=0.9619, F1=0.5760
2026-01-23 14:29:32,472 - INFO -     Dropped: ['FpDensityMorgan3', 'VSA_EState5']
2026-01-23 14:30:07,458 - INFO -     n=103, AUC=0.9348, Acc=0.9641, F1=0.5902
2026-01-23 14:30:07,458 - INFO -     Dropped: ['EState_VSA7', 'fr_ketone']
2026-01-23 14:30:41,286 - INFO -     n=101, AUC=0.9344, Acc=0.9648, F1=0.6142
2026-01-23 14:30:41,286 - INFO -     Dropped: ['Kappa3', 'fr_aryl_methyl']
2026-01-23 14:31:13,880 - INFO -     n=99, AUC=0.9351, Acc=0.9641, F1=0.6032
2026-01-23 14:31:13,880 - INFO -     Dropped: ['SlogP_VSA11', 'VSA_EState10']
2026-01-23 14:31:45,269 - INFO -     n=97, AUC=0.9351, Acc=0.9648, F1=0.6142
2026-01-23 14:31:45,269 - INFO -     Dropped: ['SMR_VSA3', 'EState_VSA1']
2026-01-23 14:32:15,437 - INFO -     n=95, AUC=0.9341, Acc=0.9619, F1=0.5827
2026-01-23 14:32:15,437 - INFO -     Dropped: ['VSA_EState2', 'fr_methoxy']
2026-01-23 14:32:44,494 - INFO -     n=93, AUC=0.9290, Acc=0.9633, F1=0.5854
2026-01-23 14:32:44,494 - INFO -     Dropped: ['MolWt', 'SMR_VSA6']
2026-01-23 14:33:12,376 - INFO -     n=91, AUC=0.9335, Acc=0.9641, F1=0.5968
2026-01-23 14:33:12,376 - INFO -     Dropped: ['Chi1n', 'PEOE_VSA6']
2026-01-23 14:33:39,132 - INFO -     n=89, AUC=0.9364, Acc=0.9605, F1=0.5669
2026-01-23 14:33:39,133 - INFO -     Dropped: ['EState_VSA2', 'VSA_EState8']
2026-01-23 14:34:04,783 - INFO -     n=87, AUC=0.9439, Acc=0.9641, F1=0.6032
2026-01-23 14:34:04,783 - INFO -     Dropped: ['Chi1v', 'Chi4v']
2026-01-23 14:34:29,388 - INFO -     n=85, AUC=0.9426, Acc=0.9633, F1=0.5984
2026-01-23 14:34:29,388 - INFO -     Dropped: ['NumValenceElectrons', 'NHOHCount']
2026-01-23 14:34:52,986 - INFO -     n=83, AUC=0.9363, Acc=0.9590, F1=0.5581
2026-01-23 14:34:52,986 - INFO -     Dropped: ['SlogP_VSA6', 'fr_phenol_noOrthoHbond']
2026-01-23 14:35:15,550 - INFO -     n=81, AUC=0.9331, Acc=0.9626, F1=0.5873
2026-01-23 14:35:15,550 - INFO -     Dropped: ['TPSA', 'EState_VSA5']
2026-01-23 14:35:37,146 - INFO -     n=79, AUC=0.9274, Acc=0.9641, F1=0.6094
2026-01-23 14:35:37,146 - INFO -     Dropped: ['BCUT2D_CHGLO', 'SlogP_VSA1']
2026-01-23 14:35:57,731 - INFO -     n=77, AUC=0.9312, Acc=0.9662, F1=0.6179
2026-01-23 14:35:57,731 - INFO -     Dropped: ['FpDensityMorgan2', 'SMR_VSA1']
2026-01-23 14:36:17,348 - INFO -     n=75, AUC=0.9319, Acc=0.9648, F1=0.6142
2026-01-23 14:36:17,348 - INFO -     Dropped: ['VSA_EState4', 'FractionCSP3']
2026-01-23 14:36:36,106 - INFO -     n=73, AUC=0.9298, Acc=0.9626, F1=0.5938
2026-01-23 14:36:36,107 - INFO -     Dropped: ['fr_COO2', 'fr_alkyl_halide']
2026-01-23 14:36:53,976 - INFO -     n=71, AUC=0.9178, Acc=0.9626, F1=0.5938
2026-01-23 14:36:53,976 - INFO -     Dropped: ['Chi2n', 'SMR_VSA4']
2026-01-23 14:37:10,917 - INFO -     n=69, AUC=0.9216, Acc=0.9612, F1=0.5781
2026-01-23 14:37:10,917 - INFO -     Dropped: ['RingCount', 'fr_ArN']
2026-01-23 14:37:26,932 - INFO -     n=67, AUC=0.9217, Acc=0.9597, F1=0.5692
2026-01-23 14:37:26,932 - INFO -     Dropped: ['MaxPartialCharge', 'MolLogP']
2026-01-23 14:37:42,159 - INFO -     n=65, AUC=0.9264, Acc=0.9626, F1=0.5873
2026-01-23 14:37:42,159 - INFO -     Dropped: ['MaxEStateIndex', 'MinEStateIndex']
2026-01-23 14:37:56,567 - INFO -     n=63, AUC=0.9226, Acc=0.9597, F1=0.5692
2026-01-23 14:37:56,567 - INFO -     Dropped: ['PEOE_VSA3', 'fr_Ar_NH']
2026-01-23 14:38:10,120 - INFO -     n=61, AUC=0.9360, Acc=0.9619, F1=0.5954
2026-01-23 14:38:10,120 - INFO -     Dropped: ['PEOE_VSA1', 'fr_aniline']
2026-01-23 14:38:22,982 - INFO -     n=59, AUC=0.9202, Acc=0.9597, F1=0.5625
2026-01-23 14:38:22,982 - INFO -     Dropped: ['Chi2v', 'SlogP_VSA5']
2026-01-23 14:38:34,976 - INFO -     n=57, AUC=0.9242, Acc=0.9605, F1=0.5802
2026-01-23 14:38:34,976 - INFO -     Dropped: ['PEOE_VSA8', 'fr_piperdine']
2026-01-23 14:38:46,329 - INFO -     n=55, AUC=0.9339, Acc=0.9612, F1=0.5714
2026-01-23 14:38:46,329 - INFO -     Dropped: ['VSA_EState6', 'fr_nitro']
2026-01-23 14:38:56,877 - INFO -     n=53, AUC=0.9282, Acc=0.9597, F1=0.5556
2026-01-23 14:38:56,877 - INFO -     Dropped: ['qed', 'SMR_VSA5']
2026-01-23 14:39:06,769 - INFO -     n=51, AUC=0.9306, Acc=0.9605, F1=0.5600
2026-01-23 14:39:06,769 - INFO -     Dropped: ['BCUT2D_CHGHI', 'VSA_EState7']
2026-01-23 14:39:15,969 - INFO -     n=49, AUC=0.9284, Acc=0.9612, F1=0.5781
2026-01-23 14:39:15,969 - INFO -     Dropped: ['MinAbsPartialCharge', 'SlogP_VSA2']
2026-01-23 14:39:24,433 - INFO -     n=47, AUC=0.9346, Acc=0.9590, F1=0.5512
2026-01-23 14:39:24,433 - INFO -     Dropped: ['MaxAbsPartialCharge', 'fr_Al_COO']
2026-01-23 14:39:32,352 - INFO -     n=45, AUC=0.9240, Acc=0.9590, F1=0.5512
2026-01-23 14:39:32,352 - INFO -     Dropped: ['NR-AhR', 'MinAbsEStateIndex']
2026-01-23 14:39:39,664 - INFO -     n=43, AUC=0.9255, Acc=0.9619, F1=0.5760
2026-01-23 14:39:39,664 - INFO -     Dropped: ['HallKierAlpha', 'fr_bicyclic']
2026-01-23 14:39:46,337 - INFO -     n=41, AUC=0.9283, Acc=0.9612, F1=0.5781
2026-01-23 14:39:46,337 - INFO -     Dropped: ['BCUT2D_LOGPHI', 'EState_VSA3']
2026-01-23 14:39:52,527 - INFO -     n=39, AUC=0.9317, Acc=0.9590, F1=0.5649
2026-01-23 14:39:52,527 - INFO -     Dropped: ['HeavyAtomMolWt', 'NumHAcceptors']
2026-01-23 14:39:58,188 - INFO -     n=37, AUC=0.9206, Acc=0.9605, F1=0.5802
2026-01-23 14:39:58,188 - INFO -     Dropped: ['NR-Aromatase', 'Kappa2']
2026-01-23 14:40:03,330 - INFO -     n=35, AUC=0.9264, Acc=0.9590, F1=0.5649
2026-01-23 14:40:03,330 - INFO -     Dropped: ['SR-ARE', 'FpDensityMorgan1']
2026-01-23 14:40:07,956 - INFO -     n=33, AUC=0.9173, Acc=0.9619, F1=0.5891
2026-01-23 14:40:07,956 - INFO -     Dropped: ['BCUT2D_MRLOW', 'fr_nitro_arom']
2026-01-23 14:40:12,155 - INFO -     n=31, AUC=0.9142, Acc=0.9583, F1=0.5672
2026-01-23 14:40:12,155 - INFO -     Dropped: ['SlogP_VSA4', 'NumHeteroatoms']
2026-01-23 14:40:15,900 - INFO -     n=29, AUC=0.9174, Acc=0.9597, F1=0.5625
2026-01-23 14:40:15,900 - INFO -     Dropped: ['PEOE_VSA7', 'NumAromaticCarbocycles']
2026-01-23 14:40:19,216 - INFO -     n=27, AUC=0.9211, Acc=0.9612, F1=0.5781
2026-01-23 14:40:19,216 - INFO -     Dropped: ['BCUT2D_MWHI', 'PEOE_VSA9']
2026-01-23 14:40:22,130 - INFO -     n=25, AUC=0.9309, Acc=0.9619, F1=0.5827
2026-01-23 14:40:22,130 - INFO -     Dropped: ['BCUT2D_MRHI', 'EState_VSA8']
2026-01-23 14:40:24,641 - INFO -     n=23, AUC=0.9229, Acc=0.9633, F1=0.6047
2026-01-23 14:40:24,641 - INFO -     Dropped: ['VSA_EState3', 'MolMR']
2026-01-23 14:40:26,789 - INFO -     n=21, AUC=0.9181, Acc=0.9619, F1=0.5760
2026-01-23 14:40:26,789 - INFO -     Dropped: ['MinPartialCharge', 'PEOE_VSA5']
2026-01-23 14:40:28,635 - INFO -     n=19, AUC=0.9297, Acc=0.9576, F1=0.5354
2026-01-23 14:40:28,635 - INFO -     Dropped: ['SlogP_VSA10', 'EState_VSA9']
2026-01-23 14:40:30,185 - INFO -     n=17, AUC=0.9180, Acc=0.9590, F1=0.5366
2026-01-23 14:40:30,185 - INFO -     Dropped: ['SlogP_VSA3', 'SlogP_VSA8']
2026-01-23 14:40:31,457 - INFO -     n=15, AUC=0.9274, Acc=0.9597, F1=0.5556
2026-01-23 14:40:31,457 - INFO -     Dropped: ['Chi3v', 'Chi4n']
2026-01-23 14:40:32,477 - INFO -     n=13, AUC=0.9151, Acc=0.9569, F1=0.5455
2026-01-23 14:40:32,477 - INFO -     Dropped: ['BalabanJ', 'BertzCT']
2026-01-23 14:40:33,274 - INFO -     n=11, AUC=0.9151, Acc=0.9526, F1=0.4923
2026-01-23 14:40:33,274 - INFO -     Dropped: ['NR-PPAR-gamma', 'PEOE_VSA11']
2026-01-23 14:40:33,892 - INFO -     n=9, AUC=0.9188, Acc=0.9619, F1=0.5827
2026-01-23 14:40:33,892 - INFO -     Dropped: ['BCUT2D_MWLOW', 'BCUT2D_LOGPLOW']
2026-01-23 14:40:34,359 - INFO -     n=7, AUC=0.8948, Acc=0.9619, F1=0.5691
2026-01-23 14:40:34,359 - INFO -     Dropped: ['PEOE_VSA14', 'fr_allylic_oxid']
2026-01-23 14:40:34,701 - INFO -     n=5, AUC=0.9095, Acc=0.9569, F1=0.5000
2026-01-23 14:40:34,701 - INFO -     Dropped: ['SR-HSE', 'SR-MMP']
2026-01-23 14:40:34,928 - INFO -     n=3, AUC=0.9017, Acc=0.9533, F1=0.4037
2026-01-23 14:40:34,928 - INFO -     Dropped: ['SR-ATAD5', 'fr_Ar_OH']
2026-01-23 14:40:35,042 - INFO -     n=1, AUC=0.8481, Acc=0.9497, F1=0.0000
2026-01-23 14:40:35,042 - INFO -     Dropped: ['NR-AR-LBD', 'SR-p53']
2026-01-23 14:40:35,043 - INFO -   → Best for repeat 3: 87 features, AUC=0.9439
2026-01-23 14:40:35,043 - INFO - 
✓ Overall best: 127 features from repeat 2, AUC=0.9751
2026-01-23 14:40:35,054 - INFO - ✓ Saved features → selected_features.txt
2026-01-23 14:40:35,083 - INFO - Generating RFE summary plot...
2026-01-23 14:40:35,088 - INFO -   ✓ Saved RFE plot data → NR-ER-LBD_rfe_plot_data.npz
2026-01-23 14:40:35,702 - INFO -   ✓ Saved RFE plot → NR-ER-LBD_rfe.png
2026-01-23 14:40:35,704 - INFO - 
STAGE 3: Data Splitting
2026-01-23 14:40:35,704 - INFO - ----------------------------------------------------------------------
2026-01-23 14:40:35,709 - INFO - ✓ Training+Val set: 6259 samples
2026-01-23 14:40:35,709 - INFO - ✓ Test set: 696 samples
2026-01-23 14:40:35,709 - INFO - 
STAGE 4: Hyperparameter Optimization (RandomizedSearchCV)
2026-01-23 14:40:35,709 - INFO - ----------------------------------------------------------------------
2026-01-23 14:40:35,709 - INFO - Running RandomizedSearchCV with 10000 iterations...
2026-01-23 14:40:35,709 - INFO - Total fits (with 5-fold CV): 50000
Fitting 5 folds for each of 10000 candidates, totalling 50000 fits
2026-01-23 18:39:48,153 - INFO - 
✓ Best hyperparameters: {'subsample': 1.0, 'scale_pos_weight': 1, 'n_estimators': 500, 'min_child_weight': 5, 'max_depth': 4, 'learning_rate': 0.05, 'colsample_bytree': 0.9}
2026-01-23 18:39:48,153 - INFO - ✓ Best 5-fold CV AUC: 0.9638
2026-01-23 18:39:48,365 - INFO - ✓ Saved CV results
2026-01-23 18:39:48,365 - INFO - 
STAGE 5: Test Set Evaluation
2026-01-23 18:39:48,365 - INFO - ----------------------------------------------------------------------
2026-01-23 18:39:48,382 - INFO - Generating diagnostic plots...
2026-01-23 18:39:48,398 - INFO -   ✓ Saved diagnostic plot data → NR-ER-LBD_diagnostic_plot_data.npz
2026-01-23 18:39:49,555 - INFO -   ✓ Saved diagnostic plots → NR-ER-LBD_diagnostics.png
2026-01-23 18:39:49,555 - INFO - 
✓ Test Set Performance:
2026-01-23 18:39:49,555 - INFO -   ROC-AUC:    0.9466
2026-01-23 18:39:49,555 - INFO -   PR-AUC:     0.6478
2026-01-23 18:39:49,555 - INFO -   Accuracy:   0.9641
2026-01-23 18:39:49,555 - INFO -   F1:         0.5098
2026-01-23 18:39:49,555 - INFO -   MCC:        0.5350
2026-01-23 18:39:49,555 - INFO - 
STAGE 6: SHAP Analysis
2026-01-23 18:39:49,555 - INFO - ----------------------------------------------------------------------
2026-01-23 18:39:49,555 - INFO - Running SHAP analysis...
2026-01-23 18:39:50,347 - INFO -   ✓ Saved SHAP data → NR-ER-LBD_shap_data.npz
2026-01-23 18:39:51,861 - INFO -   ✓ Saved SHAP plots
2026-01-23 18:39:51,862 - INFO - 
STAGE 7: Saving Results
2026-01-23 18:39:51,862 - INFO - ----------------------------------------------------------------------
2026-01-23 18:39:51,871 - INFO - ✓ Saved model → xgb_model.joblib
2026-01-23 18:39:51,872 - INFO - ✓ Saved summary → model_summary.txt
2026-01-23 18:39:51,872 - INFO - 
======================================================================
2026-01-23 18:39:51,872 - INFO - ✓ TRAINING COMPLETE for NR-ER-LBD! Total time: 8:09:55.501409
2026-01-23 18:39:51,872 - INFO - ✓ Performance: ROC-AUC=0.9466, F1=0.5098
2026-01-23 18:39:51,872 - INFO - ======================================================================
2026-01-23 18:39:51,873 - INFO - 
✓ ALL TRAINING COMPLETE! Total time: 8:09:55.743752
========================================
Training completed at: Fri 23 Jan 18:39:52 GMT 2026
Exit status: 0
========================================

Output locations:
  Model:    ./output/tox21/NR-ER-LBD/model/xgb_model.joblib
  Summary:  ./output/tox21/NR-ER-LBD/model/model_summary.txt
  Features: ./output/tox21/NR-ER-LBD/RFE/selected_features.txt
  Plots:    ./output/tox21/NR-ER-LBD/plots/

Cleaned up PBS output files
