========================================
Starting HYBRID CLASSIFICATION training for: NR-ER
Dataset: tox21_cleaned.csv
RandomizedSearchCV iterations: 10000
RFE repeats: 3
Step size: 2
Job started at: Fri 23 Jan 10:29:31 GMT 2026
Working directory: /rds/general/user/fc4018/projects/fionn2023/live/ML_finder/master/cleaned_training_2
Data directory: ./data
Output directory: ./output/tox21
========================================
2026-01-23 10:29:56,130 - INFO - 
======================================================================
2026-01-23 10:29:56,130 - INFO - LOADING DATA
2026-01-23 10:29:56,130 - INFO - ======================================================================
2026-01-23 10:29:56,325 - INFO - ✓ Loaded 7831 samples from tox21_cleaned.csv
2026-01-23 10:29:56,325 - INFO - ✓ Total columns: 217
2026-01-23 10:29:56,371 - INFO - 
✓ Single target mode: NR-ER
2026-01-23 10:29:56,371 - INFO - ======================================================================
2026-01-23 10:29:56,371 - INFO - CLASSIFICATION TRAINING: NR-ER
2026-01-23 10:29:56,371 - INFO - ======================================================================
2026-01-23 10:29:56,533 - INFO - 
STAGE 1: Preparing Data
2026-01-23 10:29:56,533 - INFO - ----------------------------------------------------------------------
2026-01-23 10:29:56,540 - INFO - ✓ Valid samples: 6193
2026-01-23 10:29:56,540 - INFO -   Class distribution: 5400 negative, 793 positive (12.8% positive)
2026-01-23 10:29:56,544 - INFO - ✓ Feature matrix: (6193, 215)
2026-01-23 10:29:56,544 - INFO - ✓ Target shape: (6193,)
2026-01-23 10:29:56,544 - INFO - 
STAGE 2: Feature Selection (RFE with Repeats)
2026-01-23 10:29:56,544 - INFO - ----------------------------------------------------------------------
2026-01-23 10:29:56,544 - INFO - Running RFE with 3 repeats (step_size=2)...
2026-01-23 10:29:56,544 - INFO - 
  Repeat 1/3
2026-01-23 10:32:41,017 - INFO -     n=213, AUC=0.8204, Acc=0.9096, F1=0.5789
2026-01-23 10:32:41,017 - INFO -     Dropped: ['fr_barbitur', 'fr_urea']
2026-01-23 10:35:23,106 - INFO -     n=211, AUC=0.8204, Acc=0.9096, F1=0.5789
2026-01-23 10:35:23,106 - INFO -     Dropped: ['fr_NH2', 'fr_furan']
2026-01-23 10:38:02,913 - INFO -     n=209, AUC=0.8204, Acc=0.9096, F1=0.5789
2026-01-23 10:38:02,913 - INFO -     Dropped: ['NumAromaticCarbocycles', 'fr_N_O']
2026-01-23 10:40:39,267 - INFO -     n=207, AUC=0.8204, Acc=0.9096, F1=0.5789
2026-01-23 10:40:39,267 - INFO -     Dropped: ['NumAliphaticRings', 'fr_benzene']
2026-01-23 10:43:12,273 - INFO -     n=205, AUC=0.8204, Acc=0.9096, F1=0.5789
2026-01-23 10:43:12,273 - INFO -     Dropped: ['fr_azide', 'fr_azo']
2026-01-23 10:45:46,190 - INFO -     n=203, AUC=0.8204, Acc=0.9096, F1=0.5789
2026-01-23 10:45:46,190 - INFO -     Dropped: ['fr_alkyl_carbamate', 'fr_aryl_methyl']
2026-01-23 10:48:17,298 - INFO -     n=201, AUC=0.8204, Acc=0.9096, F1=0.5789
2026-01-23 10:48:17,298 - INFO -     Dropped: ['fr_dihydropyridine', 'fr_piperzine']
2026-01-23 10:50:46,861 - INFO -     n=199, AUC=0.8204, Acc=0.9096, F1=0.5789
2026-01-23 10:50:46,861 - INFO -     Dropped: ['fr_benzodiazepine', 'fr_epoxide']
2026-01-23 10:53:14,420 - INFO -     n=197, AUC=0.8204, Acc=0.9096, F1=0.5789
2026-01-23 10:53:14,420 - INFO -     Dropped: ['fr_ester', 'fr_imide']
2026-01-23 10:55:39,806 - INFO -     n=195, AUC=0.8204, Acc=0.9096, F1=0.5789
2026-01-23 10:55:39,806 - INFO -     Dropped: ['fr_C_O', 'fr_amidine']
2026-01-23 10:58:02,122 - INFO -     n=193, AUC=0.8204, Acc=0.9096, F1=0.5789
2026-01-23 10:58:02,122 - INFO -     Dropped: ['fr_hdrzine', 'fr_imidazole']
2026-01-23 11:00:22,286 - INFO -     n=191, AUC=0.8204, Acc=0.9096, F1=0.5789
2026-01-23 11:00:22,286 - INFO -     Dropped: ['fr_COO', 'fr_hdrzone']
2026-01-23 11:02:40,081 - INFO -     n=189, AUC=0.8204, Acc=0.9096, F1=0.5789
2026-01-23 11:02:40,081 - INFO -     Dropped: ['PEOE_VSA13', 'fr_halogen']
2026-01-23 11:04:55,927 - INFO -     n=187, AUC=0.8204, Acc=0.9096, F1=0.5789
2026-01-23 11:04:55,928 - INFO -     Dropped: ['fr_isocyan', 'fr_thiophene']
2026-01-23 11:07:09,551 - INFO -     n=185, AUC=0.8204, Acc=0.9096, F1=0.5789
2026-01-23 11:07:09,551 - INFO -     Dropped: ['EState_VSA11', 'fr_guanido']
2026-01-23 11:09:20,473 - INFO -     n=183, AUC=0.8204, Acc=0.9096, F1=0.5789
2026-01-23 11:09:20,473 - INFO -     Dropped: ['fr_C_S', 'fr_isothiocyan']
2026-01-23 11:11:29,106 - INFO -     n=181, AUC=0.8204, Acc=0.9096, F1=0.5789
2026-01-23 11:11:29,106 - INFO -     Dropped: ['fr_Ar_NH', 'fr_ketone_Topliss']
2026-01-23 11:13:35,643 - INFO -     n=179, AUC=0.8204, Acc=0.9096, F1=0.5789
2026-01-23 11:13:35,643 - INFO -     Dropped: ['fr_COO2', 'fr_lactone']
2026-01-23 11:15:39,830 - INFO -     n=177, AUC=0.8204, Acc=0.9096, F1=0.5789
2026-01-23 11:15:39,830 - INFO -     Dropped: ['fr_nitro_arom_nonortho', 'fr_phenol']
2026-01-23 11:17:41,307 - INFO -     n=175, AUC=0.8204, Acc=0.9096, F1=0.5789
2026-01-23 11:17:41,307 - INFO -     Dropped: ['fr_morpholine', 'fr_nitro_arom']
2026-01-23 11:19:40,577 - INFO -     n=173, AUC=0.8204, Acc=0.9096, F1=0.5789
2026-01-23 11:19:40,577 - INFO -     Dropped: ['MaxAbsEStateIndex', 'fr_Imine']
2026-01-23 11:21:37,803 - INFO -     n=171, AUC=0.8204, Acc=0.9096, F1=0.5789
2026-01-23 11:21:37,803 - INFO -     Dropped: ['fr_Ndealkylation2', 'fr_SH']
2026-01-23 11:23:33,026 - INFO -     n=169, AUC=0.8204, Acc=0.9096, F1=0.5789
2026-01-23 11:23:33,026 - INFO -     Dropped: ['fr_Nhpyrrole', 'fr_nitroso']
2026-01-23 11:25:26,194 - INFO -     n=167, AUC=0.8204, Acc=0.9096, F1=0.5789
2026-01-23 11:25:26,194 - INFO -     Dropped: ['fr_HOCCN', 'fr_oxazole']
2026-01-23 11:27:17,221 - INFO -     n=165, AUC=0.8204, Acc=0.9096, F1=0.5789
2026-01-23 11:27:17,221 - INFO -     Dropped: ['RingCount', 'fr_priamide']
2026-01-23 11:29:06,087 - INFO -     n=163, AUC=0.8204, Acc=0.9096, F1=0.5789
2026-01-23 11:29:06,087 - INFO -     Dropped: ['NumSaturatedHeterocycles', 'fr_lactam']
2026-01-23 11:30:53,083 - INFO -     n=161, AUC=0.8204, Acc=0.9096, F1=0.5789
2026-01-23 11:30:53,083 - INFO -     Dropped: ['fr_Al_OH', 'fr_quatN']
2026-01-23 11:32:37,887 - INFO -     n=159, AUC=0.8204, Acc=0.9096, F1=0.5789
2026-01-23 11:32:37,887 - INFO -     Dropped: ['fr_oxime', 'fr_tetrazole']
2026-01-23 11:34:20,640 - INFO -     n=157, AUC=0.8204, Acc=0.9096, F1=0.5789
2026-01-23 11:34:20,640 - INFO -     Dropped: ['fr_sulfone', 'fr_term_acetylene']
2026-01-23 11:36:01,293 - INFO -     n=155, AUC=0.8204, Acc=0.9096, F1=0.5789
2026-01-23 11:36:01,293 - INFO -     Dropped: ['fr_sulfonamd', 'fr_thiocyan']
2026-01-23 11:37:39,695 - INFO -     n=153, AUC=0.8204, Acc=0.9096, F1=0.5789
2026-01-23 11:37:39,695 - INFO -     Dropped: ['fr_phos_acid', 'fr_sulfide']
2026-01-23 11:39:16,280 - INFO -     n=151, AUC=0.8204, Acc=0.9096, F1=0.5789
2026-01-23 11:39:16,280 - INFO -     Dropped: ['NumRadicalElectrons', 'NumAliphaticCarbocycles']
2026-01-23 11:40:50,862 - INFO -     n=149, AUC=0.8158, Acc=0.9136, F1=0.5993
2026-01-23 11:40:50,862 - INFO -     Dropped: ['fr_Ar_COO', 'fr_ketone']
2026-01-23 11:42:23,399 - INFO -     n=147, AUC=0.8158, Acc=0.9136, F1=0.5993
2026-01-23 11:42:23,399 - INFO -     Dropped: ['NumAliphaticHeterocycles', 'fr_C_O_noCOO']
2026-01-23 11:43:53,858 - INFO -     n=145, AUC=0.8158, Acc=0.9136, F1=0.5993
2026-01-23 11:43:53,858 - INFO -     Dropped: ['fr_Al_OH_noTert', 'fr_nitrile']
2026-01-23 11:45:22,320 - INFO -     n=143, AUC=0.8158, Acc=0.9136, F1=0.5993
2026-01-23 11:45:22,320 - INFO -     Dropped: ['fr_piperdine', 'fr_pyridine']
2026-01-23 11:46:48,753 - INFO -     n=141, AUC=0.8158, Acc=0.9136, F1=0.5993
2026-01-23 11:46:48,753 - INFO -     Dropped: ['HeavyAtomCount', 'fr_phos_ester']
2026-01-23 11:48:13,030 - INFO -     n=139, AUC=0.8140, Acc=0.9153, F1=0.6067
2026-01-23 11:48:13,030 - INFO -     Dropped: ['fr_Ndealkylation1', 'fr_nitro']
2026-01-23 11:49:35,380 - INFO -     n=137, AUC=0.8168, Acc=0.9120, F1=0.5918
2026-01-23 11:49:35,380 - INFO -     Dropped: ['fr_amide', 'fr_phenol_noOrthoHbond']
2026-01-23 11:50:55,661 - INFO -     n=135, AUC=0.8128, Acc=0.9136, F1=0.5962
2026-01-23 11:50:55,661 - INFO -     Dropped: ['NR-PPAR-gamma', 'fr_unbrch_alkane']
2026-01-23 11:52:14,026 - INFO -     n=133, AUC=0.8082, Acc=0.9177, F1=0.6194
2026-01-23 11:52:14,026 - INFO -     Dropped: ['SlogP_VSA7', 'fr_Al_COO']
2026-01-23 11:53:30,290 - INFO -     n=131, AUC=0.8322, Acc=0.9144, F1=0.5954
2026-01-23 11:53:30,290 - INFO -     Dropped: ['fr_Ar_N', 'fr_methoxy']
2026-01-23 11:54:44,496 - INFO -     n=129, AUC=0.8322, Acc=0.9144, F1=0.5954
2026-01-23 11:54:44,496 - INFO -     Dropped: ['NumSaturatedRings', 'fr_aniline']
2026-01-23 11:55:56,844 - INFO -     n=127, AUC=0.8296, Acc=0.9144, F1=0.5923
2026-01-23 11:55:56,844 - INFO -     Dropped: ['SMR_VSA9', 'fr_NH0']
2026-01-23 11:57:07,178 - INFO -     n=125, AUC=0.8123, Acc=0.9104, F1=0.5843
2026-01-23 11:57:07,178 - INFO -     Dropped: ['PEOE_VSA5', 'SlogP_VSA12']
2026-01-23 11:58:15,507 - INFO -     n=123, AUC=0.8108, Acc=0.9112, F1=0.5833
2026-01-23 11:58:15,507 - INFO -     Dropped: ['NHOHCount', 'NOCount']
2026-01-23 11:59:21,920 - INFO -     n=121, AUC=0.8078, Acc=0.9136, F1=0.5993
2026-01-23 11:59:21,920 - INFO -     Dropped: ['NumAromaticRings', 'NumSaturatedCarbocycles']
2026-01-23 12:00:26,458 - INFO -     n=119, AUC=0.8192, Acc=0.9128, F1=0.5970
2026-01-23 12:00:26,458 - INFO -     Dropped: ['fr_NH1', 'fr_alkyl_halide']
2026-01-23 12:01:28,958 - INFO -     n=117, AUC=0.8210, Acc=0.9161, F1=0.6031
2026-01-23 12:01:28,958 - INFO -     Dropped: ['NumValenceElectrons', 'Chi0']
2026-01-23 12:02:29,488 - INFO -     n=115, AUC=0.8046, Acc=0.9153, F1=0.6038
2026-01-23 12:02:29,488 - INFO -     Dropped: ['SR-ARE', 'fr_Ar_OH']
2026-01-23 12:03:28,275 - INFO -     n=113, AUC=0.8086, Acc=0.9153, F1=0.6038
2026-01-23 12:03:28,275 - INFO -     Dropped: ['SR-HSE', 'TPSA']
2026-01-23 12:04:25,113 - INFO -     n=111, AUC=0.8136, Acc=0.9136, F1=0.5993
2026-01-23 12:04:25,114 - INFO -     Dropped: ['PEOE_VSA4', 'EState_VSA1']
2026-01-23 12:05:20,122 - INFO -     n=109, AUC=0.8117, Acc=0.9177, F1=0.6136
2026-01-23 12:05:20,122 - INFO -     Dropped: ['EState_VSA10', 'fr_allylic_oxid']
2026-01-23 12:06:13,347 - INFO -     n=107, AUC=0.8295, Acc=0.9153, F1=0.6067
2026-01-23 12:06:13,347 - INFO -     Dropped: ['BCUT2D_MWHI', 'NumHAcceptors']
2026-01-23 12:07:04,720 - INFO -     n=105, AUC=0.8194, Acc=0.9128, F1=0.5970
2026-01-23 12:07:04,720 - INFO -     Dropped: ['HallKierAlpha', 'SMR_VSA2']
2026-01-23 12:07:54,292 - INFO -     n=103, AUC=0.8256, Acc=0.9185, F1=0.6245
2026-01-23 12:07:54,292 - INFO -     Dropped: ['SlogP_VSA11', 'fr_ether']
2026-01-23 12:08:42,119 - INFO -     n=101, AUC=0.8146, Acc=0.9153, F1=0.6097
2026-01-23 12:08:42,119 - INFO -     Dropped: ['PEOE_VSA3', 'SlogP_VSA8']
2026-01-23 12:09:28,115 - INFO -     n=99, AUC=0.8152, Acc=0.9161, F1=0.6061
2026-01-23 12:09:28,115 - INFO -     Dropped: ['HeavyAtomMolWt', 'fr_bicyclic']
2026-01-23 12:10:12,273 - INFO -     n=97, AUC=0.8228, Acc=0.9128, F1=0.5878
2026-01-23 12:10:12,273 - INFO -     Dropped: ['MinEStateIndex', 'PEOE_VSA10']
2026-01-23 12:10:54,777 - INFO -     n=95, AUC=0.8292, Acc=0.9185, F1=0.6273
2026-01-23 12:10:54,777 - INFO -     Dropped: ['SMR_VSA7', 'EState_VSA2']
2026-01-23 12:11:35,575 - INFO -     n=93, AUC=0.8102, Acc=0.9161, F1=0.6000
2026-01-23 12:11:35,575 - INFO -     Dropped: ['MolWt', 'NumRotatableBonds']
2026-01-23 12:12:14,725 - INFO -     n=91, AUC=0.8314, Acc=0.9128, F1=0.5970
2026-01-23 12:12:14,725 - INFO -     Dropped: ['Chi1v', 'FractionCSP3']
2026-01-23 12:12:52,264 - INFO -     n=89, AUC=0.8152, Acc=0.9153, F1=0.6097
2026-01-23 12:12:52,264 - INFO -     Dropped: ['PEOE_VSA6', 'fr_ArN']
2026-01-23 12:13:28,115 - INFO -     n=87, AUC=0.8146, Acc=0.9185, F1=0.6245
2026-01-23 12:13:28,115 - INFO -     Dropped: ['SMR_VSA6', 'EState_VSA5']
2026-01-23 12:14:02,426 - INFO -     n=85, AUC=0.8213, Acc=0.9153, F1=0.6067
2026-01-23 12:14:02,426 - INFO -     Dropped: ['SlogP_VSA4', 'VSA_EState10']
2026-01-23 12:14:35,058 - INFO -     n=83, AUC=0.8107, Acc=0.9177, F1=0.6194
2026-01-23 12:14:35,058 - INFO -     Dropped: ['FpDensityMorgan2', 'fr_para_hydroxylation']
2026-01-23 12:15:06,238 - INFO -     n=81, AUC=0.8135, Acc=0.9112, F1=0.5956
2026-01-23 12:15:06,238 - INFO -     Dropped: ['LabuteASA', 'PEOE_VSA14']
2026-01-23 12:15:35,913 - INFO -     n=79, AUC=0.8198, Acc=0.9169, F1=0.6142
2026-01-23 12:15:35,913 - INFO -     Dropped: ['SR-p53', 'VSA_EState1']
2026-01-23 12:16:04,129 - INFO -     n=77, AUC=0.8020, Acc=0.9144, F1=0.6074
2026-01-23 12:16:04,129 - INFO -     Dropped: ['SMR_VSA10', 'SlogP_VSA6']
2026-01-23 12:16:31,017 - INFO -     n=75, AUC=0.8090, Acc=0.9177, F1=0.6222
2026-01-23 12:16:31,017 - INFO -     Dropped: ['MaxEStateIndex', 'SlogP_VSA3']
2026-01-23 12:16:56,562 - INFO -     n=73, AUC=0.8159, Acc=0.9201, F1=0.6264
2026-01-23 12:16:56,563 - INFO -     Dropped: ['SlogP_VSA10', 'SlogP_VSA5']
2026-01-23 12:17:20,788 - INFO -     n=71, AUC=0.8225, Acc=0.9193, F1=0.6350
2026-01-23 12:17:20,788 - INFO -     Dropped: ['BCUT2D_MWLOW', 'BertzCT']
2026-01-23 12:17:43,694 - INFO -     n=69, AUC=0.8186, Acc=0.9193, F1=0.6183
2026-01-23 12:17:43,694 - INFO -     Dropped: ['EState_VSA4', 'fr_thiazole']
2026-01-23 12:18:05,354 - INFO -     n=67, AUC=0.8229, Acc=0.9153, F1=0.6067
2026-01-23 12:18:05,354 - INFO -     Dropped: ['MaxAbsPartialCharge', 'VSA_EState2']
2026-01-23 12:18:25,807 - INFO -     n=65, AUC=0.8104, Acc=0.9169, F1=0.6084
2026-01-23 12:18:25,807 - INFO -     Dropped: ['FpDensityMorgan3', 'VSA_EState9']
2026-01-23 12:18:45,002 - INFO -     n=63, AUC=0.8108, Acc=0.9169, F1=0.6113
2026-01-23 12:18:45,002 - INFO -     Dropped: ['Kappa2', 'VSA_EState7']
2026-01-23 12:19:03,039 - INFO -     n=61, AUC=0.8113, Acc=0.9128, F1=0.5970
2026-01-23 12:19:03,039 - INFO -     Dropped: ['MinAbsEStateIndex', 'Chi2n']
2026-01-23 12:19:19,941 - INFO -     n=59, AUC=0.8121, Acc=0.9177, F1=0.6165
2026-01-23 12:19:19,941 - INFO -     Dropped: ['Chi0v', 'EState_VSA8']
2026-01-23 12:19:35,734 - INFO -     n=57, AUC=0.8188, Acc=0.9153, F1=0.6038
2026-01-23 12:19:35,734 - INFO -     Dropped: ['SR-MMP', 'PEOE_VSA9']
2026-01-23 12:19:50,493 - INFO -     n=55, AUC=0.8078, Acc=0.9177, F1=0.6077
2026-01-23 12:19:50,493 - INFO -     Dropped: ['BCUT2D_LOGPLOW', 'Chi0n']
2026-01-23 12:20:04,259 - INFO -     n=53, AUC=0.8224, Acc=0.9153, F1=0.6097
2026-01-23 12:20:04,259 - INFO -     Dropped: ['SMR_VSA5', 'VSA_EState8']
2026-01-23 12:20:17,016 - INFO -     n=51, AUC=0.8162, Acc=0.9161, F1=0.6061
2026-01-23 12:20:17,016 - INFO -     Dropped: ['MaxPartialCharge', 'PEOE_VSA1']
2026-01-23 12:20:28,844 - INFO -     n=49, AUC=0.8166, Acc=0.9144, F1=0.6103
2026-01-23 12:20:28,844 - INFO -     Dropped: ['Kappa1', 'PEOE_VSA2']
2026-01-23 12:20:39,731 - INFO -     n=47, AUC=0.8130, Acc=0.9201, F1=0.6292
2026-01-23 12:20:39,731 - INFO -     Dropped: ['Chi3v', 'PEOE_VSA8']
2026-01-23 12:20:49,807 - INFO -     n=45, AUC=0.8144, Acc=0.9096, F1=0.5852
2026-01-23 12:20:49,807 - INFO -     Dropped: ['VSA_EState3', 'NumAromaticHeterocycles']
2026-01-23 12:20:59,045 - INFO -     n=43, AUC=0.8092, Acc=0.9144, F1=0.6103
2026-01-23 12:20:59,045 - INFO -     Dropped: ['BCUT2D_MRLOW', 'EState_VSA7']
2026-01-23 12:21:07,460 - INFO -     n=41, AUC=0.8093, Acc=0.9161, F1=0.6031
2026-01-23 12:21:07,460 - INFO -     Dropped: ['MinAbsPartialCharge', 'VSA_EState4']
2026-01-23 12:21:15,138 - INFO -     n=39, AUC=0.8113, Acc=0.9201, F1=0.6320
2026-01-23 12:21:15,138 - INFO -     Dropped: ['Chi1n', 'SlogP_VSA1']
2026-01-23 12:21:22,096 - INFO -     n=37, AUC=0.8112, Acc=0.9177, F1=0.6165
2026-01-23 12:21:22,097 - INFO -     Dropped: ['BCUT2D_MRHI', 'EState_VSA6']
2026-01-23 12:21:28,364 - INFO -     n=35, AUC=0.8318, Acc=0.9201, F1=0.6320
2026-01-23 12:21:28,364 - INFO -     Dropped: ['PEOE_VSA11', 'SMR_VSA1']
2026-01-23 12:21:33,987 - INFO -     n=33, AUC=0.8075, Acc=0.9153, F1=0.6182
2026-01-23 12:21:33,987 - INFO -     Dropped: ['FpDensityMorgan1', 'EState_VSA9']
2026-01-23 12:21:38,965 - INFO -     n=31, AUC=0.8096, Acc=0.9136, F1=0.6165
2026-01-23 12:21:38,965 - INFO -     Dropped: ['Kappa3', 'SlogP_VSA2']
2026-01-23 12:21:43,353 - INFO -     n=29, AUC=0.8167, Acc=0.9169, F1=0.6199
2026-01-23 12:21:43,353 - INFO -     Dropped: ['VSA_EState5', 'NumHeteroatoms']
2026-01-23 12:21:47,150 - INFO -     n=27, AUC=0.8020, Acc=0.9169, F1=0.6142
2026-01-23 12:21:47,150 - INFO -     Dropped: ['ExactMolWt', 'BCUT2D_LOGPHI']
2026-01-23 12:21:50,492 - INFO -     n=25, AUC=0.8204, Acc=0.9161, F1=0.6176
2026-01-23 12:21:50,492 - INFO -     Dropped: ['MinPartialCharge', 'BCUT2D_CHGHI']
2026-01-23 12:21:53,355 - INFO -     n=23, AUC=0.8175, Acc=0.9153, F1=0.6154
2026-01-23 12:21:53,355 - INFO -     Dropped: ['Chi2v', 'SMR_VSA4']
2026-01-23 12:21:55,776 - INFO -     n=21, AUC=0.8120, Acc=0.9169, F1=0.6171
2026-01-23 12:21:55,776 - INFO -     Dropped: ['NumHDonors', 'MolLogP']
2026-01-23 12:21:57,802 - INFO -     n=19, AUC=0.8003, Acc=0.9169, F1=0.6199
2026-01-23 12:21:57,802 - INFO -     Dropped: ['BalabanJ', 'Chi1']
2026-01-23 12:21:59,471 - INFO -     n=17, AUC=0.7992, Acc=0.9128, F1=0.6029
2026-01-23 12:21:59,471 - INFO -     Dropped: ['PEOE_VSA7', 'SMR_VSA3']
2026-01-23 12:22:00,832 - INFO -     n=15, AUC=0.7978, Acc=0.9185, F1=0.6380
2026-01-23 12:22:00,832 - INFO -     Dropped: ['qed', 'EState_VSA3']
2026-01-23 12:22:01,908 - INFO -     n=13, AUC=0.7827, Acc=0.9153, F1=0.6182
2026-01-23 12:22:01,908 - INFO -     Dropped: ['Ipc', 'PEOE_VSA12']
2026-01-23 12:22:02,732 - INFO -     n=11, AUC=0.8005, Acc=0.9169, F1=0.6199
2026-01-23 12:22:02,732 - INFO -     Dropped: ['BCUT2D_CHGLO', 'MolMR']
2026-01-23 12:22:03,337 - INFO -     n=9, AUC=0.7973, Acc=0.9096, F1=0.5912
2026-01-23 12:22:03,337 - INFO -     Dropped: ['Chi3n', 'Chi4n']
2026-01-23 12:22:03,774 - INFO -     n=7, AUC=0.7989, Acc=0.9161, F1=0.6176
2026-01-23 12:22:03,775 - INFO -     Dropped: ['Chi4v', 'fr_aldehyde']
2026-01-23 12:22:04,075 - INFO -     n=5, AUC=0.8371, Acc=0.9201, F1=0.5992
2026-01-23 12:22:04,075 - INFO -     Dropped: ['NR-AR-LBD', 'VSA_EState6']
2026-01-23 12:22:04,274 - INFO -     n=3, AUC=0.7832, Acc=0.9193, F1=0.6063
2026-01-23 12:22:04,274 - INFO -     Dropped: ['NR-AR', 'NR-Aromatase']
2026-01-23 12:22:04,373 - INFO -     n=1, AUC=0.7237, Acc=0.9104, F1=0.5110
2026-01-23 12:22:04,373 - INFO -     Dropped: ['NR-AhR', 'SR-ATAD5']
2026-01-23 12:22:04,374 - INFO -   → Best for repeat 1: 5 features, AUC=0.8371
2026-01-23 12:22:04,374 - INFO - 
  Repeat 2/3
2026-01-23 12:24:41,959 - INFO -     n=213, AUC=0.8112, Acc=0.9136, F1=0.5703
2026-01-23 12:24:41,959 - INFO -     Dropped: ['fr_unbrch_alkane', 'fr_urea']
2026-01-23 12:27:16,402 - INFO -     n=211, AUC=0.8112, Acc=0.9136, F1=0.5703
2026-01-23 12:27:16,402 - INFO -     Dropped: ['fr_thiocyan', 'fr_thiophene']
2026-01-23 12:29:48,624 - INFO -     n=209, AUC=0.8112, Acc=0.9136, F1=0.5703
2026-01-23 12:29:48,624 - INFO -     Dropped: ['fr_tetrazole', 'fr_thiazole']
2026-01-23 12:32:23,839 - INFO -     n=207, AUC=0.8112, Acc=0.9136, F1=0.5703
2026-01-23 12:32:23,839 - INFO -     Dropped: ['fr_sulfone', 'fr_term_acetylene']
2026-01-23 12:34:57,557 - INFO -     n=205, AUC=0.8112, Acc=0.9136, F1=0.5703
2026-01-23 12:34:57,557 - INFO -     Dropped: ['fr_sulfide', 'fr_sulfonamd']
2026-01-23 12:37:29,130 - INFO -     n=203, AUC=0.8112, Acc=0.9136, F1=0.5703
2026-01-23 12:37:29,130 - INFO -     Dropped: ['fr_pyridine', 'fr_quatN']
2026-01-23 12:39:57,910 - INFO -     n=201, AUC=0.8112, Acc=0.9136, F1=0.5703
2026-01-23 12:39:57,910 - INFO -     Dropped: ['fr_piperzine', 'fr_priamide']
2026-01-23 12:42:24,060 - INFO -     n=199, AUC=0.8112, Acc=0.9136, F1=0.5703
2026-01-23 12:42:24,060 - INFO -     Dropped: ['fr_phos_ester', 'fr_piperdine']
2026-01-23 12:44:48,072 - INFO -     n=197, AUC=0.8112, Acc=0.9136, F1=0.5703
2026-01-23 12:44:48,072 - INFO -     Dropped: ['EState_VSA11', 'fr_phos_acid']
2026-01-23 12:47:09,970 - INFO -     n=195, AUC=0.8112, Acc=0.9136, F1=0.5703
2026-01-23 12:47:09,970 - INFO -     Dropped: ['fr_azo', 'fr_morpholine']
2026-01-23 12:49:29,616 - INFO -     n=193, AUC=0.8112, Acc=0.9136, F1=0.5703
2026-01-23 12:49:29,617 - INFO -     Dropped: ['fr_SH', 'fr_alkyl_carbamate']
2026-01-23 12:51:47,105 - INFO -     n=191, AUC=0.8112, Acc=0.9136, F1=0.5703
2026-01-23 12:51:47,105 - INFO -     Dropped: ['fr_azide', 'fr_nitro']
2026-01-23 12:54:02,236 - INFO -     n=189, AUC=0.8112, Acc=0.9136, F1=0.5703
2026-01-23 12:54:02,237 - INFO -     Dropped: ['fr_lactam', 'fr_lactone']
2026-01-23 12:56:15,290 - INFO -     n=187, AUC=0.8112, Acc=0.9136, F1=0.5703
2026-01-23 12:56:15,290 - INFO -     Dropped: ['fr_ketone_Topliss', 'fr_nitroso']
2026-01-23 12:58:25,955 - INFO -     n=185, AUC=0.8112, Acc=0.9136, F1=0.5703
2026-01-23 12:58:25,955 - INFO -     Dropped: ['fr_isocyan', 'fr_isothiocyan']
2026-01-23 13:00:34,180 - INFO -     n=183, AUC=0.8112, Acc=0.9136, F1=0.5703
2026-01-23 13:00:34,180 - INFO -     Dropped: ['fr_Al_COO', 'fr_imide']
2026-01-23 13:02:40,394 - INFO -     n=181, AUC=0.8112, Acc=0.9136, F1=0.5703
2026-01-23 13:02:40,394 - INFO -     Dropped: ['fr_hdrzone', 'fr_nitro_arom_nonortho']
2026-01-23 13:04:44,838 - INFO -     n=179, AUC=0.8112, Acc=0.9136, F1=0.5703
2026-01-23 13:04:44,838 - INFO -     Dropped: ['PEOE_VSA5', 'fr_hdrzine']
2026-01-23 13:06:47,163 - INFO -     n=177, AUC=0.8112, Acc=0.9136, F1=0.5703
2026-01-23 13:06:47,163 - INFO -     Dropped: ['fr_COO2', 'fr_N_O']
2026-01-23 13:08:47,139 - INFO -     n=175, AUC=0.8112, Acc=0.9136, F1=0.5703
2026-01-23 13:08:47,139 - INFO -     Dropped: ['fr_Imine', 'fr_amidine']
2026-01-23 13:10:44,874 - INFO -     n=173, AUC=0.8112, Acc=0.9136, F1=0.5703
2026-01-23 13:10:44,874 - INFO -     Dropped: ['fr_Al_OH_noTert', 'fr_dihydropyridine']
2026-01-23 13:12:40,359 - INFO -     n=171, AUC=0.8112, Acc=0.9136, F1=0.5703
2026-01-23 13:12:40,359 - INFO -     Dropped: ['SlogP_VSA11', 'fr_Nhpyrrole']
2026-01-23 13:14:33,640 - INFO -     n=169, AUC=0.8112, Acc=0.9136, F1=0.5703
2026-01-23 13:14:33,641 - INFO -     Dropped: ['fr_Ar_OH', 'fr_NH1']
2026-01-23 13:16:24,815 - INFO -     n=167, AUC=0.8112, Acc=0.9136, F1=0.5703
2026-01-23 13:16:24,815 - INFO -     Dropped: ['fr_COO', 'fr_C_S']
2026-01-23 13:18:13,777 - INFO -     n=165, AUC=0.8112, Acc=0.9136, F1=0.5703
2026-01-23 13:18:13,778 - INFO -     Dropped: ['NumSaturatedCarbocycles', 'fr_HOCCN']
2026-01-23 13:20:00,526 - INFO -     n=163, AUC=0.8112, Acc=0.9136, F1=0.5703
2026-01-23 13:20:00,526 - INFO -     Dropped: ['NumAromaticCarbocycles', 'fr_epoxide']
2026-01-23 13:21:44,871 - INFO -     n=161, AUC=0.8112, Acc=0.9136, F1=0.5703
2026-01-23 13:21:44,871 - INFO -     Dropped: ['MaxAbsEStateIndex', 'fr_barbitur']
2026-01-23 13:23:27,224 - INFO -     n=159, AUC=0.8112, Acc=0.9136, F1=0.5703
2026-01-23 13:23:27,224 - INFO -     Dropped: ['fr_Ndealkylation2', 'fr_guanido']
2026-01-23 13:25:07,507 - INFO -     n=157, AUC=0.8112, Acc=0.9136, F1=0.5703
2026-01-23 13:25:07,507 - INFO -     Dropped: ['fr_Ar_COO', 'fr_NH2']
2026-01-23 13:26:45,562 - INFO -     n=155, AUC=0.8112, Acc=0.9136, F1=0.5703
2026-01-23 13:26:45,562 - INFO -     Dropped: ['fr_ester', 'fr_furan']
2026-01-23 13:28:21,613 - INFO -     n=153, AUC=0.8112, Acc=0.9136, F1=0.5703
2026-01-23 13:28:21,613 - INFO -     Dropped: ['SMR_VSA2', 'fr_benzodiazepine']
2026-01-23 13:29:55,401 - INFO -     n=151, AUC=0.8112, Acc=0.9136, F1=0.5703
2026-01-23 13:29:55,401 - INFO -     Dropped: ['NumRadicalElectrons', 'fr_benzene']
2026-01-23 13:31:26,983 - INFO -     n=149, AUC=0.8112, Acc=0.9136, F1=0.5703
2026-01-23 13:31:26,984 - INFO -     Dropped: ['fr_oxazole', 'fr_oxime']
2026-01-23 13:32:55,847 - INFO -     n=147, AUC=0.8100, Acc=0.9104, F1=0.5542
2026-01-23 13:32:55,847 - INFO -     Dropped: ['fr_C_O', 'fr_alkyl_halide']
2026-01-23 13:34:22,484 - INFO -     n=145, AUC=0.8067, Acc=0.9112, F1=0.5669
2026-01-23 13:34:22,484 - INFO -     Dropped: ['HeavyAtomCount', 'NumAliphaticRings']
2026-01-23 13:35:47,123 - INFO -     n=143, AUC=0.8067, Acc=0.9112, F1=0.5669
2026-01-23 13:35:47,123 - INFO -     Dropped: ['NumSaturatedHeterocycles', 'fr_phenol']
2026-01-23 13:37:09,725 - INFO -     n=141, AUC=0.8047, Acc=0.9112, F1=0.5635
2026-01-23 13:37:09,725 - INFO -     Dropped: ['fr_amide', 'fr_bicyclic']
2026-01-23 13:38:30,062 - INFO -     n=139, AUC=0.8051, Acc=0.9104, F1=0.5613
2026-01-23 13:38:30,062 - INFO -     Dropped: ['NumHeteroatoms', 'fr_Al_OH']
2026-01-23 13:39:48,517 - INFO -     n=137, AUC=0.8030, Acc=0.9096, F1=0.5556
2026-01-23 13:39:48,517 - INFO -     Dropped: ['NOCount', 'fr_allylic_oxid']
2026-01-23 13:41:04,802 - INFO -     n=135, AUC=0.8084, Acc=0.9088, F1=0.5534
2026-01-23 13:41:04,802 - INFO -     Dropped: ['SMR_VSA9', 'NumSaturatedRings']
2026-01-23 13:42:19,088 - INFO -     n=133, AUC=0.8051, Acc=0.9120, F1=0.5657
2026-01-23 13:42:19,088 - INFO -     Dropped: ['NumAliphaticHeterocycles', 'fr_aryl_methyl']
2026-01-23 13:43:31,538 - INFO -     n=131, AUC=0.7976, Acc=0.9096, F1=0.5591
2026-01-23 13:43:31,538 - INFO -     Dropped: ['VSA_EState10', 'fr_ArN']
2026-01-23 13:44:42,076 - INFO -     n=129, AUC=0.7976, Acc=0.9096, F1=0.5591
2026-01-23 13:44:42,076 - INFO -     Dropped: ['fr_Ar_NH', 'fr_phenol_noOrthoHbond']
2026-01-23 13:45:50,803 - INFO -     n=127, AUC=0.8014, Acc=0.9096, F1=0.5520
2026-01-23 13:45:50,803 - INFO -     Dropped: ['NumValenceElectrons', 'fr_C_O_noCOO']
2026-01-23 13:46:57,519 - INFO -     n=125, AUC=0.8054, Acc=0.9072, F1=0.5490
2026-01-23 13:46:57,519 - INFO -     Dropped: ['RingCount', 'fr_aniline']
2026-01-23 13:48:02,167 - INFO -     n=123, AUC=0.7910, Acc=0.9136, F1=0.5771
2026-01-23 13:48:02,167 - INFO -     Dropped: ['SlogP_VSA8', 'fr_para_hydroxylation']
2026-01-23 13:49:04,862 - INFO -     n=121, AUC=0.7986, Acc=0.9096, F1=0.5556
2026-01-23 13:49:04,862 - INFO -     Dropped: ['PEOE_VSA11', 'fr_imidazole']
2026-01-23 13:50:05,739 - INFO -     n=119, AUC=0.8056, Acc=0.9104, F1=0.5542
2026-01-23 13:50:05,739 - INFO -     Dropped: ['Chi0n', 'NHOHCount']
2026-01-23 13:51:04,556 - INFO -     n=117, AUC=0.8048, Acc=0.9031, F1=0.5420
2026-01-23 13:51:04,556 - INFO -     Dropped: ['SR-HSE', 'Chi1n']
2026-01-23 13:52:01,561 - INFO -     n=115, AUC=0.8065, Acc=0.9104, F1=0.5542
2026-01-23 13:52:01,561 - INFO -     Dropped: ['SMR_VSA7', 'fr_methoxy']
2026-01-23 13:52:56,504 - INFO -     n=113, AUC=0.8098, Acc=0.9112, F1=0.5528
2026-01-23 13:52:56,504 - INFO -     Dropped: ['TPSA', 'fr_NH0']
2026-01-23 13:53:49,597 - INFO -     n=111, AUC=0.8028, Acc=0.9153, F1=0.5817
2026-01-23 13:53:49,597 - INFO -     Dropped: ['PEOE_VSA3', 'fr_aldehyde']
2026-01-23 13:54:40,751 - INFO -     n=109, AUC=0.8053, Acc=0.9080, F1=0.5547
2026-01-23 13:54:40,751 - INFO -     Dropped: ['NumAromaticHeterocycles', 'fr_nitro_arom']
2026-01-23 13:55:30,130 - INFO -     n=107, AUC=0.8038, Acc=0.9096, F1=0.5520
2026-01-23 13:55:30,130 - INFO -     Dropped: ['MaxEStateIndex', 'fr_nitrile']
2026-01-23 13:56:17,649 - INFO -     n=105, AUC=0.8087, Acc=0.9080, F1=0.5403
2026-01-23 13:56:17,649 - INFO -     Dropped: ['ExactMolWt', 'SlogP_VSA4']
2026-01-23 13:57:03,528 - INFO -     n=103, AUC=0.8096, Acc=0.9088, F1=0.5498
2026-01-23 13:57:03,528 - INFO -     Dropped: ['SR-ARE', 'PEOE_VSA4']
2026-01-23 13:57:47,578 - INFO -     n=101, AUC=0.8118, Acc=0.9128, F1=0.5748
2026-01-23 13:57:47,579 - INFO -     Dropped: ['Chi0v', 'PEOE_VSA1']
2026-01-23 13:58:29,886 - INFO -     n=99, AUC=0.8081, Acc=0.9072, F1=0.5490
2026-01-23 13:58:29,886 - INFO -     Dropped: ['PEOE_VSA12', 'PEOE_VSA2']
2026-01-23 13:59:10,507 - INFO -     n=97, AUC=0.7990, Acc=0.9136, F1=0.5804
2026-01-23 13:59:10,508 - INFO -     Dropped: ['LabuteASA', 'SlogP_VSA3']
2026-01-23 13:59:49,495 - INFO -     n=95, AUC=0.8168, Acc=0.9104, F1=0.5714
2026-01-23 13:59:49,495 - INFO -     Dropped: ['HeavyAtomMolWt', 'VSA_EState1']
2026-01-23 14:00:26,798 - INFO -     n=93, AUC=0.8152, Acc=0.9128, F1=0.5714
2026-01-23 14:00:26,798 - INFO -     Dropped: ['MaxPartialCharge', 'VSA_EState8']
2026-01-23 14:01:02,746 - INFO -     n=91, AUC=0.8089, Acc=0.9072, F1=0.5490
2026-01-23 14:01:02,747 - INFO -     Dropped: ['MinAbsPartialCharge', 'SlogP_VSA5']
2026-01-23 14:01:37,193 - INFO -     n=89, AUC=0.8108, Acc=0.9112, F1=0.5736
2026-01-23 14:01:37,193 - INFO -     Dropped: ['Chi3v', 'EState_VSA2']
2026-01-23 14:02:10,164 - INFO -     n=87, AUC=0.8080, Acc=0.9112, F1=0.5736
2026-01-23 14:02:10,164 - INFO -     Dropped: ['Chi4n', 'Kappa1']
2026-01-23 14:02:41,727 - INFO -     n=85, AUC=0.8031, Acc=0.9048, F1=0.5354
2026-01-23 14:02:41,728 - INFO -     Dropped: ['Chi1v', 'MolMR']
2026-01-23 14:03:11,871 - INFO -     n=83, AUC=0.8036, Acc=0.9064, F1=0.5433
2026-01-23 14:03:11,871 - INFO -     Dropped: ['PEOE_VSA6', 'SlogP_VSA10']
2026-01-23 14:03:40,691 - INFO -     n=81, AUC=0.8041, Acc=0.9104, F1=0.5647
2026-01-23 14:03:40,691 - INFO -     Dropped: ['EState_VSA10', 'VSA_EState2']
2026-01-23 14:04:08,201 - INFO -     n=79, AUC=0.8039, Acc=0.9161, F1=0.5840
2026-01-23 14:04:08,201 - INFO -     Dropped: ['NR-PPAR-gamma', 'PEOE_VSA13']
2026-01-23 14:04:34,411 - INFO -     n=77, AUC=0.8057, Acc=0.9120, F1=0.5759
2026-01-23 14:04:34,411 - INFO -     Dropped: ['PEOE_VSA14', 'fr_Ndealkylation1']
2026-01-23 14:04:59,374 - INFO -     n=75, AUC=0.8089, Acc=0.9120, F1=0.5657
2026-01-23 14:04:59,374 - INFO -     Dropped: ['MinEStateIndex', 'SMR_VSA5']
2026-01-23 14:05:23,047 - INFO -     n=73, AUC=0.7981, Acc=0.9080, F1=0.5615
2026-01-23 14:05:23,047 - INFO -     Dropped: ['Kappa3', 'FractionCSP3']
2026-01-23 14:05:45,519 - INFO -     n=71, AUC=0.7923, Acc=0.9088, F1=0.5703
2026-01-23 14:05:45,519 - INFO -     Dropped: ['SlogP_VSA12', 'fr_halogen']
2026-01-23 14:06:06,809 - INFO -     n=69, AUC=0.8027, Acc=0.9112, F1=0.5769
2026-01-23 14:06:06,809 - INFO -     Dropped: ['Chi2v', 'EState_VSA9']
2026-01-23 14:06:26,878 - INFO -     n=67, AUC=0.7903, Acc=0.9104, F1=0.5681
2026-01-23 14:06:26,878 - INFO -     Dropped: ['BCUT2D_MWLOW', 'PEOE_VSA8']
2026-01-23 14:06:45,870 - INFO -     n=65, AUC=0.8153, Acc=0.9112, F1=0.5703
2026-01-23 14:06:45,870 - INFO -     Dropped: ['MinAbsEStateIndex', 'SlogP_VSA2']
2026-01-23 14:07:03,739 - INFO -     n=63, AUC=0.7813, Acc=0.9088, F1=0.5670
2026-01-23 14:07:03,739 - INFO -     Dropped: ['SR-MMP', 'Kappa2']
2026-01-23 14:07:20,659 - INFO -     n=61, AUC=0.8125, Acc=0.9128, F1=0.5781
2026-01-23 14:07:20,659 - INFO -     Dropped: ['FpDensityMorgan3', 'VSA_EState9']
2026-01-23 14:07:36,504 - INFO -     n=59, AUC=0.8020, Acc=0.9120, F1=0.5692
2026-01-23 14:07:36,504 - INFO -     Dropped: ['Chi4v', 'EState_VSA5']
2026-01-23 14:07:51,403 - INFO -     n=57, AUC=0.7964, Acc=0.9072, F1=0.5525
2026-01-23 14:07:51,403 - INFO -     Dropped: ['EState_VSA1', 'NumHAcceptors']
2026-01-23 14:08:05,378 - INFO -     n=55, AUC=0.8073, Acc=0.9112, F1=0.5703
2026-01-23 14:08:05,378 - INFO -     Dropped: ['SMR_VSA10', 'SlogP_VSA7']
2026-01-23 14:08:18,385 - INFO -     n=53, AUC=0.7995, Acc=0.9080, F1=0.5547
2026-01-23 14:08:18,385 - INFO -     Dropped: ['HallKierAlpha', 'NumAromaticRings']
2026-01-23 14:08:30,475 - INFO -     n=51, AUC=0.8065, Acc=0.9144, F1=0.5760
2026-01-23 14:08:30,476 - INFO -     Dropped: ['BCUT2D_LOGPHI', 'VSA_EState5']
2026-01-23 14:08:41,685 - INFO -     n=49, AUC=0.7931, Acc=0.9120, F1=0.5692
2026-01-23 14:08:41,685 - INFO -     Dropped: ['BCUT2D_LOGPLOW', 'EState_VSA3']
2026-01-23 14:08:52,066 - INFO -     n=47, AUC=0.7924, Acc=0.9104, F1=0.5647
2026-01-23 14:08:52,066 - INFO -     Dropped: ['qed', 'FpDensityMorgan2']
2026-01-23 14:09:01,628 - INFO -     n=45, AUC=0.8036, Acc=0.9144, F1=0.5859
2026-01-23 14:09:01,628 - INFO -     Dropped: ['BCUT2D_MWHI', 'BCUT2D_MRLOW']
2026-01-23 14:09:10,473 - INFO -     n=43, AUC=0.7985, Acc=0.9112, F1=0.5769
2026-01-23 14:09:10,474 - INFO -     Dropped: ['PEOE_VSA9', 'VSA_EState4']
2026-01-23 14:09:18,579 - INFO -     n=41, AUC=0.7959, Acc=0.9088, F1=0.5603
2026-01-23 14:09:18,580 - INFO -     Dropped: ['NR-AR-LBD', 'VSA_EState3']
2026-01-23 14:09:25,984 - INFO -     n=39, AUC=0.8022, Acc=0.9080, F1=0.5547
2026-01-23 14:09:25,984 - INFO -     Dropped: ['SR-p53', 'EState_VSA7']
2026-01-23 14:09:32,770 - INFO -     n=37, AUC=0.8119, Acc=0.9088, F1=0.5637
2026-01-23 14:09:32,770 - INFO -     Dropped: ['SMR_VSA1', 'SMR_VSA4']
2026-01-23 14:09:38,823 - INFO -     n=35, AUC=0.7975, Acc=0.9120, F1=0.5792
2026-01-23 14:09:38,823 - INFO -     Dropped: ['BertzCT', 'PEOE_VSA7']
2026-01-23 14:09:44,304 - INFO -     n=33, AUC=0.7969, Acc=0.9136, F1=0.5837
2026-01-23 14:09:44,304 - INFO -     Dropped: ['EState_VSA4', 'NumRotatableBonds']
2026-01-23 14:09:49,153 - INFO -     n=31, AUC=0.8037, Acc=0.9169, F1=0.5961
2026-01-23 14:09:49,153 - INFO -     Dropped: ['SlogP_VSA6', 'NumHDonors']
2026-01-23 14:09:53,489 - INFO -     n=29, AUC=0.7884, Acc=0.9112, F1=0.5736
2026-01-23 14:09:53,489 - INFO -     Dropped: ['BCUT2D_CHGHI', 'SlogP_VSA1']
2026-01-23 14:09:57,246 - INFO -     n=27, AUC=0.8015, Acc=0.9128, F1=0.5748
2026-01-23 14:09:57,246 - INFO -     Dropped: ['PEOE_VSA10', 'EState_VSA6']
2026-01-23 14:10:00,443 - INFO -     n=25, AUC=0.7892, Acc=0.9144, F1=0.5760
2026-01-23 14:10:00,443 - INFO -     Dropped: ['FpDensityMorgan1', 'BCUT2D_CHGLO']
2026-01-23 14:10:03,219 - INFO -     n=23, AUC=0.7917, Acc=0.9120, F1=0.5725
2026-01-23 14:10:03,219 - INFO -     Dropped: ['MinPartialCharge', 'BCUT2D_MRHI']
2026-01-23 14:10:05,569 - INFO -     n=21, AUC=0.7983, Acc=0.9136, F1=0.5737
2026-01-23 14:10:05,569 - INFO -     Dropped: ['Chi1', 'fr_Ar_N']
2026-01-23 14:10:07,517 - INFO -     n=19, AUC=0.7855, Acc=0.9080, F1=0.5476
2026-01-23 14:10:07,517 - INFO -     Dropped: ['MaxAbsPartialCharge', 'Chi0']
2026-01-23 14:10:09,094 - INFO -     n=17, AUC=0.7800, Acc=0.9096, F1=0.5591
2026-01-23 14:10:09,094 - INFO -     Dropped: ['EState_VSA8', 'MolLogP']
2026-01-23 14:10:10,371 - INFO -     n=15, AUC=0.7868, Acc=0.9161, F1=0.5906
2026-01-23 14:10:10,371 - INFO -     Dropped: ['MolWt', 'BalabanJ']
2026-01-23 14:10:11,363 - INFO -     n=13, AUC=0.7718, Acc=0.9104, F1=0.5542
2026-01-23 14:10:11,363 - INFO -     Dropped: ['Ipc', 'SMR_VSA3']
2026-01-23 14:10:12,140 - INFO -     n=11, AUC=0.7960, Acc=0.9112, F1=0.5669
2026-01-23 14:10:12,140 - INFO -     Dropped: ['Chi2n', 'SMR_VSA6']
2026-01-23 14:10:12,736 - INFO -     n=9, AUC=0.7981, Acc=0.9112, F1=0.5635
2026-01-23 14:10:12,736 - INFO -     Dropped: ['VSA_EState7', 'NumAliphaticCarbocycles']
2026-01-23 14:10:13,179 - INFO -     n=7, AUC=0.7827, Acc=0.9144, F1=0.5794
2026-01-23 14:10:13,179 - INFO -     Dropped: ['VSA_EState6', 'fr_ether']
2026-01-23 14:10:13,484 - INFO -     n=5, AUC=0.7791, Acc=0.9144, F1=0.5583
2026-01-23 14:10:13,484 - INFO -     Dropped: ['Chi3n', 'fr_ketone']
2026-01-23 14:10:13,684 - INFO -     n=3, AUC=0.7888, Acc=0.9096, F1=0.5484
2026-01-23 14:10:13,684 - INFO -     Dropped: ['NR-AR', 'NR-AhR']
2026-01-23 14:10:13,782 - INFO -     n=1, AUC=0.7020, Acc=0.9088, F1=0.4793
2026-01-23 14:10:13,782 - INFO -     Dropped: ['NR-Aromatase', 'SR-ATAD5']
2026-01-23 14:10:13,783 - INFO -   → Best for repeat 2: 95 features, AUC=0.8168
2026-01-23 14:10:13,783 - INFO - 
  Repeat 3/3
2026-01-23 14:12:57,716 - INFO -     n=213, AUC=0.7993, Acc=0.9136, F1=0.5932
2026-01-23 14:12:57,716 - INFO -     Dropped: ['fr_unbrch_alkane', 'fr_urea']
2026-01-23 14:15:39,197 - INFO -     n=211, AUC=0.7993, Acc=0.9136, F1=0.5932
2026-01-23 14:15:39,197 - INFO -     Dropped: ['fr_thiocyan', 'fr_thiophene']
2026-01-23 14:18:18,286 - INFO -     n=209, AUC=0.7993, Acc=0.9136, F1=0.5932
2026-01-23 14:18:18,286 - INFO -     Dropped: ['fr_tetrazole', 'fr_thiazole']
2026-01-23 14:20:55,213 - INFO -     n=207, AUC=0.7993, Acc=0.9136, F1=0.5932
2026-01-23 14:20:55,213 - INFO -     Dropped: ['fr_sulfone', 'fr_term_acetylene']
2026-01-23 14:23:30,051 - INFO -     n=205, AUC=0.7993, Acc=0.9136, F1=0.5932
2026-01-23 14:23:30,051 - INFO -     Dropped: ['fr_sulfide', 'fr_sulfonamd']
2026-01-23 14:26:02,519 - INFO -     n=203, AUC=0.7993, Acc=0.9136, F1=0.5932
2026-01-23 14:26:02,519 - INFO -     Dropped: ['EState_VSA11', 'fr_quatN']
2026-01-23 14:28:32,553 - INFO -     n=201, AUC=0.7993, Acc=0.9136, F1=0.5932
2026-01-23 14:28:32,553 - INFO -     Dropped: ['fr_alkyl_carbamate', 'fr_imide']
2026-01-23 14:31:00,530 - INFO -     n=199, AUC=0.7993, Acc=0.9136, F1=0.5932
2026-01-23 14:31:00,530 - INFO -     Dropped: ['fr_benzene', 'fr_oxime']
2026-01-23 14:33:26,086 - INFO -     n=197, AUC=0.7993, Acc=0.9136, F1=0.5932
2026-01-23 14:33:26,086 - INFO -     Dropped: ['fr_barbitur', 'fr_morpholine']
2026-01-23 14:35:49,600 - INFO -     n=195, AUC=0.7993, Acc=0.9136, F1=0.5932
2026-01-23 14:35:49,601 - INFO -     Dropped: ['NumAliphaticHeterocycles', 'fr_isothiocyan']
2026-01-23 14:38:10,717 - INFO -     n=193, AUC=0.7993, Acc=0.9136, F1=0.5932
2026-01-23 14:38:10,717 - INFO -     Dropped: ['HeavyAtomCount', 'fr_amide']
2026-01-23 14:40:29,425 - INFO -     n=191, AUC=0.7993, Acc=0.9136, F1=0.5932
2026-01-23 14:40:29,425 - INFO -     Dropped: ['NumSaturatedRings', 'fr_Imine']
2026-01-23 14:43:06,496 - INFO -     n=189, AUC=0.7993, Acc=0.9136, F1=0.5932
2026-01-23 14:43:06,496 - INFO -     Dropped: ['PEOE_VSA4', 'fr_HOCCN']
2026-01-23 14:45:45,679 - INFO -     n=187, AUC=0.7993, Acc=0.9136, F1=0.5932
2026-01-23 14:45:45,679 - INFO -     Dropped: ['NumAromaticHeterocycles', 'fr_isocyan']
2026-01-23 14:48:21,974 - INFO -     n=185, AUC=0.7993, Acc=0.9136, F1=0.5932
2026-01-23 14:48:21,974 - INFO -     Dropped: ['fr_COO2', 'fr_nitrile']
2026-01-23 14:50:55,778 - INFO -     n=183, AUC=0.7993, Acc=0.9136, F1=0.5932
2026-01-23 14:50:55,778 - INFO -     Dropped: ['NumRadicalElectrons', 'SMR_VSA2']
2026-01-23 14:53:27,040 - INFO -     n=181, AUC=0.7993, Acc=0.9136, F1=0.5932
2026-01-23 14:53:27,040 - INFO -     Dropped: ['fr_amidine', 'fr_nitro_arom']
2026-01-23 14:55:55,258 - INFO -     n=179, AUC=0.7993, Acc=0.9136, F1=0.5932
2026-01-23 14:55:55,258 - INFO -     Dropped: ['NumAliphaticRings', 'fr_lactam']
2026-01-23 14:58:23,648 - INFO -     n=177, AUC=0.7993, Acc=0.9136, F1=0.5932
2026-01-23 14:58:23,648 - INFO -     Dropped: ['fr_SH', 'fr_guanido']
2026-01-23 15:00:48,499 - INFO -     n=175, AUC=0.7993, Acc=0.9136, F1=0.5932
2026-01-23 15:00:48,499 - INFO -     Dropped: ['fr_Nhpyrrole', 'fr_dihydropyridine']
2026-01-23 15:03:09,800 - INFO -     n=173, AUC=0.7993, Acc=0.9136, F1=0.5932
2026-01-23 15:03:09,800 - INFO -     Dropped: ['fr_imidazole', 'fr_ketone']
2026-01-23 15:05:29,268 - INFO -     n=171, AUC=0.7993, Acc=0.9136, F1=0.5932
2026-01-23 15:05:29,268 - INFO -     Dropped: ['fr_hdrzone', 'fr_nitro']
2026-01-23 15:07:45,919 - INFO -     n=169, AUC=0.7993, Acc=0.9136, F1=0.5932
2026-01-23 15:07:45,920 - INFO -     Dropped: ['fr_C_S', 'fr_N_O']
2026-01-23 15:09:59,822 - INFO -     n=167, AUC=0.7993, Acc=0.9136, F1=0.5932
2026-01-23 15:09:59,822 - INFO -     Dropped: ['MaxAbsEStateIndex', 'fr_oxazole']
2026-01-23 15:12:13,500 - INFO -     n=165, AUC=0.7993, Acc=0.9136, F1=0.5932
2026-01-23 15:12:13,500 - INFO -     Dropped: ['NumSaturatedHeterocycles', 'fr_furan']
2026-01-23 15:14:22,595 - INFO -     n=163, AUC=0.7993, Acc=0.9136, F1=0.5932
2026-01-23 15:14:22,595 - INFO -     Dropped: ['fr_piperzine', 'fr_priamide']
2026-01-23 15:16:29,784 - INFO -     n=161, AUC=0.7993, Acc=0.9136, F1=0.5932
2026-01-23 15:16:29,784 - INFO -     Dropped: ['fr_ArN', 'fr_azide']
2026-01-23 15:18:34,494 - INFO -     n=159, AUC=0.7993, Acc=0.9136, F1=0.5932
2026-01-23 15:18:34,494 - INFO -     Dropped: ['fr_aldehyde', 'fr_azo']
2026-01-23 15:20:36,859 - INFO -     n=157, AUC=0.7993, Acc=0.9136, F1=0.5932
2026-01-23 15:20:36,859 - INFO -     Dropped: ['fr_epoxide', 'fr_ester']
2026-01-23 15:22:38,329 - INFO -     n=155, AUC=0.7993, Acc=0.9136, F1=0.5932
2026-01-23 15:22:38,329 - INFO -     Dropped: ['fr_aniline', 'fr_phos_ester']
2026-01-23 15:24:36,058 - INFO -     n=153, AUC=0.7993, Acc=0.9136, F1=0.5932
2026-01-23 15:24:36,058 - INFO -     Dropped: ['fr_Ar_COO', 'fr_phos_acid']
2026-01-23 15:26:19,584 - INFO -     n=151, AUC=0.7993, Acc=0.9136, F1=0.5932
2026-01-23 15:26:19,584 - INFO -     Dropped: ['fr_hdrzine', 'fr_phenol']
2026-01-23 15:28:00,546 - INFO -     n=149, AUC=0.7993, Acc=0.9136, F1=0.5932
2026-01-23 15:28:00,546 - INFO -     Dropped: ['fr_benzodiazepine', 'fr_nitroso']
2026-01-23 15:29:39,210 - INFO -     n=147, AUC=0.7993, Acc=0.9136, F1=0.5932
2026-01-23 15:29:39,210 - INFO -     Dropped: ['fr_lactone', 'fr_nitro_arom_nonortho']
2026-01-23 15:31:16,058 - INFO -     n=145, AUC=0.7923, Acc=0.9144, F1=0.5985
2026-01-23 15:31:16,058 - INFO -     Dropped: ['fr_C_O_noCOO', 'fr_allylic_oxid']
2026-01-23 15:33:03,150 - INFO -     n=143, AUC=0.7923, Acc=0.9144, F1=0.5985
2026-01-23 15:33:03,150 - INFO -     Dropped: ['NumAromaticRings', 'fr_Ar_OH']
2026-01-23 15:34:45,959 - INFO -     n=141, AUC=0.7923, Acc=0.9144, F1=0.5985
2026-01-23 15:34:45,959 - INFO -     Dropped: ['RingCount', 'fr_Ar_NH']
2026-01-23 15:36:25,394 - INFO -     n=139, AUC=0.7923, Acc=0.9144, F1=0.5985
2026-01-23 15:36:25,394 - INFO -     Dropped: ['fr_Al_OH_noTert', 'fr_Ndealkylation2']
2026-01-23 15:38:04,228 - INFO -     n=137, AUC=0.8054, Acc=0.9161, F1=0.5938
2026-01-23 15:38:04,228 - INFO -     Dropped: ['fr_aryl_methyl', 'fr_halogen']
2026-01-23 15:39:42,339 - INFO -     n=135, AUC=0.8058, Acc=0.9144, F1=0.5859
2026-01-23 15:39:42,339 - INFO -     Dropped: ['fr_NH1', 'fr_ketone_Topliss']
2026-01-23 15:41:17,441 - INFO -     n=133, AUC=0.8058, Acc=0.9144, F1=0.5859
2026-01-23 15:41:17,441 - INFO -     Dropped: ['fr_Ar_N', 'fr_piperdine']
2026-01-23 15:42:49,616 - INFO -     n=131, AUC=0.7983, Acc=0.9153, F1=0.5946
2026-01-23 15:42:49,616 - INFO -     Dropped: ['fr_C_O', 'fr_methoxy']
2026-01-23 15:44:11,678 - INFO -     n=129, AUC=0.7905, Acc=0.9144, F1=0.5794
2026-01-23 15:44:11,678 - INFO -     Dropped: ['PEOE_VSA13', 'fr_NH0']
2026-01-23 15:45:27,804 - INFO -     n=127, AUC=0.7905, Acc=0.9144, F1=0.5794
2026-01-23 15:45:27,804 - INFO -     Dropped: ['fr_COO', 'fr_alkyl_halide']
2026-01-23 15:46:42,963 - INFO -     n=125, AUC=0.7929, Acc=0.9153, F1=0.5850
2026-01-23 15:46:42,963 - INFO -     Dropped: ['Chi0', 'SlogP_VSA11']
2026-01-23 15:47:55,938 - INFO -     n=123, AUC=0.7925, Acc=0.9112, F1=0.5635
2026-01-23 15:47:55,938 - INFO -     Dropped: ['NHOHCount', 'NumHDonors']
2026-01-23 15:49:06,767 - INFO -     n=121, AUC=0.8027, Acc=0.9201, F1=0.6148
2026-01-23 15:49:06,767 - INFO -     Dropped: ['ExactMolWt', 'SMR_VSA9']
2026-01-23 15:50:15,349 - INFO -     n=119, AUC=0.7798, Acc=0.9112, F1=0.5600
2026-01-23 15:50:15,349 - INFO -     Dropped: ['EState_VSA10', 'NumSaturatedCarbocycles']
2026-01-23 15:51:21,783 - INFO -     n=117, AUC=0.8015, Acc=0.9112, F1=0.5736
2026-01-23 15:51:21,783 - INFO -     Dropped: ['PEOE_VSA3', 'fr_Ndealkylation1']
2026-01-23 15:52:26,116 - INFO -     n=115, AUC=0.8002, Acc=0.9096, F1=0.5520
2026-01-23 15:52:26,116 - INFO -     Dropped: ['NumHAcceptors', 'fr_Al_OH']
2026-01-23 15:53:28,496 - INFO -     n=113, AUC=0.8075, Acc=0.9153, F1=0.5914
2026-01-23 15:53:28,496 - INFO -     Dropped: ['EState_VSA1', 'fr_para_hydroxylation']
2026-01-23 15:54:28,753 - INFO -     n=111, AUC=0.8030, Acc=0.9144, F1=0.5726
2026-01-23 15:54:28,753 - INFO -     Dropped: ['Chi1v', 'NumHeteroatoms']
2026-01-23 15:55:27,062 - INFO -     n=109, AUC=0.8006, Acc=0.9128, F1=0.5814
2026-01-23 15:55:27,062 - INFO -     Dropped: ['PEOE_VSA12', 'VSA_EState10']
2026-01-23 15:56:23,783 - INFO -     n=107, AUC=0.7917, Acc=0.9120, F1=0.5657
2026-01-23 15:56:23,783 - INFO -     Dropped: ['SR-HSE', 'Chi1']
2026-01-23 15:57:18,303 - INFO -     n=105, AUC=0.7895, Acc=0.9088, F1=0.5534
2026-01-23 15:57:18,303 - INFO -     Dropped: ['SlogP_VSA6', 'VSA_EState1']
2026-01-23 15:58:10,842 - INFO -     n=103, AUC=0.8001, Acc=0.9209, F1=0.6260
2026-01-23 15:58:10,842 - INFO -     Dropped: ['SR-ARE', 'fr_NH2']
2026-01-23 15:59:01,570 - INFO -     n=101, AUC=0.7965, Acc=0.9128, F1=0.5846
2026-01-23 15:59:01,570 - INFO -     Dropped: ['SMR_VSA3', 'fr_bicyclic']
2026-01-23 15:59:50,157 - INFO -     n=99, AUC=0.7930, Acc=0.9144, F1=0.5985
2026-01-23 15:59:50,157 - INFO -     Dropped: ['PEOE_VSA2', 'NumRotatableBonds']
2026-01-23 16:00:36,945 - INFO -     n=97, AUC=0.7966, Acc=0.9153, F1=0.5977
2026-01-23 16:00:36,945 - INFO -     Dropped: ['SlogP_VSA4', 'EState_VSA5']
2026-01-23 16:01:21,992 - INFO -     n=95, AUC=0.7830, Acc=0.9136, F1=0.5837
2026-01-23 16:01:21,992 - INFO -     Dropped: ['Chi4n', 'PEOE_VSA5']
2026-01-23 16:02:04,985 - INFO -     n=93, AUC=0.8010, Acc=0.9153, F1=0.5914
2026-01-23 16:02:04,985 - INFO -     Dropped: ['BCUT2D_MWHI', 'NumAromaticCarbocycles']
2026-01-23 16:02:45,945 - INFO -     n=91, AUC=0.8164, Acc=0.9161, F1=0.6061
2026-01-23 16:02:45,945 - INFO -     Dropped: ['Kappa2', 'SlogP_VSA7']
2026-01-23 16:03:25,937 - INFO -     n=89, AUC=0.8008, Acc=0.9104, F1=0.5714
2026-01-23 16:03:25,937 - INFO -     Dropped: ['BCUT2D_MRHI', 'PEOE_VSA14']
2026-01-23 16:04:06,053 - INFO -     n=87, AUC=0.7832, Acc=0.9136, F1=0.5737
2026-01-23 16:04:06,054 - INFO -     Dropped: ['SR-p53', 'Chi1n']
2026-01-23 16:04:46,942 - INFO -     n=85, AUC=0.7997, Acc=0.9112, F1=0.5736
2026-01-23 16:04:46,942 - INFO -     Dropped: ['LabuteASA', 'SMR_VSA4']
2026-01-23 16:05:26,251 - INFO -     n=83, AUC=0.8050, Acc=0.9136, F1=0.5900
2026-01-23 16:05:26,251 - INFO -     Dropped: ['MolWt', 'FpDensityMorgan3']
2026-01-23 16:06:02,992 - INFO -     n=81, AUC=0.7900, Acc=0.9120, F1=0.5725
2026-01-23 16:06:02,992 - INFO -     Dropped: ['Kappa1', 'SMR_VSA5']
2026-01-23 16:06:37,453 - INFO -     n=79, AUC=0.7855, Acc=0.9112, F1=0.5736
2026-01-23 16:06:37,453 - INFO -     Dropped: ['PEOE_VSA1', 'SlogP_VSA10']
2026-01-23 16:07:11,094 - INFO -     n=77, AUC=0.8009, Acc=0.9096, F1=0.5659
2026-01-23 16:07:11,094 - INFO -     Dropped: ['SlogP_VSA8', 'VSA_EState4']
2026-01-23 16:07:42,819 - INFO -     n=75, AUC=0.7845, Acc=0.9136, F1=0.5771
2026-01-23 16:07:42,819 - INFO -     Dropped: ['PEOE_VSA9', 'FractionCSP3']
2026-01-23 16:08:12,842 - INFO -     n=73, AUC=0.7950, Acc=0.9128, F1=0.5909
2026-01-23 16:08:12,843 - INFO -     Dropped: ['MaxEStateIndex', 'MinAbsEStateIndex']
2026-01-23 16:08:41,670 - INFO -     n=71, AUC=0.7973, Acc=0.9144, F1=0.5827
2026-01-23 16:08:41,670 - INFO -     Dropped: ['NumValenceElectrons', 'VSA_EState8']
2026-01-23 16:09:08,713 - INFO -     n=69, AUC=0.8094, Acc=0.9104, F1=0.5779
2026-01-23 16:09:08,714 - INFO -     Dropped: ['Chi4v', 'HallKierAlpha']
2026-01-23 16:09:34,562 - INFO -     n=67, AUC=0.8074, Acc=0.9096, F1=0.5659
2026-01-23 16:09:34,563 - INFO -     Dropped: ['SR-MMP', 'EState_VSA6']
2026-01-23 16:09:58,659 - INFO -     n=65, AUC=0.8000, Acc=0.9112, F1=0.5703
2026-01-23 16:09:58,659 - INFO -     Dropped: ['fr_ether', 'fr_pyridine']
2026-01-23 16:10:21,039 - INFO -     n=63, AUC=0.8009, Acc=0.9104, F1=0.5811
2026-01-23 16:10:21,039 - INFO -     Dropped: ['Kappa3', 'EState_VSA4']
2026-01-23 16:10:42,540 - INFO -     n=61, AUC=0.8045, Acc=0.9161, F1=0.6000
2026-01-23 16:10:42,541 - INFO -     Dropped: ['SlogP_VSA3', 'TPSA']
2026-01-23 16:11:02,490 - INFO -     n=59, AUC=0.8029, Acc=0.9153, F1=0.5850
2026-01-23 16:11:02,490 - INFO -     Dropped: ['Chi3n', 'Chi3v']
2026-01-23 16:11:20,760 - INFO -     n=57, AUC=0.7902, Acc=0.9112, F1=0.5703
2026-01-23 16:11:20,761 - INFO -     Dropped: ['PEOE_VSA10', 'EState_VSA3']
2026-01-23 16:11:37,720 - INFO -     n=55, AUC=0.8002, Acc=0.9072, F1=0.5594
2026-01-23 16:11:37,720 - INFO -     Dropped: ['MaxPartialCharge', 'MinAbsPartialCharge']
2026-01-23 16:11:53,735 - INFO -     n=53, AUC=0.8075, Acc=0.9161, F1=0.5938
2026-01-23 16:11:53,735 - INFO -     Dropped: ['FpDensityMorgan1', 'PEOE_VSA11']
2026-01-23 16:12:09,311 - INFO -     n=51, AUC=0.7921, Acc=0.9072, F1=0.5560
2026-01-23 16:12:09,311 - INFO -     Dropped: ['MinEStateIndex', 'BCUT2D_MRLOW']
2026-01-23 16:12:23,050 - INFO -     n=49, AUC=0.7943, Acc=0.9120, F1=0.5725
2026-01-23 16:12:23,050 - INFO -     Dropped: ['SlogP_VSA5', 'fr_Al_COO']
2026-01-23 16:12:35,675 - INFO -     n=47, AUC=0.8066, Acc=0.9120, F1=0.5792
2026-01-23 16:12:35,676 - INFO -     Dropped: ['SMR_VSA10', 'fr_phenol_noOrthoHbond']
2026-01-23 16:12:47,445 - INFO -     n=45, AUC=0.7967, Acc=0.9104, F1=0.5647
2026-01-23 16:12:47,445 - INFO -     Dropped: ['HeavyAtomMolWt', 'VSA_EState5']
2026-01-23 16:12:58,162 - INFO -     n=43, AUC=0.7963, Acc=0.9136, F1=0.5804
2026-01-23 16:12:58,162 - INFO -     Dropped: ['FpDensityMorgan2', 'VSA_EState7']
2026-01-23 16:13:07,946 - INFO -     n=41, AUC=0.7941, Acc=0.9136, F1=0.5932
2026-01-23 16:13:07,947 - INFO -     Dropped: ['Chi0n', 'Chi0v']
2026-01-23 16:13:16,785 - INFO -     n=39, AUC=0.7898, Acc=0.9144, F1=0.5794
2026-01-23 16:13:16,785 - INFO -     Dropped: ['BCUT2D_LOGPLOW', 'NOCount']
2026-01-23 16:13:25,021 - INFO -     n=37, AUC=0.7757, Acc=0.9177, F1=0.6016
2026-01-23 16:13:25,021 - INFO -     Dropped: ['BCUT2D_MWLOW', 'VSA_EState9']
2026-01-23 16:13:32,444 - INFO -     n=35, AUC=0.7955, Acc=0.9072, F1=0.5627
2026-01-23 16:13:32,445 - INFO -     Dropped: ['SMR_VSA1', 'SMR_VSA6']
2026-01-23 16:13:38,932 - INFO -     n=33, AUC=0.7878, Acc=0.9120, F1=0.5824
2026-01-23 16:13:38,932 - INFO -     Dropped: ['PEOE_VSA6', 'VSA_EState2']
2026-01-23 16:13:44,599 - INFO -     n=31, AUC=0.7823, Acc=0.9128, F1=0.5846
2026-01-23 16:13:44,599 - INFO -     Dropped: ['qed', 'MaxAbsPartialCharge']
2026-01-23 16:13:49,623 - INFO -     n=29, AUC=0.7727, Acc=0.9136, F1=0.5869
2026-01-23 16:13:49,623 - INFO -     Dropped: ['BCUT2D_LOGPHI', 'SlogP_VSA1']
2026-01-23 16:13:54,019 - INFO -     n=27, AUC=0.7834, Acc=0.9120, F1=0.5824
2026-01-23 16:13:54,020 - INFO -     Dropped: ['SlogP_VSA12', 'SlogP_VSA2']
2026-01-23 16:13:57,813 - INFO -     n=25, AUC=0.7723, Acc=0.9104, F1=0.5613
2026-01-23 16:13:57,813 - INFO -     Dropped: ['PEOE_VSA7', 'PEOE_VSA8']
2026-01-23 16:14:01,089 - INFO -     n=23, AUC=0.7996, Acc=0.9120, F1=0.5824
2026-01-23 16:14:01,090 - INFO -     Dropped: ['Chi2n', 'SMR_VSA7']
2026-01-23 16:14:03,789 - INFO -     n=21, AUC=0.7871, Acc=0.9112, F1=0.5802
2026-01-23 16:14:03,789 - INFO -     Dropped: ['BalabanJ', 'Chi2v']
2026-01-23 16:14:05,975 - INFO -     n=19, AUC=0.8022, Acc=0.9048, F1=0.5564
2026-01-23 16:14:05,975 - INFO -     Dropped: ['EState_VSA8', 'VSA_EState3']
2026-01-23 16:14:07,731 - INFO -     n=17, AUC=0.7859, Acc=0.9112, F1=0.5833
2026-01-23 16:14:07,731 - INFO -     Dropped: ['BertzCT', 'MolLogP']
2026-01-23 16:14:09,150 - INFO -     n=15, AUC=0.7752, Acc=0.9128, F1=0.5748
2026-01-23 16:14:09,151 - INFO -     Dropped: ['BCUT2D_CHGHI', 'EState_VSA2']
2026-01-23 16:14:10,251 - INFO -     n=13, AUC=0.7857, Acc=0.9136, F1=0.5900
2026-01-23 16:14:10,251 - INFO -     Dropped: ['MinPartialCharge', 'EState_VSA7']
2026-01-23 16:14:11,087 - INFO -     n=11, AUC=0.7722, Acc=0.9128, F1=0.5814
2026-01-23 16:14:11,088 - INFO -     Dropped: ['BCUT2D_CHGLO', 'EState_VSA9']
2026-01-23 16:14:11,712 - INFO -     n=9, AUC=0.7906, Acc=0.9112, F1=0.5769
2026-01-23 16:14:11,712 - INFO -     Dropped: ['Ipc', 'MolMR']
2026-01-23 16:14:12,168 - INFO -     n=7, AUC=0.7790, Acc=0.9128, F1=0.5680
2026-01-23 16:14:12,169 - INFO -     Dropped: ['VSA_EState6', 'NumAliphaticCarbocycles']
2026-01-23 16:14:12,504 - INFO -     n=5, AUC=0.7950, Acc=0.9136, F1=0.5560
2026-01-23 16:14:12,504 - INFO -     Dropped: ['NR-AR-LBD', 'NR-PPAR-gamma']
2026-01-23 16:14:12,728 - INFO -     n=3, AUC=0.7430, Acc=0.9104, F1=0.5432
2026-01-23 16:14:12,728 - INFO -     Dropped: ['NR-AhR', 'NR-Aromatase']
2026-01-23 16:14:12,840 - INFO -     n=1, AUC=0.6783, Acc=0.9048, F1=0.4486
2026-01-23 16:14:12,840 - INFO -     Dropped: ['NR-AR', 'SR-ATAD5']
2026-01-23 16:14:12,841 - INFO -   → Best for repeat 3: 91 features, AUC=0.8164
2026-01-23 16:14:12,842 - INFO - 
✓ Overall best: 5 features from repeat 1, AUC=0.8371
2026-01-23 16:14:12,856 - INFO - ✓ Saved features → selected_features.txt
2026-01-23 16:14:12,885 - INFO - Generating RFE summary plot...
2026-01-23 16:14:12,893 - INFO -   ✓ Saved RFE plot data → NR-ER_rfe_plot_data.npz
2026-01-23 16:14:13,461 - INFO -   ✓ Saved RFE plot → NR-ER_rfe.png
2026-01-23 16:14:13,462 - INFO - 
STAGE 3: Data Splitting
2026-01-23 16:14:13,462 - INFO - ----------------------------------------------------------------------
2026-01-23 16:14:13,465 - INFO - ✓ Training+Val set: 5573 samples
2026-01-23 16:14:13,465 - INFO - ✓ Test set: 620 samples
2026-01-23 16:14:13,465 - INFO - 
STAGE 4: Hyperparameter Optimization (RandomizedSearchCV)
2026-01-23 16:14:13,465 - INFO - ----------------------------------------------------------------------
2026-01-23 16:14:13,465 - INFO - Running RandomizedSearchCV with 10000 iterations...
2026-01-23 16:14:13,465 - INFO - Total fits (with 5-fold CV): 50000
Fitting 5 folds for each of 10000 candidates, totalling 50000 fits
2026-01-23 16:44:10,645 - INFO - 
✓ Best hyperparameters: {'subsample': 1.0, 'scale_pos_weight': 10, 'n_estimators': 200, 'min_child_weight': 6, 'max_depth': 6, 'learning_rate': 0.01, 'colsample_bytree': 1.0}
2026-01-23 16:44:10,645 - INFO - ✓ Best 5-fold CV AUC: 0.8087
2026-01-23 16:44:10,915 - INFO - ✓ Saved CV results
2026-01-23 16:44:10,915 - INFO - 
STAGE 5: Test Set Evaluation
2026-01-23 16:44:10,915 - INFO - ----------------------------------------------------------------------
2026-01-23 16:44:10,924 - INFO - Generating diagnostic plots...
2026-01-23 16:44:10,942 - INFO -   ✓ Saved diagnostic plot data → NR-ER_diagnostic_plot_data.npz
2026-01-23 16:44:12,417 - INFO -   ✓ Saved diagnostic plots → NR-ER_diagnostics.png
2026-01-23 16:44:12,417 - INFO - 
✓ Test Set Performance:
2026-01-23 16:44:12,417 - INFO -   ROC-AUC:    0.7806
2026-01-23 16:44:12,417 - INFO -   PR-AUC:     0.5409
2026-01-23 16:44:12,417 - INFO -   Accuracy:   0.8419
2026-01-23 16:44:12,417 - INFO -   F1:         0.5000
2026-01-23 16:44:12,417 - INFO -   MCC:        0.4215
2026-01-23 16:44:12,417 - INFO - 
STAGE 6: SHAP Analysis
2026-01-23 16:44:12,417 - INFO - ----------------------------------------------------------------------
2026-01-23 16:44:12,417 - INFO - Running SHAP analysis...
2026-01-23 16:44:13,222 - INFO -   ✓ Saved SHAP data → NR-ER_shap_data.npz
2026-01-23 16:44:13,878 - INFO -   ✓ Saved SHAP plots
2026-01-23 16:44:13,880 - INFO - 
STAGE 7: Saving Results
2026-01-23 16:44:13,880 - INFO - ----------------------------------------------------------------------
2026-01-23 16:44:13,887 - INFO - ✓ Saved model → xgb_model.joblib
2026-01-23 16:44:13,888 - INFO - ✓ Saved summary → model_summary.txt
2026-01-23 16:44:13,888 - INFO - 
======================================================================
2026-01-23 16:44:13,888 - INFO - ✓ TRAINING COMPLETE for NR-ER! Total time: 6:14:17.517027
2026-01-23 16:44:13,888 - INFO - ✓ Performance: ROC-AUC=0.7806, F1=0.5000
2026-01-23 16:44:13,888 - INFO - ======================================================================
2026-01-23 16:44:13,890 - INFO - 
✓ ALL TRAINING COMPLETE! Total time: 6:14:17.759918
========================================
Training completed at: Fri 23 Jan 16:44:15 GMT 2026
Exit status: 0
========================================

Output locations:
  Model:    ./output/tox21/NR-ER/model/xgb_model.joblib
  Summary:  ./output/tox21/NR-ER/model/model_summary.txt
  Features: ./output/tox21/NR-ER/RFE/selected_features.txt
  Plots:    ./output/tox21/NR-ER/plots/

Cleaned up PBS output files
