========================================
Starting HYBRID CLASSIFICATION training for: NR-PPAR-gamma
Dataset: tox21_cleaned.csv
RandomizedSearchCV iterations: 10000
RFE repeats: 3
Step size: 2
Job started at: Fri 23 Jan 10:29:29 GMT 2026
Working directory: /rds/general/user/fc4018/projects/fionn2023/live/ML_finder/master/cleaned_training_2
Data directory: ./data
Output directory: ./output/tox21
========================================
2026-01-23 10:29:56,130 - INFO - 
======================================================================
2026-01-23 10:29:56,130 - INFO - LOADING DATA
2026-01-23 10:29:56,130 - INFO - ======================================================================
2026-01-23 10:29:56,331 - INFO - ✓ Loaded 7831 samples from tox21_cleaned.csv
2026-01-23 10:29:56,331 - INFO - ✓ Total columns: 217
2026-01-23 10:29:56,371 - INFO - 
✓ Single target mode: NR-PPAR-gamma
2026-01-23 10:29:56,371 - INFO - ======================================================================
2026-01-23 10:29:56,371 - INFO - CLASSIFICATION TRAINING: NR-PPAR-gamma
2026-01-23 10:29:56,371 - INFO - ======================================================================
2026-01-23 10:29:56,553 - INFO - 
STAGE 1: Preparing Data
2026-01-23 10:29:56,553 - INFO - ----------------------------------------------------------------------
2026-01-23 10:29:56,560 - INFO - ✓ Valid samples: 6450
2026-01-23 10:29:56,560 - INFO -   Class distribution: 6264 negative, 186 positive (2.9% positive)
2026-01-23 10:29:56,564 - INFO - ✓ Feature matrix: (6450, 215)
2026-01-23 10:29:56,564 - INFO - ✓ Target shape: (6450,)
2026-01-23 10:29:56,564 - INFO - 
STAGE 2: Feature Selection (RFE with Repeats)
2026-01-23 10:29:56,564 - INFO - ----------------------------------------------------------------------
2026-01-23 10:29:56,564 - INFO - Running RFE with 3 repeats (step_size=2)...
2026-01-23 10:29:56,564 - INFO - 
  Repeat 1/3
2026-01-23 10:31:43,621 - INFO -     n=213, AUC=0.9176, Acc=0.9760, F1=0.4151
2026-01-23 10:31:43,621 - INFO -     Dropped: ['PEOE_VSA12', 'fr_urea']
2026-01-23 10:33:28,991 - INFO -     n=211, AUC=0.9176, Acc=0.9760, F1=0.4151
2026-01-23 10:33:28,991 - INFO -     Dropped: ['NumAliphaticRings', 'fr_isocyan']
2026-01-23 10:35:12,677 - INFO -     n=209, AUC=0.9176, Acc=0.9760, F1=0.4151
2026-01-23 10:35:12,677 - INFO -     Dropped: ['NumAliphaticHeterocycles', 'fr_barbitur']
2026-01-23 10:36:54,787 - INFO -     n=207, AUC=0.9176, Acc=0.9760, F1=0.4151
2026-01-23 10:36:54,787 - INFO -     Dropped: ['NumAliphaticCarbocycles', 'fr_Ar_NH']
2026-01-23 10:38:35,231 - INFO -     n=205, AUC=0.9176, Acc=0.9760, F1=0.4151
2026-01-23 10:38:35,231 - INFO -     Dropped: ['NumHDonors', 'fr_ether']
2026-01-23 10:40:14,093 - INFO -     n=203, AUC=0.9176, Acc=0.9760, F1=0.4151
2026-01-23 10:40:14,093 - INFO -     Dropped: ['VSA_EState9', 'fr_furan']
2026-01-23 10:41:48,141 - INFO -     n=201, AUC=0.9176, Acc=0.9760, F1=0.4151
2026-01-23 10:41:48,141 - INFO -     Dropped: ['fr_aniline', 'fr_guanido']
2026-01-23 10:43:24,206 - INFO -     n=199, AUC=0.9176, Acc=0.9760, F1=0.4151
2026-01-23 10:43:24,206 - INFO -     Dropped: ['fr_amidine', 'fr_epoxide']
2026-01-23 10:44:58,853 - INFO -     n=197, AUC=0.9176, Acc=0.9760, F1=0.4151
2026-01-23 10:44:58,853 - INFO -     Dropped: ['NumSaturatedRings', 'fr_dihydropyridine']
2026-01-23 10:46:32,038 - INFO -     n=195, AUC=0.9176, Acc=0.9760, F1=0.4151
2026-01-23 10:46:32,038 - INFO -     Dropped: ['NumSaturatedHeterocycles', 'fr_imide']
2026-01-23 10:48:02,923 - INFO -     n=193, AUC=0.9176, Acc=0.9760, F1=0.4151
2026-01-23 10:48:02,923 - INFO -     Dropped: ['fr_alkyl_halide', 'fr_allylic_oxid']
2026-01-23 10:49:33,015 - INFO -     n=191, AUC=0.9176, Acc=0.9760, F1=0.4151
2026-01-23 10:49:33,015 - INFO -     Dropped: ['fr_alkyl_carbamate', 'fr_piperzine']
2026-01-23 10:51:01,616 - INFO -     n=189, AUC=0.9176, Acc=0.9760, F1=0.4151
2026-01-23 10:51:01,616 - INFO -     Dropped: ['fr_aldehyde', 'fr_piperdine']
2026-01-23 10:52:28,713 - INFO -     n=187, AUC=0.9176, Acc=0.9760, F1=0.4151
2026-01-23 10:52:28,713 - INFO -     Dropped: ['fr_C_O_noCOO', 'fr_SH']
2026-01-23 10:53:54,244 - INFO -     n=185, AUC=0.9176, Acc=0.9760, F1=0.4151
2026-01-23 10:53:54,244 - INFO -     Dropped: ['EState_VSA11', 'fr_COO2']
2026-01-23 10:55:18,394 - INFO -     n=183, AUC=0.9176, Acc=0.9760, F1=0.4151
2026-01-23 10:55:18,394 - INFO -     Dropped: ['fr_Ndealkylation2', 'fr_isothiocyan']
2026-01-23 10:56:40,993 - INFO -     n=181, AUC=0.9176, Acc=0.9760, F1=0.4151
2026-01-23 10:56:40,993 - INFO -     Dropped: ['fr_amide', 'fr_morpholine']
2026-01-23 10:58:01,966 - INFO -     n=179, AUC=0.9176, Acc=0.9760, F1=0.4151
2026-01-23 10:58:01,967 - INFO -     Dropped: ['fr_N_O', 'fr_methoxy']
2026-01-23 10:59:21,563 - INFO -     n=177, AUC=0.9176, Acc=0.9760, F1=0.4151
2026-01-23 10:59:21,563 - INFO -     Dropped: ['SMR_VSA2', 'fr_NH2']
2026-01-23 11:00:39,657 - INFO -     n=175, AUC=0.9176, Acc=0.9760, F1=0.4151
2026-01-23 11:00:39,657 - INFO -     Dropped: ['fr_Ndealkylation1', 'fr_benzene']
2026-01-23 11:01:56,353 - INFO -     n=173, AUC=0.9176, Acc=0.9760, F1=0.4151
2026-01-23 11:01:56,353 - INFO -     Dropped: ['fr_Nhpyrrole', 'fr_azo']
2026-01-23 11:03:11,563 - INFO -     n=171, AUC=0.9176, Acc=0.9760, F1=0.4151
2026-01-23 11:03:11,563 - INFO -     Dropped: ['NumAromaticHeterocycles', 'fr_halogen']
2026-01-23 11:04:25,201 - INFO -     n=169, AUC=0.9176, Acc=0.9760, F1=0.4151
2026-01-23 11:04:25,201 - INFO -     Dropped: ['NumAromaticRings', 'fr_Imine']
2026-01-23 11:05:37,440 - INFO -     n=167, AUC=0.9176, Acc=0.9760, F1=0.4151
2026-01-23 11:05:37,441 - INFO -     Dropped: ['fr_HOCCN', 'fr_nitro_arom_nonortho']
2026-01-23 11:06:48,306 - INFO -     n=165, AUC=0.9176, Acc=0.9760, F1=0.4151
2026-01-23 11:06:48,306 - INFO -     Dropped: ['NumRotatableBonds', 'fr_benzodiazepine']
2026-01-23 11:07:57,721 - INFO -     n=163, AUC=0.9176, Acc=0.9760, F1=0.4151
2026-01-23 11:07:57,721 - INFO -     Dropped: ['fr_Ar_OH', 'fr_nitrile']
2026-01-23 11:09:05,630 - INFO -     n=161, AUC=0.9176, Acc=0.9760, F1=0.4151
2026-01-23 11:09:05,630 - INFO -     Dropped: ['fr_azide', 'fr_nitro']
2026-01-23 11:10:12,226 - INFO -     n=159, AUC=0.9176, Acc=0.9760, F1=0.4151
2026-01-23 11:10:12,226 - INFO -     Dropped: ['fr_ArN', 'fr_nitroso']
2026-01-23 11:11:17,273 - INFO -     n=157, AUC=0.9176, Acc=0.9760, F1=0.4151
2026-01-23 11:11:17,273 - INFO -     Dropped: ['fr_hdrzine', 'fr_sulfonamd']
2026-01-23 11:12:20,994 - INFO -     n=155, AUC=0.9176, Acc=0.9760, F1=0.4151
2026-01-23 11:12:20,994 - INFO -     Dropped: ['fr_ketone', 'fr_phenol']
2026-01-23 11:13:23,290 - INFO -     n=153, AUC=0.9176, Acc=0.9760, F1=0.4151
2026-01-23 11:13:23,290 - INFO -     Dropped: ['ExactMolWt', 'fr_Ar_COO']
2026-01-23 11:14:24,219 - INFO -     n=151, AUC=0.9176, Acc=0.9760, F1=0.4151
2026-01-23 11:14:24,219 - INFO -     Dropped: ['NumSaturatedCarbocycles', 'fr_ketone_Topliss']
2026-01-23 11:15:23,676 - INFO -     n=149, AUC=0.9176, Acc=0.9760, F1=0.4151
2026-01-23 11:15:23,676 - INFO -     Dropped: ['fr_oxime', 'fr_phenol_noOrthoHbond']
2026-01-23 11:16:21,814 - INFO -     n=147, AUC=0.9176, Acc=0.9760, F1=0.4151
2026-01-23 11:16:21,814 - INFO -     Dropped: ['fr_oxazole', 'fr_pyridine']
2026-01-23 11:17:18,647 - INFO -     n=145, AUC=0.9176, Acc=0.9760, F1=0.4151
2026-01-23 11:17:18,647 - INFO -     Dropped: ['HeavyAtomCount', 'fr_phos_acid']
2026-01-23 11:18:14,012 - INFO -     n=143, AUC=0.9176, Acc=0.9760, F1=0.4151
2026-01-23 11:18:14,012 - INFO -     Dropped: ['fr_lactam', 'fr_phos_ester']
2026-01-23 11:19:07,991 - INFO -     n=141, AUC=0.9176, Acc=0.9760, F1=0.4151
2026-01-23 11:19:07,991 - INFO -     Dropped: ['fr_thiazole', 'fr_thiocyan']
2026-01-23 11:20:00,525 - INFO -     n=139, AUC=0.9176, Acc=0.9760, F1=0.4151
2026-01-23 11:20:00,525 - INFO -     Dropped: ['NumRadicalElectrons', 'fr_lactone']
2026-01-23 11:20:51,870 - INFO -     n=137, AUC=0.9176, Acc=0.9760, F1=0.4151
2026-01-23 11:20:51,870 - INFO -     Dropped: ['fr_sulfone', 'fr_term_acetylene']
2026-01-23 11:21:41,863 - INFO -     n=135, AUC=0.9176, Acc=0.9760, F1=0.4151
2026-01-23 11:21:41,863 - INFO -     Dropped: ['fr_priamide', 'fr_quatN']
2026-01-23 11:22:30,433 - INFO -     n=133, AUC=0.9176, Acc=0.9760, F1=0.4151
2026-01-23 11:22:30,433 - INFO -     Dropped: ['MaxAbsEStateIndex', 'fr_thiophene']
2026-01-23 11:23:17,759 - INFO -     n=131, AUC=0.9196, Acc=0.9767, F1=0.4231
2026-01-23 11:23:17,759 - INFO -     Dropped: ['NumHeteroatoms', 'fr_aryl_methyl']
2026-01-23 11:24:03,765 - INFO -     n=129, AUC=0.9248, Acc=0.9783, F1=0.4815
2026-01-23 11:24:03,765 - INFO -     Dropped: ['Chi0v', 'fr_Al_OH_noTert']
2026-01-23 11:24:48,374 - INFO -     n=127, AUC=0.9249, Acc=0.9775, F1=0.4528
2026-01-23 11:24:48,374 - INFO -     Dropped: ['LabuteASA', 'SMR_VSA9']
2026-01-23 11:25:31,667 - INFO -     n=125, AUC=0.9241, Acc=0.9775, F1=0.4528
2026-01-23 11:25:31,667 - INFO -     Dropped: ['NHOHCount', 'MolMR']
2026-01-23 11:26:13,697 - INFO -     n=123, AUC=0.9197, Acc=0.9767, F1=0.4444
2026-01-23 11:26:13,698 - INFO -     Dropped: ['SMR_VSA1', 'fr_NH1']
2026-01-23 11:26:54,468 - INFO -     n=121, AUC=0.9214, Acc=0.9767, F1=0.4444
2026-01-23 11:26:54,468 - INFO -     Dropped: ['Ipc', 'Kappa1']
2026-01-23 11:27:33,935 - INFO -     n=119, AUC=0.9238, Acc=0.9767, F1=0.4444
2026-01-23 11:27:33,935 - INFO -     Dropped: ['Chi2n', 'VSA_EState10']
2026-01-23 11:28:12,309 - INFO -     n=117, AUC=0.9168, Acc=0.9775, F1=0.4314
2026-01-23 11:28:12,309 - INFO -     Dropped: ['HeavyAtomMolWt', 'SlogP_VSA12']
2026-01-23 11:28:49,406 - INFO -     n=115, AUC=0.9175, Acc=0.9752, F1=0.3846
2026-01-23 11:28:49,406 - INFO -     Dropped: ['EState_VSA8', 'VSA_EState4']
2026-01-23 11:29:25,464 - INFO -     n=113, AUC=0.9241, Acc=0.9760, F1=0.3922
2026-01-23 11:29:25,464 - INFO -     Dropped: ['SlogP_VSA11', 'fr_bicyclic']
2026-01-23 11:30:00,312 - INFO -     n=111, AUC=0.9198, Acc=0.9760, F1=0.4151
2026-01-23 11:30:00,312 - INFO -     Dropped: ['Chi3v', 'SMR_VSA4']
2026-01-23 11:30:34,006 - INFO -     n=109, AUC=0.9168, Acc=0.9760, F1=0.4151
2026-01-23 11:30:34,007 - INFO -     Dropped: ['NR-ER', 'MaxEStateIndex']
2026-01-23 11:31:06,601 - INFO -     n=107, AUC=0.9286, Acc=0.9767, F1=0.4444
2026-01-23 11:31:06,602 - INFO -     Dropped: ['fr_C_S', 'fr_unbrch_alkane']
2026-01-23 11:31:38,149 - INFO -     n=105, AUC=0.9286, Acc=0.9767, F1=0.4444
2026-01-23 11:31:38,149 - INFO -     Dropped: ['PEOE_VSA14', 'fr_ester']
2026-01-23 11:32:08,546 - INFO -     n=103, AUC=0.9317, Acc=0.9752, F1=0.3846
2026-01-23 11:32:08,546 - INFO -     Dropped: ['EState_VSA1', 'fr_Ar_N']
2026-01-23 11:32:37,811 - INFO -     n=101, AUC=0.9289, Acc=0.9767, F1=0.4643
2026-01-23 11:32:37,811 - INFO -     Dropped: ['PEOE_VSA11', 'SlogP_VSA6']
2026-01-23 11:33:06,015 - INFO -     n=99, AUC=0.9319, Acc=0.9760, F1=0.3922
2026-01-23 11:33:06,015 - INFO -     Dropped: ['BCUT2D_CHGHI', 'NumHAcceptors']
2026-01-23 11:33:33,217 - INFO -     n=97, AUC=0.9250, Acc=0.9752, F1=0.3846
2026-01-23 11:33:33,217 - INFO -     Dropped: ['PEOE_VSA5', 'FractionCSP3']
2026-01-23 11:33:59,392 - INFO -     n=95, AUC=0.9311, Acc=0.9767, F1=0.4444
2026-01-23 11:33:59,392 - INFO -     Dropped: ['Chi2v', 'fr_NH0']
2026-01-23 11:34:24,507 - INFO -     n=93, AUC=0.9038, Acc=0.9744, F1=0.3774
2026-01-23 11:34:24,507 - INFO -     Dropped: ['NR-ER-LBD', 'RingCount']
2026-01-23 11:34:48,591 - INFO -     n=91, AUC=0.9179, Acc=0.9760, F1=0.4364
2026-01-23 11:34:48,591 - INFO -     Dropped: ['Chi0', 'fr_Al_OH']
2026-01-23 11:35:11,721 - INFO -     n=89, AUC=0.9251, Acc=0.9752, F1=0.4074
2026-01-23 11:35:11,721 - INFO -     Dropped: ['MolWt', 'Chi1']
2026-01-23 11:35:33,912 - INFO -     n=87, AUC=0.9246, Acc=0.9736, F1=0.3704
2026-01-23 11:35:33,912 - INFO -     Dropped: ['SlogP_VSA5', 'NOCount']
2026-01-23 11:35:55,171 - INFO -     n=85, AUC=0.9155, Acc=0.9767, F1=0.4231
2026-01-23 11:35:55,171 - INFO -     Dropped: ['qed', 'BCUT2D_LOGPLOW']
2026-01-23 11:36:15,445 - INFO -     n=83, AUC=0.9240, Acc=0.9760, F1=0.4151
2026-01-23 11:36:15,445 - INFO -     Dropped: ['SMR_VSA10', 'EState_VSA9']
2026-01-23 11:36:34,813 - INFO -     n=81, AUC=0.9326, Acc=0.9752, F1=0.4074
2026-01-23 11:36:34,813 - INFO -     Dropped: ['MaxAbsPartialCharge', 'fr_nitro_arom']
2026-01-23 11:36:53,266 - INFO -     n=79, AUC=0.9289, Acc=0.9767, F1=0.4643
2026-01-23 11:36:53,266 - INFO -     Dropped: ['Chi1n', 'SlogP_VSA4']
2026-01-23 11:37:10,930 - INFO -     n=77, AUC=0.9181, Acc=0.9767, F1=0.4444
2026-01-23 11:37:10,930 - INFO -     Dropped: ['FpDensityMorgan2', 'PEOE_VSA8']
2026-01-23 11:37:27,685 - INFO -     n=75, AUC=0.9085, Acc=0.9760, F1=0.3922
2026-01-23 11:37:27,685 - INFO -     Dropped: ['MaxPartialCharge', 'VSA_EState8']
2026-01-23 11:37:43,591 - INFO -     n=73, AUC=0.9109, Acc=0.9744, F1=0.3774
2026-01-23 11:37:43,591 - INFO -     Dropped: ['VSA_EState1', 'fr_sulfide']
2026-01-23 11:37:58,785 - INFO -     n=71, AUC=0.9198, Acc=0.9760, F1=0.4561
2026-01-23 11:37:58,785 - INFO -     Dropped: ['PEOE_VSA10', 'EState_VSA5']
2026-01-23 11:38:13,076 - INFO -     n=69, AUC=0.9194, Acc=0.9760, F1=0.3922
2026-01-23 11:38:13,076 - INFO -     Dropped: ['BCUT2D_MWLOW', 'Chi0n']
2026-01-23 11:38:26,662 - INFO -     n=67, AUC=0.8918, Acc=0.9760, F1=0.4151
2026-01-23 11:38:26,662 - INFO -     Dropped: ['Chi4v', 'EState_VSA7']
2026-01-23 11:38:39,516 - INFO -     n=65, AUC=0.9096, Acc=0.9744, F1=0.3774
2026-01-23 11:38:39,516 - INFO -     Dropped: ['TPSA', 'EState_VSA6']
2026-01-23 11:38:51,649 - INFO -     n=63, AUC=0.9338, Acc=0.9752, F1=0.4074
2026-01-23 11:38:51,649 - INFO -     Dropped: ['Kappa2', 'SlogP_VSA7']
2026-01-23 11:39:03,068 - INFO -     n=61, AUC=0.9251, Acc=0.9767, F1=0.4444
2026-01-23 11:39:03,068 - INFO -     Dropped: ['Chi3n', 'VSA_EState7']
2026-01-23 11:39:13,831 - INFO -     n=59, AUC=0.9042, Acc=0.9760, F1=0.4364
2026-01-23 11:39:13,831 - INFO -     Dropped: ['BCUT2D_LOGPHI', 'EState_VSA3']
2026-01-23 11:39:23,844 - INFO -     n=57, AUC=0.9020, Acc=0.9744, F1=0.3774
2026-01-23 11:39:23,844 - INFO -     Dropped: ['Kappa3', 'EState_VSA2']
2026-01-23 11:39:33,294 - INFO -     n=55, AUC=0.9170, Acc=0.9760, F1=0.4364
2026-01-23 11:39:33,294 - INFO -     Dropped: ['BCUT2D_MWHI', 'VSA_EState5']
2026-01-23 11:39:42,103 - INFO -     n=53, AUC=0.9126, Acc=0.9791, F1=0.5263
2026-01-23 11:39:42,103 - INFO -     Dropped: ['FpDensityMorgan1', 'PEOE_VSA4']
2026-01-23 11:39:50,290 - INFO -     n=51, AUC=0.9228, Acc=0.9783, F1=0.4815
2026-01-23 11:39:50,290 - INFO -     Dropped: ['FpDensityMorgan3', 'PEOE_VSA9']
2026-01-23 11:39:57,952 - INFO -     n=49, AUC=0.9181, Acc=0.9791, F1=0.5091
2026-01-23 11:39:57,952 - INFO -     Dropped: ['PEOE_VSA3', 'PEOE_VSA7']
2026-01-23 11:40:05,079 - INFO -     n=47, AUC=0.9178, Acc=0.9767, F1=0.4444
2026-01-23 11:40:05,079 - INFO -     Dropped: ['MinAbsEStateIndex', 'VSA_EState3']
2026-01-23 11:40:11,619 - INFO -     n=45, AUC=0.9191, Acc=0.9767, F1=0.4231
2026-01-23 11:40:11,619 - INFO -     Dropped: ['NR-AhR', 'MinEStateIndex']
2026-01-23 11:40:17,731 - INFO -     n=43, AUC=0.9335, Acc=0.9767, F1=0.4231
2026-01-23 11:40:17,731 - INFO -     Dropped: ['BertzCT', 'PEOE_VSA2']
2026-01-23 11:40:23,354 - INFO -     n=41, AUC=0.9338, Acc=0.9775, F1=0.4528
2026-01-23 11:40:23,355 - INFO -     Dropped: ['SR-MMP', 'fr_hdrzone']
2026-01-23 11:40:28,554 - INFO -     n=39, AUC=0.9301, Acc=0.9767, F1=0.4231
2026-01-23 11:40:28,554 - INFO -     Dropped: ['PEOE_VSA13', 'SlogP_VSA1']
2026-01-23 11:40:33,240 - INFO -     n=37, AUC=0.9372, Acc=0.9760, F1=0.4151
2026-01-23 11:40:33,240 - INFO -     Dropped: ['SMR_VSA5', 'EState_VSA10']
2026-01-23 11:40:37,491 - INFO -     n=35, AUC=0.9236, Acc=0.9775, F1=0.4528
2026-01-23 11:40:37,492 - INFO -     Dropped: ['BCUT2D_MRHI', 'VSA_EState2']
2026-01-23 11:40:41,381 - INFO -     n=33, AUC=0.9317, Acc=0.9783, F1=0.4815
2026-01-23 11:40:41,381 - INFO -     Dropped: ['BCUT2D_MRLOW', 'Chi4n']
2026-01-23 11:40:44,858 - INFO -     n=31, AUC=0.9339, Acc=0.9767, F1=0.4643
2026-01-23 11:40:44,858 - INFO -     Dropped: ['SR-ARE', 'HallKierAlpha']
2026-01-23 11:40:47,959 - INFO -     n=29, AUC=0.9377, Acc=0.9760, F1=0.4364
2026-01-23 11:40:47,959 - INFO -     Dropped: ['PEOE_VSA1', 'NumAromaticCarbocycles']
2026-01-23 11:40:50,722 - INFO -     n=27, AUC=0.9231, Acc=0.9783, F1=0.5000
2026-01-23 11:40:50,722 - INFO -     Dropped: ['Chi1v', 'SlogP_VSA3']
2026-01-23 11:40:53,173 - INFO -     n=25, AUC=0.9175, Acc=0.9767, F1=0.4828
2026-01-23 11:40:53,173 - INFO -     Dropped: ['PEOE_VSA6', 'fr_imidazole']
2026-01-23 11:40:55,263 - INFO -     n=23, AUC=0.9320, Acc=0.9752, F1=0.4483
2026-01-23 11:40:55,263 - INFO -     Dropped: ['MinPartialCharge', 'SlogP_VSA8']
2026-01-23 11:40:57,043 - INFO -     n=21, AUC=0.9192, Acc=0.9767, F1=0.5000
2026-01-23 11:40:57,043 - INFO -     Dropped: ['NumValenceElectrons', 'SMR_VSA7']
2026-01-23 11:40:58,548 - INFO -     n=19, AUC=0.9234, Acc=0.9767, F1=0.4444
2026-01-23 11:40:58,548 - INFO -     Dropped: ['MinAbsPartialCharge', 'BalabanJ']
2026-01-23 11:40:59,820 - INFO -     n=17, AUC=0.9179, Acc=0.9760, F1=0.4561
2026-01-23 11:40:59,820 - INFO -     Dropped: ['BCUT2D_CHGLO', 'fr_C_O']
2026-01-23 11:41:00,861 - INFO -     n=15, AUC=0.9141, Acc=0.9744, F1=0.4211
2026-01-23 11:41:00,861 - INFO -     Dropped: ['SlogP_VSA2', 'VSA_EState6']
2026-01-23 11:41:01,696 - INFO -     n=13, AUC=0.9048, Acc=0.9736, F1=0.4333
2026-01-23 11:41:01,696 - INFO -     Dropped: ['SMR_VSA6', 'EState_VSA4']
2026-01-23 11:41:02,363 - INFO -     n=11, AUC=0.8759, Acc=0.9760, F1=0.4561
2026-01-23 11:41:02,363 - INFO -     Dropped: ['NR-Aromatase', 'SMR_VSA3']
2026-01-23 11:41:02,876 - INFO -     n=9, AUC=0.8734, Acc=0.9752, F1=0.4667
2026-01-23 11:41:02,876 - INFO -     Dropped: ['SlogP_VSA10', 'MolLogP']
2026-01-23 11:41:03,265 - INFO -     n=7, AUC=0.8571, Acc=0.9760, F1=0.3673
2026-01-23 11:41:03,265 - INFO -     Dropped: ['SR-HSE', 'fr_para_hydroxylation']
2026-01-23 11:41:03,556 - INFO -     n=5, AUC=0.8433, Acc=0.9744, F1=0.2979
2026-01-23 11:41:03,556 - INFO -     Dropped: ['NR-AR', 'SR-ATAD5']
2026-01-23 11:41:03,762 - INFO -     n=3, AUC=0.8421, Acc=0.9744, F1=0.2979
2026-01-23 11:41:03,762 - INFO -     Dropped: ['fr_Al_COO', 'fr_tetrazole']
2026-01-23 11:41:03,870 - INFO -     n=1, AUC=0.7445, Acc=0.9713, F1=0.0000
2026-01-23 11:41:03,870 - INFO -     Dropped: ['NR-AR-LBD', 'fr_COO']
2026-01-23 11:41:03,871 - INFO -   → Best for repeat 1: 29 features, AUC=0.9377
2026-01-23 11:41:03,871 - INFO - 
  Repeat 2/3
2026-01-23 11:42:50,155 - INFO -     n=213, AUC=0.9307, Acc=0.9760, F1=0.4561
2026-01-23 11:42:50,155 - INFO -     Dropped: ['fr_hdrzine', 'fr_urea']
2026-01-23 11:44:34,237 - INFO -     n=211, AUC=0.9307, Acc=0.9760, F1=0.4561
2026-01-23 11:44:34,237 - INFO -     Dropped: ['fr_azo', 'fr_hdrzone']
2026-01-23 11:46:16,659 - INFO -     n=209, AUC=0.9307, Acc=0.9760, F1=0.4561
2026-01-23 11:46:16,660 - INFO -     Dropped: ['fr_barbitur', 'fr_ester']
2026-01-23 11:47:57,561 - INFO -     n=207, AUC=0.9307, Acc=0.9760, F1=0.4561
2026-01-23 11:47:57,561 - INFO -     Dropped: ['fr_COO2', 'fr_benzene']
2026-01-23 11:49:37,026 - INFO -     n=205, AUC=0.9307, Acc=0.9760, F1=0.4561
2026-01-23 11:49:37,026 - INFO -     Dropped: ['fr_aryl_methyl', 'fr_azide']
2026-01-23 11:51:14,839 - INFO -     n=203, AUC=0.9307, Acc=0.9760, F1=0.4561
2026-01-23 11:51:14,839 - INFO -     Dropped: ['HeavyAtomCount', 'fr_benzodiazepine']
2026-01-23 11:52:51,301 - INFO -     n=201, AUC=0.9307, Acc=0.9760, F1=0.4561
2026-01-23 11:52:51,301 - INFO -     Dropped: ['fr_C_O_noCOO', 'fr_C_S']
2026-01-23 11:54:26,274 - INFO -     n=199, AUC=0.9307, Acc=0.9760, F1=0.4561
2026-01-23 11:54:26,274 - INFO -     Dropped: ['fr_HOCCN', 'fr_Imine']
2026-01-23 11:55:59,600 - INFO -     n=197, AUC=0.9307, Acc=0.9760, F1=0.4561
2026-01-23 11:55:59,600 - INFO -     Dropped: ['fr_Ar_OH', 'fr_NH1']
2026-01-23 11:57:31,049 - INFO -     n=195, AUC=0.9307, Acc=0.9760, F1=0.4561
2026-01-23 11:57:31,049 - INFO -     Dropped: ['fr_isocyan', 'fr_isothiocyan']
2026-01-23 11:59:01,231 - INFO -     n=193, AUC=0.9307, Acc=0.9760, F1=0.4561
2026-01-23 11:59:01,232 - INFO -     Dropped: ['fr_furan', 'fr_ketone']
2026-01-23 12:00:29,674 - INFO -     n=191, AUC=0.9307, Acc=0.9760, F1=0.4561
2026-01-23 12:00:29,674 - INFO -     Dropped: ['PEOE_VSA14', 'fr_methoxy']
2026-01-23 12:01:56,616 - INFO -     n=189, AUC=0.9307, Acc=0.9760, F1=0.4561
2026-01-23 12:01:56,616 - INFO -     Dropped: ['NumSaturatedHeterocycles', 'fr_lactone']
2026-01-23 12:03:22,284 - INFO -     n=187, AUC=0.9307, Acc=0.9760, F1=0.4561
2026-01-23 12:03:22,284 - INFO -     Dropped: ['PEOE_VSA5', 'fr_alkyl_halide']
2026-01-23 12:04:46,341 - INFO -     n=185, AUC=0.9307, Acc=0.9760, F1=0.4561
2026-01-23 12:04:46,341 - INFO -     Dropped: ['fr_Al_OH', 'fr_dihydropyridine']
2026-01-23 12:06:09,018 - INFO -     n=183, AUC=0.9307, Acc=0.9760, F1=0.4561
2026-01-23 12:06:09,018 - INFO -     Dropped: ['EState_VSA11', 'fr_imide']
2026-01-23 12:07:30,177 - INFO -     n=181, AUC=0.9307, Acc=0.9760, F1=0.4561
2026-01-23 12:07:30,177 - INFO -     Dropped: ['SlogP_VSA7', 'fr_ketone_Topliss']
2026-01-23 12:08:49,732 - INFO -     n=179, AUC=0.9307, Acc=0.9760, F1=0.4561
2026-01-23 12:08:49,732 - INFO -     Dropped: ['fr_Ar_COO', 'fr_lactam']
2026-01-23 12:10:07,935 - INFO -     n=177, AUC=0.9307, Acc=0.9760, F1=0.4561
2026-01-23 12:10:07,936 - INFO -     Dropped: ['fr_aldehyde', 'fr_allylic_oxid']
2026-01-23 12:11:24,673 - INFO -     n=175, AUC=0.9307, Acc=0.9760, F1=0.4561
2026-01-23 12:11:24,673 - INFO -     Dropped: ['fr_Nhpyrrole', 'fr_alkyl_carbamate']
2026-01-23 12:12:40,050 - INFO -     n=173, AUC=0.9307, Acc=0.9760, F1=0.4561
2026-01-23 12:12:40,050 - INFO -     Dropped: ['fr_Ndealkylation2', 'fr_SH']
2026-01-23 12:13:54,146 - INFO -     n=171, AUC=0.9307, Acc=0.9760, F1=0.4561
2026-01-23 12:13:54,146 - INFO -     Dropped: ['fr_Ndealkylation1', 'fr_guanido']
2026-01-23 12:15:06,634 - INFO -     n=169, AUC=0.9307, Acc=0.9760, F1=0.4561
2026-01-23 12:15:06,634 - INFO -     Dropped: ['fr_oxime', 'fr_thiophene']
2026-01-23 12:16:17,972 - INFO -     n=167, AUC=0.9307, Acc=0.9760, F1=0.4561
2026-01-23 12:16:17,972 - INFO -     Dropped: ['fr_amidine', 'fr_nitro_arom']
2026-01-23 12:17:27,664 - INFO -     n=165, AUC=0.9307, Acc=0.9760, F1=0.4561
2026-01-23 12:17:27,664 - INFO -     Dropped: ['fr_epoxide', 'fr_nitro_arom_nonortho']
2026-01-23 12:18:35,964 - INFO -     n=163, AUC=0.9307, Acc=0.9760, F1=0.4561
2026-01-23 12:18:35,964 - INFO -     Dropped: ['RingCount', 'fr_nitro']
2026-01-23 12:19:42,927 - INFO -     n=161, AUC=0.9307, Acc=0.9760, F1=0.4561
2026-01-23 12:19:42,927 - INFO -     Dropped: ['fr_morpholine', 'fr_nitroso']
2026-01-23 12:20:48,499 - INFO -     n=159, AUC=0.9307, Acc=0.9760, F1=0.4561
2026-01-23 12:20:48,500 - INFO -     Dropped: ['fr_Ar_NH', 'fr_phos_acid']
2026-01-23 12:21:52,800 - INFO -     n=157, AUC=0.9307, Acc=0.9760, F1=0.4561
2026-01-23 12:21:52,800 - INFO -     Dropped: ['NumSaturatedRings', 'fr_ArN']
2026-01-23 12:22:55,711 - INFO -     n=155, AUC=0.9307, Acc=0.9760, F1=0.4561
2026-01-23 12:22:55,712 - INFO -     Dropped: ['MaxAbsEStateIndex', 'fr_piperdine']
2026-01-23 12:23:57,352 - INFO -     n=153, AUC=0.9307, Acc=0.9760, F1=0.4561
2026-01-23 12:23:57,352 - INFO -     Dropped: ['SMR_VSA2', 'fr_Al_OH_noTert']
2026-01-23 12:24:57,372 - INFO -     n=151, AUC=0.9307, Acc=0.9760, F1=0.4561
2026-01-23 12:24:57,372 - INFO -     Dropped: ['fr_phos_ester', 'fr_priamide']
2026-01-23 12:25:56,077 - INFO -     n=149, AUC=0.9307, Acc=0.9760, F1=0.4561
2026-01-23 12:25:56,077 - INFO -     Dropped: ['NumSaturatedCarbocycles', 'fr_piperzine']
2026-01-23 12:26:53,549 - INFO -     n=147, AUC=0.9307, Acc=0.9760, F1=0.4561
2026-01-23 12:26:53,549 - INFO -     Dropped: ['NumAliphaticCarbocycles', 'fr_thiocyan']
2026-01-23 12:27:49,555 - INFO -     n=145, AUC=0.9307, Acc=0.9760, F1=0.4561
2026-01-23 12:27:49,555 - INFO -     Dropped: ['NumRadicalElectrons', 'fr_thiazole']
2026-01-23 12:28:44,121 - INFO -     n=143, AUC=0.9307, Acc=0.9760, F1=0.4561
2026-01-23 12:28:44,121 - INFO -     Dropped: ['fr_oxazole', 'fr_term_acetylene']
2026-01-23 12:29:37,391 - INFO -     n=141, AUC=0.9307, Acc=0.9760, F1=0.4561
2026-01-23 12:29:37,391 - INFO -     Dropped: ['NumAliphaticHeterocycles', 'fr_sulfone']
2026-01-23 12:30:29,414 - INFO -     n=139, AUC=0.9307, Acc=0.9760, F1=0.4561
2026-01-23 12:30:29,414 - INFO -     Dropped: ['SMR_VSA4', 'fr_sulfonamd']
2026-01-23 12:31:20,388 - INFO -     n=137, AUC=0.9307, Acc=0.9760, F1=0.4561
2026-01-23 12:31:20,388 - INFO -     Dropped: ['fr_pyridine', 'fr_quatN']
2026-01-23 12:32:10,115 - INFO -     n=135, AUC=0.9281, Acc=0.9752, F1=0.4483
2026-01-23 12:32:10,115 - INFO -     Dropped: ['Chi0v', 'NumAliphaticRings']
2026-01-23 12:32:58,618 - INFO -     n=133, AUC=0.9291, Acc=0.9775, F1=0.4912
2026-01-23 12:32:58,618 - INFO -     Dropped: ['SlogP_VSA1', 'fr_bicyclic']
2026-01-23 12:33:45,778 - INFO -     n=131, AUC=0.9291, Acc=0.9775, F1=0.4912
2026-01-23 12:33:45,778 - INFO -     Dropped: ['ExactMolWt', 'fr_ether']
2026-01-23 12:34:31,738 - INFO -     n=129, AUC=0.9317, Acc=0.9775, F1=0.4912
2026-01-23 12:34:31,738 - INFO -     Dropped: ['fr_amide', 'fr_halogen']
2026-01-23 12:35:16,374 - INFO -     n=127, AUC=0.9261, Acc=0.9752, F1=0.4286
2026-01-23 12:35:16,375 - INFO -     Dropped: ['SMR_VSA1', 'NOCount']
2026-01-23 12:35:59,713 - INFO -     n=125, AUC=0.9274, Acc=0.9767, F1=0.4643
2026-01-23 12:35:59,713 - INFO -     Dropped: ['NumValenceElectrons', 'Ipc']
2026-01-23 12:36:41,719 - INFO -     n=123, AUC=0.9253, Acc=0.9767, F1=0.4444
2026-01-23 12:36:41,719 - INFO -     Dropped: ['Chi1n', 'SlogP_VSA11']
2026-01-23 12:37:22,598 - INFO -     n=121, AUC=0.9388, Acc=0.9767, F1=0.4643
2026-01-23 12:37:22,598 - INFO -     Dropped: ['VSA_EState9', 'NumHDonors']
2026-01-23 12:38:02,483 - INFO -     n=119, AUC=0.9365, Acc=0.9775, F1=0.4912
2026-01-23 12:38:02,483 - INFO -     Dropped: ['FpDensityMorgan1', 'PEOE_VSA3']
2026-01-23 12:38:41,009 - INFO -     n=117, AUC=0.9374, Acc=0.9775, F1=0.4912
2026-01-23 12:38:41,009 - INFO -     Dropped: ['PEOE_VSA13', 'EState_VSA10']
2026-01-23 12:39:18,348 - INFO -     n=115, AUC=0.9358, Acc=0.9760, F1=0.4561
2026-01-23 12:39:18,348 - INFO -     Dropped: ['Chi4n', 'fr_aniline']
2026-01-23 12:39:54,506 - INFO -     n=113, AUC=0.9342, Acc=0.9775, F1=0.4727
2026-01-23 12:39:54,506 - INFO -     Dropped: ['MaxPartialCharge', 'LabuteASA']
2026-01-23 12:40:29,416 - INFO -     n=111, AUC=0.9341, Acc=0.9767, F1=0.4444
2026-01-23 12:40:29,416 - INFO -     Dropped: ['PEOE_VSA9', 'SlogP_VSA12']
2026-01-23 12:41:03,237 - INFO -     n=109, AUC=0.9279, Acc=0.9783, F1=0.4615
2026-01-23 12:41:03,238 - INFO -     Dropped: ['fr_nitrile', 'fr_para_hydroxylation']
2026-01-23 12:41:36,057 - INFO -     n=107, AUC=0.9336, Acc=0.9767, F1=0.4643
2026-01-23 12:41:36,057 - INFO -     Dropped: ['Chi3v', 'PEOE_VSA12']
2026-01-23 12:42:07,698 - INFO -     n=105, AUC=0.9300, Acc=0.9775, F1=0.4528
2026-01-23 12:42:07,698 - INFO -     Dropped: ['NR-ER', 'EState_VSA1']
2026-01-23 12:42:38,294 - INFO -     n=103, AUC=0.9414, Acc=0.9767, F1=0.4643
2026-01-23 12:42:38,294 - INFO -     Dropped: ['VSA_EState10', 'NHOHCount']
2026-01-23 12:43:07,805 - INFO -     n=101, AUC=0.9340, Acc=0.9783, F1=0.5000
2026-01-23 12:43:07,805 - INFO -     Dropped: ['FpDensityMorgan2', 'SlogP_VSA6']
2026-01-23 12:43:36,292 - INFO -     n=99, AUC=0.9269, Acc=0.9798, F1=0.5185
2026-01-23 12:43:36,292 - INFO -     Dropped: ['Chi0n', 'EState_VSA8']
2026-01-23 12:44:03,835 - INFO -     n=97, AUC=0.9322, Acc=0.9775, F1=0.4314
2026-01-23 12:44:03,835 - INFO -     Dropped: ['SlogP_VSA5', 'EState_VSA9']
2026-01-23 12:44:30,287 - INFO -     n=95, AUC=0.9231, Acc=0.9791, F1=0.4906
2026-01-23 12:44:30,287 - INFO -     Dropped: ['SMR_VSA5', 'VSA_EState7']
2026-01-23 12:44:55,726 - INFO -     n=93, AUC=0.9299, Acc=0.9775, F1=0.4528
2026-01-23 12:44:55,726 - INFO -     Dropped: ['NumAromaticCarbocycles', 'fr_phenol_noOrthoHbond']
2026-01-23 12:45:20,221 - INFO -     n=91, AUC=0.9287, Acc=0.9783, F1=0.5000
2026-01-23 12:45:20,222 - INFO -     Dropped: ['Kappa3', 'NumRotatableBonds']
2026-01-23 12:45:43,748 - INFO -     n=89, AUC=0.9356, Acc=0.9783, F1=0.4615
2026-01-23 12:45:43,748 - INFO -     Dropped: ['HallKierAlpha', 'fr_NH0']
2026-01-23 12:46:06,295 - INFO -     n=87, AUC=0.9295, Acc=0.9783, F1=0.4815
2026-01-23 12:46:06,296 - INFO -     Dropped: ['PEOE_VSA11', 'NumHAcceptors']
2026-01-23 12:46:27,881 - INFO -     n=85, AUC=0.9190, Acc=0.9775, F1=0.4727
2026-01-23 12:46:27,881 - INFO -     Dropped: ['SlogP_VSA4', 'VSA_EState8']
2026-01-23 12:46:48,571 - INFO -     n=83, AUC=0.9203, Acc=0.9767, F1=0.4231
2026-01-23 12:46:48,572 - INFO -     Dropped: ['SR-ARE', 'SlogP_VSA3']
2026-01-23 12:47:08,438 - INFO -     n=81, AUC=0.9233, Acc=0.9798, F1=0.5000
2026-01-23 12:47:08,438 - INFO -     Dropped: ['qed', 'MaxAbsPartialCharge']
2026-01-23 12:47:27,429 - INFO -     n=79, AUC=0.9254, Acc=0.9775, F1=0.4528
2026-01-23 12:47:27,429 - INFO -     Dropped: ['Chi1', 'Kappa1']
2026-01-23 12:47:45,460 - INFO -     n=77, AUC=0.9323, Acc=0.9783, F1=0.4815
2026-01-23 12:47:45,461 - INFO -     Dropped: ['MinAbsPartialCharge', 'PEOE_VSA1']
2026-01-23 12:48:02,658 - INFO -     n=75, AUC=0.9104, Acc=0.9775, F1=0.4528
2026-01-23 12:48:02,658 - INFO -     Dropped: ['MolMR', 'fr_Ar_N']
2026-01-23 12:48:19,120 - INFO -     n=73, AUC=0.9170, Acc=0.9798, F1=0.5185
2026-01-23 12:48:19,121 - INFO -     Dropped: ['TPSA', 'VSA_EState1']
2026-01-23 12:48:34,745 - INFO -     n=71, AUC=0.9345, Acc=0.9806, F1=0.5614
2026-01-23 12:48:34,746 - INFO -     Dropped: ['VSA_EState4', 'fr_NH2']
2026-01-23 12:48:49,602 - INFO -     n=69, AUC=0.9234, Acc=0.9798, F1=0.5357
2026-01-23 12:48:49,602 - INFO -     Dropped: ['Chi0', 'fr_C_O']
2026-01-23 12:49:03,697 - INFO -     n=67, AUC=0.9124, Acc=0.9783, F1=0.5000
2026-01-23 12:49:03,697 - INFO -     Dropped: ['Chi1v', 'Chi3n']
2026-01-23 12:49:17,028 - INFO -     n=65, AUC=0.9295, Acc=0.9791, F1=0.4706
2026-01-23 12:49:17,028 - INFO -     Dropped: ['MaxEStateIndex', 'BertzCT']
2026-01-23 12:49:29,690 - INFO -     n=63, AUC=0.9204, Acc=0.9798, F1=0.5185
2026-01-23 12:49:29,690 - INFO -     Dropped: ['NR-AR', 'NR-ER-LBD']
2026-01-23 12:49:41,568 - INFO -     n=61, AUC=0.9206, Acc=0.9791, F1=0.5091
2026-01-23 12:49:41,568 - INFO -     Dropped: ['BCUT2D_CHGHI', 'VSA_EState2']
2026-01-23 12:49:52,832 - INFO -     n=59, AUC=0.9270, Acc=0.9798, F1=0.5185
2026-01-23 12:49:52,832 - INFO -     Dropped: ['SMR_VSA3', 'SMR_VSA9']
2026-01-23 12:50:03,372 - INFO -     n=57, AUC=0.9269, Acc=0.9791, F1=0.5091
2026-01-23 12:50:03,372 - INFO -     Dropped: ['FpDensityMorgan3', 'fr_unbrch_alkane']
2026-01-23 12:50:13,280 - INFO -     n=55, AUC=0.9216, Acc=0.9783, F1=0.5000
2026-01-23 12:50:13,280 - INFO -     Dropped: ['Chi2v', 'EState_VSA7']
2026-01-23 12:50:22,583 - INFO -     n=53, AUC=0.9149, Acc=0.9806, F1=0.5455
2026-01-23 12:50:22,583 - INFO -     Dropped: ['MolWt', 'fr_phenol']
2026-01-23 12:50:31,262 - INFO -     n=51, AUC=0.9205, Acc=0.9814, F1=0.5556
2026-01-23 12:50:31,262 - INFO -     Dropped: ['SMR_VSA7', 'fr_sulfide']
2026-01-23 12:50:39,403 - INFO -     n=49, AUC=0.9223, Acc=0.9806, F1=0.5098
2026-01-23 12:50:39,403 - INFO -     Dropped: ['NR-AhR', 'FractionCSP3']
2026-01-23 12:50:46,943 - INFO -     n=47, AUC=0.9215, Acc=0.9783, F1=0.5000
2026-01-23 12:50:46,943 - INFO -     Dropped: ['PEOE_VSA7', 'SlogP_VSA2']
2026-01-23 12:50:53,898 - INFO -     n=45, AUC=0.9217, Acc=0.9798, F1=0.5185
2026-01-23 12:50:53,899 - INFO -     Dropped: ['EState_VSA2', 'NumHeteroatoms']
2026-01-23 12:51:00,355 - INFO -     n=43, AUC=0.9290, Acc=0.9775, F1=0.4727
2026-01-23 12:51:00,355 - INFO -     Dropped: ['MinEStateIndex', 'BCUT2D_MWLOW']
2026-01-23 12:51:06,288 - INFO -     n=41, AUC=0.9162, Acc=0.9775, F1=0.4727
2026-01-23 12:51:06,288 - INFO -     Dropped: ['SMR_VSA10', 'EState_VSA6']
2026-01-23 12:51:11,723 - INFO -     n=39, AUC=0.9256, Acc=0.9791, F1=0.4906
2026-01-23 12:51:11,723 - INFO -     Dropped: ['BCUT2D_LOGPHI', 'Chi2n']
2026-01-23 12:51:16,657 - INFO -     n=37, AUC=0.9231, Acc=0.9775, F1=0.4727
2026-01-23 12:51:16,657 - INFO -     Dropped: ['BalabanJ', 'Kappa2']
2026-01-23 12:51:21,157 - INFO -     n=35, AUC=0.9250, Acc=0.9783, F1=0.4615
2026-01-23 12:51:21,157 - INFO -     Dropped: ['VSA_EState3', 'fr_N_O']
2026-01-23 12:51:25,254 - INFO -     n=33, AUC=0.9293, Acc=0.9791, F1=0.4906
2026-01-23 12:51:25,254 - INFO -     Dropped: ['BCUT2D_MWHI', 'EState_VSA3']
2026-01-23 12:51:28,953 - INFO -     n=31, AUC=0.9249, Acc=0.9806, F1=0.5455
2026-01-23 12:51:28,953 - INFO -     Dropped: ['Chi4v', 'VSA_EState6']
2026-01-23 12:51:32,262 - INFO -     n=29, AUC=0.9233, Acc=0.9775, F1=0.5085
2026-01-23 12:51:32,262 - INFO -     Dropped: ['HeavyAtomMolWt', 'BCUT2D_LOGPLOW']
2026-01-23 12:51:35,216 - INFO -     n=27, AUC=0.9200, Acc=0.9767, F1=0.4828
2026-01-23 12:51:35,216 - INFO -     Dropped: ['SR-MMP', 'fr_Al_COO']
2026-01-23 12:51:37,849 - INFO -     n=25, AUC=0.9252, Acc=0.9775, F1=0.4912
2026-01-23 12:51:37,849 - INFO -     Dropped: ['BCUT2D_MRHI', 'EState_VSA4']
2026-01-23 12:51:40,138 - INFO -     n=23, AUC=0.9236, Acc=0.9783, F1=0.5333
2026-01-23 12:51:40,138 - INFO -     Dropped: ['MinAbsEStateIndex', 'PEOE_VSA10']
2026-01-23 12:51:42,133 - INFO -     n=21, AUC=0.9129, Acc=0.9783, F1=0.5172
2026-01-23 12:51:42,133 - INFO -     Dropped: ['PEOE_VSA2', 'PEOE_VSA6']
2026-01-23 12:51:43,849 - INFO -     n=19, AUC=0.8857, Acc=0.9791, F1=0.5424
2026-01-23 12:51:43,849 - INFO -     Dropped: ['PEOE_VSA8', 'NumAromaticRings']
2026-01-23 12:51:45,324 - INFO -     n=17, AUC=0.9011, Acc=0.9775, F1=0.4912
2026-01-23 12:51:45,324 - INFO -     Dropped: ['PEOE_VSA4', 'NumAromaticHeterocycles']
2026-01-23 12:51:46,547 - INFO -     n=15, AUC=0.8950, Acc=0.9760, F1=0.4561
2026-01-23 12:51:46,547 - INFO -     Dropped: ['SMR_VSA6', 'EState_VSA5']
2026-01-23 12:51:47,559 - INFO -     n=13, AUC=0.8715, Acc=0.9783, F1=0.5172
2026-01-23 12:51:47,559 - INFO -     Dropped: ['NR-Aromatase', 'SlogP_VSA8']
2026-01-23 12:51:48,361 - INFO -     n=11, AUC=0.8516, Acc=0.9767, F1=0.4643
2026-01-23 12:51:48,361 - INFO -     Dropped: ['SlogP_VSA10', 'VSA_EState5']
2026-01-23 12:51:48,962 - INFO -     n=9, AUC=0.8426, Acc=0.9767, F1=0.4444
2026-01-23 12:51:48,962 - INFO -     Dropped: ['MinPartialCharge', 'BCUT2D_MRLOW']
2026-01-23 12:51:49,382 - INFO -     n=7, AUC=0.8762, Acc=0.9729, F1=0.4068
2026-01-23 12:51:49,382 - INFO -     Dropped: ['BCUT2D_CHGLO', 'MolLogP']
2026-01-23 12:51:49,670 - INFO -     n=5, AUC=0.8472, Acc=0.9736, F1=0.3200
2026-01-23 12:51:49,670 - INFO -     Dropped: ['SR-ATAD5', 'SR-HSE']
2026-01-23 12:51:49,869 - INFO -     n=3, AUC=0.8397, Acc=0.9729, F1=0.3137
2026-01-23 12:51:49,869 - INFO -     Dropped: ['fr_imidazole', 'fr_tetrazole']
2026-01-23 12:51:49,973 - INFO -     n=1, AUC=0.7069, Acc=0.9713, F1=0.0000
2026-01-23 12:51:49,973 - INFO -     Dropped: ['NR-AR-LBD', 'fr_COO']
2026-01-23 12:51:49,974 - INFO -   → Best for repeat 2: 103 features, AUC=0.9414
2026-01-23 12:51:49,974 - INFO - 
  Repeat 3/3
2026-01-23 12:53:35,429 - INFO -     n=213, AUC=0.9071, Acc=0.9791, F1=0.4906
2026-01-23 12:53:35,429 - INFO -     Dropped: ['NR-AR', 'HeavyAtomCount']
2026-01-23 12:55:19,116 - INFO -     n=211, AUC=0.9071, Acc=0.9791, F1=0.4906
2026-01-23 12:55:19,116 - INFO -     Dropped: ['fr_bicyclic', 'fr_isothiocyan']
2026-01-23 12:57:01,195 - INFO -     n=209, AUC=0.9071, Acc=0.9791, F1=0.4906
2026-01-23 12:57:01,195 - INFO -     Dropped: ['fr_dihydropyridine', 'fr_guanido']
2026-01-23 12:58:41,867 - INFO -     n=207, AUC=0.9071, Acc=0.9791, F1=0.4906
2026-01-23 12:58:41,867 - INFO -     Dropped: ['fr_Ar_NH', 'fr_furan']
2026-01-23 13:00:20,890 - INFO -     n=205, AUC=0.9071, Acc=0.9791, F1=0.4906
2026-01-23 13:00:20,890 - INFO -     Dropped: ['NumSaturatedCarbocycles', 'fr_hdrzine']
2026-01-23 13:01:58,285 - INFO -     n=203, AUC=0.9071, Acc=0.9791, F1=0.4906
2026-01-23 13:01:58,285 - INFO -     Dropped: ['NumSaturatedHeterocycles', 'fr_benzene']
2026-01-23 13:03:34,251 - INFO -     n=201, AUC=0.9071, Acc=0.9791, F1=0.4906
2026-01-23 13:03:34,251 - INFO -     Dropped: ['NumSaturatedRings', 'fr_benzodiazepine']
2026-01-23 13:05:08,611 - INFO -     n=199, AUC=0.9071, Acc=0.9791, F1=0.4906
2026-01-23 13:05:08,612 - INFO -     Dropped: ['EState_VSA11', 'fr_Imine']
2026-01-23 13:06:41,552 - INFO -     n=197, AUC=0.9071, Acc=0.9791, F1=0.4906
2026-01-23 13:06:41,553 - INFO -     Dropped: ['Chi1', 'fr_imidazole']
2026-01-23 13:08:12,935 - INFO -     n=195, AUC=0.9071, Acc=0.9791, F1=0.4906
2026-01-23 13:08:12,935 - INFO -     Dropped: ['fr_HOCCN', 'fr_lactam']
2026-01-23 13:09:42,907 - INFO -     n=193, AUC=0.9071, Acc=0.9791, F1=0.4906
2026-01-23 13:09:42,907 - INFO -     Dropped: ['fr_epoxide', 'fr_morpholine']
2026-01-23 13:11:11,496 - INFO -     n=191, AUC=0.9071, Acc=0.9791, F1=0.4906
2026-01-23 13:11:11,496 - INFO -     Dropped: ['fr_azide', 'fr_ketone_Topliss']
2026-01-23 13:12:38,299 - INFO -     n=189, AUC=0.9071, Acc=0.9791, F1=0.4906
2026-01-23 13:12:38,299 - INFO -     Dropped: ['fr_azo', 'fr_methoxy']
2026-01-23 13:14:03,583 - INFO -     n=187, AUC=0.9071, Acc=0.9791, F1=0.4906
2026-01-23 13:14:03,584 - INFO -     Dropped: ['fr_Al_OH', 'fr_nitrile']
2026-01-23 13:15:27,568 - INFO -     n=185, AUC=0.9071, Acc=0.9791, F1=0.4906
2026-01-23 13:15:27,568 - INFO -     Dropped: ['SMR_VSA2', 'fr_Ar_COO']
2026-01-23 13:16:50,437 - INFO -     n=183, AUC=0.9071, Acc=0.9791, F1=0.4906
2026-01-23 13:16:50,437 - INFO -     Dropped: ['fr_ketone', 'fr_nitroso']
2026-01-23 13:18:11,633 - INFO -     n=181, AUC=0.9071, Acc=0.9791, F1=0.4906
2026-01-23 13:18:11,633 - INFO -     Dropped: ['fr_lactone', 'fr_piperzine']
2026-01-23 13:19:31,289 - INFO -     n=179, AUC=0.9071, Acc=0.9791, F1=0.4906
2026-01-23 13:19:31,289 - INFO -     Dropped: ['fr_priamide', 'fr_thiazole']
2026-01-23 13:20:49,577 - INFO -     n=177, AUC=0.9071, Acc=0.9791, F1=0.4906
2026-01-23 13:20:49,577 - INFO -     Dropped: ['fr_isocyan', 'fr_piperdine']
2026-01-23 13:22:06,213 - INFO -     n=175, AUC=0.9071, Acc=0.9791, F1=0.4906
2026-01-23 13:22:06,213 - INFO -     Dropped: ['fr_Ndealkylation2', 'fr_nitro_arom']
2026-01-23 13:23:21,256 - INFO -     n=173, AUC=0.9071, Acc=0.9791, F1=0.4906
2026-01-23 13:23:21,256 - INFO -     Dropped: ['fr_Nhpyrrole', 'fr_nitro']
2026-01-23 13:24:34,739 - INFO -     n=171, AUC=0.9071, Acc=0.9791, F1=0.4906
2026-01-23 13:24:34,739 - INFO -     Dropped: ['fr_amidine', 'fr_barbitur']
2026-01-23 13:25:46,674 - INFO -     n=169, AUC=0.9071, Acc=0.9791, F1=0.4906
2026-01-23 13:25:46,674 - INFO -     Dropped: ['fr_amide', 'fr_nitro_arom_nonortho']
2026-01-23 13:26:57,332 - INFO -     n=167, AUC=0.9071, Acc=0.9791, F1=0.4906
2026-01-23 13:26:57,332 - INFO -     Dropped: ['fr_allylic_oxid', 'fr_oxime']
2026-01-23 13:28:06,775 - INFO -     n=165, AUC=0.9071, Acc=0.9791, F1=0.4906
2026-01-23 13:28:06,775 - INFO -     Dropped: ['NumAliphaticCarbocycles', 'fr_alkyl_halide']
2026-01-23 13:29:14,782 - INFO -     n=163, AUC=0.9071, Acc=0.9791, F1=0.4906
2026-01-23 13:29:14,782 - INFO -     Dropped: ['NumRadicalElectrons', 'fr_aryl_methyl']
2026-01-23 13:30:21,395 - INFO -     n=161, AUC=0.9071, Acc=0.9791, F1=0.4906
2026-01-23 13:30:21,396 - INFO -     Dropped: ['PEOE_VSA13', 'fr_sulfone']
2026-01-23 13:31:26,634 - INFO -     n=159, AUC=0.9071, Acc=0.9791, F1=0.4906
2026-01-23 13:31:26,634 - INFO -     Dropped: ['fr_aldehyde', 'fr_term_acetylene']
2026-01-23 13:32:30,517 - INFO -     n=157, AUC=0.9071, Acc=0.9791, F1=0.4906
2026-01-23 13:32:30,517 - INFO -     Dropped: ['fr_NH2', 'fr_oxazole']
2026-01-23 13:33:32,830 - INFO -     n=155, AUC=0.9071, Acc=0.9791, F1=0.4906
2026-01-23 13:33:32,830 - INFO -     Dropped: ['NumAromaticHeterocycles', 'fr_SH']
2026-01-23 13:34:33,873 - INFO -     n=153, AUC=0.9071, Acc=0.9791, F1=0.4906
2026-01-23 13:34:33,873 - INFO -     Dropped: ['fr_Ndealkylation1', 'fr_phenol_noOrthoHbond']
2026-01-23 13:35:33,601 - INFO -     n=151, AUC=0.9071, Acc=0.9791, F1=0.4906
2026-01-23 13:35:33,601 - INFO -     Dropped: ['fr_phenol', 'fr_pyridine']
2026-01-23 13:36:31,978 - INFO -     n=149, AUC=0.9071, Acc=0.9791, F1=0.4906
2026-01-23 13:36:31,978 - INFO -     Dropped: ['NumAromaticRings', 'fr_COO2']
2026-01-23 13:37:28,651 - INFO -     n=147, AUC=0.9071, Acc=0.9791, F1=0.4906
2026-01-23 13:37:28,651 - INFO -     Dropped: ['fr_Al_OH_noTert', 'fr_Ar_OH']
2026-01-23 13:38:24,255 - INFO -     n=145, AUC=0.9071, Acc=0.9791, F1=0.4906
2026-01-23 13:38:24,255 - INFO -     Dropped: ['fr_phos_acid', 'fr_sulfonamd']
2026-01-23 13:39:18,308 - INFO -     n=143, AUC=0.9071, Acc=0.9791, F1=0.4906
2026-01-23 13:39:18,308 - INFO -     Dropped: ['NumAliphaticHeterocycles', 'fr_thiophene']
2026-01-23 13:40:10,902 - INFO -     n=141, AUC=0.9071, Acc=0.9791, F1=0.4906
2026-01-23 13:40:10,902 - INFO -     Dropped: ['fr_quatN', 'fr_thiocyan']
2026-01-23 13:41:02,070 - INFO -     n=139, AUC=0.9071, Acc=0.9791, F1=0.4906
2026-01-23 13:41:02,070 - INFO -     Dropped: ['fr_alkyl_carbamate', 'fr_phos_ester']
2026-01-23 13:41:51,968 - INFO -     n=137, AUC=0.9071, Acc=0.9791, F1=0.4906
2026-01-23 13:41:51,968 - INFO -     Dropped: ['MaxAbsEStateIndex', 'fr_ArN']
2026-01-23 13:42:40,532 - INFO -     n=135, AUC=0.9011, Acc=0.9791, F1=0.4906
2026-01-23 13:42:40,532 - INFO -     Dropped: ['NOCount', 'fr_ether']
2026-01-23 13:43:27,846 - INFO -     n=133, AUC=0.9000, Acc=0.9798, F1=0.5000
2026-01-23 13:43:27,846 - INFO -     Dropped: ['ExactMolWt', 'fr_halogen']
2026-01-23 13:44:14,069 - INFO -     n=131, AUC=0.8900, Acc=0.9798, F1=0.5357
2026-01-23 13:44:14,069 - INFO -     Dropped: ['fr_imide', 'fr_urea']
2026-01-23 13:44:58,948 - INFO -     n=129, AUC=0.8900, Acc=0.9798, F1=0.5357
2026-01-23 13:44:58,948 - INFO -     Dropped: ['Chi0n', 'fr_C_S']
2026-01-23 13:45:42,546 - INFO -     n=127, AUC=0.8900, Acc=0.9798, F1=0.5357
2026-01-23 13:45:42,546 - INFO -     Dropped: ['NumHAcceptors', 'fr_C_O_noCOO']
2026-01-23 13:46:25,003 - INFO -     n=125, AUC=0.8859, Acc=0.9798, F1=0.5185
2026-01-23 13:46:25,003 - INFO -     Dropped: ['NumAliphaticRings', 'fr_Ar_N']
2026-01-23 13:47:06,131 - INFO -     n=123, AUC=0.8859, Acc=0.9798, F1=0.5185
2026-01-23 13:47:06,131 - INFO -     Dropped: ['NHOHCount', 'fr_ester']
2026-01-23 13:47:46,032 - INFO -     n=121, AUC=0.8816, Acc=0.9791, F1=0.4906
2026-01-23 13:47:46,032 - INFO -     Dropped: ['Chi2n', 'fr_NH1']
2026-01-23 13:48:24,746 - INFO -     n=119, AUC=0.8895, Acc=0.9791, F1=0.5091
2026-01-23 13:48:24,746 - INFO -     Dropped: ['NumHeteroatoms', 'fr_C_O']
2026-01-23 13:49:02,126 - INFO -     n=117, AUC=0.8902, Acc=0.9783, F1=0.4815
2026-01-23 13:49:02,126 - INFO -     Dropped: ['LabuteASA', 'RingCount']
2026-01-23 13:49:38,354 - INFO -     n=115, AUC=0.8956, Acc=0.9783, F1=0.4815
2026-01-23 13:49:38,354 - INFO -     Dropped: ['MinEStateIndex', 'SMR_VSA4']
2026-01-23 13:50:13,400 - INFO -     n=113, AUC=0.9010, Acc=0.9775, F1=0.4912
2026-01-23 13:50:13,401 - INFO -     Dropped: ['NR-ER', 'EState_VSA3']
2026-01-23 13:50:47,179 - INFO -     n=111, AUC=0.8988, Acc=0.9767, F1=0.4643
2026-01-23 13:50:47,179 - INFO -     Dropped: ['MolWt', 'VSA_EState9']
2026-01-23 13:51:19,695 - INFO -     n=109, AUC=0.8987, Acc=0.9798, F1=0.5185
2026-01-23 13:51:19,695 - INFO -     Dropped: ['PEOE_VSA14', 'EState_VSA6']
2026-01-23 13:51:50,989 - INFO -     n=107, AUC=0.9052, Acc=0.9783, F1=0.5000
2026-01-23 13:51:50,989 - INFO -     Dropped: ['EState_VSA8', 'VSA_EState1']
2026-01-23 13:52:21,225 - INFO -     n=105, AUC=0.9003, Acc=0.9775, F1=0.4727
2026-01-23 13:52:21,225 - INFO -     Dropped: ['Chi3v', 'SMR_VSA1']
2026-01-23 13:52:50,471 - INFO -     n=103, AUC=0.9067, Acc=0.9791, F1=0.5091
2026-01-23 13:52:50,471 - INFO -     Dropped: ['MaxAbsPartialCharge', 'Kappa3']
2026-01-23 13:53:18,400 - INFO -     n=101, AUC=0.8991, Acc=0.9791, F1=0.5091
2026-01-23 13:53:18,400 - INFO -     Dropped: ['Chi4v', 'MolMR']
2026-01-23 13:53:45,253 - INFO -     n=99, AUC=0.8870, Acc=0.9791, F1=0.5424
2026-01-23 13:53:45,253 - INFO -     Dropped: ['BCUT2D_MWLOW', 'SMR_VSA5']
2026-01-23 13:54:10,996 - INFO -     n=97, AUC=0.9025, Acc=0.9814, F1=0.5862
2026-01-23 13:54:10,996 - INFO -     Dropped: ['PEOE_VSA11', 'SlogP_VSA12']
2026-01-23 13:54:35,734 - INFO -     n=95, AUC=0.9047, Acc=0.9791, F1=0.4906
2026-01-23 13:54:35,734 - INFO -     Dropped: ['BCUT2D_MWHI', 'PEOE_VSA1']
2026-01-23 13:54:59,509 - INFO -     n=93, AUC=0.8982, Acc=0.9806, F1=0.5455
2026-01-23 13:54:59,509 - INFO -     Dropped: ['SlogP_VSA6', 'TPSA']
2026-01-23 13:55:22,322 - INFO -     n=91, AUC=0.8997, Acc=0.9783, F1=0.5000
2026-01-23 13:55:22,322 - INFO -     Dropped: ['SlogP_VSA5', 'VSA_EState4']
2026-01-23 13:55:44,181 - INFO -     n=89, AUC=0.9069, Acc=0.9791, F1=0.5263
2026-01-23 13:55:44,181 - INFO -     Dropped: ['Chi3n', 'SlogP_VSA11']
2026-01-23 13:56:05,112 - INFO -     n=87, AUC=0.9057, Acc=0.9767, F1=0.4444
2026-01-23 13:56:05,112 - INFO -     Dropped: ['SMR_VSA3', 'VSA_EState10']
2026-01-23 13:56:25,096 - INFO -     n=85, AUC=0.8873, Acc=0.9806, F1=0.5455
2026-01-23 13:56:25,096 - INFO -     Dropped: ['SlogP_VSA3', 'EState_VSA10']
2026-01-23 13:56:44,291 - INFO -     n=83, AUC=0.9065, Acc=0.9760, F1=0.4151
2026-01-23 13:56:44,291 - INFO -     Dropped: ['Chi0', 'EState_VSA9']
2026-01-23 13:57:02,666 - INFO -     n=81, AUC=0.8913, Acc=0.9783, F1=0.4815
2026-01-23 13:57:02,666 - INFO -     Dropped: ['BCUT2D_CHGHI', 'VSA_EState8']
2026-01-23 13:57:20,116 - INFO -     n=79, AUC=0.8977, Acc=0.9791, F1=0.5263
2026-01-23 13:57:20,116 - INFO -     Dropped: ['SlogP_VSA1', 'SlogP_VSA7']
2026-01-23 13:57:36,736 - INFO -     n=77, AUC=0.9013, Acc=0.9798, F1=0.5517
2026-01-23 13:57:36,736 - INFO -     Dropped: ['FpDensityMorgan1', 'BCUT2D_LOGPHI']
2026-01-23 13:57:52,640 - INFO -     n=75, AUC=0.9038, Acc=0.9767, F1=0.4643
2026-01-23 13:57:52,640 - INFO -     Dropped: ['EState_VSA1', 'VSA_EState5']
2026-01-23 13:58:07,631 - INFO -     n=73, AUC=0.9008, Acc=0.9814, F1=0.5862
2026-01-23 13:58:07,631 - INFO -     Dropped: ['Kappa1', 'VSA_EState2']
2026-01-23 13:58:21,931 - INFO -     n=71, AUC=0.8956, Acc=0.9783, F1=0.5000
2026-01-23 13:58:21,931 - INFO -     Dropped: ['NR-ER-LBD', 'Chi0v']
2026-01-23 13:58:35,473 - INFO -     n=69, AUC=0.9027, Acc=0.9798, F1=0.5357
2026-01-23 13:58:35,473 - INFO -     Dropped: ['Kappa2', 'EState_VSA4']
2026-01-23 13:58:48,262 - INFO -     n=67, AUC=0.8997, Acc=0.9783, F1=0.4815
2026-01-23 13:58:48,262 - INFO -     Dropped: ['EState_VSA7', 'VSA_EState7']
2026-01-23 13:59:00,416 - INFO -     n=65, AUC=0.9087, Acc=0.9783, F1=0.4615
2026-01-23 13:59:00,416 - INFO -     Dropped: ['PEOE_VSA3', 'fr_sulfide']
2026-01-23 13:59:11,845 - INFO -     n=63, AUC=0.9033, Acc=0.9767, F1=0.4231
2026-01-23 13:59:11,845 - INFO -     Dropped: ['MaxPartialCharge', 'FpDensityMorgan3']
2026-01-23 13:59:22,608 - INFO -     n=61, AUC=0.8941, Acc=0.9791, F1=0.5091
2026-01-23 13:59:22,608 - INFO -     Dropped: ['NumValenceElectrons', 'BCUT2D_MRLOW']
2026-01-23 13:59:32,711 - INFO -     n=59, AUC=0.9024, Acc=0.9775, F1=0.4528
2026-01-23 13:59:32,711 - INFO -     Dropped: ['PEOE_VSA7', 'EState_VSA2']
2026-01-23 13:59:42,134 - INFO -     n=57, AUC=0.9059, Acc=0.9775, F1=0.4727
2026-01-23 13:59:42,134 - INFO -     Dropped: ['Chi2v', 'NumHDonors']
2026-01-23 13:59:51,045 - INFO -     n=55, AUC=0.9103, Acc=0.9783, F1=0.5000
2026-01-23 13:59:51,046 - INFO -     Dropped: ['qed', 'BertzCT']
2026-01-23 13:59:59,305 - INFO -     n=53, AUC=0.8996, Acc=0.9760, F1=0.4364
2026-01-23 13:59:59,306 - INFO -     Dropped: ['MaxEStateIndex', 'FpDensityMorgan2']
2026-01-23 14:00:07,008 - INFO -     n=51, AUC=0.9079, Acc=0.9752, F1=0.4286
2026-01-23 14:00:07,009 - INFO -     Dropped: ['VSA_EState3', 'fr_unbrch_alkane']
2026-01-23 14:00:14,211 - INFO -     n=49, AUC=0.8867, Acc=0.9752, F1=0.4286
2026-01-23 14:00:14,211 - INFO -     Dropped: ['MinAbsEStateIndex', 'PEOE_VSA2']
2026-01-23 14:00:20,885 - INFO -     n=47, AUC=0.8938, Acc=0.9767, F1=0.4643
2026-01-23 14:00:20,885 - INFO -     Dropped: ['SR-MMP', 'PEOE_VSA9']
2026-01-23 14:00:27,033 - INFO -     n=45, AUC=0.8958, Acc=0.9791, F1=0.5091
2026-01-23 14:00:27,033 - INFO -     Dropped: ['Ipc', 'fr_N_O']
2026-01-23 14:00:32,727 - INFO -     n=43, AUC=0.8987, Acc=0.9760, F1=0.4364
2026-01-23 14:00:32,727 - INFO -     Dropped: ['BCUT2D_MRHI', 'BalabanJ']
2026-01-23 14:00:37,989 - INFO -     n=41, AUC=0.8781, Acc=0.9760, F1=0.4561
2026-01-23 14:00:37,989 - INFO -     Dropped: ['MinAbsPartialCharge', 'HallKierAlpha']
2026-01-23 14:00:42,783 - INFO -     n=39, AUC=0.8808, Acc=0.9760, F1=0.4746
2026-01-23 14:00:42,783 - INFO -     Dropped: ['Chi4n', 'FractionCSP3']
2026-01-23 14:00:47,164 - INFO -     n=37, AUC=0.8973, Acc=0.9783, F1=0.4815
2026-01-23 14:00:47,164 - INFO -     Dropped: ['SR-ARE', 'fr_hdrzone']
2026-01-23 14:00:51,130 - INFO -     n=35, AUC=0.8795, Acc=0.9736, F1=0.3929
2026-01-23 14:00:51,130 - INFO -     Dropped: ['PEOE_VSA4', 'SMR_VSA7']
2026-01-23 14:00:54,721 - INFO -     n=33, AUC=0.9159, Acc=0.9767, F1=0.4643
2026-01-23 14:00:54,722 - INFO -     Dropped: ['BCUT2D_LOGPLOW', 'PEOE_VSA6']
2026-01-23 14:00:57,972 - INFO -     n=31, AUC=0.9066, Acc=0.9775, F1=0.4727
2026-01-23 14:00:57,973 - INFO -     Dropped: ['SMR_VSA10', 'NumRotatableBonds']
2026-01-23 14:01:00,879 - INFO -     n=29, AUC=0.8959, Acc=0.9752, F1=0.4286
2026-01-23 14:01:00,879 - INFO -     Dropped: ['Chi1n', 'SMR_VSA9']
2026-01-23 14:01:03,429 - INFO -     n=27, AUC=0.8989, Acc=0.9791, F1=0.5263
2026-01-23 14:01:03,429 - INFO -     Dropped: ['HeavyAtomMolWt', 'VSA_EState6']
2026-01-23 14:01:05,674 - INFO -     n=25, AUC=0.9153, Acc=0.9767, F1=0.5161
2026-01-23 14:01:05,674 - INFO -     Dropped: ['Chi1v', 'PEOE_VSA12']
2026-01-23 14:01:07,648 - INFO -     n=23, AUC=0.8962, Acc=0.9744, F1=0.4590
2026-01-23 14:01:07,648 - INFO -     Dropped: ['PEOE_VSA10', 'NumAromaticCarbocycles']
2026-01-23 14:01:09,365 - INFO -     n=21, AUC=0.9150, Acc=0.9752, F1=0.4483
2026-01-23 14:01:09,365 - INFO -     Dropped: ['BCUT2D_CHGLO', 'PEOE_VSA5']
2026-01-23 14:01:10,822 - INFO -     n=19, AUC=0.8930, Acc=0.9752, F1=0.4667
2026-01-23 14:01:10,822 - INFO -     Dropped: ['PEOE_VSA8', 'SlogP_VSA2']
2026-01-23 14:01:12,060 - INFO -     n=17, AUC=0.8909, Acc=0.9752, F1=0.4667
2026-01-23 14:01:12,060 - INFO -     Dropped: ['SlogP_VSA8', 'fr_aniline']
2026-01-23 14:01:13,087 - INFO -     n=15, AUC=0.8954, Acc=0.9760, F1=0.4746
2026-01-23 14:01:13,087 - INFO -     Dropped: ['NR-AhR', 'EState_VSA5']
2026-01-23 14:01:13,935 - INFO -     n=13, AUC=0.8690, Acc=0.9752, F1=0.4667
2026-01-23 14:01:13,935 - INFO -     Dropped: ['NR-Aromatase', 'MinPartialCharge']
2026-01-23 14:01:14,615 - INFO -     n=11, AUC=0.8988, Acc=0.9744, F1=0.4590
2026-01-23 14:01:14,615 - INFO -     Dropped: ['SMR_VSA6', 'fr_para_hydroxylation']
2026-01-23 14:01:15,144 - INFO -     n=9, AUC=0.8319, Acc=0.9736, F1=0.4516
2026-01-23 14:01:15,144 - INFO -     Dropped: ['SlogP_VSA4', 'MolLogP']
2026-01-23 14:01:15,547 - INFO -     n=7, AUC=0.7957, Acc=0.9729, F1=0.4262
2026-01-23 14:01:15,547 - INFO -     Dropped: ['SR-HSE', 'SlogP_VSA10']
2026-01-23 14:01:15,844 - INFO -     n=5, AUC=0.8612, Acc=0.9760, F1=0.3673
2026-01-23 14:01:15,844 - INFO -     Dropped: ['SR-ATAD5', 'fr_NH0']
2026-01-23 14:01:16,049 - INFO -     n=3, AUC=0.8550, Acc=0.9752, F1=0.3600
2026-01-23 14:01:16,049 - INFO -     Dropped: ['fr_Al_COO', 'fr_tetrazole']
2026-01-23 14:01:16,155 - INFO -     n=1, AUC=0.7703, Acc=0.9713, F1=0.0000
2026-01-23 14:01:16,155 - INFO -     Dropped: ['NR-AR-LBD', 'fr_COO']
2026-01-23 14:01:16,156 - INFO -   → Best for repeat 3: 33 features, AUC=0.9159
2026-01-23 14:01:16,157 - INFO - 
✓ Overall best: 103 features from repeat 2, AUC=0.9414
2026-01-23 14:01:16,170 - INFO - ✓ Saved features → selected_features.txt
2026-01-23 14:01:16,210 - INFO - Generating RFE summary plot...
2026-01-23 14:01:16,215 - INFO -   ✓ Saved RFE plot data → NR-PPAR-gamma_rfe_plot_data.npz
2026-01-23 14:01:16,861 - INFO -   ✓ Saved RFE plot → NR-PPAR-gamma_rfe.png
2026-01-23 14:01:16,862 - INFO - 
STAGE 3: Data Splitting
2026-01-23 14:01:16,863 - INFO - ----------------------------------------------------------------------
2026-01-23 14:01:16,866 - INFO - ✓ Training+Val set: 5805 samples
2026-01-23 14:01:16,867 - INFO - ✓ Test set: 645 samples
2026-01-23 14:01:16,867 - INFO - 
STAGE 4: Hyperparameter Optimization (RandomizedSearchCV)
2026-01-23 14:01:16,867 - INFO - ----------------------------------------------------------------------
2026-01-23 14:01:16,867 - INFO - Running RandomizedSearchCV with 10000 iterations...
2026-01-23 14:01:16,867 - INFO - Total fits (with 5-fold CV): 50000
Fitting 5 folds for each of 10000 candidates, totalling 50000 fits
2026-01-23 16:32:59,372 - INFO - 
✓ Best hyperparameters: {'subsample': 0.7, 'scale_pos_weight': 5, 'n_estimators': 100, 'min_child_weight': 1, 'max_depth': 50, 'learning_rate': 0.05, 'colsample_bytree': 0.9}
2026-01-23 16:32:59,372 - INFO - ✓ Best 5-fold CV AUC: 0.9386
2026-01-23 16:32:59,588 - INFO - ✓ Saved CV results
2026-01-23 16:32:59,588 - INFO - 
STAGE 5: Test Set Evaluation
2026-01-23 16:32:59,588 - INFO - ----------------------------------------------------------------------
2026-01-23 16:32:59,599 - INFO - Generating diagnostic plots...
2026-01-23 16:32:59,617 - INFO -   ✓ Saved diagnostic plot data → NR-PPAR-gamma_diagnostic_plot_data.npz
2026-01-23 16:33:00,765 - INFO -   ✓ Saved diagnostic plots → NR-PPAR-gamma_diagnostics.png
2026-01-23 16:33:00,765 - INFO - 
✓ Test Set Performance:
2026-01-23 16:33:00,765 - INFO -   ROC-AUC:    0.9801
2026-01-23 16:33:00,765 - INFO -   PR-AUC:     0.5760
2026-01-23 16:33:00,765 - INFO -   Accuracy:   0.9705
2026-01-23 16:33:00,765 - INFO -   F1:         0.4242
2026-01-23 16:33:00,765 - INFO -   MCC:        0.4145
2026-01-23 16:33:00,765 - INFO - 
STAGE 6: SHAP Analysis
2026-01-23 16:33:00,765 - INFO - ----------------------------------------------------------------------
2026-01-23 16:33:00,765 - INFO - Running SHAP analysis...
2026-01-23 16:33:03,337 - INFO -   ✓ Saved SHAP data → NR-PPAR-gamma_shap_data.npz
2026-01-23 16:33:04,885 - INFO -   ✓ Saved SHAP plots
2026-01-23 16:33:04,886 - INFO - 
STAGE 7: Saving Results
2026-01-23 16:33:04,886 - INFO - ----------------------------------------------------------------------
2026-01-23 16:33:04,891 - INFO - ✓ Saved model → xgb_model.joblib
2026-01-23 16:33:04,892 - INFO - ✓ Saved summary → model_summary.txt
2026-01-23 16:33:04,892 - INFO - 
======================================================================
2026-01-23 16:33:04,892 - INFO - ✓ TRAINING COMPLETE for NR-PPAR-gamma! Total time: 6:03:08.521192
2026-01-23 16:33:04,892 - INFO - ✓ Performance: ROC-AUC=0.9801, F1=0.4242
2026-01-23 16:33:04,892 - INFO - ======================================================================
2026-01-23 16:33:04,893 - INFO - 
✓ ALL TRAINING COMPLETE! Total time: 6:03:08.763235
========================================
Training completed at: Fri 23 Jan 16:33:05 GMT 2026
Exit status: 0
========================================

Output locations:
  Model:    ./output/tox21/NR-PPAR-gamma/model/xgb_model.joblib
  Summary:  ./output/tox21/NR-PPAR-gamma/model/model_summary.txt
  Features: ./output/tox21/NR-PPAR-gamma/RFE/selected_features.txt
  Plots:    ./output/tox21/NR-PPAR-gamma/plots/

Cleaned up PBS output files
