========================================
Starting HYBRID CLASSIFICATION training for: SR-ATAD5
Dataset: tox21_cleaned.csv
RandomizedSearchCV iterations: 10000
RFE repeats: 3
Step size: 2
Job started at: Fri 23 Jan 10:29:25 GMT 2026
Working directory: /rds/general/user/fc4018/projects/fionn2023/live/ML_finder/master/cleaned_training_2
Data directory: ./data
Output directory: ./output/tox21
========================================
2026-01-23 10:29:56,130 - INFO - 
======================================================================
2026-01-23 10:29:56,130 - INFO - LOADING DATA
2026-01-23 10:29:56,130 - INFO - ======================================================================
2026-01-23 10:29:56,319 - INFO - ✓ Loaded 7831 samples from tox21_cleaned.csv
2026-01-23 10:29:56,319 - INFO - ✓ Total columns: 217
2026-01-23 10:29:56,371 - INFO - 
✓ Single target mode: SR-ATAD5
2026-01-23 10:29:56,371 - INFO - ======================================================================
2026-01-23 10:29:56,371 - INFO - CLASSIFICATION TRAINING: SR-ATAD5
2026-01-23 10:29:56,371 - INFO - ======================================================================
2026-01-23 10:29:56,568 - INFO - 
STAGE 1: Preparing Data
2026-01-23 10:29:56,569 - INFO - ----------------------------------------------------------------------
2026-01-23 10:29:56,576 - INFO - ✓ Valid samples: 7072
2026-01-23 10:29:56,576 - INFO -   Class distribution: 6808 negative, 264 positive (3.7% positive)
2026-01-23 10:29:56,581 - INFO - ✓ Feature matrix: (7072, 215)
2026-01-23 10:29:56,581 - INFO - ✓ Target shape: (7072,)
2026-01-23 10:29:56,581 - INFO - 
STAGE 2: Feature Selection (RFE with Repeats)
2026-01-23 10:29:56,581 - INFO - ----------------------------------------------------------------------
2026-01-23 10:29:56,581 - INFO - Running RFE with 3 repeats (step_size=2)...
2026-01-23 10:29:56,581 - INFO - 
  Repeat 1/3
2026-01-23 10:31:50,459 - INFO -     n=213, AUC=0.9671, Acc=0.9760, F1=0.5750
2026-01-23 10:31:50,459 - INFO -     Dropped: ['fr_unbrch_alkane', 'fr_urea']
2026-01-23 10:33:41,647 - INFO -     n=211, AUC=0.9671, Acc=0.9760, F1=0.5750
2026-01-23 10:33:41,648 - INFO -     Dropped: ['fr_thiocyan', 'fr_thiophene']
2026-01-23 10:35:31,051 - INFO -     n=209, AUC=0.9671, Acc=0.9760, F1=0.5750
2026-01-23 10:35:31,051 - INFO -     Dropped: ['fr_tetrazole', 'fr_thiazole']
2026-01-23 10:37:18,812 - INFO -     n=207, AUC=0.9671, Acc=0.9760, F1=0.5750
2026-01-23 10:37:18,813 - INFO -     Dropped: ['NumAliphaticHeterocycles', 'fr_azo']
2026-01-23 10:39:04,897 - INFO -     n=205, AUC=0.9671, Acc=0.9760, F1=0.5750
2026-01-23 10:39:04,897 - INFO -     Dropped: ['fr_SH', 'fr_allylic_oxid']
2026-01-23 10:40:48,669 - INFO -     n=203, AUC=0.9671, Acc=0.9760, F1=0.5750
2026-01-23 10:40:48,670 - INFO -     Dropped: ['fr_Nhpyrrole', 'fr_amidine']
2026-01-23 10:42:30,510 - INFO -     n=201, AUC=0.9671, Acc=0.9760, F1=0.5750
2026-01-23 10:42:30,510 - INFO -     Dropped: ['fr_alkyl_carbamate', 'fr_sulfone']
2026-01-23 10:44:11,035 - INFO -     n=199, AUC=0.9671, Acc=0.9760, F1=0.5750
2026-01-23 10:44:11,036 - INFO -     Dropped: ['PEOE_VSA4', 'fr_sulfonamd']
2026-01-23 10:45:49,910 - INFO -     n=197, AUC=0.9671, Acc=0.9760, F1=0.5750
2026-01-23 10:45:49,910 - INFO -     Dropped: ['NumSaturatedRings', 'fr_sulfide']
2026-01-23 10:47:26,825 - INFO -     n=195, AUC=0.9671, Acc=0.9760, F1=0.5750
2026-01-23 10:47:26,825 - INFO -     Dropped: ['fr_barbitur', 'fr_benzodiazepine']
2026-01-23 10:49:01,821 - INFO -     n=193, AUC=0.9671, Acc=0.9760, F1=0.5750
2026-01-23 10:49:01,821 - INFO -     Dropped: ['fr_Al_OH', 'fr_aldehyde']
2026-01-23 10:50:35,327 - INFO -     n=191, AUC=0.9671, Acc=0.9760, F1=0.5750
2026-01-23 10:50:35,328 - INFO -     Dropped: ['fr_Al_OH_noTert', 'fr_quatN']
2026-01-23 10:52:07,196 - INFO -     n=189, AUC=0.9671, Acc=0.9760, F1=0.5750
2026-01-23 10:52:07,196 - INFO -     Dropped: ['fr_dihydropyridine', 'fr_halogen']
2026-01-23 10:53:37,420 - INFO -     n=187, AUC=0.9671, Acc=0.9760, F1=0.5750
2026-01-23 10:53:37,421 - INFO -     Dropped: ['fr_Ndealkylation1', 'fr_benzene']
2026-01-23 10:55:06,034 - INFO -     n=185, AUC=0.9671, Acc=0.9760, F1=0.5750
2026-01-23 10:55:06,034 - INFO -     Dropped: ['EState_VSA11', 'fr_Ndealkylation2']
2026-01-23 10:56:33,076 - INFO -     n=183, AUC=0.9671, Acc=0.9760, F1=0.5750
2026-01-23 10:56:33,077 - INFO -     Dropped: ['fr_Ar_COO', 'fr_imidazole']
2026-01-23 10:57:58,555 - INFO -     n=181, AUC=0.9671, Acc=0.9760, F1=0.5750
2026-01-23 10:57:58,555 - INFO -     Dropped: ['NumSaturatedHeterocycles', 'fr_hdrzine']
2026-01-23 10:59:22,516 - INFO -     n=179, AUC=0.9671, Acc=0.9760, F1=0.5750
2026-01-23 10:59:22,516 - INFO -     Dropped: ['fr_NH2', 'fr_N_O']
2026-01-23 11:00:44,877 - INFO -     n=177, AUC=0.9671, Acc=0.9760, F1=0.5750
2026-01-23 11:00:44,877 - INFO -     Dropped: ['fr_guanido', 'fr_hdrzone']
2026-01-23 11:02:05,675 - INFO -     n=175, AUC=0.9671, Acc=0.9760, F1=0.5750
2026-01-23 11:02:05,675 - INFO -     Dropped: ['fr_furan', 'fr_imide']
2026-01-23 11:03:24,941 - INFO -     n=173, AUC=0.9671, Acc=0.9760, F1=0.5750
2026-01-23 11:03:24,941 - INFO -     Dropped: ['fr_C_S', 'fr_ester']
2026-01-23 11:04:42,653 - INFO -     n=171, AUC=0.9671, Acc=0.9760, F1=0.5750
2026-01-23 11:04:42,653 - INFO -     Dropped: ['fr_C_O_noCOO', 'fr_HOCCN']
2026-01-23 11:05:58,855 - INFO -     n=169, AUC=0.9671, Acc=0.9760, F1=0.5750
2026-01-23 11:05:58,855 - INFO -     Dropped: ['fr_C_O', 'fr_NH1']
2026-01-23 11:07:13,557 - INFO -     n=167, AUC=0.9671, Acc=0.9760, F1=0.5750
2026-01-23 11:07:13,557 - INFO -     Dropped: ['NumAromaticCarbocycles', 'fr_epoxide']
2026-01-23 11:08:26,677 - INFO -     n=165, AUC=0.9671, Acc=0.9760, F1=0.5750
2026-01-23 11:08:26,677 - INFO -     Dropped: ['NumAliphaticRings', 'fr_COO2']
2026-01-23 11:09:38,116 - INFO -     n=163, AUC=0.9671, Acc=0.9760, F1=0.5750
2026-01-23 11:09:38,116 - INFO -     Dropped: ['fr_isocyan', 'fr_isothiocyan']
2026-01-23 11:10:48,010 - INFO -     n=161, AUC=0.9671, Acc=0.9760, F1=0.5750
2026-01-23 11:10:48,010 - INFO -     Dropped: ['fr_Ar_OH', 'fr_ether']
2026-01-23 11:11:56,398 - INFO -     n=159, AUC=0.9671, Acc=0.9760, F1=0.5750
2026-01-23 11:11:56,398 - INFO -     Dropped: ['NumRadicalElectrons', 'fr_nitroso']
2026-01-23 11:13:03,323 - INFO -     n=157, AUC=0.9671, Acc=0.9760, F1=0.5750
2026-01-23 11:13:03,323 - INFO -     Dropped: ['fr_azide', 'fr_nitro']
2026-01-23 11:14:08,771 - INFO -     n=155, AUC=0.9671, Acc=0.9760, F1=0.5750
2026-01-23 11:14:08,771 - INFO -     Dropped: ['fr_aryl_methyl', 'fr_lactam']
2026-01-23 11:15:12,528 - INFO -     n=153, AUC=0.9671, Acc=0.9760, F1=0.5750
2026-01-23 11:15:12,528 - INFO -     Dropped: ['SMR_VSA2', 'HeavyAtomCount']
2026-01-23 11:16:14,844 - INFO -     n=151, AUC=0.9671, Acc=0.9760, F1=0.5750
2026-01-23 11:16:14,845 - INFO -     Dropped: ['MaxAbsEStateIndex', 'fr_morpholine']
2026-01-23 11:17:15,679 - INFO -     n=149, AUC=0.9671, Acc=0.9760, F1=0.5750
2026-01-23 11:17:15,679 - INFO -     Dropped: ['fr_lactone', 'fr_phenol']
2026-01-23 11:18:15,160 - INFO -     n=147, AUC=0.9671, Acc=0.9760, F1=0.5750
2026-01-23 11:18:15,160 - INFO -     Dropped: ['fr_oxazole', 'fr_priamide']
2026-01-23 11:19:13,163 - INFO -     n=145, AUC=0.9671, Acc=0.9760, F1=0.5750
2026-01-23 11:19:13,164 - INFO -     Dropped: ['NHOHCount', 'fr_piperzine']
2026-01-23 11:20:09,823 - INFO -     n=143, AUC=0.9671, Acc=0.9760, F1=0.5750
2026-01-23 11:20:09,824 - INFO -     Dropped: ['fr_phos_ester', 'fr_piperdine']
2026-01-23 11:21:05,058 - INFO -     n=141, AUC=0.9671, Acc=0.9760, F1=0.5750
2026-01-23 11:21:05,058 - INFO -     Dropped: ['fr_phenol_noOrthoHbond', 'fr_phos_acid']
2026-01-23 11:21:58,892 - INFO -     n=139, AUC=0.9671, Acc=0.9760, F1=0.5750
2026-01-23 11:21:58,892 - INFO -     Dropped: ['fr_nitro_arom_nonortho', 'fr_oxime']
2026-01-23 11:22:51,302 - INFO -     n=137, AUC=0.9671, Acc=0.9760, F1=0.5750
2026-01-23 11:22:51,302 - INFO -     Dropped: ['fr_ketone', 'fr_nitro_arom']
2026-01-23 11:23:42,369 - INFO -     n=135, AUC=0.9663, Acc=0.9739, F1=0.5195
2026-01-23 11:23:42,370 - INFO -     Dropped: ['NOCount', 'fr_COO']
2026-01-23 11:24:31,843 - INFO -     n=133, AUC=0.9663, Acc=0.9739, F1=0.5195
2026-01-23 11:24:31,843 - INFO -     Dropped: ['NumAromaticRings', 'NumHDonors']
2026-01-23 11:25:19,938 - INFO -     n=131, AUC=0.9662, Acc=0.9739, F1=0.5195
2026-01-23 11:25:19,938 - INFO -     Dropped: ['MolWt', 'EState_VSA1']
2026-01-23 11:26:06,630 - INFO -     n=129, AUC=0.9678, Acc=0.9717, F1=0.5122
2026-01-23 11:26:06,630 - INFO -     Dropped: ['fr_Ar_N', 'fr_aniline']
2026-01-23 11:26:51,961 - INFO -     n=127, AUC=0.9636, Acc=0.9717, F1=0.5122
2026-01-23 11:26:51,961 - INFO -     Dropped: ['NumValenceElectrons', 'Chi0v']
2026-01-23 11:27:35,959 - INFO -     n=125, AUC=0.9639, Acc=0.9724, F1=0.5185
2026-01-23 11:27:35,959 - INFO -     Dropped: ['SlogP_VSA5', 'fr_alkyl_halide']
2026-01-23 11:28:18,583 - INFO -     n=123, AUC=0.9700, Acc=0.9746, F1=0.5610
2026-01-23 11:28:18,583 - INFO -     Dropped: ['PEOE_VSA5', 'EState_VSA2']
2026-01-23 11:28:59,824 - INFO -     n=121, AUC=0.9700, Acc=0.9746, F1=0.5610
2026-01-23 11:28:59,824 - INFO -     Dropped: ['SMR_VSA4', 'fr_nitrile']
2026-01-23 11:29:39,824 - INFO -     n=119, AUC=0.9676, Acc=0.9760, F1=0.5750
2026-01-23 11:29:39,824 - INFO -     Dropped: ['NumAliphaticCarbocycles', 'NumHeteroatoms']
2026-01-23 11:30:18,600 - INFO -     n=117, AUC=0.9695, Acc=0.9717, F1=0.5000
2026-01-23 11:30:18,600 - INFO -     Dropped: ['SlogP_VSA6', 'NumAromaticHeterocycles']
2026-01-23 11:30:56,153 - INFO -     n=115, AUC=0.9702, Acc=0.9739, F1=0.5432
2026-01-23 11:30:56,153 - INFO -     Dropped: ['Chi0', 'Chi2v']
2026-01-23 11:31:32,420 - INFO -     n=113, AUC=0.9702, Acc=0.9739, F1=0.5432
2026-01-23 11:31:32,420 - INFO -     Dropped: ['NumSaturatedCarbocycles', 'fr_pyridine']
2026-01-23 11:32:07,487 - INFO -     n=111, AUC=0.9676, Acc=0.9739, F1=0.5542
2026-01-23 11:32:07,487 - INFO -     Dropped: ['Chi1', 'Chi4v']
2026-01-23 11:32:41,343 - INFO -     n=109, AUC=0.9684, Acc=0.9703, F1=0.4878
2026-01-23 11:32:41,343 - INFO -     Dropped: ['SlogP_VSA10', 'NumHAcceptors']
2026-01-23 11:33:14,035 - INFO -     n=107, AUC=0.9672, Acc=0.9724, F1=0.5412
2026-01-23 11:33:14,035 - INFO -     Dropped: ['Chi4n', 'Ipc']
2026-01-23 11:33:45,573 - INFO -     n=105, AUC=0.9640, Acc=0.9717, F1=0.5556
2026-01-23 11:33:45,573 - INFO -     Dropped: ['Chi0n', 'SlogP_VSA2']
2026-01-23 11:34:16,016 - INFO -     n=103, AUC=0.9627, Acc=0.9724, F1=0.5517
2026-01-23 11:34:16,016 - INFO -     Dropped: ['MolMR', 'fr_bicyclic']
2026-01-23 11:34:45,356 - INFO -     n=101, AUC=0.9638, Acc=0.9724, F1=0.5301
2026-01-23 11:34:45,356 - INFO -     Dropped: ['PEOE_VSA1', 'PEOE_VSA14']
2026-01-23 11:35:13,612 - INFO -     n=99, AUC=0.9622, Acc=0.9696, F1=0.4941
2026-01-23 11:35:13,612 - INFO -     Dropped: ['Kappa2', 'SMR_VSA3']
2026-01-23 11:35:40,780 - INFO -     n=97, AUC=0.9672, Acc=0.9717, F1=0.5238
2026-01-23 11:35:40,780 - INFO -     Dropped: ['MaxEStateIndex', 'ExactMolWt']
2026-01-23 11:36:06,952 - INFO -     n=95, AUC=0.9614, Acc=0.9696, F1=0.4941
2026-01-23 11:36:06,952 - INFO -     Dropped: ['VSA_EState10', 'fr_NH0']
2026-01-23 11:36:32,112 - INFO -     n=93, AUC=0.9689, Acc=0.9731, F1=0.5366
2026-01-23 11:36:32,112 - INFO -     Dropped: ['Chi3n', 'EState_VSA8']
2026-01-23 11:36:56,287 - INFO -     n=91, AUC=0.9659, Acc=0.9717, F1=0.5349
2026-01-23 11:36:56,287 - INFO -     Dropped: ['BCUT2D_CHGLO', 'EState_VSA4']
2026-01-23 11:37:19,505 - INFO -     n=89, AUC=0.9680, Acc=0.9717, F1=0.5238
2026-01-23 11:37:19,505 - INFO -     Dropped: ['PEOE_VSA11', 'fr_term_acetylene']
2026-01-23 11:37:41,790 - INFO -     n=87, AUC=0.9651, Acc=0.9739, F1=0.5647
2026-01-23 11:37:41,790 - INFO -     Dropped: ['MinPartialCharge', 'PEOE_VSA3']
2026-01-23 11:38:03,148 - INFO -     n=85, AUC=0.9636, Acc=0.9731, F1=0.5476
2026-01-23 11:38:03,148 - INFO -     Dropped: ['SMR_VSA1', 'SlogP_VSA11']
2026-01-23 11:38:23,598 - INFO -     n=83, AUC=0.9607, Acc=0.9731, F1=0.5250
2026-01-23 11:38:23,599 - INFO -     Dropped: ['Chi2n', 'PEOE_VSA10']
2026-01-23 11:38:43,164 - INFO -     n=81, AUC=0.9628, Acc=0.9710, F1=0.5176
2026-01-23 11:38:43,164 - INFO -     Dropped: ['Kappa3', 'SlogP_VSA4']
2026-01-23 11:39:01,862 - INFO -     n=79, AUC=0.9617, Acc=0.9675, F1=0.4250
2026-01-23 11:39:01,863 - INFO -     Dropped: ['SR-MMP', 'LabuteASA']
2026-01-23 11:39:19,719 - INFO -     n=77, AUC=0.9611, Acc=0.9724, F1=0.5517
2026-01-23 11:39:19,719 - INFO -     Dropped: ['PEOE_VSA9', 'fr_para_hydroxylation']
2026-01-23 11:39:36,748 - INFO -     n=75, AUC=0.9577, Acc=0.9703, F1=0.5116
2026-01-23 11:39:36,748 - INFO -     Dropped: ['qed', 'VSA_EState9']
2026-01-23 11:39:52,952 - INFO -     n=73, AUC=0.9550, Acc=0.9731, F1=0.5366
2026-01-23 11:39:52,952 - INFO -     Dropped: ['EState_VSA10', 'fr_amide']
2026-01-23 11:40:08,357 - INFO -     n=71, AUC=0.9658, Acc=0.9731, F1=0.5366
2026-01-23 11:40:08,357 - INFO -     Dropped: ['PEOE_VSA6', 'NumRotatableBonds']
2026-01-23 11:40:22,957 - INFO -     n=69, AUC=0.9648, Acc=0.9717, F1=0.5122
2026-01-23 11:40:22,957 - INFO -     Dropped: ['MaxAbsPartialCharge', 'VSA_EState8']
2026-01-23 11:40:36,799 - INFO -     n=67, AUC=0.9679, Acc=0.9717, F1=0.5349
2026-01-23 11:40:36,799 - INFO -     Dropped: ['EState_VSA9', 'fr_Al_COO']
2026-01-23 11:40:49,872 - INFO -     n=65, AUC=0.9608, Acc=0.9717, F1=0.5349
2026-01-23 11:40:49,872 - INFO -     Dropped: ['BCUT2D_LOGPLOW', 'SMR_VSA9']
2026-01-23 11:41:02,215 - INFO -     n=63, AUC=0.9657, Acc=0.9731, F1=0.5250
2026-01-23 11:41:02,215 - INFO -     Dropped: ['FpDensityMorgan1', 'BCUT2D_CHGHI']
2026-01-23 11:41:13,831 - INFO -     n=61, AUC=0.9664, Acc=0.9731, F1=0.5250
2026-01-23 11:41:13,831 - INFO -     Dropped: ['SMR_VSA7', 'TPSA']
2026-01-23 11:41:24,774 - INFO -     n=59, AUC=0.9634, Acc=0.9710, F1=0.4938
2026-01-23 11:41:24,774 - INFO -     Dropped: ['BCUT2D_MWLOW', 'EState_VSA7']
2026-01-23 11:41:35,043 - INFO -     n=57, AUC=0.9653, Acc=0.9717, F1=0.5122
2026-01-23 11:41:35,043 - INFO -     Dropped: ['FpDensityMorgan3', 'VSA_EState3']
2026-01-23 11:41:44,680 - INFO -     n=55, AUC=0.9648, Acc=0.9731, F1=0.5250
2026-01-23 11:41:44,680 - INFO -     Dropped: ['PEOE_VSA12', 'VSA_EState7']
2026-01-23 11:41:53,701 - INFO -     n=53, AUC=0.9654, Acc=0.9717, F1=0.5122
2026-01-23 11:41:53,701 - INFO -     Dropped: ['SlogP_VSA7', 'RingCount']
2026-01-23 11:42:02,111 - INFO -     n=51, AUC=0.9683, Acc=0.9760, F1=0.5854
2026-01-23 11:42:02,111 - INFO -     Dropped: ['MinEStateIndex', 'Chi3v']
2026-01-23 11:42:09,927 - INFO -     n=49, AUC=0.9628, Acc=0.9753, F1=0.5783
2026-01-23 11:42:09,927 - INFO -     Dropped: ['BalabanJ', 'SlogP_VSA1']
2026-01-23 11:42:17,171 - INFO -     n=47, AUC=0.9662, Acc=0.9753, F1=0.5882
2026-01-23 11:42:17,171 - INFO -     Dropped: ['BertzCT', 'VSA_EState1']
2026-01-23 11:42:23,868 - INFO -     n=45, AUC=0.9635, Acc=0.9746, F1=0.5909
2026-01-23 11:42:23,868 - INFO -     Dropped: ['FpDensityMorgan2', 'VSA_EState5']
2026-01-23 11:42:30,058 - INFO -     n=43, AUC=0.9632, Acc=0.9767, F1=0.5926
2026-01-23 11:42:30,058 - INFO -     Dropped: ['PEOE_VSA13', 'PEOE_VSA8']
2026-01-23 11:42:35,745 - INFO -     n=41, AUC=0.9679, Acc=0.9753, F1=0.6067
2026-01-23 11:42:35,745 - INFO -     Dropped: ['MinAbsEStateIndex', 'EState_VSA3']
2026-01-23 11:42:40,961 - INFO -     n=39, AUC=0.9637, Acc=0.9731, F1=0.5682
2026-01-23 11:42:40,962 - INFO -     Dropped: ['PEOE_VSA2', 'fr_Ar_NH']
2026-01-23 11:42:45,723 - INFO -     n=37, AUC=0.9611, Acc=0.9724, F1=0.5517
2026-01-23 11:42:45,724 - INFO -     Dropped: ['SlogP_VSA8', 'fr_ketone_Topliss']
2026-01-23 11:42:50,031 - INFO -     n=35, AUC=0.9608, Acc=0.9724, F1=0.5517
2026-01-23 11:42:50,031 - INFO -     Dropped: ['Chi1v', 'EState_VSA5']
2026-01-23 11:42:53,896 - INFO -     n=33, AUC=0.9509, Acc=0.9724, F1=0.5618
2026-01-23 11:42:53,896 - INFO -     Dropped: ['Chi1n', 'SlogP_VSA3']
2026-01-23 11:42:57,346 - INFO -     n=31, AUC=0.9618, Acc=0.9746, F1=0.5909
2026-01-23 11:42:57,346 - INFO -     Dropped: ['PEOE_VSA7', 'SlogP_VSA12']
2026-01-23 11:43:00,398 - INFO -     n=29, AUC=0.9609, Acc=0.9760, F1=0.6047
2026-01-23 11:43:00,398 - INFO -     Dropped: ['VSA_EState4', 'VSA_EState6']
2026-01-23 11:43:03,073 - INFO -     n=27, AUC=0.9596, Acc=0.9746, F1=0.5909
2026-01-23 11:43:03,073 - INFO -     Dropped: ['BCUT2D_MRLOW', 'HallKierAlpha']
2026-01-23 11:43:05,402 - INFO -     n=25, AUC=0.9661, Acc=0.9746, F1=0.6087
2026-01-23 11:43:05,402 - INFO -     Dropped: ['SMR_VSA6', 'VSA_EState2']
2026-01-23 11:43:07,408 - INFO -     n=23, AUC=0.9574, Acc=0.9717, F1=0.5652
2026-01-23 11:43:07,408 - INFO -     Dropped: ['BCUT2D_MWHI', 'Kappa1']
2026-01-23 11:43:09,123 - INFO -     n=21, AUC=0.9590, Acc=0.9710, F1=0.5495
2026-01-23 11:43:09,123 - INFO -     Dropped: ['MinAbsPartialCharge', 'BCUT2D_MRHI']
2026-01-23 11:43:10,576 - INFO -     n=19, AUC=0.9515, Acc=0.9703, F1=0.5227
2026-01-23 11:43:10,576 - INFO -     Dropped: ['MaxPartialCharge', 'FractionCSP3']
2026-01-23 11:43:11,798 - INFO -     n=17, AUC=0.9485, Acc=0.9724, F1=0.5714
2026-01-23 11:43:11,798 - INFO -     Dropped: ['SR-HSE', 'HeavyAtomMolWt']
2026-01-23 11:43:12,810 - INFO -     n=15, AUC=0.9536, Acc=0.9703, F1=0.5333
2026-01-23 11:43:12,810 - INFO -     Dropped: ['SMR_VSA10', 'EState_VSA6']
2026-01-23 11:43:13,624 - INFO -     n=13, AUC=0.9556, Acc=0.9689, F1=0.4884
2026-01-23 11:43:13,624 - INFO -     Dropped: ['BCUT2D_LOGPHI', 'MolLogP']
2026-01-23 11:43:14,289 - INFO -     n=11, AUC=0.9567, Acc=0.9689, F1=0.5217
2026-01-23 11:43:14,289 - INFO -     Dropped: ['SMR_VSA5', 'fr_ArN']
2026-01-23 11:43:14,837 - INFO -     n=9, AUC=0.9140, Acc=0.9661, F1=0.4146
2026-01-23 11:43:14,837 - INFO -     Dropped: ['SR-ARE', 'fr_methoxy']
2026-01-23 11:43:15,275 - INFO -     n=7, AUC=0.9237, Acc=0.9710, F1=0.5591
2026-01-23 11:43:15,275 - INFO -     Dropped: ['NR-AR', 'NR-AR-LBD']
2026-01-23 11:43:15,609 - INFO -     n=5, AUC=0.9283, Acc=0.9647, F1=0.4681
2026-01-23 11:43:15,609 - INFO -     Dropped: ['NR-PPAR-gamma', 'fr_Imine']
2026-01-23 11:43:15,834 - INFO -     n=3, AUC=0.9209, Acc=0.9625, F1=0.0702
2026-01-23 11:43:15,834 - INFO -     Dropped: ['NR-ER', 'NR-ER-LBD']
2026-01-23 11:43:15,939 - INFO -     n=1, AUC=0.8552, Acc=0.9625, F1=0.0000
2026-01-23 11:43:15,939 - INFO -     Dropped: ['NR-AhR', 'SR-p53']
2026-01-23 11:43:15,940 - INFO -   → Best for repeat 1: 115 features, AUC=0.9702
2026-01-23 11:43:15,940 - INFO - 
  Repeat 2/3
2026-01-23 11:45:04,596 - INFO -     n=213, AUC=0.9515, Acc=0.9682, F1=0.4156
2026-01-23 11:45:04,596 - INFO -     Dropped: ['fr_unbrch_alkane', 'fr_urea']
2026-01-23 11:46:51,649 - INFO -     n=211, AUC=0.9515, Acc=0.9682, F1=0.4156
2026-01-23 11:46:51,649 - INFO -     Dropped: ['fr_thiocyan', 'fr_thiophene']
2026-01-23 11:48:37,040 - INFO -     n=209, AUC=0.9515, Acc=0.9682, F1=0.4156
2026-01-23 11:48:37,040 - INFO -     Dropped: ['fr_tetrazole', 'fr_thiazole']
2026-01-23 11:50:20,882 - INFO -     n=207, AUC=0.9515, Acc=0.9682, F1=0.4156
2026-01-23 11:50:20,882 - INFO -     Dropped: ['PEOE_VSA12', 'PEOE_VSA13']
2026-01-23 11:52:03,153 - INFO -     n=205, AUC=0.9515, Acc=0.9682, F1=0.4156
2026-01-23 11:52:03,153 - INFO -     Dropped: ['SlogP_VSA7', 'fr_amidine']
2026-01-23 11:53:43,816 - INFO -     n=203, AUC=0.9515, Acc=0.9682, F1=0.4156
2026-01-23 11:53:43,816 - INFO -     Dropped: ['fr_aniline', 'fr_azo']
2026-01-23 11:55:22,897 - INFO -     n=201, AUC=0.9515, Acc=0.9682, F1=0.4156
2026-01-23 11:55:22,897 - INFO -     Dropped: ['fr_COO2', 'fr_azide']
2026-01-23 11:57:00,335 - INFO -     n=199, AUC=0.9515, Acc=0.9682, F1=0.4156
2026-01-23 11:57:00,335 - INFO -     Dropped: ['fr_amide', 'fr_barbitur']
2026-01-23 11:58:36,266 - INFO -     n=197, AUC=0.9515, Acc=0.9682, F1=0.4156
2026-01-23 11:58:36,267 - INFO -     Dropped: ['fr_Al_COO', 'fr_COO']
2026-01-23 12:00:10,740 - INFO -     n=195, AUC=0.9515, Acc=0.9682, F1=0.4156
2026-01-23 12:00:10,740 - INFO -     Dropped: ['fr_Ar_OH', 'fr_epoxide']
2026-01-23 12:01:45,415 - INFO -     n=193, AUC=0.9515, Acc=0.9682, F1=0.4156
2026-01-23 12:01:45,415 - INFO -     Dropped: ['fr_ester', 'fr_nitro']
2026-01-23 12:03:18,451 - INFO -     n=191, AUC=0.9515, Acc=0.9682, F1=0.4156
2026-01-23 12:03:18,452 - INFO -     Dropped: ['fr_Ar_COO', 'fr_guanido']
2026-01-23 12:04:51,385 - INFO -     n=189, AUC=0.9515, Acc=0.9682, F1=0.4156
2026-01-23 12:04:51,385 - INFO -     Dropped: ['NumSaturatedCarbocycles', 'fr_furan']
2026-01-23 12:06:21,548 - INFO -     n=187, AUC=0.9515, Acc=0.9682, F1=0.4156
2026-01-23 12:06:21,548 - INFO -     Dropped: ['fr_SH', 'fr_dihydropyridine']
2026-01-23 12:07:50,380 - INFO -     n=185, AUC=0.9515, Acc=0.9682, F1=0.4156
2026-01-23 12:07:50,380 - INFO -     Dropped: ['fr_aldehyde', 'fr_imidazole']
2026-01-23 12:09:17,199 - INFO -     n=183, AUC=0.9515, Acc=0.9682, F1=0.4156
2026-01-23 12:09:17,199 - INFO -     Dropped: ['fr_Ndealkylation1', 'fr_Nhpyrrole']
2026-01-23 12:10:42,384 - INFO -     n=181, AUC=0.9515, Acc=0.9682, F1=0.4156
2026-01-23 12:10:42,385 - INFO -     Dropped: ['EState_VSA11', 'fr_N_O']
2026-01-23 12:12:06,081 - INFO -     n=179, AUC=0.9515, Acc=0.9682, F1=0.4156
2026-01-23 12:12:06,081 - INFO -     Dropped: ['fr_C_S', 'fr_Ndealkylation2']
2026-01-23 12:13:28,319 - INFO -     n=177, AUC=0.9515, Acc=0.9682, F1=0.4156
2026-01-23 12:13:28,319 - INFO -     Dropped: ['fr_Al_OH_noTert', 'fr_isothiocyan']
2026-01-23 12:14:50,452 - INFO -     n=175, AUC=0.9515, Acc=0.9682, F1=0.4156
2026-01-23 12:14:50,452 - INFO -     Dropped: ['fr_hdrzine', 'fr_ketone_Topliss']
2026-01-23 12:16:10,276 - INFO -     n=173, AUC=0.9515, Acc=0.9682, F1=0.4156
2026-01-23 12:16:10,276 - INFO -     Dropped: ['fr_HOCCN', 'fr_benzodiazepine']
2026-01-23 12:17:27,936 - INFO -     n=171, AUC=0.9515, Acc=0.9682, F1=0.4156
2026-01-23 12:17:27,937 - INFO -     Dropped: ['fr_nitrile', 'fr_nitro_arom']
2026-01-23 12:18:44,021 - INFO -     n=169, AUC=0.9515, Acc=0.9682, F1=0.4156
2026-01-23 12:18:44,021 - INFO -     Dropped: ['fr_Al_OH', 'fr_lactone']
2026-01-23 12:19:58,604 - INFO -     n=167, AUC=0.9515, Acc=0.9682, F1=0.4156
2026-01-23 12:19:58,604 - INFO -     Dropped: ['fr_morpholine', 'fr_phenol']
2026-01-23 12:21:11,678 - INFO -     n=165, AUC=0.9515, Acc=0.9682, F1=0.4156
2026-01-23 12:21:11,678 - INFO -     Dropped: ['fr_hdrzone', 'fr_oxime']
2026-01-23 12:22:23,224 - INFO -     n=163, AUC=0.9515, Acc=0.9682, F1=0.4156
2026-01-23 12:22:23,224 - INFO -     Dropped: ['fr_benzene', 'fr_imide']
2026-01-23 12:23:33,306 - INFO -     n=161, AUC=0.9515, Acc=0.9682, F1=0.4156
2026-01-23 12:23:33,306 - INFO -     Dropped: ['PEOE_VSA5', 'fr_alkyl_carbamate']
2026-01-23 12:24:41,594 - INFO -     n=159, AUC=0.9515, Acc=0.9682, F1=0.4156
2026-01-23 12:24:41,594 - INFO -     Dropped: ['MaxAbsEStateIndex', 'fr_nitro_arom_nonortho']
2026-01-23 12:25:46,558 - INFO -     n=157, AUC=0.9515, Acc=0.9682, F1=0.4156
2026-01-23 12:25:46,558 - INFO -     Dropped: ['HeavyAtomCount', 'fr_NH2']
2026-01-23 12:26:50,174 - INFO -     n=155, AUC=0.9515, Acc=0.9682, F1=0.4156
2026-01-23 12:26:50,174 - INFO -     Dropped: ['NumAliphaticHeterocycles', 'NumSaturatedRings']
2026-01-23 12:27:52,480 - INFO -     n=153, AUC=0.9515, Acc=0.9682, F1=0.4156
2026-01-23 12:27:52,480 - INFO -     Dropped: ['SMR_VSA2', 'fr_oxazole']
2026-01-23 12:28:53,390 - INFO -     n=151, AUC=0.9515, Acc=0.9682, F1=0.4156
2026-01-23 12:28:53,390 - INFO -     Dropped: ['NumRadicalElectrons', 'fr_lactam']
2026-01-23 12:29:52,936 - INFO -     n=149, AUC=0.9515, Acc=0.9682, F1=0.4156
2026-01-23 12:29:52,936 - INFO -     Dropped: ['NumValenceElectrons', 'fr_isocyan']
2026-01-23 12:30:51,087 - INFO -     n=147, AUC=0.9515, Acc=0.9682, F1=0.4156
2026-01-23 12:30:51,087 - INFO -     Dropped: ['fr_nitroso', 'fr_sulfonamd']
2026-01-23 12:31:47,877 - INFO -     n=145, AUC=0.9515, Acc=0.9682, F1=0.4156
2026-01-23 12:31:47,877 - INFO -     Dropped: ['fr_quatN', 'fr_sulfide']
2026-01-23 12:32:43,267 - INFO -     n=143, AUC=0.9515, Acc=0.9682, F1=0.4156
2026-01-23 12:32:43,267 - INFO -     Dropped: ['NumAliphaticRings', 'fr_priamide']
2026-01-23 12:33:37,330 - INFO -     n=141, AUC=0.9515, Acc=0.9682, F1=0.4156
2026-01-23 12:33:37,330 - INFO -     Dropped: ['fr_piperzine', 'fr_sulfone']
2026-01-23 12:34:30,195 - INFO -     n=139, AUC=0.9515, Acc=0.9682, F1=0.4156
2026-01-23 12:34:30,195 - INFO -     Dropped: ['fr_phos_ester', 'fr_piperdine']
2026-01-23 12:35:22,607 - INFO -     n=137, AUC=0.9520, Acc=0.9682, F1=0.4156
2026-01-23 12:35:22,607 - INFO -     Dropped: ['fr_halogen', 'fr_phos_acid']
2026-01-23 12:36:14,153 - INFO -     n=135, AUC=0.9520, Acc=0.9682, F1=0.4156
2026-01-23 12:36:14,153 - INFO -     Dropped: ['PEOE_VSA4', 'fr_phenol_noOrthoHbond']
2026-01-23 12:37:04,010 - INFO -     n=133, AUC=0.9529, Acc=0.9689, F1=0.4359
2026-01-23 12:37:04,011 - INFO -     Dropped: ['EState_VSA1', 'NumHDonors']
2026-01-23 12:37:51,697 - INFO -     n=131, AUC=0.9562, Acc=0.9703, F1=0.4615
2026-01-23 12:37:51,698 - INFO -     Dropped: ['SlogP_VSA10', 'NumAromaticHeterocycles']
2026-01-23 12:38:38,116 - INFO -     n=129, AUC=0.9527, Acc=0.9724, F1=0.5063
2026-01-23 12:38:38,116 - INFO -     Dropped: ['Chi2n', 'fr_alkyl_halide']
2026-01-23 12:39:23,430 - INFO -     n=127, AUC=0.9595, Acc=0.9703, F1=0.4474
2026-01-23 12:39:23,430 - INFO -     Dropped: ['NumAromaticCarbocycles', 'fr_Ar_N']
2026-01-23 12:40:07,072 - INFO -     n=125, AUC=0.9595, Acc=0.9703, F1=0.4474
2026-01-23 12:40:07,072 - INFO -     Dropped: ['fr_NH1', 'fr_ether']
2026-01-23 12:40:49,412 - INFO -     n=123, AUC=0.9535, Acc=0.9689, F1=0.4359
2026-01-23 12:40:49,412 - INFO -     Dropped: ['Chi3v', 'RingCount']
2026-01-23 12:41:30,558 - INFO -     n=121, AUC=0.9561, Acc=0.9703, F1=0.4474
2026-01-23 12:41:30,558 - INFO -     Dropped: ['EState_VSA4', 'fr_ketone']
2026-01-23 12:42:10,417 - INFO -     n=119, AUC=0.9525, Acc=0.9696, F1=0.4557
2026-01-23 12:42:10,418 - INFO -     Dropped: ['Chi3n', 'SMR_VSA4']
2026-01-23 12:42:48,986 - INFO -     n=117, AUC=0.9541, Acc=0.9696, F1=0.4557
2026-01-23 12:42:48,986 - INFO -     Dropped: ['Chi4v', 'LabuteASA']
2026-01-23 12:43:26,535 - INFO -     n=115, AUC=0.9546, Acc=0.9682, F1=0.4156
2026-01-23 12:43:26,535 - INFO -     Dropped: ['Ipc', 'PEOE_VSA1']
2026-01-23 12:44:02,697 - INFO -     n=113, AUC=0.9583, Acc=0.9710, F1=0.4675
2026-01-23 12:44:02,697 - INFO -     Dropped: ['NHOHCount', 'fr_term_acetylene']
2026-01-23 12:44:37,859 - INFO -     n=111, AUC=0.9583, Acc=0.9710, F1=0.4675
2026-01-23 12:44:37,859 - INFO -     Dropped: ['NumAromaticRings', 'fr_aryl_methyl']
2026-01-23 12:45:12,006 - INFO -     n=109, AUC=0.9537, Acc=0.9703, F1=0.4615
2026-01-23 12:45:12,006 - INFO -     Dropped: ['PEOE_VSA9', 'VSA_EState7']
2026-01-23 12:45:44,643 - INFO -     n=107, AUC=0.9553, Acc=0.9682, F1=0.4000
2026-01-23 12:45:44,643 - INFO -     Dropped: ['MolMR', 'fr_pyridine']
2026-01-23 12:46:16,210 - INFO -     n=105, AUC=0.9605, Acc=0.9696, F1=0.4557
2026-01-23 12:46:16,210 - INFO -     Dropped: ['FpDensityMorgan1', 'PEOE_VSA14']
2026-01-23 12:46:46,617 - INFO -     n=103, AUC=0.9590, Acc=0.9710, F1=0.4675
2026-01-23 12:46:46,617 - INFO -     Dropped: ['PEOE_VSA11', 'SMR_VSA3']
2026-01-23 12:47:15,943 - INFO -     n=101, AUC=0.9590, Acc=0.9710, F1=0.4675
2026-01-23 12:47:15,943 - INFO -     Dropped: ['NOCount', 'fr_C_O_noCOO']
2026-01-23 12:47:44,180 - INFO -     n=99, AUC=0.9572, Acc=0.9675, F1=0.3947
2026-01-23 12:47:44,180 - INFO -     Dropped: ['SlogP_VSA2', 'VSA_EState6']
2026-01-23 12:48:11,446 - INFO -     n=97, AUC=0.9562, Acc=0.9668, F1=0.3896
2026-01-23 12:48:11,446 - INFO -     Dropped: ['ExactMolWt', 'Chi0v']
2026-01-23 12:48:37,644 - INFO -     n=95, AUC=0.9589, Acc=0.9675, F1=0.3947
2026-01-23 12:48:37,644 - INFO -     Dropped: ['Chi0n', 'NumRotatableBonds']
2026-01-23 12:49:02,891 - INFO -     n=93, AUC=0.9502, Acc=0.9696, F1=0.4557
2026-01-23 12:49:02,891 - INFO -     Dropped: ['FpDensityMorgan2', 'NumHeteroatoms']
2026-01-23 12:49:27,641 - INFO -     n=91, AUC=0.9545, Acc=0.9675, F1=0.4103
2026-01-23 12:49:27,641 - INFO -     Dropped: ['SlogP_VSA1', 'SlogP_VSA3']
2026-01-23 12:49:51,746 - INFO -     n=89, AUC=0.9502, Acc=0.9696, F1=0.4557
2026-01-23 12:49:51,746 - INFO -     Dropped: ['MinAbsPartialCharge', 'SlogP_VSA11']
2026-01-23 12:50:14,529 - INFO -     n=87, AUC=0.9504, Acc=0.9710, F1=0.4533
2026-01-23 12:50:14,529 - INFO -     Dropped: ['HeavyAtomMolWt', 'EState_VSA10']
2026-01-23 12:50:35,901 - INFO -     n=85, AUC=0.9567, Acc=0.9689, F1=0.4211
2026-01-23 12:50:35,901 - INFO -     Dropped: ['EState_VSA3', 'EState_VSA5']
2026-01-23 12:50:56,258 - INFO -     n=83, AUC=0.9519, Acc=0.9682, F1=0.3836
2026-01-23 12:50:56,258 - INFO -     Dropped: ['MaxPartialCharge', 'SMR_VSA6']
2026-01-23 12:51:15,693 - INFO -     n=81, AUC=0.9551, Acc=0.9696, F1=0.4691
2026-01-23 12:51:15,693 - INFO -     Dropped: ['SlogP_VSA12', 'fr_allylic_oxid']
2026-01-23 12:51:34,242 - INFO -     n=79, AUC=0.9553, Acc=0.9668, F1=0.4051
2026-01-23 12:51:34,242 - INFO -     Dropped: ['Chi1v', 'SlogP_VSA5']
2026-01-23 12:51:51,921 - INFO -     n=77, AUC=0.9524, Acc=0.9682, F1=0.4156
2026-01-23 12:51:51,921 - INFO -     Dropped: ['EState_VSA9', 'NumAliphaticCarbocycles']
2026-01-23 12:52:08,774 - INFO -     n=75, AUC=0.9525, Acc=0.9675, F1=0.4250
2026-01-23 12:52:08,774 - INFO -     Dropped: ['MinPartialCharge', 'fr_Ar_NH']
2026-01-23 12:52:24,802 - INFO -     n=73, AUC=0.9518, Acc=0.9682, F1=0.4156
2026-01-23 12:52:24,802 - INFO -     Dropped: ['PEOE_VSA8', 'fr_C_O']
2026-01-23 12:52:40,021 - INFO -     n=71, AUC=0.9568, Acc=0.9689, F1=0.4500
2026-01-23 12:52:40,021 - INFO -     Dropped: ['PEOE_VSA7', 'VSA_EState9']
2026-01-23 12:52:54,411 - INFO -     n=69, AUC=0.9599, Acc=0.9675, F1=0.4250
2026-01-23 12:52:54,411 - INFO -     Dropped: ['Chi1', 'EState_VSA2']
2026-01-23 12:53:08,059 - INFO -     n=67, AUC=0.9547, Acc=0.9668, F1=0.4198
2026-01-23 12:53:08,059 - INFO -     Dropped: ['MinEStateIndex', 'SlogP_VSA4']
2026-01-23 12:53:20,981 - INFO -     n=65, AUC=0.9572, Acc=0.9682, F1=0.4000
2026-01-23 12:53:20,982 - INFO -     Dropped: ['Kappa2', 'fr_NH0']
2026-01-23 12:53:33,121 - INFO -     n=63, AUC=0.9528, Acc=0.9668, F1=0.3733
2026-01-23 12:53:33,121 - INFO -     Dropped: ['Chi0', 'SlogP_VSA6']
2026-01-23 12:53:44,543 - INFO -     n=61, AUC=0.9560, Acc=0.9654, F1=0.3636
2026-01-23 12:53:44,543 - INFO -     Dropped: ['BCUT2D_CHGHI', 'fr_para_hydroxylation']
2026-01-23 12:53:55,267 - INFO -     n=59, AUC=0.9538, Acc=0.9675, F1=0.4390
2026-01-23 12:53:55,267 - INFO -     Dropped: ['SR-MMP', 'VSA_EState5']
2026-01-23 12:54:05,307 - INFO -     n=57, AUC=0.9458, Acc=0.9668, F1=0.4198
2026-01-23 12:54:05,307 - INFO -     Dropped: ['BCUT2D_LOGPLOW', 'Chi1n']
2026-01-23 12:54:14,688 - INFO -     n=55, AUC=0.9565, Acc=0.9689, F1=0.4500
2026-01-23 12:54:14,688 - INFO -     Dropped: ['MaxEStateIndex', 'Chi2v']
2026-01-23 12:54:23,431 - INFO -     n=53, AUC=0.9495, Acc=0.9689, F1=0.4500
2026-01-23 12:54:23,431 - INFO -     Dropped: ['Kappa3', 'VSA_EState10']
2026-01-23 12:54:31,560 - INFO -     n=51, AUC=0.9516, Acc=0.9696, F1=0.4691
2026-01-23 12:54:31,560 - INFO -     Dropped: ['PEOE_VSA3', 'VSA_EState3']
2026-01-23 12:54:39,097 - INFO -     n=49, AUC=0.9499, Acc=0.9731, F1=0.5128
2026-01-23 12:54:39,097 - INFO -     Dropped: ['PEOE_VSA6', 'VSA_EState1']
2026-01-23 12:54:46,069 - INFO -     n=47, AUC=0.9524, Acc=0.9668, F1=0.3733
2026-01-23 12:54:46,069 - INFO -     Dropped: ['MaxAbsPartialCharge', 'VSA_EState4']
2026-01-23 12:54:52,488 - INFO -     n=45, AUC=0.9447, Acc=0.9668, F1=0.4198
2026-01-23 12:54:52,488 - INFO -     Dropped: ['MinAbsEStateIndex', 'BCUT2D_MRHI']
2026-01-23 12:54:58,385 - INFO -     n=43, AUC=0.9573, Acc=0.9703, F1=0.4474
2026-01-23 12:54:58,385 - INFO -     Dropped: ['BCUT2D_MWLOW', 'fr_ArN']
2026-01-23 12:55:03,776 - INFO -     n=41, AUC=0.9477, Acc=0.9689, F1=0.4500
2026-01-23 12:55:03,776 - INFO -     Dropped: ['VSA_EState2', 'FractionCSP3']
2026-01-23 12:55:08,689 - INFO -     n=39, AUC=0.9490, Acc=0.9710, F1=0.4810
2026-01-23 12:55:08,689 - INFO -     Dropped: ['PEOE_VSA10', 'EState_VSA7']
2026-01-23 12:55:13,141 - INFO -     n=37, AUC=0.9503, Acc=0.9689, F1=0.4359
2026-01-23 12:55:13,142 - INFO -     Dropped: ['BalabanJ', 'HallKierAlpha']
2026-01-23 12:55:17,152 - INFO -     n=35, AUC=0.9463, Acc=0.9717, F1=0.5000
2026-01-23 12:55:17,152 - INFO -     Dropped: ['qed', 'BCUT2D_MRLOW']
2026-01-23 12:55:20,744 - INFO -     n=33, AUC=0.9483, Acc=0.9724, F1=0.5063
2026-01-23 12:55:20,745 - INFO -     Dropped: ['BertzCT', 'SMR_VSA9']
2026-01-23 12:55:23,941 - INFO -     n=31, AUC=0.9416, Acc=0.9689, F1=0.4500
2026-01-23 12:55:23,941 - INFO -     Dropped: ['BCUT2D_MWHI', 'TPSA']
2026-01-23 12:55:26,772 - INFO -     n=29, AUC=0.9427, Acc=0.9682, F1=0.4578
2026-01-23 12:55:26,772 - INFO -     Dropped: ['SMR_VSA10', 'EState_VSA8']
2026-01-23 12:55:29,264 - INFO -     n=27, AUC=0.9427, Acc=0.9739, F1=0.5432
2026-01-23 12:55:29,264 - INFO -     Dropped: ['BCUT2D_CHGLO', 'SMR_VSA7']
2026-01-23 12:55:31,439 - INFO -     n=25, AUC=0.9430, Acc=0.9731, F1=0.5476
2026-01-23 12:55:31,439 - INFO -     Dropped: ['Kappa1', 'VSA_EState8']
2026-01-23 12:55:33,327 - INFO -     n=23, AUC=0.9423, Acc=0.9689, F1=0.4634
2026-01-23 12:55:33,327 - INFO -     Dropped: ['FpDensityMorgan3', 'EState_VSA6']
2026-01-23 12:55:34,953 - INFO -     n=21, AUC=0.9517, Acc=0.9710, F1=0.4938
2026-01-23 12:55:34,953 - INFO -     Dropped: ['MolWt', 'Chi4n']
2026-01-23 12:55:36,354 - INFO -     n=19, AUC=0.9423, Acc=0.9703, F1=0.4878
2026-01-23 12:55:36,354 - INFO -     Dropped: ['SlogP_VSA8', 'fr_bicyclic']
2026-01-23 12:55:37,545 - INFO -     n=17, AUC=0.9343, Acc=0.9689, F1=0.4359
2026-01-23 12:55:37,545 - INFO -     Dropped: ['SR-ARE', 'BCUT2D_LOGPHI']
2026-01-23 12:55:38,540 - INFO -     n=15, AUC=0.9351, Acc=0.9731, F1=0.5476
2026-01-23 12:55:38,540 - INFO -     Dropped: ['SR-HSE', 'MolLogP']
2026-01-23 12:55:39,363 - INFO -     n=13, AUC=0.9380, Acc=0.9703, F1=0.5000
2026-01-23 12:55:39,363 - INFO -     Dropped: ['SMR_VSA1', 'NumHAcceptors']
2026-01-23 12:55:40,038 - INFO -     n=11, AUC=0.9297, Acc=0.9724, F1=0.5185
2026-01-23 12:55:40,038 - INFO -     Dropped: ['SMR_VSA5', 'NumSaturatedHeterocycles']
2026-01-23 12:55:40,583 - INFO -     n=9, AUC=0.9116, Acc=0.9661, F1=0.4286
2026-01-23 12:55:40,583 - INFO -     Dropped: ['NR-ER-LBD', 'PEOE_VSA2']
2026-01-23 12:55:41,019 - INFO -     n=7, AUC=0.9152, Acc=0.9640, F1=0.4396
2026-01-23 12:55:41,019 - INFO -     Dropped: ['NR-AR', 'fr_methoxy']
2026-01-23 12:55:41,353 - INFO -     n=5, AUC=0.9209, Acc=0.9668, F1=0.4471
2026-01-23 12:55:41,353 - INFO -     Dropped: ['NR-AR-LBD', 'fr_Imine']
2026-01-23 12:55:41,562 - INFO -     n=3, AUC=0.9186, Acc=0.9625, F1=0.0000
2026-01-23 12:55:41,562 - INFO -     Dropped: ['NR-ER', 'NR-PPAR-gamma']
2026-01-23 12:55:41,658 - INFO -     n=1, AUC=0.8519, Acc=0.9625, F1=0.0000
2026-01-23 12:55:41,658 - INFO -     Dropped: ['NR-AhR', 'SR-p53']
2026-01-23 12:55:41,660 - INFO -   → Best for repeat 2: 105 features, AUC=0.9605
2026-01-23 12:55:41,660 - INFO - 
  Repeat 3/3
2026-01-23 12:57:28,137 - INFO -     n=213, AUC=0.9545, Acc=0.9696, F1=0.4557
2026-01-23 12:57:28,138 - INFO -     Dropped: ['fr_isocyan', 'fr_urea']
2026-01-23 12:59:12,928 - INFO -     n=211, AUC=0.9545, Acc=0.9696, F1=0.4557
2026-01-23 12:59:12,928 - INFO -     Dropped: ['fr_C_O_noCOO', 'fr_imide']
2026-01-23 13:00:55,582 - INFO -     n=209, AUC=0.9545, Acc=0.9696, F1=0.4557
2026-01-23 13:00:55,582 - INFO -     Dropped: ['fr_COO', 'fr_epoxide']
2026-01-23 13:02:36,959 - INFO -     n=207, AUC=0.9545, Acc=0.9696, F1=0.4557
2026-01-23 13:02:36,959 - INFO -     Dropped: ['fr_alkyl_carbamate', 'fr_hdrzine']
2026-01-23 13:04:16,753 - INFO -     n=205, AUC=0.9545, Acc=0.9696, F1=0.4557
2026-01-23 13:04:16,753 - INFO -     Dropped: ['fr_Al_OH_noTert', 'fr_Ar_COO']
2026-01-23 13:05:55,018 - INFO -     n=203, AUC=0.9545, Acc=0.9696, F1=0.4557
2026-01-23 13:05:55,018 - INFO -     Dropped: ['SMR_VSA2', 'fr_benzene']
2026-01-23 13:07:33,184 - INFO -     n=201, AUC=0.9545, Acc=0.9696, F1=0.4557
2026-01-23 13:07:33,184 - INFO -     Dropped: ['fr_NH2', 'fr_Nhpyrrole']
2026-01-23 13:09:09,178 - INFO -     n=199, AUC=0.9545, Acc=0.9696, F1=0.4557
2026-01-23 13:09:09,178 - INFO -     Dropped: ['fr_N_O', 'fr_SH']
2026-01-23 13:10:43,740 - INFO -     n=197, AUC=0.9545, Acc=0.9696, F1=0.4557
2026-01-23 13:10:43,740 - INFO -     Dropped: ['fr_Al_COO', 'fr_aldehyde']
2026-01-23 13:12:15,799 - INFO -     n=195, AUC=0.9545, Acc=0.9696, F1=0.4557
2026-01-23 13:12:15,799 - INFO -     Dropped: ['fr_isothiocyan', 'fr_ketone_Topliss']
2026-01-23 13:13:48,282 - INFO -     n=193, AUC=0.9545, Acc=0.9696, F1=0.4557
2026-01-23 13:13:48,283 - INFO -     Dropped: ['fr_morpholine', 'fr_nitro_arom']
2026-01-23 13:15:17,183 - INFO -     n=191, AUC=0.9545, Acc=0.9696, F1=0.4557
2026-01-23 13:15:17,183 - INFO -     Dropped: ['fr_oxazole', 'fr_phos_acid']
2026-01-23 13:16:45,877 - INFO -     n=189, AUC=0.9545, Acc=0.9696, F1=0.4557
2026-01-23 13:16:45,878 - INFO -     Dropped: ['NumAromaticRings', 'fr_guanido']
2026-01-23 13:18:12,862 - INFO -     n=187, AUC=0.9545, Acc=0.9696, F1=0.4557
2026-01-23 13:18:12,862 - INFO -     Dropped: ['NumAromaticCarbocycles', 'fr_nitroso']
2026-01-23 13:19:38,797 - INFO -     n=185, AUC=0.9545, Acc=0.9696, F1=0.4557
2026-01-23 13:19:38,797 - INFO -     Dropped: ['EState_VSA11', 'fr_benzodiazepine']
2026-01-23 13:21:04,029 - INFO -     n=183, AUC=0.9545, Acc=0.9696, F1=0.4557
2026-01-23 13:21:04,029 - INFO -     Dropped: ['fr_imidazole', 'fr_phos_ester']
2026-01-23 13:22:24,905 - INFO -     n=181, AUC=0.9545, Acc=0.9696, F1=0.4557
2026-01-23 13:22:24,905 - INFO -     Dropped: ['HeavyAtomCount', 'fr_phenol_noOrthoHbond']
2026-01-23 13:23:44,394 - INFO -     n=179, AUC=0.9545, Acc=0.9696, F1=0.4557
2026-01-23 13:23:44,394 - INFO -     Dropped: ['fr_nitrile', 'fr_phenol']
2026-01-23 13:25:02,411 - INFO -     n=177, AUC=0.9545, Acc=0.9696, F1=0.4557
2026-01-23 13:25:02,411 - INFO -     Dropped: ['fr_C_S', 'fr_azo']
2026-01-23 13:26:19,034 - INFO -     n=175, AUC=0.9545, Acc=0.9696, F1=0.4557
2026-01-23 13:26:19,034 - INFO -     Dropped: ['fr_azide', 'fr_sulfide']
2026-01-23 13:27:34,364 - INFO -     n=173, AUC=0.9545, Acc=0.9696, F1=0.4557
2026-01-23 13:27:34,364 - INFO -     Dropped: ['fr_aryl_methyl', 'fr_hdrzone']
2026-01-23 13:28:47,937 - INFO -     n=171, AUC=0.9545, Acc=0.9696, F1=0.4557
2026-01-23 13:28:47,937 - INFO -     Dropped: ['fr_HOCCN', 'fr_barbitur']
2026-01-23 13:29:59,924 - INFO -     n=169, AUC=0.9545, Acc=0.9696, F1=0.4557
2026-01-23 13:29:59,924 - INFO -     Dropped: ['fr_Ndealkylation1', 'fr_piperdine']
2026-01-23 13:31:10,658 - INFO -     n=167, AUC=0.9545, Acc=0.9696, F1=0.4557
2026-01-23 13:31:10,658 - INFO -     Dropped: ['fr_allylic_oxid', 'fr_dihydropyridine']
2026-01-23 13:32:19,898 - INFO -     n=165, AUC=0.9545, Acc=0.9696, F1=0.4557
2026-01-23 13:32:19,898 - INFO -     Dropped: ['MaxAbsEStateIndex', 'fr_Ar_OH']
2026-01-23 13:33:27,880 - INFO -     n=163, AUC=0.9545, Acc=0.9696, F1=0.4557
2026-01-23 13:33:27,880 - INFO -     Dropped: ['fr_lactam', 'fr_thiophene']
2026-01-23 13:34:35,957 - INFO -     n=161, AUC=0.9545, Acc=0.9696, F1=0.4557
2026-01-23 13:34:35,958 - INFO -     Dropped: ['fr_oxime', 'fr_priamide']
2026-01-23 13:35:41,578 - INFO -     n=159, AUC=0.9545, Acc=0.9696, F1=0.4557
2026-01-23 13:35:41,579 - INFO -     Dropped: ['SlogP_VSA11', 'fr_nitro_arom_nonortho']
2026-01-23 13:36:46,541 - INFO -     n=157, AUC=0.9545, Acc=0.9696, F1=0.4557
2026-01-23 13:36:46,541 - INFO -     Dropped: ['fr_amidine', 'fr_ether']
2026-01-23 13:37:50,156 - INFO -     n=155, AUC=0.9545, Acc=0.9696, F1=0.4557
2026-01-23 13:37:50,156 - INFO -     Dropped: ['fr_furan', 'fr_piperzine']
2026-01-23 13:38:52,410 - INFO -     n=153, AUC=0.9545, Acc=0.9696, F1=0.4557
2026-01-23 13:38:52,410 - INFO -     Dropped: ['NumSaturatedCarbocycles', 'fr_Ndealkylation2']
2026-01-23 13:39:53,198 - INFO -     n=151, AUC=0.9545, Acc=0.9696, F1=0.4557
2026-01-23 13:39:53,198 - INFO -     Dropped: ['ExactMolWt', 'fr_thiazole']
2026-01-23 13:40:52,636 - INFO -     n=149, AUC=0.9545, Acc=0.9696, F1=0.4557
2026-01-23 13:40:52,636 - INFO -     Dropped: ['fr_lactone', 'fr_tetrazole']
2026-01-23 13:41:50,629 - INFO -     n=147, AUC=0.9545, Acc=0.9696, F1=0.4557
2026-01-23 13:41:50,629 - INFO -     Dropped: ['NumRadicalElectrons', 'fr_thiocyan']
2026-01-23 13:42:47,134 - INFO -     n=145, AUC=0.9545, Acc=0.9696, F1=0.4557
2026-01-23 13:42:47,134 - INFO -     Dropped: ['fr_sulfonamd', 'fr_sulfone']
2026-01-23 13:43:42,187 - INFO -     n=143, AUC=0.9545, Acc=0.9696, F1=0.4557
2026-01-23 13:43:42,187 - INFO -     Dropped: ['fr_nitro', 'fr_quatN']
2026-01-23 13:44:35,852 - INFO -     n=141, AUC=0.9598, Acc=0.9710, F1=0.4675
2026-01-23 13:44:35,853 - INFO -     Dropped: ['NumHDonors', 'fr_aniline']
2026-01-23 13:45:29,299 - INFO -     n=139, AUC=0.9570, Acc=0.9703, F1=0.4615
2026-01-23 13:45:29,299 - INFO -     Dropped: ['NumAliphaticHeterocycles', 'fr_ketone']
2026-01-23 13:46:24,514 - INFO -     n=137, AUC=0.9508, Acc=0.9724, F1=0.4935
2026-01-23 13:46:24,515 - INFO -     Dropped: ['PEOE_VSA14', 'EState_VSA1']
2026-01-23 13:47:13,927 - INFO -     n=135, AUC=0.9530, Acc=0.9739, F1=0.5316
2026-01-23 13:47:13,927 - INFO -     Dropped: ['fr_Ar_N', 'fr_bicyclic']
2026-01-23 13:48:01,984 - INFO -     n=133, AUC=0.9466, Acc=0.9710, F1=0.4675
2026-01-23 13:48:01,984 - INFO -     Dropped: ['Chi1', 'SlogP_VSA8']
2026-01-23 13:48:48,726 - INFO -     n=131, AUC=0.9497, Acc=0.9710, F1=0.4675
2026-01-23 13:48:48,726 - INFO -     Dropped: ['SMR_VSA4', 'fr_unbrch_alkane']
2026-01-23 13:49:34,090 - INFO -     n=129, AUC=0.9491, Acc=0.9703, F1=0.4750
2026-01-23 13:49:34,090 - INFO -     Dropped: ['MinAbsPartialCharge', 'NumHAcceptors']
2026-01-23 13:50:18,047 - INFO -     n=127, AUC=0.9392, Acc=0.9731, F1=0.5250
2026-01-23 13:50:18,048 - INFO -     Dropped: ['NOCount', 'NumHeteroatoms']
2026-01-23 13:51:00,713 - INFO -     n=125, AUC=0.9491, Acc=0.9717, F1=0.4737
2026-01-23 13:51:00,713 - INFO -     Dropped: ['FpDensityMorgan1', 'fr_amide']
2026-01-23 13:51:42,101 - INFO -     n=123, AUC=0.9520, Acc=0.9710, F1=0.4675
2026-01-23 13:51:42,101 - INFO -     Dropped: ['NumValenceElectrons', 'SlogP_VSA5']
2026-01-23 13:52:22,239 - INFO -     n=121, AUC=0.9520, Acc=0.9717, F1=0.4872
2026-01-23 13:52:22,239 - INFO -     Dropped: ['fr_C_O', 'fr_halogen']
2026-01-23 13:53:01,110 - INFO -     n=119, AUC=0.9517, Acc=0.9739, F1=0.5316
2026-01-23 13:53:01,111 - INFO -     Dropped: ['Chi0n', 'PEOE_VSA3']
2026-01-23 13:53:38,777 - INFO -     n=117, AUC=0.9532, Acc=0.9724, F1=0.5185
2026-01-23 13:53:38,777 - INFO -     Dropped: ['Chi2n', 'SlogP_VSA6']
2026-01-23 13:54:15,204 - INFO -     n=115, AUC=0.9437, Acc=0.9689, F1=0.4054
2026-01-23 13:54:15,204 - INFO -     Dropped: ['Chi2v', 'fr_term_acetylene']
2026-01-23 13:54:50,452 - INFO -     n=113, AUC=0.9489, Acc=0.9717, F1=0.5000
2026-01-23 13:54:50,452 - INFO -     Dropped: ['Chi4n', 'fr_Ar_NH']
2026-01-23 13:55:24,525 - INFO -     n=111, AUC=0.9526, Acc=0.9703, F1=0.4324
2026-01-23 13:55:24,525 - INFO -     Dropped: ['Chi3v', 'SlogP_VSA7']
2026-01-23 13:55:57,488 - INFO -     n=109, AUC=0.9474, Acc=0.9710, F1=0.4810
2026-01-23 13:55:57,489 - INFO -     Dropped: ['HeavyAtomMolWt', 'PEOE_VSA12']
2026-01-23 13:56:29,259 - INFO -     n=107, AUC=0.9438, Acc=0.9739, F1=0.5432
2026-01-23 13:56:29,259 - INFO -     Dropped: ['Chi0v', 'TPSA']
2026-01-23 13:56:59,863 - INFO -     n=105, AUC=0.9487, Acc=0.9689, F1=0.4359
2026-01-23 13:56:59,864 - INFO -     Dropped: ['PEOE_VSA11', 'PEOE_VSA9']
2026-01-23 13:57:29,379 - INFO -     n=103, AUC=0.9501, Acc=0.9689, F1=0.4054
2026-01-23 13:57:29,379 - INFO -     Dropped: ['MinPartialCharge', 'SlogP_VSA10']
2026-01-23 13:57:57,822 - INFO -     n=101, AUC=0.9494, Acc=0.9710, F1=0.4675
2026-01-23 13:57:57,822 - INFO -     Dropped: ['Chi3n', 'VSA_EState9']
2026-01-23 13:58:25,238 - INFO -     n=99, AUC=0.9494, Acc=0.9703, F1=0.4615
2026-01-23 13:58:25,239 - INFO -     Dropped: ['BertzCT', 'PEOE_VSA5']
2026-01-23 13:58:51,607 - INFO -     n=97, AUC=0.9521, Acc=0.9689, F1=0.4054
2026-01-23 13:58:51,608 - INFO -     Dropped: ['MaxPartialCharge', 'EState_VSA2']
2026-01-23 13:59:16,964 - INFO -     n=95, AUC=0.9489, Acc=0.9696, F1=0.4557
2026-01-23 13:59:16,965 - INFO -     Dropped: ['PEOE_VSA1', 'VSA_EState7']
2026-01-23 13:59:41,356 - INFO -     n=93, AUC=0.9462, Acc=0.9717, F1=0.4872
2026-01-23 13:59:41,356 - INFO -     Dropped: ['MaxEStateIndex', 'fr_Al_OH']
2026-01-23 14:00:04,819 - INFO -     n=91, AUC=0.9491, Acc=0.9724, F1=0.5063
2026-01-23 14:00:04,819 - INFO -     Dropped: ['FpDensityMorgan2', 'BCUT2D_CHGHI']
2026-01-23 14:00:27,693 - INFO -     n=89, AUC=0.9491, Acc=0.9724, F1=0.5063
2026-01-23 14:00:27,693 - INFO -     Dropped: ['fr_COO2', 'fr_pyridine']
2026-01-23 14:00:51,219 - INFO -     n=87, AUC=0.9447, Acc=0.9739, F1=0.5432
2026-01-23 14:00:51,219 - INFO -     Dropped: ['SlogP_VSA3', 'NHOHCount']
2026-01-23 14:01:13,995 - INFO -     n=85, AUC=0.9491, Acc=0.9717, F1=0.4872
2026-01-23 14:01:13,995 - INFO -     Dropped: ['EState_VSA10', 'VSA_EState5']
2026-01-23 14:01:35,779 - INFO -     n=83, AUC=0.9491, Acc=0.9717, F1=0.4872
2026-01-23 14:01:35,780 - INFO -     Dropped: ['NumSaturatedRings', 'fr_methoxy']
2026-01-23 14:01:56,515 - INFO -     n=81, AUC=0.9420, Acc=0.9710, F1=0.4675
2026-01-23 14:01:56,515 - INFO -     Dropped: ['PEOE_VSA10', 'fr_NH0']
2026-01-23 14:02:16,330 - INFO -     n=79, AUC=0.9469, Acc=0.9710, F1=0.4533
2026-01-23 14:02:16,330 - INFO -     Dropped: ['SlogP_VSA2', 'MolMR']
2026-01-23 14:02:34,959 - INFO -     n=77, AUC=0.9518, Acc=0.9717, F1=0.4737
2026-01-23 14:02:34,959 - INFO -     Dropped: ['MolWt', 'BCUT2D_LOGPLOW']
2026-01-23 14:02:52,748 - INFO -     n=75, AUC=0.9491, Acc=0.9710, F1=0.4810
2026-01-23 14:02:52,748 - INFO -     Dropped: ['LabuteASA', 'PEOE_VSA8']
2026-01-23 14:03:09,458 - INFO -     n=73, AUC=0.9600, Acc=0.9717, F1=0.5000
2026-01-23 14:03:09,458 - INFO -     Dropped: ['MinEStateIndex', 'PEOE_VSA7']
2026-01-23 14:03:25,622 - INFO -     n=71, AUC=0.9523, Acc=0.9703, F1=0.4615
2026-01-23 14:03:25,622 - INFO -     Dropped: ['SR-HSE', 'SlogP_VSA1']
2026-01-23 14:03:41,072 - INFO -     n=69, AUC=0.9522, Acc=0.9682, F1=0.4156
2026-01-23 14:03:41,072 - INFO -     Dropped: ['SMR_VSA1', 'SMR_VSA6']
2026-01-23 14:03:55,628 - INFO -     n=67, AUC=0.9455, Acc=0.9703, F1=0.4750
2026-01-23 14:03:55,628 - INFO -     Dropped: ['MaxAbsPartialCharge', 'Kappa3']
2026-01-23 14:04:09,090 - INFO -     n=65, AUC=0.9493, Acc=0.9710, F1=0.4938
2026-01-23 14:04:09,090 - INFO -     Dropped: ['BCUT2D_MRLOW', 'NumAliphaticCarbocycles']
2026-01-23 14:04:22,027 - INFO -     n=63, AUC=0.9518, Acc=0.9696, F1=0.4416
2026-01-23 14:04:22,028 - INFO -     Dropped: ['Chi0', 'EState_VSA9']
2026-01-23 14:04:34,348 - INFO -     n=61, AUC=0.9486, Acc=0.9696, F1=0.4267
2026-01-23 14:04:34,348 - INFO -     Dropped: ['VSA_EState1', 'NumAliphaticRings']
2026-01-23 14:04:45,538 - INFO -     n=59, AUC=0.9536, Acc=0.9682, F1=0.4156
2026-01-23 14:04:45,538 - INFO -     Dropped: ['SMR_VSA7', 'VSA_EState8']
2026-01-23 14:04:56,515 - INFO -     n=57, AUC=0.9527, Acc=0.9689, F1=0.4211
2026-01-23 14:04:56,516 - INFO -     Dropped: ['SMR_VSA9', 'EState_VSA3']
2026-01-23 14:05:06,335 - INFO -     n=55, AUC=0.9540, Acc=0.9696, F1=0.4557
2026-01-23 14:05:06,336 - INFO -     Dropped: ['SlogP_VSA4', 'fr_ArN']
2026-01-23 14:05:15,995 - INFO -     n=53, AUC=0.9524, Acc=0.9696, F1=0.4691
2026-01-23 14:05:15,995 - INFO -     Dropped: ['Chi1n', 'SMR_VSA10']
2026-01-23 14:05:24,275 - INFO -     n=51, AUC=0.9493, Acc=0.9724, F1=0.5185
2026-01-23 14:05:24,275 - INFO -     Dropped: ['BCUT2D_MWLOW', 'VSA_EState4']
2026-01-23 14:05:31,803 - INFO -     n=49, AUC=0.9458, Acc=0.9696, F1=0.4691
2026-01-23 14:05:31,804 - INFO -     Dropped: ['qed', 'Chi1v']
2026-01-23 14:05:38,799 - INFO -     n=47, AUC=0.9455, Acc=0.9696, F1=0.4557
2026-01-23 14:05:38,799 - INFO -     Dropped: ['EState_VSA6', 'fr_alkyl_halide']
2026-01-23 14:05:45,286 - INFO -     n=45, AUC=0.9488, Acc=0.9689, F1=0.4359
2026-01-23 14:05:45,286 - INFO -     Dropped: ['Kappa1', 'VSA_EState3']
2026-01-23 14:05:51,274 - INFO -     n=43, AUC=0.9510, Acc=0.9689, F1=0.4359
2026-01-23 14:05:51,274 - INFO -     Dropped: ['VSA_EState10', 'fr_NH1']
2026-01-23 14:05:56,793 - INFO -     n=41, AUC=0.9460, Acc=0.9682, F1=0.4156
2026-01-23 14:05:56,793 - INFO -     Dropped: ['BalabanJ', 'PEOE_VSA6']
2026-01-23 14:06:01,850 - INFO -     n=39, AUC=0.9444, Acc=0.9717, F1=0.5000
2026-01-23 14:06:01,850 - INFO -     Dropped: ['BCUT2D_MRHI', 'NumAromaticHeterocycles']
2026-01-23 14:06:06,473 - INFO -     n=37, AUC=0.9434, Acc=0.9689, F1=0.4359
2026-01-23 14:06:06,473 - INFO -     Dropped: ['VSA_EState6', 'FractionCSP3']
2026-01-23 14:06:10,674 - INFO -     n=35, AUC=0.9505, Acc=0.9710, F1=0.4675
2026-01-23 14:06:10,674 - INFO -     Dropped: ['EState_VSA4', 'EState_VSA7']
2026-01-23 14:06:14,480 - INFO -     n=33, AUC=0.9459, Acc=0.9696, F1=0.4557
2026-01-23 14:06:14,481 - INFO -     Dropped: ['MinAbsEStateIndex', 'PEOE_VSA4']
2026-01-23 14:06:17,892 - INFO -     n=31, AUC=0.9469, Acc=0.9696, F1=0.4557
2026-01-23 14:06:17,893 - INFO -     Dropped: ['VSA_EState2', 'NumRotatableBonds']
2026-01-23 14:06:20,951 - INFO -     n=29, AUC=0.9424, Acc=0.9689, F1=0.4500
2026-01-23 14:06:20,951 - INFO -     Dropped: ['SR-MMP', 'fr_para_hydroxylation']
2026-01-23 14:06:23,656 - INFO -     n=27, AUC=0.9415, Acc=0.9675, F1=0.4103
2026-01-23 14:06:23,656 - INFO -     Dropped: ['BCUT2D_CHGLO', 'SMR_VSA5']
2026-01-23 14:06:26,020 - INFO -     n=25, AUC=0.9473, Acc=0.9661, F1=0.4146
2026-01-23 14:06:26,021 - INFO -     Dropped: ['Kappa2', 'EState_VSA8']
2026-01-23 14:06:28,075 - INFO -     n=23, AUC=0.9522, Acc=0.9675, F1=0.4250
2026-01-23 14:06:28,075 - INFO -     Dropped: ['BCUT2D_MWHI', 'SMR_VSA3']
2026-01-23 14:06:29,847 - INFO -     n=21, AUC=0.9470, Acc=0.9689, F1=0.4634
2026-01-23 14:06:29,847 - INFO -     Dropped: ['EState_VSA5', 'NumSaturatedHeterocycles']
2026-01-23 14:06:31,359 - INFO -     n=19, AUC=0.9388, Acc=0.9661, F1=0.4419
2026-01-23 14:06:31,360 - INFO -     Dropped: ['HallKierAlpha', 'SlogP_VSA12']
2026-01-23 14:06:32,628 - INFO -     n=17, AUC=0.9433, Acc=0.9689, F1=0.4762
2026-01-23 14:06:32,628 - INFO -     Dropped: ['FpDensityMorgan3', 'PEOE_VSA13']
2026-01-23 14:06:33,674 - INFO -     n=15, AUC=0.9348, Acc=0.9647, F1=0.3902
2026-01-23 14:06:33,674 - INFO -     Dropped: ['Chi4v', 'Ipc']
2026-01-23 14:06:34,519 - INFO -     n=13, AUC=0.9450, Acc=0.9682, F1=0.5055
2026-01-23 14:06:34,520 - INFO -     Dropped: ['BCUT2D_LOGPHI', 'MolLogP']
2026-01-23 14:06:35,198 - INFO -     n=11, AUC=0.9018, Acc=0.9625, F1=0.3908
2026-01-23 14:06:35,198 - INFO -     Dropped: ['SR-ARE', 'PEOE_VSA2']
2026-01-23 14:06:35,748 - INFO -     n=9, AUC=0.9168, Acc=0.9654, F1=0.4494
2026-01-23 14:06:35,748 - INFO -     Dropped: ['RingCount', 'fr_ester']
2026-01-23 14:06:36,189 - INFO -     n=7, AUC=0.8976, Acc=0.9604, F1=0.3913
2026-01-23 14:06:36,189 - INFO -     Dropped: ['NR-AR', 'NR-AR-LBD']
2026-01-23 14:06:36,526 - INFO -     n=5, AUC=0.8988, Acc=0.9633, F1=0.3953
2026-01-23 14:06:36,527 - INFO -     Dropped: ['NR-ER-LBD', 'fr_Imine']
2026-01-23 14:06:36,745 - INFO -     n=3, AUC=0.9026, Acc=0.9625, F1=0.0000
2026-01-23 14:06:36,745 - INFO -     Dropped: ['NR-ER', 'NR-PPAR-gamma']
2026-01-23 14:06:36,846 - INFO -     n=1, AUC=0.8320, Acc=0.9625, F1=0.0000
2026-01-23 14:06:36,846 - INFO -     Dropped: ['NR-AhR', 'SR-p53']
2026-01-23 14:06:36,848 - INFO -   → Best for repeat 3: 73 features, AUC=0.9600
2026-01-23 14:06:36,849 - INFO - 
✓ Overall best: 115 features from repeat 1, AUC=0.9702
2026-01-23 14:06:36,862 - INFO - ✓ Saved features → selected_features.txt
2026-01-23 14:06:36,897 - INFO - Generating RFE summary plot...
2026-01-23 14:06:36,903 - INFO -   ✓ Saved RFE plot data → SR-ATAD5_rfe_plot_data.npz
2026-01-23 14:06:37,513 - INFO -   ✓ Saved RFE plot → SR-ATAD5_rfe.png
2026-01-23 14:06:37,517 - INFO - 
STAGE 3: Data Splitting
2026-01-23 14:06:37,517 - INFO - ----------------------------------------------------------------------
2026-01-23 14:06:37,523 - INFO - ✓ Training+Val set: 6364 samples
2026-01-23 14:06:37,524 - INFO - ✓ Test set: 708 samples
2026-01-23 14:06:37,524 - INFO - 
STAGE 4: Hyperparameter Optimization (RandomizedSearchCV)
2026-01-23 14:06:37,524 - INFO - ----------------------------------------------------------------------
2026-01-23 14:06:37,524 - INFO - Running RandomizedSearchCV with 10000 iterations...
2026-01-23 14:06:37,524 - INFO - Total fits (with 5-fold CV): 50000
Fitting 5 folds for each of 10000 candidates, totalling 50000 fits
2026-01-23 16:59:03,602 - INFO - 
✓ Best hyperparameters: {'subsample': 0.7, 'scale_pos_weight': 5, 'n_estimators': 200, 'min_child_weight': 5, 'max_depth': 100, 'learning_rate': 0.05, 'colsample_bytree': 0.9}
2026-01-23 16:59:03,602 - INFO - ✓ Best 5-fold CV AUC: 0.9662
2026-01-23 16:59:03,946 - INFO - ✓ Saved CV results
2026-01-23 16:59:03,946 - INFO - 
STAGE 5: Test Set Evaluation
2026-01-23 16:59:03,946 - INFO - ----------------------------------------------------------------------
2026-01-23 16:59:03,961 - INFO - Generating diagnostic plots...
2026-01-23 16:59:03,976 - INFO -   ✓ Saved diagnostic plot data → SR-ATAD5_diagnostic_plot_data.npz
2026-01-23 16:59:04,979 - INFO -   ✓ Saved diagnostic plots → SR-ATAD5_diagnostics.png
2026-01-23 16:59:04,979 - INFO - 
✓ Test Set Performance:
2026-01-23 16:59:04,979 - INFO -   ROC-AUC:    0.9450
2026-01-23 16:59:04,979 - INFO -   PR-AUC:     0.6549
2026-01-23 16:59:04,979 - INFO -   Accuracy:   0.9661
2026-01-23 16:59:04,979 - INFO -   F1:         0.5200
2026-01-23 16:59:04,979 - INFO -   MCC:        0.5029
2026-01-23 16:59:04,979 - INFO - 
STAGE 6: SHAP Analysis
2026-01-23 16:59:04,979 - INFO - ----------------------------------------------------------------------
2026-01-23 16:59:04,979 - INFO - Running SHAP analysis...
2026-01-23 16:59:06,550 - INFO -   ✓ Saved SHAP data → SR-ATAD5_shap_data.npz
2026-01-23 16:59:07,894 - INFO -   ✓ Saved SHAP plots
2026-01-23 16:59:07,894 - INFO - 
STAGE 7: Saving Results
2026-01-23 16:59:07,894 - INFO - ----------------------------------------------------------------------
2026-01-23 16:59:07,900 - INFO - ✓ Saved model → xgb_model.joblib
2026-01-23 16:59:07,901 - INFO - ✓ Saved summary → model_summary.txt
2026-01-23 16:59:07,901 - INFO - 
======================================================================
2026-01-23 16:59:07,901 - INFO - ✓ TRAINING COMPLETE for SR-ATAD5! Total time: 6:29:11.529921
2026-01-23 16:59:07,901 - INFO - ✓ Performance: ROC-AUC=0.9450, F1=0.5200
2026-01-23 16:59:07,901 - INFO - ======================================================================
2026-01-23 16:59:07,902 - INFO - 
✓ ALL TRAINING COMPLETE! Total time: 6:29:11.772653
========================================
Training completed at: Fri 23 Jan 16:59:08 GMT 2026
Exit status: 0
========================================

Output locations:
  Model:    ./output/tox21/SR-ATAD5/model/xgb_model.joblib
  Summary:  ./output/tox21/SR-ATAD5/model/model_summary.txt
  Features: ./output/tox21/SR-ATAD5/RFE/selected_features.txt
  Plots:    ./output/tox21/SR-ATAD5/plots/

Cleaned up PBS output files
