========================================
Starting HYBRID CLASSIFICATION training for: SR-HSE
Dataset: tox21_cleaned.csv
RandomizedSearchCV iterations: 10000
RFE repeats: 3
Step size: 2
Job started at: Fri 23 Jan 10:29:40 GMT 2026
Working directory: /rds/general/user/fc4018/projects/fionn2023/live/ML_finder/master/cleaned_training_2
Data directory: ./data
Output directory: ./output/tox21
========================================
2026-01-23 10:30:02,504 - INFO - 
======================================================================
2026-01-23 10:30:02,504 - INFO - LOADING DATA
2026-01-23 10:30:02,504 - INFO - ======================================================================
2026-01-23 10:30:02,645 - INFO - ✓ Loaded 7831 samples from tox21_cleaned.csv
2026-01-23 10:30:02,645 - INFO - ✓ Total columns: 217
2026-01-23 10:30:02,648 - INFO - 
✓ Single target mode: SR-HSE
2026-01-23 10:30:02,648 - INFO - ======================================================================
2026-01-23 10:30:02,648 - INFO - CLASSIFICATION TRAINING: SR-HSE
2026-01-23 10:30:02,648 - INFO - ======================================================================
2026-01-23 10:30:02,654 - INFO - 
STAGE 1: Preparing Data
2026-01-23 10:30:02,654 - INFO - ----------------------------------------------------------------------
2026-01-23 10:30:02,660 - INFO - ✓ Valid samples: 6467
2026-01-23 10:30:02,661 - INFO -   Class distribution: 6095 negative, 372 positive (5.8% positive)
2026-01-23 10:30:02,664 - INFO - ✓ Feature matrix: (6467, 215)
2026-01-23 10:30:02,665 - INFO - ✓ Target shape: (6467,)
2026-01-23 10:30:02,665 - INFO - 
STAGE 2: Feature Selection (RFE with Repeats)
2026-01-23 10:30:02,665 - INFO - ----------------------------------------------------------------------
2026-01-23 10:30:02,665 - INFO - Running RFE with 3 repeats (step_size=2)...
2026-01-23 10:30:02,665 - INFO - 
  Repeat 1/3
2026-01-23 10:32:07,355 - INFO -     n=213, AUC=0.8544, Acc=0.9560, F1=0.4673
2026-01-23 10:32:07,355 - INFO -     Dropped: ['fr_furan', 'fr_urea']
2026-01-23 10:34:09,999 - INFO -     n=211, AUC=0.8544, Acc=0.9560, F1=0.4673
2026-01-23 10:34:09,999 - INFO -     Dropped: ['fr_HOCCN', 'fr_hdrzone']
2026-01-23 10:36:10,889 - INFO -     n=209, AUC=0.8544, Acc=0.9560, F1=0.4673
2026-01-23 10:36:10,889 - INFO -     Dropped: ['fr_dihydropyridine', 'fr_epoxide']
2026-01-23 10:38:09,900 - INFO -     n=207, AUC=0.8544, Acc=0.9560, F1=0.4673
2026-01-23 10:38:09,900 - INFO -     Dropped: ['SMR_VSA2', 'fr_C_O']
2026-01-23 10:40:07,100 - INFO -     n=205, AUC=0.8544, Acc=0.9560, F1=0.4673
2026-01-23 10:40:07,100 - INFO -     Dropped: ['fr_Ar_COO', 'fr_Ndealkylation2']
2026-01-23 10:42:02,273 - INFO -     n=203, AUC=0.8544, Acc=0.9560, F1=0.4673
2026-01-23 10:42:02,274 - INFO -     Dropped: ['fr_isocyan', 'fr_piperzine']
2026-01-23 10:43:55,802 - INFO -     n=201, AUC=0.8544, Acc=0.9560, F1=0.4673
2026-01-23 10:43:55,802 - INFO -     Dropped: ['fr_barbitur', 'fr_ketone_Topliss']
2026-01-23 10:45:47,364 - INFO -     n=199, AUC=0.8544, Acc=0.9560, F1=0.4673
2026-01-23 10:45:47,364 - INFO -     Dropped: ['fr_azide', 'fr_azo']
2026-01-23 10:47:37,207 - INFO -     n=197, AUC=0.8544, Acc=0.9560, F1=0.4673
2026-01-23 10:47:37,207 - INFO -     Dropped: ['fr_guanido', 'fr_nitro']
2026-01-23 10:49:25,169 - INFO -     n=195, AUC=0.8544, Acc=0.9560, F1=0.4673
2026-01-23 10:49:25,169 - INFO -     Dropped: ['fr_nitro_arom_nonortho', 'fr_sulfide']
2026-01-23 10:51:11,399 - INFO -     n=193, AUC=0.8544, Acc=0.9560, F1=0.4673
2026-01-23 10:51:11,399 - INFO -     Dropped: ['fr_alkyl_halide', 'fr_pyridine']
2026-01-23 10:52:55,813 - INFO -     n=191, AUC=0.8544, Acc=0.9560, F1=0.4673
2026-01-23 10:52:55,813 - INFO -     Dropped: ['fr_aldehyde', 'fr_alkyl_carbamate']
2026-01-23 10:54:38,403 - INFO -     n=189, AUC=0.8544, Acc=0.9560, F1=0.4673
2026-01-23 10:54:38,403 - INFO -     Dropped: ['fr_Nhpyrrole', 'fr_SH']
2026-01-23 10:56:19,225 - INFO -     n=187, AUC=0.8544, Acc=0.9560, F1=0.4673
2026-01-23 10:56:19,225 - INFO -     Dropped: ['fr_N_O', 'fr_Ndealkylation1']
2026-01-23 10:57:58,960 - INFO -     n=185, AUC=0.8544, Acc=0.9560, F1=0.4673
2026-01-23 10:57:58,960 - INFO -     Dropped: ['EState_VSA11', 'NumSaturatedHeterocycles']
2026-01-23 10:59:41,017 - INFO -     n=183, AUC=0.8544, Acc=0.9560, F1=0.4673
2026-01-23 10:59:41,018 - INFO -     Dropped: ['NumAliphaticRings', 'fr_lactam']
2026-01-23 11:01:16,549 - INFO -     n=181, AUC=0.8544, Acc=0.9560, F1=0.4673
2026-01-23 11:01:16,549 - INFO -     Dropped: ['fr_isothiocyan', 'fr_oxazole']
2026-01-23 11:02:50,359 - INFO -     n=179, AUC=0.8544, Acc=0.9560, F1=0.4673
2026-01-23 11:02:50,360 - INFO -     Dropped: ['fr_Imine', 'fr_phos_ester']
2026-01-23 11:04:22,420 - INFO -     n=177, AUC=0.8544, Acc=0.9560, F1=0.4673
2026-01-23 11:04:22,420 - INFO -     Dropped: ['fr_C_O_noCOO', 'fr_nitrile']
2026-01-23 11:05:52,714 - INFO -     n=175, AUC=0.8544, Acc=0.9560, F1=0.4673
2026-01-23 11:05:52,714 - INFO -     Dropped: ['fr_COO', 'fr_morpholine']
2026-01-23 11:07:21,231 - INFO -     n=173, AUC=0.8544, Acc=0.9560, F1=0.4673
2026-01-23 11:07:21,231 - INFO -     Dropped: ['fr_COO2', 'fr_benzodiazepine']
2026-01-23 11:08:48,040 - INFO -     n=171, AUC=0.8544, Acc=0.9560, F1=0.4673
2026-01-23 11:08:48,040 - INFO -     Dropped: ['RingCount', 'fr_ArN']
2026-01-23 11:10:13,182 - INFO -     n=169, AUC=0.8544, Acc=0.9560, F1=0.4673
2026-01-23 11:10:13,182 - INFO -     Dropped: ['fr_Al_OH', 'fr_Al_OH_noTert']
2026-01-23 11:11:36,520 - INFO -     n=167, AUC=0.8544, Acc=0.9560, F1=0.4673
2026-01-23 11:11:36,520 - INFO -     Dropped: ['fr_Al_COO', 'fr_nitroso']
2026-01-23 11:12:58,101 - INFO -     n=165, AUC=0.8544, Acc=0.9560, F1=0.4673
2026-01-23 11:12:58,101 - INFO -     Dropped: ['fr_imide', 'fr_lactone']
2026-01-23 11:14:18,043 - INFO -     n=163, AUC=0.8544, Acc=0.9560, F1=0.4673
2026-01-23 11:14:18,043 - INFO -     Dropped: ['NumSaturatedCarbocycles', 'fr_phos_acid']
2026-01-23 11:15:36,310 - INFO -     n=161, AUC=0.8544, Acc=0.9560, F1=0.4673
2026-01-23 11:15:36,311 - INFO -     Dropped: ['NumAromaticHeterocycles', 'fr_quatN']
2026-01-23 11:16:52,955 - INFO -     n=159, AUC=0.8544, Acc=0.9560, F1=0.4673
2026-01-23 11:16:52,955 - INFO -     Dropped: ['NumAliphaticCarbocycles', 'fr_sulfonamd']
2026-01-23 11:18:07,733 - INFO -     n=157, AUC=0.8544, Acc=0.9560, F1=0.4673
2026-01-23 11:18:07,733 - INFO -     Dropped: ['fr_halogen', 'fr_sulfone']
2026-01-23 11:19:20,815 - INFO -     n=155, AUC=0.8544, Acc=0.9560, F1=0.4673
2026-01-23 11:19:20,815 - INFO -     Dropped: ['NumAliphaticHeterocycles', 'NumAromaticCarbocycles']
2026-01-23 11:20:32,217 - INFO -     n=153, AUC=0.8544, Acc=0.9560, F1=0.4673
2026-01-23 11:20:32,217 - INFO -     Dropped: ['MaxAbsEStateIndex', 'fr_amidine']
2026-01-23 11:21:41,895 - INFO -     n=151, AUC=0.8544, Acc=0.9560, F1=0.4673
2026-01-23 11:21:41,895 - INFO -     Dropped: ['NumRadicalElectrons', 'HeavyAtomCount']
2026-01-23 11:22:49,922 - INFO -     n=149, AUC=0.8544, Acc=0.9560, F1=0.4673
2026-01-23 11:22:49,922 - INFO -     Dropped: ['fr_oxime', 'fr_thiophene']
2026-01-23 11:23:56,289 - INFO -     n=147, AUC=0.8544, Acc=0.9560, F1=0.4673
2026-01-23 11:23:56,289 - INFO -     Dropped: ['fr_hdrzine', 'fr_methoxy']
2026-01-23 11:25:00,991 - INFO -     n=145, AUC=0.8544, Acc=0.9560, F1=0.4673
2026-01-23 11:25:00,991 - INFO -     Dropped: ['fr_thiazole', 'fr_thiocyan']
2026-01-23 11:26:04,049 - INFO -     n=143, AUC=0.8544, Acc=0.9560, F1=0.4673
2026-01-23 11:26:04,050 - INFO -     Dropped: ['fr_term_acetylene', 'fr_tetrazole']
2026-01-23 11:27:05,510 - INFO -     n=141, AUC=0.8520, Acc=0.9552, F1=0.4630
2026-01-23 11:27:05,510 - INFO -     Dropped: ['ExactMolWt', 'fr_bicyclic']
2026-01-23 11:28:05,344 - INFO -     n=139, AUC=0.8534, Acc=0.9529, F1=0.4404
2026-01-23 11:28:05,344 - INFO -     Dropped: ['fr_NH0', 'fr_ester']
2026-01-23 11:29:03,517 - INFO -     n=137, AUC=0.8587, Acc=0.9552, F1=0.4912
2026-01-23 11:29:03,517 - INFO -     Dropped: ['SR-ATAD5', 'SlogP_VSA10']
2026-01-23 11:30:00,066 - INFO -     n=135, AUC=0.8525, Acc=0.9560, F1=0.4865
2026-01-23 11:30:00,066 - INFO -     Dropped: ['Chi1', 'Chi1n']
2026-01-23 11:30:55,026 - INFO -     n=133, AUC=0.8490, Acc=0.9575, F1=0.4954
2026-01-23 11:30:55,026 - INFO -     Dropped: ['NHOHCount', 'fr_NH1']
2026-01-23 11:31:48,422 - INFO -     n=131, AUC=0.8800, Acc=0.9552, F1=0.4727
2026-01-23 11:31:48,422 - INFO -     Dropped: ['MinEStateIndex', 'Chi4v']
2026-01-23 11:32:40,285 - INFO -     n=129, AUC=0.8800, Acc=0.9552, F1=0.4727
2026-01-23 11:32:40,285 - INFO -     Dropped: ['NumSaturatedRings', 'fr_piperdine']
2026-01-23 11:33:30,682 - INFO -     n=127, AUC=0.8774, Acc=0.9544, F1=0.4685
2026-01-23 11:33:30,682 - INFO -     Dropped: ['NOCount', 'fr_NH2']
2026-01-23 11:34:19,626 - INFO -     n=125, AUC=0.8850, Acc=0.9552, F1=0.4727
2026-01-23 11:34:19,626 - INFO -     Dropped: ['NumHAcceptors', 'NumHeteroatoms']
2026-01-23 11:35:07,086 - INFO -     n=123, AUC=0.8482, Acc=0.9529, F1=0.4404
2026-01-23 11:35:07,086 - INFO -     Dropped: ['HeavyAtomMolWt', 'Chi0']
2026-01-23 11:35:53,104 - INFO -     n=121, AUC=0.8681, Acc=0.9544, F1=0.4587
2026-01-23 11:35:53,104 - INFO -     Dropped: ['Chi0v', 'fr_phenol_noOrthoHbond']
2026-01-23 11:36:37,691 - INFO -     n=119, AUC=0.8574, Acc=0.9552, F1=0.4727
2026-01-23 11:36:37,691 - INFO -     Dropped: ['MolWt', 'fr_Ar_NH']
2026-01-23 11:37:20,832 - INFO -     n=117, AUC=0.8591, Acc=0.9552, F1=0.4528
2026-01-23 11:37:20,832 - INFO -     Dropped: ['PEOE_VSA13', 'fr_amide']
2026-01-23 11:38:02,565 - INFO -     n=115, AUC=0.8623, Acc=0.9567, F1=0.4717
2026-01-23 11:38:02,565 - INFO -     Dropped: ['EState_VSA2', 'NumAromaticRings']
2026-01-23 11:38:42,950 - INFO -     n=113, AUC=0.8663, Acc=0.9521, F1=0.4464
2026-01-23 11:38:42,950 - INFO -     Dropped: ['SR-MMP', 'NumHDonors']
2026-01-23 11:39:21,938 - INFO -     n=111, AUC=0.8532, Acc=0.9552, F1=0.4630
2026-01-23 11:39:21,938 - INFO -     Dropped: ['NR-AhR', 'fr_benzene']
2026-01-23 11:39:59,551 - INFO -     n=109, AUC=0.8532, Acc=0.9552, F1=0.4630
2026-01-23 11:39:59,551 - INFO -     Dropped: ['fr_aniline', 'fr_nitro_arom']
2026-01-23 11:40:35,824 - INFO -     n=107, AUC=0.8547, Acc=0.9575, F1=0.4860
2026-01-23 11:40:35,824 - INFO -     Dropped: ['SMR_VSA1', 'VSA_EState9']
2026-01-23 11:41:10,730 - INFO -     n=105, AUC=0.8475, Acc=0.9544, F1=0.4486
2026-01-23 11:41:10,730 - INFO -     Dropped: ['NumValenceElectrons', 'PEOE_VSA7']
2026-01-23 11:41:44,314 - INFO -     n=103, AUC=0.8573, Acc=0.9567, F1=0.4909
2026-01-23 11:41:44,314 - INFO -     Dropped: ['FractionCSP3', 'fr_phenol']
2026-01-23 11:42:16,573 - INFO -     n=101, AUC=0.8494, Acc=0.9583, F1=0.5091
2026-01-23 11:42:16,573 - INFO -     Dropped: ['Kappa2', 'PEOE_VSA8']
2026-01-23 11:42:47,556 - INFO -     n=99, AUC=0.8534, Acc=0.9521, F1=0.4364
2026-01-23 11:42:47,556 - INFO -     Dropped: ['NR-ER', 'Chi2n']
2026-01-23 11:43:17,256 - INFO -     n=97, AUC=0.8565, Acc=0.9544, F1=0.4685
2026-01-23 11:43:17,257 - INFO -     Dropped: ['Chi4n', 'Ipc']
2026-01-23 11:43:45,732 - INFO -     n=95, AUC=0.8582, Acc=0.9544, F1=0.4381
2026-01-23 11:43:45,732 - INFO -     Dropped: ['SMR_VSA9', 'VSA_EState6']
2026-01-23 11:44:13,001 - INFO -     n=93, AUC=0.8633, Acc=0.9560, F1=0.4673
2026-01-23 11:44:13,001 - INFO -     Dropped: ['SMR_VSA5', 'SlogP_VSA12']
2026-01-23 11:44:39,075 - INFO -     n=91, AUC=0.8683, Acc=0.9552, F1=0.4630
2026-01-23 11:44:39,075 - INFO -     Dropped: ['MaxPartialCharge', 'fr_aryl_methyl']
2026-01-23 11:45:03,973 - INFO -     n=89, AUC=0.8530, Acc=0.9536, F1=0.4643
2026-01-23 11:45:03,973 - INFO -     Dropped: ['PEOE_VSA9', 'EState_VSA5']
2026-01-23 11:45:27,733 - INFO -     n=87, AUC=0.8606, Acc=0.9567, F1=0.5172
2026-01-23 11:45:27,733 - INFO -     Dropped: ['FpDensityMorgan3', 'EState_VSA6']
2026-01-23 11:45:50,402 - INFO -     n=85, AUC=0.8518, Acc=0.9575, F1=0.4954
2026-01-23 11:45:50,402 - INFO -     Dropped: ['BCUT2D_MRLOW', 'VSA_EState2']
2026-01-23 11:46:11,989 - INFO -     n=83, AUC=0.8579, Acc=0.9567, F1=0.4815
2026-01-23 11:46:11,989 - INFO -     Dropped: ['Kappa1', 'VSA_EState3']
2026-01-23 11:46:32,524 - INFO -     n=81, AUC=0.8626, Acc=0.9560, F1=0.4771
2026-01-23 11:46:32,524 - INFO -     Dropped: ['SMR_VSA7', 'VSA_EState7']
2026-01-23 11:46:52,037 - INFO -     n=79, AUC=0.8486, Acc=0.9521, F1=0.4259
2026-01-23 11:46:52,037 - INFO -     Dropped: ['MinAbsPartialCharge', 'fr_ether']
2026-01-23 11:47:10,527 - INFO -     n=77, AUC=0.8603, Acc=0.9575, F1=0.5217
2026-01-23 11:47:10,527 - INFO -     Dropped: ['FpDensityMorgan2', 'SlogP_VSA5']
2026-01-23 11:47:28,055 - INFO -     n=75, AUC=0.8632, Acc=0.9552, F1=0.5085
2026-01-23 11:47:28,055 - INFO -     Dropped: ['MaxAbsPartialCharge', 'SMR_VSA4']
2026-01-23 11:47:44,645 - INFO -     n=73, AUC=0.8568, Acc=0.9544, F1=0.4486
2026-01-23 11:47:44,646 - INFO -     Dropped: ['VSA_EState5', 'fr_Ar_N']
2026-01-23 11:48:00,326 - INFO -     n=71, AUC=0.8619, Acc=0.9513, F1=0.4324
2026-01-23 11:48:00,326 - INFO -     Dropped: ['LabuteASA', 'EState_VSA4']
2026-01-23 11:48:15,106 - INFO -     n=69, AUC=0.8434, Acc=0.9567, F1=0.5000
2026-01-23 11:48:15,106 - INFO -     Dropped: ['SMR_VSA6', 'EState_VSA8']
2026-01-23 11:48:29,019 - INFO -     n=67, AUC=0.8536, Acc=0.9544, F1=0.4779
2026-01-23 11:48:29,019 - INFO -     Dropped: ['Chi3n', 'EState_VSA1']
2026-01-23 11:48:42,086 - INFO -     n=65, AUC=0.8670, Acc=0.9567, F1=0.4717
2026-01-23 11:48:42,086 - INFO -     Dropped: ['Chi2v', 'PEOE_VSA3']
2026-01-23 11:48:54,312 - INFO -     n=63, AUC=0.8632, Acc=0.9583, F1=0.5179
2026-01-23 11:48:54,312 - INFO -     Dropped: ['BCUT2D_CHGLO', 'VSA_EState8']
2026-01-23 11:49:05,759 - INFO -     n=61, AUC=0.8509, Acc=0.9560, F1=0.4956
2026-01-23 11:49:05,759 - INFO -     Dropped: ['PEOE_VSA10', 'EState_VSA9']
2026-01-23 11:49:16,460 - INFO -     n=59, AUC=0.8685, Acc=0.9552, F1=0.5000
2026-01-23 11:49:16,460 - INFO -     Dropped: ['Kappa3', 'EState_VSA3']
2026-01-23 11:49:26,423 - INFO -     n=57, AUC=0.8599, Acc=0.9567, F1=0.4815
2026-01-23 11:49:26,423 - INFO -     Dropped: ['FpDensityMorgan1', 'SlogP_VSA4']
2026-01-23 11:49:35,693 - INFO -     n=55, AUC=0.8804, Acc=0.9567, F1=0.4909
2026-01-23 11:49:35,693 - INFO -     Dropped: ['PEOE_VSA1', 'VSA_EState10']
2026-01-23 11:49:44,276 - INFO -     n=53, AUC=0.8660, Acc=0.9575, F1=0.5045
2026-01-23 11:49:44,276 - INFO -     Dropped: ['MinPartialCharge', 'TPSA']
2026-01-23 11:49:52,187 - INFO -     n=51, AUC=0.8805, Acc=0.9529, F1=0.4696
2026-01-23 11:49:52,187 - INFO -     Dropped: ['MinAbsEStateIndex', 'BCUT2D_LOGPHI']
2026-01-23 11:49:59,467 - INFO -     n=49, AUC=0.8833, Acc=0.9536, F1=0.4737
2026-01-23 11:49:59,467 - INFO -     Dropped: ['BalabanJ', 'SlogP_VSA7']
2026-01-23 11:50:06,155 - INFO -     n=47, AUC=0.8611, Acc=0.9521, F1=0.4464
2026-01-23 11:50:06,155 - INFO -     Dropped: ['Chi3v', 'VSA_EState4']
2026-01-23 11:50:12,277 - INFO -     n=45, AUC=0.8600, Acc=0.9536, F1=0.4828
2026-01-23 11:50:12,277 - INFO -     Dropped: ['SlogP_VSA3', 'SlogP_VSA8']
2026-01-23 11:50:17,864 - INFO -     n=43, AUC=0.8675, Acc=0.9536, F1=0.4643
2026-01-23 11:50:17,864 - INFO -     Dropped: ['MaxEStateIndex', 'PEOE_VSA6']
2026-01-23 11:50:22,935 - INFO -     n=41, AUC=0.8647, Acc=0.9567, F1=0.5172
2026-01-23 11:50:22,935 - INFO -     Dropped: ['BertzCT', 'fr_unbrch_alkane']
2026-01-23 11:50:27,517 - INFO -     n=39, AUC=0.8662, Acc=0.9567, F1=0.5088
2026-01-23 11:50:27,518 - INFO -     Dropped: ['Chi0n', 'MolMR']
2026-01-23 11:50:31,646 - INFO -     n=37, AUC=0.8519, Acc=0.9529, F1=0.4505
2026-01-23 11:50:31,646 - INFO -     Dropped: ['Chi1v', 'NumRotatableBonds']
2026-01-23 11:50:35,345 - INFO -     n=35, AUC=0.8670, Acc=0.9598, F1=0.5439
2026-01-23 11:50:35,345 - INFO -     Dropped: ['BCUT2D_CHGHI', 'SMR_VSA10']
2026-01-23 11:50:38,629 - INFO -     n=33, AUC=0.8709, Acc=0.9544, F1=0.4870
2026-01-23 11:50:38,630 - INFO -     Dropped: ['qed', 'EState_VSA7']
2026-01-23 11:50:41,537 - INFO -     n=31, AUC=0.8559, Acc=0.9552, F1=0.4727
2026-01-23 11:50:41,537 - INFO -     Dropped: ['BCUT2D_MWHI', 'HallKierAlpha']
2026-01-23 11:50:44,100 - INFO -     n=29, AUC=0.8402, Acc=0.9536, F1=0.4545
2026-01-23 11:50:44,100 - INFO -     Dropped: ['SlogP_VSA1', 'SlogP_VSA2']
2026-01-23 11:50:46,355 - INFO -     n=27, AUC=0.8536, Acc=0.9560, F1=0.4865
2026-01-23 11:50:46,355 - INFO -     Dropped: ['PEOE_VSA11', 'SMR_VSA3']
2026-01-23 11:50:48,327 - INFO -     n=25, AUC=0.8591, Acc=0.9544, F1=0.4685
2026-01-23 11:50:48,327 - INFO -     Dropped: ['PEOE_VSA2', 'fr_imidazole']
2026-01-23 11:50:50,014 - INFO -     n=23, AUC=0.8778, Acc=0.9505, F1=0.4386
2026-01-23 11:50:50,015 - INFO -     Dropped: ['BCUT2D_MWLOW', 'MolLogP']
2026-01-23 11:50:51,455 - INFO -     n=21, AUC=0.8692, Acc=0.9544, F1=0.5042
2026-01-23 11:50:51,455 - INFO -     Dropped: ['SlogP_VSA11', 'VSA_EState1']
2026-01-23 11:50:52,687 - INFO -     n=19, AUC=0.8622, Acc=0.9536, F1=0.4915
2026-01-23 11:50:52,687 - INFO -     Dropped: ['BCUT2D_LOGPLOW', 'PEOE_VSA5']
2026-01-23 11:50:53,744 - INFO -     n=17, AUC=0.8667, Acc=0.9505, F1=0.4483
2026-01-23 11:50:53,744 - INFO -     Dropped: ['fr_para_hydroxylation', 'fr_priamide']
2026-01-23 11:50:54,630 - INFO -     n=15, AUC=0.8473, Acc=0.9544, F1=0.4957
2026-01-23 11:50:54,630 - INFO -     Dropped: ['BCUT2D_MRHI', 'fr_ketone']
2026-01-23 11:50:55,358 - INFO -     n=13, AUC=0.8516, Acc=0.9513, F1=0.4793
2026-01-23 11:50:55,358 - INFO -     Dropped: ['PEOE_VSA4', 'SlogP_VSA6']
2026-01-23 11:50:55,946 - INFO -     n=11, AUC=0.8510, Acc=0.9536, F1=0.4545
2026-01-23 11:50:55,947 - INFO -     Dropped: ['PEOE_VSA14', 'EState_VSA10']
2026-01-23 11:50:56,423 - INFO -     n=9, AUC=0.8318, Acc=0.9482, F1=0.4071
2026-01-23 11:50:56,423 - INFO -     Dropped: ['PEOE_VSA12', 'fr_allylic_oxid']
2026-01-23 11:50:56,805 - INFO -     n=7, AUC=0.8340, Acc=0.9536, F1=0.5000
2026-01-23 11:50:56,805 - INFO -     Dropped: ['NR-ER-LBD', 'fr_Ar_OH']
2026-01-23 11:50:57,088 - INFO -     n=5, AUC=0.8471, Acc=0.9482, F1=0.4274
2026-01-23 11:50:57,088 - INFO -     Dropped: ['NR-Aromatase', 'NR-PPAR-gamma']
2026-01-23 11:50:57,274 - INFO -     n=3, AUC=0.8349, Acc=0.9451, F1=0.0779
2026-01-23 11:50:57,274 - INFO -     Dropped: ['NR-AR', 'NR-AR-LBD']
2026-01-23 11:50:57,367 - INFO -     n=1, AUC=0.7647, Acc=0.9428, F1=0.0000
2026-01-23 11:50:57,367 - INFO -     Dropped: ['SR-p53', 'fr_C_S']
2026-01-23 11:50:57,368 - INFO -   → Best for repeat 1: 125 features, AUC=0.8850
2026-01-23 11:50:57,368 - INFO - 
  Repeat 2/3
2026-01-23 11:52:59,070 - INFO -     n=213, AUC=0.8301, Acc=0.9567, F1=0.4815
2026-01-23 11:52:59,070 - INFO -     Dropped: ['fr_oxime', 'fr_urea']
2026-01-23 11:54:59,152 - INFO -     n=211, AUC=0.8301, Acc=0.9567, F1=0.4815
2026-01-23 11:54:59,152 - INFO -     Dropped: ['fr_nitroso', 'fr_oxazole']
2026-01-23 11:56:57,371 - INFO -     n=209, AUC=0.8301, Acc=0.9567, F1=0.4815
2026-01-23 11:56:57,371 - INFO -     Dropped: ['fr_nitro_arom', 'fr_nitro_arom_nonortho']
2026-01-23 11:58:53,711 - INFO -     n=207, AUC=0.8301, Acc=0.9567, F1=0.4815
2026-01-23 11:58:53,711 - INFO -     Dropped: ['fr_nitrile', 'fr_sulfide']
2026-01-23 12:00:48,215 - INFO -     n=205, AUC=0.8301, Acc=0.9567, F1=0.4815
2026-01-23 12:00:48,215 - INFO -     Dropped: ['EState_VSA11', 'fr_morpholine']
2026-01-23 12:02:40,958 - INFO -     n=203, AUC=0.8301, Acc=0.9567, F1=0.4815
2026-01-23 12:02:40,958 - INFO -     Dropped: ['fr_N_O', 'fr_ester']
2026-01-23 12:04:31,957 - INFO -     n=201, AUC=0.8301, Acc=0.9567, F1=0.4815
2026-01-23 12:04:31,957 - INFO -     Dropped: ['fr_priamide', 'fr_pyridine']
2026-01-23 12:06:21,119 - INFO -     n=199, AUC=0.8301, Acc=0.9567, F1=0.4815
2026-01-23 12:06:21,119 - INFO -     Dropped: ['fr_ketone_Topliss', 'fr_lactam']
2026-01-23 12:08:08,414 - INFO -     n=197, AUC=0.8301, Acc=0.9567, F1=0.4815
2026-01-23 12:08:08,414 - INFO -     Dropped: ['fr_isothiocyan', 'fr_ketone']
2026-01-23 12:09:53,992 - INFO -     n=195, AUC=0.8301, Acc=0.9567, F1=0.4815
2026-01-23 12:09:53,992 - INFO -     Dropped: ['fr_piperzine', 'fr_quatN']
2026-01-23 12:11:37,782 - INFO -     n=193, AUC=0.8301, Acc=0.9567, F1=0.4815
2026-01-23 12:11:37,783 - INFO -     Dropped: ['fr_hdrzone', 'fr_imidazole']
2026-01-23 12:13:19,802 - INFO -     n=191, AUC=0.8301, Acc=0.9567, F1=0.4815
2026-01-23 12:13:19,802 - INFO -     Dropped: ['fr_hdrzine', 'fr_imide']
2026-01-23 12:15:00,122 - INFO -     n=189, AUC=0.8301, Acc=0.9567, F1=0.4815
2026-01-23 12:15:00,122 - INFO -     Dropped: ['fr_furan', 'fr_guanido']
2026-01-23 12:16:38,659 - INFO -     n=187, AUC=0.8301, Acc=0.9567, F1=0.4815
2026-01-23 12:16:38,659 - INFO -     Dropped: ['fr_isocyan', 'fr_lactone']
2026-01-23 12:18:15,429 - INFO -     n=185, AUC=0.8301, Acc=0.9567, F1=0.4815
2026-01-23 12:18:15,429 - INFO -     Dropped: ['fr_Ndealkylation2', 'fr_dihydropyridine']
2026-01-23 12:19:50,432 - INFO -     n=183, AUC=0.8301, Acc=0.9567, F1=0.4815
2026-01-23 12:19:50,432 - INFO -     Dropped: ['fr_ArN', 'fr_alkyl_carbamate']
2026-01-23 12:21:23,647 - INFO -     n=181, AUC=0.8301, Acc=0.9567, F1=0.4815
2026-01-23 12:21:23,647 - INFO -     Dropped: ['fr_HOCCN', 'fr_aldehyde']
2026-01-23 12:22:55,120 - INFO -     n=179, AUC=0.8301, Acc=0.9567, F1=0.4815
2026-01-23 12:22:55,120 - INFO -     Dropped: ['fr_Imine', 'fr_sulfone']
2026-01-23 12:24:24,883 - INFO -     n=177, AUC=0.8301, Acc=0.9567, F1=0.4815
2026-01-23 12:24:24,883 - INFO -     Dropped: ['fr_COO', 'fr_benzodiazepine']
2026-01-23 12:25:52,944 - INFO -     n=175, AUC=0.8301, Acc=0.9567, F1=0.4815
2026-01-23 12:25:52,944 - INFO -     Dropped: ['fr_barbitur', 'fr_benzene']
2026-01-23 12:27:19,204 - INFO -     n=173, AUC=0.8301, Acc=0.9567, F1=0.4815
2026-01-23 12:27:19,204 - INFO -     Dropped: ['fr_azide', 'fr_azo']
2026-01-23 12:28:43,753 - INFO -     n=171, AUC=0.8301, Acc=0.9567, F1=0.4815
2026-01-23 12:28:43,753 - INFO -     Dropped: ['fr_Al_OH', 'fr_Al_OH_noTert']
2026-01-23 12:30:06,618 - INFO -     n=169, AUC=0.8301, Acc=0.9567, F1=0.4815
2026-01-23 12:30:06,618 - INFO -     Dropped: ['fr_Ar_NH', 'fr_sulfonamd']
2026-01-23 12:31:27,819 - INFO -     n=167, AUC=0.8301, Acc=0.9567, F1=0.4815
2026-01-23 12:31:27,819 - INFO -     Dropped: ['NumAromaticHeterocycles', 'fr_SH']
2026-01-23 12:32:47,309 - INFO -     n=165, AUC=0.8301, Acc=0.9567, F1=0.4815
2026-01-23 12:32:47,309 - INFO -     Dropped: ['fr_phos_acid', 'fr_phos_ester']
2026-01-23 12:34:05,143 - INFO -     n=163, AUC=0.8301, Acc=0.9567, F1=0.4815
2026-01-23 12:34:05,143 - INFO -     Dropped: ['SMR_VSA2', 'fr_amide']
2026-01-23 12:35:21,302 - INFO -     n=161, AUC=0.8301, Acc=0.9567, F1=0.4815
2026-01-23 12:35:21,302 - INFO -     Dropped: ['NumRadicalElectrons', 'fr_amidine']
2026-01-23 12:36:35,708 - INFO -     n=159, AUC=0.8301, Acc=0.9567, F1=0.4815
2026-01-23 12:36:35,708 - INFO -     Dropped: ['fr_Nhpyrrole', 'fr_term_acetylene']
2026-01-23 12:37:48,523 - INFO -     n=157, AUC=0.8301, Acc=0.9567, F1=0.4815
2026-01-23 12:37:48,523 - INFO -     Dropped: ['fr_Al_COO', 'fr_Ndealkylation1']
2026-01-23 12:38:59,652 - INFO -     n=155, AUC=0.8301, Acc=0.9567, F1=0.4815
2026-01-23 12:38:59,652 - INFO -     Dropped: ['fr_thiocyan', 'fr_thiophene']
2026-01-23 12:40:09,171 - INFO -     n=153, AUC=0.8301, Acc=0.9567, F1=0.4815
2026-01-23 12:40:09,171 - INFO -     Dropped: ['fr_piperdine', 'fr_tetrazole']
2026-01-23 12:41:17,033 - INFO -     n=151, AUC=0.8301, Acc=0.9567, F1=0.4815
2026-01-23 12:41:17,033 - INFO -     Dropped: ['fr_COO2', 'fr_C_O']
2026-01-23 12:42:23,274 - INFO -     n=149, AUC=0.8301, Acc=0.9567, F1=0.4815
2026-01-23 12:42:23,274 - INFO -     Dropped: ['HeavyAtomCount', 'fr_thiazole']
2026-01-23 12:43:27,860 - INFO -     n=147, AUC=0.8301, Acc=0.9567, F1=0.4815
2026-01-23 12:43:27,860 - INFO -     Dropped: ['NumAromaticCarbocycles', 'fr_Ar_COO']
2026-01-23 12:44:30,794 - INFO -     n=145, AUC=0.8301, Acc=0.9567, F1=0.4815
2026-01-23 12:44:30,794 - INFO -     Dropped: ['MaxAbsEStateIndex', 'NumHDonors']
2026-01-23 12:45:32,100 - INFO -     n=143, AUC=0.8381, Acc=0.9567, F1=0.4717
2026-01-23 12:45:32,100 - INFO -     Dropped: ['fr_Ar_N', 'fr_C_O_noCOO']
2026-01-23 12:46:31,789 - INFO -     n=141, AUC=0.8241, Acc=0.9590, F1=0.5047
2026-01-23 12:46:31,789 - INFO -     Dropped: ['Chi0v', 'fr_aryl_methyl']
2026-01-23 12:47:29,874 - INFO -     n=139, AUC=0.8313, Acc=0.9567, F1=0.4717
2026-01-23 12:47:29,874 - INFO -     Dropped: ['NHOHCount', 'NumSaturatedHeterocycles']
2026-01-23 12:48:26,340 - INFO -     n=137, AUC=0.8256, Acc=0.9560, F1=0.4673
2026-01-23 12:48:26,340 - INFO -     Dropped: ['NumValenceElectrons', 'SMR_VSA5']
2026-01-23 12:49:21,389 - INFO -     n=135, AUC=0.8327, Acc=0.9560, F1=0.4673
2026-01-23 12:49:21,389 - INFO -     Dropped: ['NR-ER', 'fr_NH2']
2026-01-23 12:50:14,897 - INFO -     n=133, AUC=0.8327, Acc=0.9560, F1=0.4673
2026-01-23 12:50:14,897 - INFO -     Dropped: ['ExactMolWt', 'fr_nitro']
2026-01-23 12:51:06,867 - INFO -     n=131, AUC=0.8344, Acc=0.9567, F1=0.4717
2026-01-23 12:51:06,867 - INFO -     Dropped: ['Chi1n', 'fr_alkyl_halide']
2026-01-23 12:51:57,355 - INFO -     n=129, AUC=0.8368, Acc=0.9575, F1=0.5045
2026-01-23 12:51:57,356 - INFO -     Dropped: ['fr_NH0', 'fr_bicyclic']
2026-01-23 12:52:46,271 - INFO -     n=127, AUC=0.8262, Acc=0.9536, F1=0.4340
2026-01-23 12:52:46,272 - INFO -     Dropped: ['EState_VSA2', 'RingCount']
2026-01-23 12:53:33,657 - INFO -     n=125, AUC=0.8187, Acc=0.9521, F1=0.4151
2026-01-23 12:53:33,657 - INFO -     Dropped: ['LabuteASA', 'NumRotatableBonds']
2026-01-23 12:54:19,525 - INFO -     n=123, AUC=0.8170, Acc=0.9552, F1=0.4528
2026-01-23 12:54:19,525 - INFO -     Dropped: ['Chi3v', 'NumAliphaticRings']
2026-01-23 12:55:03,900 - INFO -     n=121, AUC=0.8103, Acc=0.9575, F1=0.5045
2026-01-23 12:55:03,900 - INFO -     Dropped: ['PEOE_VSA2', 'EState_VSA1']
2026-01-23 12:55:46,865 - INFO -     n=119, AUC=0.8334, Acc=0.9575, F1=0.4860
2026-01-23 12:55:46,865 - INFO -     Dropped: ['PEOE_VSA10', 'SlogP_VSA1']
2026-01-23 12:56:28,409 - INFO -     n=117, AUC=0.8242, Acc=0.9552, F1=0.4727
2026-01-23 12:56:28,410 - INFO -     Dropped: ['Chi4n', 'NumSaturatedCarbocycles']
2026-01-23 12:57:08,507 - INFO -     n=115, AUC=0.8396, Acc=0.9536, F1=0.4340
2026-01-23 12:57:08,507 - INFO -     Dropped: ['SMR_VSA1', 'EState_VSA3']
2026-01-23 12:57:47,246 - INFO -     n=113, AUC=0.8272, Acc=0.9552, F1=0.4727
2026-01-23 12:57:47,246 - INFO -     Dropped: ['PEOE_VSA4', 'VSA_EState2']
2026-01-23 12:58:24,640 - INFO -     n=111, AUC=0.8220, Acc=0.9560, F1=0.4571
2026-01-23 12:58:24,640 - INFO -     Dropped: ['MaxPartialCharge', 'Chi1']
2026-01-23 12:59:00,668 - INFO -     n=109, AUC=0.8313, Acc=0.9552, F1=0.4528
2026-01-23 12:59:00,668 - INFO -     Dropped: ['Chi1v', 'Chi2v']
2026-01-23 12:59:35,399 - INFO -     n=107, AUC=0.8322, Acc=0.9575, F1=0.4954
2026-01-23 12:59:35,399 - INFO -     Dropped: ['NumAromaticRings', 'fr_NH1']
2026-01-23 13:00:08,885 - INFO -     n=105, AUC=0.8336, Acc=0.9544, F1=0.4381
2026-01-23 13:00:08,886 - INFO -     Dropped: ['Chi0', 'SMR_VSA4']
2026-01-23 13:00:41,120 - INFO -     n=103, AUC=0.8342, Acc=0.9521, F1=0.4364
2026-01-23 13:00:41,120 - INFO -     Dropped: ['EState_VSA6', 'MolMR']
2026-01-23 13:01:12,110 - INFO -     n=101, AUC=0.8247, Acc=0.9544, F1=0.4587
2026-01-23 13:01:12,110 - INFO -     Dropped: ['FpDensityMorgan1', 'FpDensityMorgan3']
2026-01-23 13:01:41,926 - INFO -     n=99, AUC=0.8210, Acc=0.9583, F1=0.5000
2026-01-23 13:01:41,927 - INFO -     Dropped: ['Ipc', 'VSA_EState5']
2026-01-23 13:02:10,569 - INFO -     n=97, AUC=0.8347, Acc=0.9536, F1=0.4340
2026-01-23 13:02:10,569 - INFO -     Dropped: ['Chi3n', 'PEOE_VSA7']
2026-01-23 13:02:38,088 - INFO -     n=95, AUC=0.8347, Acc=0.9536, F1=0.4340
2026-01-23 13:02:38,088 - INFO -     Dropped: ['NumAliphaticCarbocycles', 'fr_phenol']
2026-01-23 13:03:04,490 - INFO -     n=93, AUC=0.8295, Acc=0.9536, F1=0.4231
2026-01-23 13:03:04,490 - INFO -     Dropped: ['NumHeteroatoms', 'fr_phenol_noOrthoHbond']
2026-01-23 13:03:29,781 - INFO -     n=91, AUC=0.8343, Acc=0.9560, F1=0.4356
2026-01-23 13:03:29,781 - INFO -     Dropped: ['fr_epoxide', 'fr_methoxy']
2026-01-23 13:03:54,021 - INFO -     n=89, AUC=0.8215, Acc=0.9560, F1=0.4865
2026-01-23 13:03:54,021 - INFO -     Dropped: ['MolWt', 'fr_aniline']
2026-01-23 13:04:17,147 - INFO -     n=87, AUC=0.8348, Acc=0.9567, F1=0.4815
2026-01-23 13:04:17,147 - INFO -     Dropped: ['EState_VSA9', 'NumSaturatedRings']
2026-01-23 13:04:39,214 - INFO -     n=85, AUC=0.8284, Acc=0.9536, F1=0.4545
2026-01-23 13:04:39,214 - INFO -     Dropped: ['MinAbsEStateIndex', 'NumHAcceptors']
2026-01-23 13:05:00,230 - INFO -     n=83, AUC=0.8314, Acc=0.9536, F1=0.4444
2026-01-23 13:05:00,230 - INFO -     Dropped: ['MinAbsPartialCharge', 'PEOE_VSA6']
2026-01-23 13:05:20,206 - INFO -     n=81, AUC=0.8285, Acc=0.9529, F1=0.4404
2026-01-23 13:05:20,206 - INFO -     Dropped: ['Chi0n', 'EState_VSA7']
2026-01-23 13:05:39,147 - INFO -     n=79, AUC=0.8237, Acc=0.9536, F1=0.4444
2026-01-23 13:05:39,147 - INFO -     Dropped: ['BCUT2D_CHGLO', 'Chi2n']
2026-01-23 13:05:57,132 - INFO -     n=77, AUC=0.8176, Acc=0.9536, F1=0.4545
2026-01-23 13:05:57,132 - INFO -     Dropped: ['FpDensityMorgan2', 'BalabanJ']
2026-01-23 13:06:14,185 - INFO -     n=75, AUC=0.8255, Acc=0.9536, F1=0.4737
2026-01-23 13:06:14,185 - INFO -     Dropped: ['PEOE_VSA8', 'SlogP_VSA10']
2026-01-23 13:06:30,332 - INFO -     n=73, AUC=0.8200, Acc=0.9567, F1=0.4909
2026-01-23 13:06:30,332 - INFO -     Dropped: ['NR-AhR', 'Chi4v']
2026-01-23 13:06:45,590 - INFO -     n=71, AUC=0.8292, Acc=0.9536, F1=0.4545
2026-01-23 13:06:45,590 - INFO -     Dropped: ['SMR_VSA7', 'EState_VSA10']
2026-01-23 13:06:59,969 - INFO -     n=69, AUC=0.8332, Acc=0.9583, F1=0.5179
2026-01-23 13:06:59,969 - INFO -     Dropped: ['SlogP_VSA12', 'VSA_EState6']
2026-01-23 13:07:13,498 - INFO -     n=67, AUC=0.8316, Acc=0.9505, F1=0.4286
2026-01-23 13:07:13,498 - INFO -     Dropped: ['MinEStateIndex', 'BertzCT']
2026-01-23 13:07:26,203 - INFO -     n=65, AUC=0.8353, Acc=0.9536, F1=0.4545
2026-01-23 13:07:26,203 - INFO -     Dropped: ['VSA_EState4', 'fr_halogen']
2026-01-23 13:07:38,125 - INFO -     n=63, AUC=0.8299, Acc=0.9529, F1=0.4505
2026-01-23 13:07:38,125 - INFO -     Dropped: ['BCUT2D_CHGHI', 'VSA_EState3']
2026-01-23 13:07:49,286 - INFO -     n=61, AUC=0.8263, Acc=0.9552, F1=0.4528
2026-01-23 13:07:49,286 - INFO -     Dropped: ['Kappa2', 'EState_VSA4']
2026-01-23 13:07:59,715 - INFO -     n=59, AUC=0.8188, Acc=0.9521, F1=0.4561
2026-01-23 13:07:59,715 - INFO -     Dropped: ['qed', 'BCUT2D_LOGPHI']
2026-01-23 13:08:09,447 - INFO -     n=57, AUC=0.8335, Acc=0.9529, F1=0.4505
2026-01-23 13:08:09,448 - INFO -     Dropped: ['PEOE_VSA14', 'SMR_VSA10']
2026-01-23 13:08:18,489 - INFO -     n=55, AUC=0.8227, Acc=0.9560, F1=0.5043
2026-01-23 13:08:18,489 - INFO -     Dropped: ['BCUT2D_MRLOW', 'PEOE_VSA3']
2026-01-23 13:08:26,872 - INFO -     n=53, AUC=0.8241, Acc=0.9536, F1=0.4737
2026-01-23 13:08:26,873 - INFO -     Dropped: ['MinPartialCharge', 'SlogP_VSA4']
2026-01-23 13:08:34,634 - INFO -     n=51, AUC=0.8223, Acc=0.9544, F1=0.5042
2026-01-23 13:08:34,635 - INFO -     Dropped: ['HeavyAtomMolWt', 'PEOE_VSA9']
2026-01-23 13:08:41,786 - INFO -     n=49, AUC=0.8271, Acc=0.9505, F1=0.4667
2026-01-23 13:08:41,786 - INFO -     Dropped: ['SlogP_VSA6', 'EState_VSA5']
2026-01-23 13:08:48,370 - INFO -     n=47, AUC=0.8296, Acc=0.9529, F1=0.4696
2026-01-23 13:08:48,370 - INFO -     Dropped: ['SlogP_VSA3', 'SlogP_VSA5']
2026-01-23 13:08:54,411 - INFO -     n=45, AUC=0.8130, Acc=0.9505, F1=0.4576
2026-01-23 13:08:54,411 - INFO -     Dropped: ['HallKierAlpha', 'VSA_EState8']
2026-01-23 13:08:59,928 - INFO -     n=43, AUC=0.8115, Acc=0.9536, F1=0.4915
2026-01-23 13:08:59,928 - INFO -     Dropped: ['VSA_EState7', 'FractionCSP3']
2026-01-23 13:09:04,964 - INFO -     n=41, AUC=0.8149, Acc=0.9490, F1=0.4677
2026-01-23 13:09:04,964 - INFO -     Dropped: ['MaxEStateIndex', 'Kappa1']
2026-01-23 13:09:09,556 - INFO -     n=39, AUC=0.8137, Acc=0.9474, F1=0.4426
2026-01-23 13:09:09,556 - INFO -     Dropped: ['NR-ER-LBD', 'BCUT2D_MWHI']
2026-01-23 13:09:13,726 - INFO -     n=37, AUC=0.8160, Acc=0.9490, F1=0.4762
2026-01-23 13:09:13,727 - INFO -     Dropped: ['EState_VSA8', 'NOCount']
2026-01-23 13:09:17,509 - INFO -     n=35, AUC=0.8171, Acc=0.9490, F1=0.4677
2026-01-23 13:09:17,509 - INFO -     Dropped: ['SR-MMP', 'SlogP_VSA7']
2026-01-23 13:09:20,907 - INFO -     n=33, AUC=0.8233, Acc=0.9505, F1=0.4754
2026-01-23 13:09:20,907 - INFO -     Dropped: ['BCUT2D_MRHI', 'SMR_VSA3']
2026-01-23 13:09:23,930 - INFO -     n=31, AUC=0.8176, Acc=0.9498, F1=0.4628
2026-01-23 13:09:23,930 - INFO -     Dropped: ['SR-ATAD5', 'BCUT2D_MWLOW']
2026-01-23 13:09:26,607 - INFO -     n=29, AUC=0.8210, Acc=0.9451, F1=0.4320
2026-01-23 13:09:26,607 - INFO -     Dropped: ['PEOE_VSA13', 'VSA_EState10']
2026-01-23 13:09:28,968 - INFO -     n=27, AUC=0.8159, Acc=0.9474, F1=0.4333
2026-01-23 13:09:28,968 - INFO -     Dropped: ['MolLogP', 'fr_unbrch_alkane']
2026-01-23 13:09:31,036 - INFO -     n=25, AUC=0.7977, Acc=0.9467, F1=0.4298
2026-01-23 13:09:31,036 - INFO -     Dropped: ['SlogP_VSA2', 'VSA_EState9']
2026-01-23 13:09:32,830 - INFO -     n=23, AUC=0.7920, Acc=0.9490, F1=0.4211
2026-01-23 13:09:32,830 - INFO -     Dropped: ['SlogP_VSA11', 'SlogP_VSA8']
2026-01-23 13:09:34,357 - INFO -     n=21, AUC=0.7952, Acc=0.9529, F1=0.5041
2026-01-23 13:09:34,358 - INFO -     Dropped: ['MaxAbsPartialCharge', 'Kappa3']
2026-01-23 13:09:35,652 - INFO -     n=19, AUC=0.8036, Acc=0.9498, F1=0.4538
2026-01-23 13:09:35,652 - INFO -     Dropped: ['VSA_EState1', 'fr_ether']
2026-01-23 13:09:36,734 - INFO -     n=17, AUC=0.8060, Acc=0.9436, F1=0.4160
2026-01-23 13:09:36,734 - INFO -     Dropped: ['PEOE_VSA1', 'SMR_VSA6']
2026-01-23 13:09:37,628 - INFO -     n=15, AUC=0.8035, Acc=0.9490, F1=0.4677
2026-01-23 13:09:37,628 - INFO -     Dropped: ['BCUT2D_LOGPLOW', 'PEOE_VSA5']
2026-01-23 13:09:38,366 - INFO -     n=13, AUC=0.7840, Acc=0.9459, F1=0.4615
2026-01-23 13:09:38,366 - INFO -     Dropped: ['PEOE_VSA11', 'SMR_VSA9']
2026-01-23 13:09:38,958 - INFO -     n=11, AUC=0.8141, Acc=0.9459, F1=0.4531
2026-01-23 13:09:38,958 - INFO -     Dropped: ['TPSA', 'NumAliphaticHeterocycles']
2026-01-23 13:09:39,435 - INFO -     n=9, AUC=0.8292, Acc=0.9482, F1=0.4370
2026-01-23 13:09:39,435 - INFO -     Dropped: ['PEOE_VSA12', 'fr_para_hydroxylation']
2026-01-23 13:09:39,816 - INFO -     n=7, AUC=0.8243, Acc=0.9505, F1=0.4667
2026-01-23 13:09:39,816 - INFO -     Dropped: ['fr_Ar_OH', 'fr_allylic_oxid']
2026-01-23 13:09:40,101 - INFO -     n=5, AUC=0.8079, Acc=0.9474, F1=0.3704
2026-01-23 13:09:40,101 - INFO -     Dropped: ['NR-Aromatase', 'NR-PPAR-gamma']
2026-01-23 13:09:40,284 - INFO -     n=3, AUC=0.7975, Acc=0.9428, F1=0.0513
2026-01-23 13:09:40,284 - INFO -     Dropped: ['NR-AR', 'NR-AR-LBD']
2026-01-23 13:09:40,375 - INFO -     n=1, AUC=0.7368, Acc=0.9428, F1=0.0000
2026-01-23 13:09:40,375 - INFO -     Dropped: ['SR-p53', 'fr_C_S']
2026-01-23 13:09:40,376 - INFO -   → Best for repeat 2: 115 features, AUC=0.8396
2026-01-23 13:09:40,376 - INFO - 
  Repeat 3/3
2026-01-23 13:11:48,064 - INFO -     n=213, AUC=0.8600, Acc=0.9614, F1=0.5614
2026-01-23 13:11:48,064 - INFO -     Dropped: ['fr_quatN', 'fr_urea']
2026-01-23 13:13:53,800 - INFO -     n=211, AUC=0.8600, Acc=0.9614, F1=0.5614
2026-01-23 13:13:53,800 - INFO -     Dropped: ['fr_isocyan', 'fr_isothiocyan']
2026-01-23 13:15:57,608 - INFO -     n=209, AUC=0.8600, Acc=0.9614, F1=0.5614
2026-01-23 13:15:57,608 - INFO -     Dropped: ['fr_nitro_arom_nonortho', 'fr_nitroso']
2026-01-23 13:17:59,629 - INFO -     n=207, AUC=0.8600, Acc=0.9614, F1=0.5614
2026-01-23 13:17:59,629 - INFO -     Dropped: ['fr_hdrzine', 'fr_hdrzone']
2026-01-23 13:19:59,751 - INFO -     n=205, AUC=0.8600, Acc=0.9614, F1=0.5614
2026-01-23 13:19:59,751 - INFO -     Dropped: ['fr_guanido', 'fr_oxazole']
2026-01-23 13:21:57,892 - INFO -     n=203, AUC=0.8600, Acc=0.9614, F1=0.5614
2026-01-23 13:21:57,892 - INFO -     Dropped: ['fr_NH2', 'fr_furan']
2026-01-23 13:23:54,103 - INFO -     n=201, AUC=0.8600, Acc=0.9614, F1=0.5614
2026-01-23 13:23:54,103 - INFO -     Dropped: ['fr_barbitur', 'fr_ketone_Topliss']
2026-01-23 13:25:48,544 - INFO -     n=199, AUC=0.8600, Acc=0.9614, F1=0.5614
2026-01-23 13:25:48,544 - INFO -     Dropped: ['NumAromaticHeterocycles', 'fr_epoxide']
2026-01-23 13:27:41,100 - INFO -     n=197, AUC=0.8600, Acc=0.9614, F1=0.5614
2026-01-23 13:27:41,100 - INFO -     Dropped: ['NumAromaticCarbocycles', 'fr_nitro']
2026-01-23 13:29:31,858 - INFO -     n=195, AUC=0.8600, Acc=0.9614, F1=0.5614
2026-01-23 13:29:31,858 - INFO -     Dropped: ['fr_dihydropyridine', 'fr_imide']
2026-01-23 13:31:20,762 - INFO -     n=193, AUC=0.8600, Acc=0.9614, F1=0.5614
2026-01-23 13:31:20,762 - INFO -     Dropped: ['fr_aldehyde', 'fr_oxime']
2026-01-23 13:33:07,871 - INFO -     n=191, AUC=0.8600, Acc=0.9614, F1=0.5614
2026-01-23 13:33:07,871 - INFO -     Dropped: ['NumSaturatedCarbocycles', 'fr_Al_OH_noTert']
2026-01-23 13:34:53,170 - INFO -     n=189, AUC=0.8600, Acc=0.9614, F1=0.5614
2026-01-23 13:34:53,170 - INFO -     Dropped: ['NumSaturatedRings', 'fr_Al_OH']
2026-01-23 13:36:36,642 - INFO -     n=187, AUC=0.8600, Acc=0.9614, F1=0.5614
2026-01-23 13:36:36,642 - INFO -     Dropped: ['EState_VSA11', 'fr_piperzine']
2026-01-23 13:38:18,272 - INFO -     n=185, AUC=0.8600, Acc=0.9614, F1=0.5614
2026-01-23 13:38:18,272 - INFO -     Dropped: ['fr_azide', 'fr_azo']
2026-01-23 13:39:58,078 - INFO -     n=183, AUC=0.8600, Acc=0.9614, F1=0.5614
2026-01-23 13:39:58,078 - INFO -     Dropped: ['fr_Ar_NH', 'fr_Imine']
2026-01-23 13:41:36,036 - INFO -     n=181, AUC=0.8600, Acc=0.9614, F1=0.5614
2026-01-23 13:41:36,036 - INFO -     Dropped: ['fr_COO2', 'fr_benzodiazepine']
2026-01-23 13:43:12,171 - INFO -     n=179, AUC=0.8600, Acc=0.9614, F1=0.5614
2026-01-23 13:43:12,171 - INFO -     Dropped: ['fr_Al_COO', 'fr_N_O']
2026-01-23 13:44:46,596 - INFO -     n=177, AUC=0.8600, Acc=0.9614, F1=0.5614
2026-01-23 13:44:46,596 - INFO -     Dropped: ['fr_amidine', 'fr_tetrazole']
2026-01-23 13:46:19,246 - INFO -     n=175, AUC=0.8600, Acc=0.9614, F1=0.5614
2026-01-23 13:46:19,246 - INFO -     Dropped: ['SMR_VSA2', 'fr_amide']
2026-01-23 13:47:50,108 - INFO -     n=173, AUC=0.8600, Acc=0.9614, F1=0.5614
2026-01-23 13:47:50,108 - INFO -     Dropped: ['fr_C_O_noCOO', 'fr_thiophene']
2026-01-23 13:49:19,214 - INFO -     n=171, AUC=0.8600, Acc=0.9614, F1=0.5614
2026-01-23 13:49:19,214 - INFO -     Dropped: ['fr_alkyl_carbamate', 'fr_nitrile']
2026-01-23 13:50:46,584 - INFO -     n=169, AUC=0.8600, Acc=0.9614, F1=0.5614
2026-01-23 13:50:46,584 - INFO -     Dropped: ['fr_Nhpyrrole', 'fr_SH']
2026-01-23 13:52:12,148 - INFO -     n=167, AUC=0.8600, Acc=0.9614, F1=0.5614
2026-01-23 13:52:12,148 - INFO -     Dropped: ['fr_Ndealkylation1', 'fr_Ndealkylation2']
2026-01-23 13:53:35,933 - INFO -     n=165, AUC=0.8600, Acc=0.9614, F1=0.5614
2026-01-23 13:53:35,933 - INFO -     Dropped: ['fr_sulfide', 'fr_sulfonamd']
2026-01-23 13:54:58,028 - INFO -     n=163, AUC=0.8600, Acc=0.9614, F1=0.5614
2026-01-23 13:54:58,028 - INFO -     Dropped: ['fr_HOCCN', 'fr_lactam']
2026-01-23 13:56:18,457 - INFO -     n=161, AUC=0.8600, Acc=0.9614, F1=0.5614
2026-01-23 13:56:18,457 - INFO -     Dropped: ['fr_phos_ester', 'fr_piperdine']
2026-01-23 13:57:37,102 - INFO -     n=159, AUC=0.8600, Acc=0.9614, F1=0.5614
2026-01-23 13:57:37,102 - INFO -     Dropped: ['NumRadicalElectrons', 'fr_lactone']
2026-01-23 13:58:54,054 - INFO -     n=157, AUC=0.8600, Acc=0.9614, F1=0.5614
2026-01-23 13:58:54,055 - INFO -     Dropped: ['NumAliphaticRings', 'fr_methoxy']
2026-01-23 14:00:09,323 - INFO -     n=155, AUC=0.8600, Acc=0.9614, F1=0.5614
2026-01-23 14:00:09,323 - INFO -     Dropped: ['fr_morpholine', 'fr_thiazole']
2026-01-23 14:01:23,147 - INFO -     n=153, AUC=0.8600, Acc=0.9614, F1=0.5614
2026-01-23 14:01:23,147 - INFO -     Dropped: ['NumAliphaticCarbocycles', 'fr_term_acetylene']
2026-01-23 14:02:35,318 - INFO -     n=151, AUC=0.8600, Acc=0.9614, F1=0.5614
2026-01-23 14:02:35,318 - INFO -     Dropped: ['fr_phos_acid', 'fr_sulfone']
2026-01-23 14:03:45,743 - INFO -     n=149, AUC=0.8600, Acc=0.9614, F1=0.5614
2026-01-23 14:03:45,743 - INFO -     Dropped: ['MaxAbsEStateIndex', 'fr_thiocyan']
2026-01-23 14:04:54,453 - INFO -     n=147, AUC=0.8562, Acc=0.9629, F1=0.5789
2026-01-23 14:04:54,453 - INFO -     Dropped: ['Chi1', 'NumAromaticRings']
2026-01-23 14:06:01,427 - INFO -     n=145, AUC=0.8618, Acc=0.9614, F1=0.5614
2026-01-23 14:06:01,427 - INFO -     Dropped: ['fr_COO', 'fr_halogen']
2026-01-23 14:07:06,731 - INFO -     n=143, AUC=0.8612, Acc=0.9621, F1=0.5586
2026-01-23 14:07:06,731 - INFO -     Dropped: ['VSA_EState9', 'HeavyAtomCount']
2026-01-23 14:08:10,381 - INFO -     n=141, AUC=0.8681, Acc=0.9614, F1=0.5614
2026-01-23 14:08:10,381 - INFO -     Dropped: ['fr_ArN', 'fr_ketone']
2026-01-23 14:09:12,416 - INFO -     n=139, AUC=0.8681, Acc=0.9614, F1=0.5614
2026-01-23 14:09:12,416 - INFO -     Dropped: ['NumSaturatedHeterocycles', 'fr_nitro_arom']
2026-01-23 14:10:12,779 - INFO -     n=137, AUC=0.8545, Acc=0.9598, F1=0.5357
2026-01-23 14:10:12,779 - INFO -     Dropped: ['Chi0', 'NOCount']
2026-01-23 14:11:11,562 - INFO -     n=135, AUC=0.8540, Acc=0.9598, F1=0.5357
2026-01-23 14:11:11,562 - INFO -     Dropped: ['fr_Ar_N', 'fr_C_O']
2026-01-23 14:12:08,768 - INFO -     n=133, AUC=0.8617, Acc=0.9621, F1=0.5664
2026-01-23 14:12:08,768 - INFO -     Dropped: ['fr_alkyl_halide', 'fr_aryl_methyl']
2026-01-23 14:13:04,364 - INFO -     n=131, AUC=0.8578, Acc=0.9598, F1=0.5273
2026-01-23 14:13:04,364 - INFO -     Dropped: ['NumValenceElectrons', 'SMR_VSA9']
2026-01-23 14:13:58,367 - INFO -     n=129, AUC=0.8578, Acc=0.9598, F1=0.5273
2026-01-23 14:13:58,367 - INFO -     Dropped: ['ExactMolWt', 'RingCount']
2026-01-23 14:14:50,784 - INFO -     n=127, AUC=0.8589, Acc=0.9598, F1=0.5273
2026-01-23 14:14:50,784 - INFO -     Dropped: ['LabuteASA', 'EState_VSA2']
2026-01-23 14:15:41,672 - INFO -     n=125, AUC=0.8605, Acc=0.9590, F1=0.5310
2026-01-23 14:15:41,672 - INFO -     Dropped: ['Ipc', 'fr_benzene']
2026-01-23 14:16:31,011 - INFO -     n=123, AUC=0.8616, Acc=0.9614, F1=0.5536
2026-01-23 14:16:31,011 - INFO -     Dropped: ['SlogP_VSA8', 'NumHDonors']
2026-01-23 14:17:18,919 - INFO -     n=121, AUC=0.8655, Acc=0.9590, F1=0.5225
2026-01-23 14:17:18,919 - INFO -     Dropped: ['NR-ER', 'EState_VSA1']
2026-01-23 14:18:05,354 - INFO -     n=119, AUC=0.8763, Acc=0.9606, F1=0.5487
2026-01-23 14:18:05,354 - INFO -     Dropped: ['Kappa1', 'EState_VSA6']
2026-01-23 14:18:50,354 - INFO -     n=117, AUC=0.8499, Acc=0.9590, F1=0.5225
2026-01-23 14:18:50,354 - INFO -     Dropped: ['Chi2v', 'fr_ether']
2026-01-23 14:19:33,959 - INFO -     n=115, AUC=0.8499, Acc=0.9590, F1=0.5225
2026-01-23 14:19:33,959 - INFO -     Dropped: ['fr_Ar_COO', 'fr_aniline']
2026-01-23 14:20:16,208 - INFO -     n=113, AUC=0.8604, Acc=0.9598, F1=0.5273
2026-01-23 14:20:16,208 - INFO -     Dropped: ['EState_VSA10', 'NumHAcceptors']
2026-01-23 14:20:57,062 - INFO -     n=111, AUC=0.8613, Acc=0.9583, F1=0.5263
2026-01-23 14:20:57,062 - INFO -     Dropped: ['SlogP_VSA5', 'NumHeteroatoms']
2026-01-23 14:21:36,505 - INFO -     n=109, AUC=0.8554, Acc=0.9598, F1=0.5517
2026-01-23 14:21:36,505 - INFO -     Dropped: ['NHOHCount', 'fr_pyridine']
2026-01-23 14:22:14,660 - INFO -     n=107, AUC=0.8682, Acc=0.9598, F1=0.5439
2026-01-23 14:22:14,660 - INFO -     Dropped: ['Chi3v', 'MolMR']
2026-01-23 14:22:51,511 - INFO -     n=105, AUC=0.8510, Acc=0.9621, F1=0.5664
2026-01-23 14:22:51,511 - INFO -     Dropped: ['EState_VSA9', 'VSA_EState6']
2026-01-23 14:23:27,029 - INFO -     n=103, AUC=0.8484, Acc=0.9598, F1=0.5273
2026-01-23 14:23:27,030 - INFO -     Dropped: ['PEOE_VSA10', 'fr_bicyclic']
2026-01-23 14:24:01,250 - INFO -     n=101, AUC=0.8476, Acc=0.9590, F1=0.5310
2026-01-23 14:24:01,250 - INFO -     Dropped: ['Chi0v', 'PEOE_VSA12']
2026-01-23 14:24:34,191 - INFO -     n=99, AUC=0.8577, Acc=0.9614, F1=0.5536
2026-01-23 14:24:34,191 - INFO -     Dropped: ['NR-AhR', 'Chi0n']
2026-01-23 14:25:05,901 - INFO -     n=97, AUC=0.8532, Acc=0.9598, F1=0.5517
2026-01-23 14:25:05,901 - INFO -     Dropped: ['fr_NH0', 'fr_imidazole']
2026-01-23 14:25:36,347 - INFO -     n=95, AUC=0.8620, Acc=0.9575, F1=0.5045
2026-01-23 14:25:36,347 - INFO -     Dropped: ['EState_VSA8', 'VSA_EState1']
2026-01-23 14:26:05,569 - INFO -     n=93, AUC=0.8573, Acc=0.9606, F1=0.5641
2026-01-23 14:26:05,569 - INFO -     Dropped: ['Chi4n', 'Chi4v']
2026-01-23 14:26:33,634 - INFO -     n=91, AUC=0.8609, Acc=0.9583, F1=0.5179
2026-01-23 14:26:33,634 - INFO -     Dropped: ['EState_VSA3', 'fr_NH1']
2026-01-23 14:27:00,482 - INFO -     n=89, AUC=0.8665, Acc=0.9614, F1=0.5614
2026-01-23 14:27:00,482 - INFO -     Dropped: ['Chi1n', 'EState_VSA4']
2026-01-23 14:27:26,191 - INFO -     n=87, AUC=0.8657, Acc=0.9614, F1=0.5370
2026-01-23 14:27:26,191 - INFO -     Dropped: ['SR-ATAD5', 'MaxAbsPartialCharge']
2026-01-23 14:27:50,715 - INFO -     n=85, AUC=0.8767, Acc=0.9614, F1=0.5370
2026-01-23 14:27:50,715 - INFO -     Dropped: ['PEOE_VSA9', 'SlogP_VSA3']
2026-01-23 14:28:14,142 - INFO -     n=83, AUC=0.8511, Acc=0.9583, F1=0.5000
2026-01-23 14:28:14,142 - INFO -     Dropped: ['FpDensityMorgan1', 'VSA_EState3']
2026-01-23 14:28:36,498 - INFO -     n=81, AUC=0.8752, Acc=0.9590, F1=0.5391
2026-01-23 14:28:36,498 - INFO -     Dropped: ['PEOE_VSA13', 'SlogP_VSA12']
2026-01-23 14:28:57,826 - INFO -     n=79, AUC=0.8521, Acc=0.9614, F1=0.5536
2026-01-23 14:28:57,827 - INFO -     Dropped: ['Chi2n', 'SMR_VSA5']
2026-01-23 14:29:18,145 - INFO -     n=77, AUC=0.8663, Acc=0.9598, F1=0.5593
2026-01-23 14:29:18,145 - INFO -     Dropped: ['HeavyAtomMolWt', 'PEOE_VSA4']
2026-01-23 14:29:37,448 - INFO -     n=75, AUC=0.8694, Acc=0.9629, F1=0.5862
2026-01-23 14:29:37,448 - INFO -     Dropped: ['PEOE_VSA1', 'TPSA']
2026-01-23 14:29:55,755 - INFO -     n=73, AUC=0.8630, Acc=0.9544, F1=0.4779
2026-01-23 14:29:55,755 - INFO -     Dropped: ['MinPartialCharge', 'VSA_EState2']
2026-01-23 14:30:13,162 - INFO -     n=71, AUC=0.8732, Acc=0.9590, F1=0.5225
2026-01-23 14:30:13,162 - INFO -     Dropped: ['PEOE_VSA5', 'fr_para_hydroxylation']
2026-01-23 14:30:29,634 - INFO -     n=69, AUC=0.8656, Acc=0.9590, F1=0.5310
2026-01-23 14:30:29,634 - INFO -     Dropped: ['Chi3n', 'fr_phenol']
2026-01-23 14:30:45,193 - INFO -     n=67, AUC=0.8649, Acc=0.9583, F1=0.5263
2026-01-23 14:30:45,193 - INFO -     Dropped: ['SR-MMP', 'HallKierAlpha']
2026-01-23 14:30:59,896 - INFO -     n=65, AUC=0.8770, Acc=0.9583, F1=0.5179
2026-01-23 14:30:59,896 - INFO -     Dropped: ['PEOE_VSA2', 'EState_VSA5']
2026-01-23 14:31:13,703 - INFO -     n=63, AUC=0.8495, Acc=0.9575, F1=0.5133
2026-01-23 14:31:13,703 - INFO -     Dropped: ['BCUT2D_CHGHI', 'SMR_VSA4']
2026-01-23 14:31:26,676 - INFO -     n=61, AUC=0.8761, Acc=0.9590, F1=0.5310
2026-01-23 14:31:26,677 - INFO -     Dropped: ['MinAbsEStateIndex', 'MaxPartialCharge']
2026-01-23 14:31:38,853 - INFO -     n=59, AUC=0.8711, Acc=0.9614, F1=0.5455
2026-01-23 14:31:38,853 - INFO -     Dropped: ['SMR_VSA3', 'VSA_EState10']
2026-01-23 14:31:50,218 - INFO -     n=57, AUC=0.8675, Acc=0.9567, F1=0.5254
2026-01-23 14:31:50,218 - INFO -     Dropped: ['PEOE_VSA11', 'SMR_VSA6']
2026-01-23 14:32:00,845 - INFO -     n=55, AUC=0.8579, Acc=0.9560, F1=0.5043
2026-01-23 14:32:00,845 - INFO -     Dropped: ['MinAbsPartialCharge', 'BCUT2D_CHGLO']
2026-01-23 14:32:10,698 - INFO -     n=53, AUC=0.8655, Acc=0.9598, F1=0.5357
2026-01-23 14:32:10,698 - INFO -     Dropped: ['BertzCT', 'PEOE_VSA14']
2026-01-23 14:32:19,866 - INFO -     n=51, AUC=0.8672, Acc=0.9590, F1=0.5310
2026-01-23 14:32:19,866 - INFO -     Dropped: ['Kappa2', 'fr_unbrch_alkane']
2026-01-23 14:32:28,348 - INFO -     n=49, AUC=0.8862, Acc=0.9575, F1=0.5045
2026-01-23 14:32:28,348 - INFO -     Dropped: ['PEOE_VSA8', 'SlogP_VSA6']
2026-01-23 14:32:36,191 - INFO -     n=47, AUC=0.8622, Acc=0.9544, F1=0.4779
2026-01-23 14:32:36,191 - INFO -     Dropped: ['BCUT2D_MWLOW', 'PEOE_VSA7']
2026-01-23 14:32:43,396 - INFO -     n=45, AUC=0.8697, Acc=0.9552, F1=0.5000
2026-01-23 14:32:43,397 - INFO -     Dropped: ['VSA_EState5', 'fr_ester']
2026-01-23 14:32:50,011 - INFO -     n=43, AUC=0.8788, Acc=0.9560, F1=0.5043
2026-01-23 14:32:50,011 - INFO -     Dropped: ['SMR_VSA7', 'SlogP_VSA11']
2026-01-23 14:32:56,049 - INFO -     n=41, AUC=0.8696, Acc=0.9583, F1=0.5091
2026-01-23 14:32:56,049 - INFO -     Dropped: ['PEOE_VSA6', 'VSA_EState8']
2026-01-23 14:33:01,527 - INFO -     n=39, AUC=0.8597, Acc=0.9575, F1=0.5133
2026-01-23 14:33:01,527 - INFO -     Dropped: ['BCUT2D_MRLOW', 'Kappa3']
2026-01-23 14:33:06,458 - INFO -     n=37, AUC=0.8623, Acc=0.9598, F1=0.5517
2026-01-23 14:33:06,459 - INFO -     Dropped: ['SMR_VSA1', 'SlogP_VSA10']
2026-01-23 14:33:10,910 - INFO -     n=35, AUC=0.8731, Acc=0.9575, F1=0.5217
2026-01-23 14:33:10,910 - INFO -     Dropped: ['FpDensityMorgan3', 'SlogP_VSA1']
2026-01-23 14:33:14,870 - INFO -     n=33, AUC=0.8626, Acc=0.9575, F1=0.5133
2026-01-23 14:33:14,870 - INFO -     Dropped: ['MolWt', 'FpDensityMorgan2']
2026-01-23 14:33:18,391 - INFO -     n=31, AUC=0.8795, Acc=0.9544, F1=0.4587
2026-01-23 14:33:18,391 - INFO -     Dropped: ['BCUT2D_LOGPHI', 'FractionCSP3']
2026-01-23 14:33:21,479 - INFO -     n=29, AUC=0.8694, Acc=0.9575, F1=0.4954
2026-01-23 14:33:21,479 - INFO -     Dropped: ['MinEStateIndex', 'VSA_EState4']
2026-01-23 14:33:24,154 - INFO -     n=27, AUC=0.8688, Acc=0.9552, F1=0.4912
2026-01-23 14:33:24,154 - INFO -     Dropped: ['BalabanJ', 'MolLogP']
2026-01-23 14:33:26,472 - INFO -     n=25, AUC=0.8446, Acc=0.9560, F1=0.5210
2026-01-23 14:33:26,472 - INFO -     Dropped: ['qed', 'Chi1v']
2026-01-23 14:33:28,498 - INFO -     n=23, AUC=0.8566, Acc=0.9575, F1=0.5299
2026-01-23 14:33:28,498 - INFO -     Dropped: ['SlogP_VSA4', 'SlogP_VSA7']
2026-01-23 14:33:30,266 - INFO -     n=21, AUC=0.8539, Acc=0.9575, F1=0.5217
2026-01-23 14:33:30,266 - INFO -     Dropped: ['NR-ER-LBD', 'fr_priamide']
2026-01-23 14:33:31,754 - INFO -     n=19, AUC=0.8544, Acc=0.9536, F1=0.4545
2026-01-23 14:33:31,754 - INFO -     Dropped: ['BCUT2D_LOGPLOW', 'BCUT2D_MRHI']
2026-01-23 14:33:32,987 - INFO -     n=17, AUC=0.8340, Acc=0.9529, F1=0.4602
2026-01-23 14:33:32,987 - INFO -     Dropped: ['BCUT2D_MWHI', 'EState_VSA7']
2026-01-23 14:33:34,011 - INFO -     n=15, AUC=0.8509, Acc=0.9536, F1=0.5000
2026-01-23 14:33:34,011 - INFO -     Dropped: ['NumAliphaticHeterocycles', 'NumRotatableBonds']
2026-01-23 14:33:34,838 - INFO -     n=13, AUC=0.8457, Acc=0.9536, F1=0.5000
2026-01-23 14:33:34,838 - INFO -     Dropped: ['MaxEStateIndex', 'PEOE_VSA3']
2026-01-23 14:33:35,485 - INFO -     n=11, AUC=0.8444, Acc=0.9444, F1=0.3793
2026-01-23 14:33:35,486 - INFO -     Dropped: ['VSA_EState7', 'fr_phenol_noOrthoHbond']
2026-01-23 14:33:35,978 - INFO -     n=9, AUC=0.8387, Acc=0.9482, F1=0.3964
2026-01-23 14:33:35,978 - INFO -     Dropped: ['SMR_VSA10', 'SlogP_VSA2']
2026-01-23 14:33:36,355 - INFO -     n=7, AUC=0.8411, Acc=0.9529, F1=0.4696
2026-01-23 14:33:36,355 - INFO -     Dropped: ['fr_Ar_OH', 'fr_allylic_oxid']
2026-01-23 14:33:36,637 - INFO -     n=5, AUC=0.8554, Acc=0.9474, F1=0.4426
2026-01-23 14:33:36,637 - INFO -     Dropped: ['NR-Aromatase', 'NR-PPAR-gamma']
2026-01-23 14:33:36,821 - INFO -     n=3, AUC=0.8409, Acc=0.9436, F1=0.0519
2026-01-23 14:33:36,821 - INFO -     Dropped: ['NR-AR', 'NR-AR-LBD']
2026-01-23 14:33:36,911 - INFO -     n=1, AUC=0.7468, Acc=0.9428, F1=0.0000
2026-01-23 14:33:36,911 - INFO -     Dropped: ['SR-ARE', 'fr_C_S']
2026-01-23 14:33:36,912 - INFO -   → Best for repeat 3: 49 features, AUC=0.8862
2026-01-23 14:33:36,913 - INFO - 
✓ Overall best: 49 features from repeat 3, AUC=0.8862
2026-01-23 14:33:36,919 - INFO - ✓ Saved features → selected_features.txt
2026-01-23 14:33:36,935 - INFO - Generating RFE summary plot...
2026-01-23 14:33:36,941 - INFO -   ✓ Saved RFE plot data → SR-HSE_rfe_plot_data.npz
2026-01-23 14:33:37,420 - INFO -   ✓ Saved RFE plot → SR-HSE_rfe.png
2026-01-23 14:33:37,421 - INFO - 
STAGE 3: Data Splitting
2026-01-23 14:33:37,421 - INFO - ----------------------------------------------------------------------
2026-01-23 14:33:37,424 - INFO - ✓ Training+Val set: 5820 samples
2026-01-23 14:33:37,424 - INFO - ✓ Test set: 647 samples
2026-01-23 14:33:37,424 - INFO - 
STAGE 4: Hyperparameter Optimization (RandomizedSearchCV)
2026-01-23 14:33:37,424 - INFO - ----------------------------------------------------------------------
2026-01-23 14:33:37,424 - INFO - Running RandomizedSearchCV with 10000 iterations...
2026-01-23 14:33:37,424 - INFO - Total fits (with 5-fold CV): 50000
Fitting 5 folds for each of 10000 candidates, totalling 50000 fits
2026-01-23 16:26:14,994 - INFO - 
✓ Best hyperparameters: {'subsample': 0.7, 'scale_pos_weight': 2, 'n_estimators': 100, 'min_child_weight': 1, 'max_depth': 100, 'learning_rate': 0.05, 'colsample_bytree': 0.7}
2026-01-23 16:26:14,994 - INFO - ✓ Best 5-fold CV AUC: 0.8847
2026-01-23 16:26:15,192 - INFO - ✓ Saved CV results
2026-01-23 16:26:15,192 - INFO - 
STAGE 5: Test Set Evaluation
2026-01-23 16:26:15,192 - INFO - ----------------------------------------------------------------------
2026-01-23 16:26:15,205 - INFO - Generating diagnostic plots...
2026-01-23 16:26:15,221 - INFO -   ✓ Saved diagnostic plot data → SR-HSE_diagnostic_plot_data.npz
2026-01-23 16:26:16,297 - INFO -   ✓ Saved diagnostic plots → SR-HSE_diagnostics.png
2026-01-23 16:26:16,297 - INFO - 
✓ Test Set Performance:
2026-01-23 16:26:16,297 - INFO -   ROC-AUC:    0.9273
2026-01-23 16:26:16,297 - INFO -   PR-AUC:     0.6642
2026-01-23 16:26:16,297 - INFO -   Accuracy:   0.9614
2026-01-23 16:26:16,297 - INFO -   F1:         0.5902
2026-01-23 16:26:16,297 - INFO -   MCC:        0.5856
2026-01-23 16:26:16,297 - INFO - 
STAGE 6: SHAP Analysis
2026-01-23 16:26:16,297 - INFO - ----------------------------------------------------------------------
2026-01-23 16:26:16,297 - INFO - Running SHAP analysis...
2026-01-23 16:26:20,799 - INFO -   ✓ Saved SHAP data → SR-HSE_shap_data.npz
2026-01-23 16:26:22,247 - INFO -   ✓ Saved SHAP plots
2026-01-23 16:26:22,248 - INFO - 
STAGE 7: Saving Results
2026-01-23 16:26:22,248 - INFO - ----------------------------------------------------------------------
2026-01-23 16:26:22,254 - INFO - ✓ Saved model → xgb_model.joblib
2026-01-23 16:26:22,255 - INFO - ✓ Saved summary → model_summary.txt
2026-01-23 16:26:22,255 - INFO - 
======================================================================
2026-01-23 16:26:22,255 - INFO - ✓ TRAINING COMPLETE for SR-HSE! Total time: 5:56:19.607353
2026-01-23 16:26:22,255 - INFO - ✓ Performance: ROC-AUC=0.9273, F1=0.5902
2026-01-23 16:26:22,255 - INFO - ======================================================================
2026-01-23 16:26:22,256 - INFO - 
✓ ALL TRAINING COMPLETE! Total time: 5:56:19.751822
========================================
Training completed at: Fri 23 Jan 16:26:23 GMT 2026
Exit status: 0
========================================

Output locations:
  Model:    ./output/tox21/SR-HSE/model/xgb_model.joblib
  Summary:  ./output/tox21/SR-HSE/model/model_summary.txt
  Features: ./output/tox21/SR-HSE/RFE/selected_features.txt
  Plots:    ./output/tox21/SR-HSE/plots/

Cleaned up PBS output files
